[cell 0 START +    0.5s] # Text-Image to Video generation with Wan2.2 and OpenVINO |  |  Wan2.2 is 
[cell 1 START +    0.5s] ## Prerequisites | [back to top ⬆️](#Table-of-contents:)
[cell 2 START +    0.5s] %pip install -q "torch>=2.1" "diffusers==0.35" "transformers==4.49.0" 
[cell 2 DONE  +    4.3s]
[cell 3 START +    4.3s] import requests | from pathlib import Path |  | if not Path("ov_wan_helper.p
[cell 3 DONE  +    4.4s]
[cell 4 START +    4.4s] ## Convert model to OpenVINO Intermediate Representation | [back to top 
[cell 5 START +    4.4s] import ipywidgets as widgets |  | # Read more about telemetry collection a
[cell 5 DONE  +    4.4s]
[cell 6 START +    4.4s] import nncf |  | model_dir = model_base_dir / model_format.value |  | if model
[cell 6 DONE  +    5.7s]
[cell 7 START +    5.7s] from ov_wan_i2v_helper import convert_pipeline |  | # Uncomment the line t
[cell 7 DONE  +    8.2s]
[cell 8 START +    8.2s] convert_pipeline(model_id, model_dir, compression_config=weights_compr
[cell 8 DONE  +  899.0s]
[cell 9 START +  899.0s] ## Prepare model inference pipeline | [back to top ⬆️](#Table-of-content
[cell 10 START +  899.0s] from ov_wan_i2v_helper import OVWanImageToVideoPipeline |  | # Uncomment t
[cell 10 DONE  +  899.2s]
[cell 11 START +  899.2s] ### Select inference device | [back to top ⬆️](#Table-of-contents:) |  | You
[cell 12 START +  899.2s] from notebook_utils import device_widget |  | device_transformer = device_
[cell 12 DONE  +  899.4s]
[cell 13 START +  899.4s] device_map = { |     "transformer": device_transformer.value, |     "text_
[cell 13 DONE  +  910.6s]
[cell 14 START +  910.6s] ## Run OpenVINO Model Inference | [back to top ⬆️](#Table-of-contents:)
[cell 15 START +  910.6s] from diffusers.utils import export_to_video, load_image | import numpy a
[cell 15 DONE  + 1022.3s]
[cell 16 START + 1022.3s] from IPython.display import Video |  | display(Video("output_ov.mp4"))
[cell 16 DONE  + 1022.3s]
[cell 17 START + 1022.3s] ## Interactive demo | [back to top ⬆️](#Table-of-contents:)
[cell 18 START + 1022.3s] from gradio_helper import make_demo |  | demo = make_demo(ov_pipe) |  | try: |  
NBEXEC_RESULT={"ok": true, "n_cells": 12, "n_skipped": 1, "n_substituted": 0, "stopped_after": null, "error_cell": null, "error_type": null, "error_head": null, "duration_s": 1026.17, "patch_notes": ["skipped cell 18: matched skip pattern"]}
