Traceback (most recent call last):
  File "/workspace/workloads/yolov26-object-detection/rocm/run.py", line 106, in <module>
    raise SystemExit(main())
                     ^^^^^^
  File "/workspace/workloads/yolov26-object-detection/rocm/run.py", line 54, in main
    _run()  # warmup
    ^^^^^^
  File "/workspace/workloads/yolov26-object-detection/rocm/run.py", line 51, in _run
    res = model.predict(source=str(img_path), device=0, verbose=False, conf=0.25)
          ^^^^^^^^^^^^^^^^^^^^^^^^^^^^^^^^^^^^^^^^^^^^^^^^^^^^^^^^^^^^^^^^^^^^^^^
  File "/workspace/.venv-gpu/lib/python3.12/site-packages/ultralytics/engine/model.py", line 564, in predict
    return self.predictor.predict_cli(source=source) if is_cli else self.predictor(source=source, stream=stream)
                                                                    ^^^^^^^^^^^^^^^^^^^^^^^^^^^^^^^^^^^^^^^^^^^^
  File "/workspace/.venv-gpu/lib/python3.12/site-packages/ultralytics/engine/predictor.py", line 263, in __call__
    return list(self.stream_inference(source, model, *args, **kwargs))  # merge list of Results into one
           ^^^^^^^^^^^^^^^^^^^^^^^^^^^^^^^^^^^^^^^^^^^^^^^^^^^^^^^^^^^
  File "/opt/venv/lib/python3.12/site-packages/torch/utils/_contextlib.py", line 38, in generator_context
    response = gen.send(None)
               ^^^^^^^^^^^^^^
  File "/workspace/.venv-gpu/lib/python3.12/site-packages/ultralytics/engine/predictor.py", line 381, in stream_inference
    self.model.warmup(im=im)
  File "/workspace/.venv-gpu/lib/python3.12/site-packages/ultralytics/nn/autobackend.py", line 381, in warmup
    non_max_suppression(warmup_boxes)  # warmup NMS
    ^^^^^^^^^^^^^^^^^^^^^^^^^^^^^^^^^
  File "/workspace/.venv-gpu/lib/python3.12/site-packages/ultralytics/utils/nms.py", line 157, in non_max_suppression
    i = torchvision.ops.nms(boxes, scores, iou_thres)
        ^^^^^^^^^^^^^^^^^^^^^^^^^^^^^^^^^^^^^^^^^^^^^
  File "/opt/venv/lib/python3.12/site-packages/torchvision/ops/boxes.py", line 48, in nms
    return torch.ops.torchvision.nms(boxes, scores, iou_threshold)
           ^^^^^^^^^^^^^^^^^^^^^^^^^^^^^^^^^^^^^^^^^^^^^^^^^^^^^^^
  File "/opt/venv/lib/python3.12/site-packages/torch/_ops.py", line 1255, in __call__
    return self._op(*args, **kwargs)
           ^^^^^^^^^^^^^^^^^^^^^^^^^
NotImplementedError: Could not run 'torchvision::nms' with arguments from the 'CUDA' backend. This could be because the operator doesn't exist for this backend, or was omitted during the selective/custom build process (if using custom build). If you are a Facebook employee using PyTorch on mobile, please visit https://fburl.com/ptmfixes for possible resolutions. 'torchvision::nms' is only available for these backends: [CPU, Meta, QuantizedCPU, BackendSelect, Python, FuncTorchDynamicLayerBackMode, Functionalize, Named, Conjugate, Negative, ZeroTensor, ADInplaceOrView, AutogradOther, AutogradCPU, AutogradCUDA, AutogradXLA, AutogradMPS, AutogradXPU, AutogradHPU, AutogradLazy, AutogradMTIA, AutogradMAIA, AutogradMeta, Tracer, AutocastCPU, AutocastMTIA, AutocastMAIA, AutocastXPU, AutocastMPS, AutocastCUDA, FuncTorchBatched, BatchedNestedTensor, FuncTorchVmapMode, Batched, VmapMode, FuncTorchGradWrapper, PythonTLSSnapshot, FuncTorchDynamicLayerFrontMode, PreDispatch, PythonDispatcher].

CPU: registered at /app/vision/torchvision/csrc/ops/cpu/nms_kernel.cpp:116 [kernel]
Meta: registered at /opt/venv/lib/python3.12/site-packages/torch/library.py:1058 [kernel]
QuantizedCPU: registered at /app/vision/torchvision/csrc/ops/quantized/cpu/qnms_kernel.cpp:128 [kernel]
BackendSelect: fallthrough registered at /app/pytorch/aten/src/ATen/core/BackendSelectFallbackKernel.cpp:3 [backend fallback]
Python: registered at /app/pytorch/aten/src/ATen/core/PythonFallbackKernel.cpp:194 [backend fallback]
FuncTorchDynamicLayerBackMode: registered at /app/pytorch/aten/src/ATen/functorch/DynamicLayer.cpp:479 [backend fallback]
Functionalize: registered at /app/pytorch/aten/src/ATen/FunctionalizeFallbackKernel.cpp:387 [backend fallback]
Named: registered at /app/pytorch/aten/src/ATen/core/NamedRegistrations.cpp:7 [backend fallback]
Conjugate: registered at /app/pytorch/aten/src/ATen/ConjugateFallback.cpp:17 [backend fallback]
Negative: registered at /app/pytorch/aten/src/ATen/native/NegateFallback.cpp:18 [backend fallback]
ZeroTensor: registered at /app/pytorch/aten/src/ATen/ZeroTensorFallback.cpp:115 [backend fallback]
ADInplaceOrView: fallthrough registered at /app/pytorch/aten/src/ATen/core/VariableFallbackKernel.cpp:104 [backend fallback]
AutogradOther: registered at /app/pytorch/aten/src/ATen/core/VariableFallbackKernel.cpp:63 [backend fallback]
AutogradCPU: registered at /app/pytorch/aten/src/ATen/core/VariableFallbackKernel.cpp:67 [backend fallback]
AutogradCUDA: registered at /app/pytorch/aten/src/ATen/core/VariableFallbackKernel.cpp:75 [backend fallback]
AutogradXLA: registered at /app/pytorch/aten/src/ATen/core/VariableFallbackKernel.cpp:87 [backend fallback]
AutogradMPS: registered at /app/pytorch/aten/src/ATen/core/VariableFallbackKernel.cpp:95 [backend fallback]
AutogradXPU: registered at /app/pytorch/aten/src/ATen/core/VariableFallbackKernel.cpp:71 [backend fallback]
AutogradHPU: registered at /app/pytorch/aten/src/ATen/core/VariableFallbackKernel.cpp:108 [backend fallback]
AutogradLazy: registered at /app/pytorch/aten/src/ATen/core/VariableFallbackKernel.cpp:91 [backend fallback]
AutogradMTIA: registered at /app/pytorch/aten/src/ATen/core/VariableFallbackKernel.cpp:79 [backend fallback]
AutogradMAIA: registered at /app/pytorch/aten/src/ATen/core/VariableFallbackKernel.cpp:83 [backend fallback]
AutogradMeta: registered at /app/pytorch/aten/src/ATen/core/VariableFallbackKernel.cpp:99 [backend fallback]
Tracer: registered at /app/pytorch/torch/csrc/autograd/TraceTypeManual.cpp:294 [backend fallback]
AutocastCPU: registered at /app/vision/torchvision/csrc/ops/autocast/nms_kernel.cpp:34 [kernel]
AutocastMTIA: fallthrough registered at /app/pytorch/aten/src/ATen/autocast_mode.cpp:468 [backend fallback]
AutocastMAIA: fallthrough registered at /app/pytorch/aten/src/ATen/autocast_mode.cpp:506 [backend fallback]
AutocastXPU: registered at /app/vision/torchvision/csrc/ops/autocast/nms_kernel.cpp:41 [kernel]
AutocastMPS: fallthrough registered at /app/pytorch/aten/src/ATen/autocast_mode.cpp:209 [backend fallback]
AutocastCUDA: registered at /app/vision/torchvision/csrc/ops/autocast/nms_kernel.cpp:27 [kernel]
FuncTorchBatched: registered at /app/pytorch/aten/src/ATen/functorch/LegacyBatchingRegistrations.cpp:731 [backend fallback]
BatchedNestedTensor: registered at /app/pytorch/aten/src/ATen/functorch/LegacyBatchingRegistrations.cpp:758 [backend fallback]
FuncTorchVmapMode: fallthrough registered at /app/pytorch/aten/src/ATen/functorch/VmapModeRegistrations.cpp:27 [backend fallback]
Batched: registered at /app/pytorch/aten/src/ATen/LegacyBatchingRegistrations.cpp:1075 [backend fallback]
VmapMode: fallthrough registered at /app/pytorch/aten/src/ATen/VmapModeRegistrations.cpp:33 [backend fallback]
FuncTorchGradWrapper: registered at /app/pytorch/aten/src/ATen/functorch/TensorWrapper.cpp:210 [backend fallback]
PythonTLSSnapshot: registered at /app/pytorch/aten/src/ATen/core/PythonFallbackKernel.cpp:202 [backend fallback]
FuncTorchDynamicLayerFrontMode: registered at /app/pytorch/aten/src/ATen/functorch/DynamicLayer.cpp:475 [backend fallback]
PreDispatch: registered at /app/pytorch/aten/src/ATen/core/PythonFallbackKernel.cpp:206 [backend fallback]
PythonDispatcher: registered at /app/pytorch/aten/src/ATen/core/PythonFallbackKernel.cpp:198 [backend fallback]

