[cell 0 START +    0.7s] # Image generation with Stable Diffusion XL and OpenVINO |  | Stable Diffu
[cell 1 START +    0.7s]  | #### Table of contents: |  | - [Install prerequisites](#Install-prerequis
[cell 2 START +    0.7s] ## Install prerequisites | [back to top ⬆️](#Table-of-contents:) | 
[cell 3 START +    0.7s] %pip uninstall -q -y optimum optimum-intel optimum-onnx | %pip install -
[cell 3 DONE  +   67.4s]
[cell 4 START +   67.4s] ## SDXL Base model | [back to top ⬆️](#Table-of-contents:) |  | We will star
[cell 5 START +   67.4s] from pathlib import Path | import openvino_genai as ov_genai | import gc |  | 
[cell 5 DONE  +   67.6s]
[cell 6 START +   67.6s] ### Select inference device SDXL Base model | [back to top ⬆️](#Table-of
[cell 7 START +   67.6s] from notebook_utils import device_widget |  | device = device_widget(exclu
[cell 7 DONE  +   67.8s]
[cell 8 START +   67.8s] Please select below whether you would like to use weight compression t
[cell 9 START +   67.8s] import ipywidgets as widgets |  | compress_weights = widgets.Checkbox( |    
[cell 9 DONE  +   67.8s]
[cell 10 START +   67.8s] from cmd_helper import optimum_cli |  | additional_args = {} |  | if compress_
Model: OV Tokenizer
  NETWORK_NAME: tokenizer
  OPTIMAL_NUMBER_OF_INFER_REQUESTS: 1
  NUM_STREAMS: 1
  INFERENCE_NUM_THREADS: 16
  PERF_COUNT: NO
  INFERENCE_PRECISION_HINT: bf16
  PERFORMANCE_HINT: LATENCY
  EXECUTION_MODE_HINT: PERFORMANCE
  PERFORMANCE_HINT_NUM_REQUESTS: 0
  ENABLE_CPU_PINNING: YES
  ENABLE_CPU_RESERVATION: NO
  SCHEDULING_CORE_TYPE: ANY_CORE
  MODEL_DISTRIBUTION_POLICY: 
  ENABLE_HYPER_THREADING: NO
  EXECUTION_DEVICES: CPU
  CPU_DENORMALS_OPTIMIZATION: NO
  LOG_LEVEL: LOG_NONE
  CPU_SPARSE_WEIGHTS_DECOMPRESSION_RATE: 1
  ENABLE_TENSOR_PARALLEL: NO
  TBB_PARTITIONER: STATIC
  DYNAMIC_QUANTIZATION_GROUP_SIZE: 32
  KV_CACHE_PRECISION: u8
  KEY_CACHE_PRECISION: u8
  VALUE_CACHE_PRECISION: u8
  KEY_CACHE_GROUP_SIZE: 0
  VALUE_CACHE_GROUP_SIZE: 0
  RUNTIME_REQUIREMENTS: meta=1.0;ov=2026.5.0;isa=Intel AVX-512 with Intel DL Boost and bfloat16 support
EXECUTION_DEVICES:
 CPU: AMD RYZEN AI MAX+ PRO 395 w/ Radeon 8060S      
Model: OV Detokenizer
  NETWORK_NAME: detokenizer
  OPTIMAL_NUMBER_OF_INFER_REQUESTS: 1
  NUM_STREAMS: 1
  INFERENCE_NUM_THREADS: 16
  PERF_COUNT: NO
  INFERENCE_PRECISION_HINT: bf16
  PERFORMANCE_HINT: LATENCY
  EXECUTION_MODE_HINT: PERFORMANCE
  PERFORMANCE_HINT_NUM_REQUESTS: 0
  ENABLE_CPU_PINNING: YES
  ENABLE_CPU_RESERVATION: NO
  SCHEDULING_CORE_TYPE: ANY_CORE
  MODEL_DISTRIBUTION_POLICY: 
  ENABLE_HYPER_THREADING: NO
  EXECUTION_DEVICES: CPU
  CPU_DENORMALS_OPTIMIZATION: NO
  LOG_LEVEL: LOG_NONE
  CPU_SPARSE_WEIGHTS_DECOMPRESSION_RATE: 1
  ENABLE_TENSOR_PARALLEL: NO
  TBB_PARTITIONER: STATIC
  DYNAMIC_QUANTIZATION_GROUP_SIZE: 32
  KV_CACHE_PRECISION: u8
  KEY_CACHE_PRECISION: u8
  VALUE_CACHE_PRECISION: u8
  KEY_CACHE_GROUP_SIZE: 0
  VALUE_CACHE_GROUP_SIZE: 0
  RUNTIME_REQUIREMENTS: meta=1.0;ov=2026.5.0;isa=Intel AVX-512 with Intel DL Boost and bfloat16 support
EXECUTION_DEVICES:
 CPU: AMD RYZEN AI MAX+ PRO 395 w/ Radeon 8060S      
Model: Clip Text model
  NETWORK_NAME: Model0
  OPTIMAL_NUMBER_OF_INFER_REQUESTS: 1
  NUM_STREAMS: 1
  INFERENCE_NUM_THREADS: 16
  PERF_COUNT: NO
  INFERENCE_PRECISION_HINT: bf16
  PERFORMANCE_HINT: LATENCY
  EXECUTION_MODE_HINT: PERFORMANCE
  PERFORMANCE_HINT_NUM_REQUESTS: 0
  ENABLE_CPU_PINNING: YES
  ENABLE_CPU_RESERVATION: NO
  SCHEDULING_CORE_TYPE: ANY_CORE
  MODEL_DISTRIBUTION_POLICY: 
  ENABLE_HYPER_THREADING: NO
  EXECUTION_DEVICES: CPU
  CPU_DENORMALS_OPTIMIZATION: NO
  LOG_LEVEL: LOG_NONE
  CPU_SPARSE_WEIGHTS_DECOMPRESSION_RATE: 1
  ENABLE_TENSOR_PARALLEL: NO
  TBB_PARTITIONER: STATIC
  DYNAMIC_QUANTIZATION_GROUP_SIZE: 32
  KV_CACHE_PRECISION: u8
  KEY_CACHE_PRECISION: u8
  VALUE_CACHE_PRECISION: u8
  KEY_CACHE_GROUP_SIZE: 0
  VALUE_CACHE_GROUP_SIZE: 0
  RUNTIME_REQUIREMENTS: meta=1.0;ov=2026.5.0;isa=Intel AVX-512 with Intel DL Boost and bfloat16 support
EXECUTION_DEVICES:
 CPU: AMD RYZEN AI MAX+ PRO 395 w/ Radeon 8060S      
Model: OV Tokenizer
  NETWORK_NAME: tokenizer
  OPTIMAL_NUMBER_OF_INFER_REQUESTS: 1
  NUM_STREAMS: 1
  INFERENCE_NUM_THREADS: 16
  PERF_COUNT: NO
  INFERENCE_PRECISION_HINT: bf16
  PERFORMANCE_HINT: LATENCY
  EXECUTION_MODE_HINT: PERFORMANCE
  PERFORMANCE_HINT_NUM_REQUESTS: 0
  ENABLE_CPU_PINNING: YES
  ENABLE_CPU_RESERVATION: NO
  SCHEDULING_CORE_TYPE: ANY_CORE
  MODEL_DISTRIBUTION_POLICY: 
  ENABLE_HYPER_THREADING: NO
  EXECUTION_DEVICES: CPU
  CPU_DENORMALS_OPTIMIZATION: NO
  LOG_LEVEL: LOG_NONE
  CPU_SPARSE_WEIGHTS_DECOMPRESSION_RATE: 1
  ENABLE_TENSOR_PARALLEL: NO
  TBB_PARTITIONER: STATIC
  DYNAMIC_QUANTIZATION_GROUP_SIZE: 32
  KV_CACHE_PRECISION: u8
  KEY_CACHE_PRECISION: u8
  VALUE_CACHE_PRECISION: u8
  KEY_CACHE_GROUP_SIZE: 0
  VALUE_CACHE_GROUP_SIZE: 0
  RUNTIME_REQUIREMENTS: meta=1.0;ov=2026.5.0;isa=Intel AVX-512 with Intel DL Boost and bfloat16 support
EXECUTION_DEVICES:
 CPU: AMD RYZEN AI MAX+ PRO 395 w/ Radeon 8060S      
Model: OV Detokenizer
  NETWORK_NAME: detokenizer
  OPTIMAL_NUMBER_OF_INFER_REQUESTS: 1
  NUM_STREAMS: 1
  INFERENCE_NUM_THREADS: 16
  PERF_COUNT: NO
  INFERENCE_PRECISION_HINT: bf16
  PERFORMANCE_HINT: LATENCY
  EXECUTION_MODE_HINT: PERFORMANCE
  PERFORMANCE_HINT_NUM_REQUESTS: 0
  ENABLE_CPU_PINNING: YES
  ENABLE_CPU_RESERVATION: NO
  SCHEDULING_CORE_TYPE: ANY_CORE
  MODEL_DISTRIBUTION_POLICY: 
  ENABLE_HYPER_THREADING: NO
  EXECUTION_DEVICES: CPU
  CPU_DENORMALS_OPTIMIZATION: NO
  LOG_LEVEL: LOG_NONE
  CPU_SPARSE_WEIGHTS_DECOMPRESSION_RATE: 1
  ENABLE_TENSOR_PARALLEL: NO
  TBB_PARTITIONER: STATIC
  DYNAMIC_QUANTIZATION_GROUP_SIZE: 32
  KV_CACHE_PRECISION: u8
  KEY_CACHE_PRECISION: u8
  VALUE_CACHE_PRECISION: u8
  KEY_CACHE_GROUP_SIZE: 0
  VALUE_CACHE_GROUP_SIZE: 0
  RUNTIME_REQUIREMENTS: meta=1.0;ov=2026.5.0;isa=Intel AVX-512 with Intel DL Boost and bfloat16 support
EXECUTION_DEVICES:
 CPU: AMD RYZEN AI MAX+ PRO 395 w/ Radeon 8060S      
Model: Clip Text model
  NETWORK_NAME: Model3
  OPTIMAL_NUMBER_OF_INFER_REQUESTS: 1
  NUM_STREAMS: 1
  INFERENCE_NUM_THREADS: 16
  PERF_COUNT: NO
  INFERENCE_PRECISION_HINT: bf16
  PERFORMANCE_HINT: LATENCY
  EXECUTION_MODE_HINT: PERFORMANCE
  PERFORMANCE_HINT_NUM_REQUESTS: 0
  ENABLE_CPU_PINNING: YES
  ENABLE_CPU_RESERVATION: NO
  SCHEDULING_CORE_TYPE: ANY_CORE
  MODEL_DISTRIBUTION_POLICY: 
  ENABLE_HYPER_THREADING: NO
  EXECUTION_DEVICES: CPU
  CPU_DENORMALS_OPTIMIZATION: NO
  LOG_LEVEL: LOG_NONE
  CPU_SPARSE_WEIGHTS_DECOMPRESSION_RATE: 1
  ENABLE_TENSOR_PARALLEL: NO
  TBB_PARTITIONER: STATIC
  DYNAMIC_QUANTIZATION_GROUP_SIZE: 32
  KV_CACHE_PRECISION: u8
  KEY_CACHE_PRECISION: u8
  VALUE_CACHE_PRECISION: u8
  KEY_CACHE_GROUP_SIZE: 0
  VALUE_CACHE_GROUP_SIZE: 0
  RUNTIME_REQUIREMENTS: meta=1.0;ov=2026.5.0;isa=Intel AVX-512 with Intel DL Boost and bfloat16 support
EXECUTION_DEVICES:
 CPU: AMD RYZEN AI MAX+ PRO 395 w/ Radeon 8060S      
Model: UNet 2D Condition dynamic model
  NETWORK_NAME: Model6
  OPTIMAL_NUMBER_OF_INFER_REQUESTS: 1
  NUM_STREAMS: 1
  INFERENCE_NUM_THREADS: 16
  PERF_COUNT: NO
  INFERENCE_PRECISION_HINT: bf16
  PERFORMANCE_HINT: LATENCY
  EXECUTION_MODE_HINT: PERFORMANCE
  PERFORMANCE_HINT_NUM_REQUESTS: 0
  ENABLE_CPU_PINNING: YES
  ENABLE_CPU_RESERVATION: NO
  SCHEDULING_CORE_TYPE: ANY_CORE
  MODEL_DISTRIBUTION_POLICY: 
  ENABLE_HYPER_THREADING: NO
  EXECUTION_DEVICES: CPU
  CPU_DENORMALS_OPTIMIZATION: NO
  LOG_LEVEL: LOG_NONE
  CPU_SPARSE_WEIGHTS_DECOMPRESSION_RATE: 1
  ENABLE_TENSOR_PARALLEL: NO
  TBB_PARTITIONER: STATIC
  DYNAMIC_QUANTIZATION_GROUP_SIZE: 32
  KV_CACHE_PRECISION: u8
  KEY_CACHE_PRECISION: u8
  VALUE_CACHE_PRECISION: u8
  KEY_CACHE_GROUP_SIZE: 0
  VALUE_CACHE_GROUP_SIZE: 0
  RUNTIME_REQUIREMENTS: meta=1.0;ov=2026.5.0;isa=Intel AVX-512 with Intel DL Boost and bfloat16 support
EXECUTION_DEVICES:
 CPU: AMD RYZEN AI MAX+ PRO 395 w/ Radeon 8060S      
Model: Auto encoder KL decoder model
  NETWORK_NAME: Model12
  OPTIMAL_NUMBER_OF_INFER_REQUESTS: 1
  NUM_STREAMS: 1
  INFERENCE_NUM_THREADS: 16
  PERF_COUNT: NO
  INFERENCE_PRECISION_HINT: bf16
  PERFORMANCE_HINT: LATENCY
  EXECUTION_MODE_HINT: PERFORMANCE
  PERFORMANCE_HINT_NUM_REQUESTS: 0
  ENABLE_CPU_PINNING: YES
  ENABLE_CPU_RESERVATION: NO
  SCHEDULING_CORE_TYPE: ANY_CORE
  MODEL_DISTRIBUTION_POLICY: 
  ENABLE_HYPER_THREADING: NO
  EXECUTION_DEVICES: CPU
  CPU_DENORMALS_OPTIMIZATION: NO
  LOG_LEVEL: LOG_NONE
  CPU_SPARSE_WEIGHTS_DECOMPRESSION_RATE: 1
  ENABLE_TENSOR_PARALLEL: NO
  TBB_PARTITIONER: STATIC
  DYNAMIC_QUANTIZATION_GROUP_SIZE: 32
  KV_CACHE_PRECISION: u8
  KEY_CACHE_PRECISION: u8
  VALUE_CACHE_PRECISION: u8
  KEY_CACHE_GROUP_SIZE: 0
  VALUE_CACHE_GROUP_SIZE: 0
  RUNTIME_REQUIREMENTS: meta=1.0;ov=2026.5.0;isa=Intel AVX-512 with Intel DL Boost and bfloat16 support
EXECUTION_DEVICES:
 CPU: AMD RYZEN AI MAX+ PRO 395 w/ Radeon 8060S      
[cell 10 DONE  +  173.1s]
[cell 11 START +  173.1s] ### Run Text2Image generation pipeline | [back to top ⬆️](#Table-of-cont
[cell 12 START +  173.1s] from PIL import Image |  | prompt = "cute cat 4k, high-res, masterpiece, b
[cell 12 DONE  +  193.2s]
[cell 13 START +  193.2s] ### Text2image Generation Interactive Demo | [back to top ⬆️](#Table-of-
[cell 14 START +  193.2s] import requests |  | if not Path("gradio_helper.py").exists(): |     r = req
[cell 15 START +  193.2s] demo.close() | text2image_pipe = None | gc.collect();
[cell 15 DONE  +  193.3s]
NBEXEC_RESULT={"ok": false, "n_cells": 12, "n_skipped": 2, "n_substituted": 1, "stopped_after": null, "error_cell": null, "error_type": "CellExecutionError", "error_head": "\u001b[31mNameError\u001b[39m: name 'demo' is not defined", "duration_s": 194.62, "patch_notes": ["substituted 1 occurrence(s) in cell 3", "skipped cell 14: matched skip pattern", "skipped cell 22: matched skip pattern"]}
