[IPKernelApp] WARNING | Kernel is running over TCP without encryption. All communication (including code and outputs) is sent in plain text and is susceptible to eavesdropping. Use IPC transport or launch with kernel manager-provisioned CurveZMQ keys to enable transport encryption.
[31mERROR: pip's dependency resolver does not currently take into account all the packages that are installed. This behaviour is the source of the following dependency conflicts.
ace-step 0.2.0 requires torchvision, which is not installed.
ace-step 0.2.0 requires diffusers>=0.33.0, but you have diffusers 0.29.0 which is incompatible.
ace-step 0.2.0 requires librosa==0.11.0, but you have librosa 0.10.2 which is incompatible.
ace-step 0.2.0 requires soundfile==0.13.1, but you have soundfile 0.12.1 which is incompatible.
ace-step 0.2.0 requires transformers==4.50.0, but you have transformers 4.51.3 which is incompatible.
py3langid 0.3.0 requires numpy>=2.0.0; python_version >= "3.9", but you have numpy 1.26.4 which is incompatible.
hf-gradio 0.4.1 requires gradio-client<3.0,>=2.0, but you have gradio-client 1.4.2 which is incompatible.[0m[31m
[0m[31mERROR: pip's dependency resolver does not currently take into account all the packages that are installed. This behaviour is the source of the following dependency conflicts.
ace-step 0.2.0 requires diffusers>=0.33.0, but you have diffusers 0.29.0 which is incompatible.
ace-step 0.2.0 requires librosa==0.11.0, but you have librosa 0.10.2 which is incompatible.
ace-step 0.2.0 requires soundfile==0.13.1, but you have soundfile 0.12.1 which is incompatible.
ace-step 0.2.0 requires transformers==4.50.0, but you have transformers 4.51.3 which is incompatible.
hf-gradio 0.4.1 requires gradio-client<3.0,>=2.0, but you have gradio-client 1.10.1 which is incompatible.[0m[31m
[0mCloning into '/home/amd/Desktop/OpenVINO-Notebooks-on-AMD/results/cosyvoice3-tts/workdir-cpu/CosyVoice/third_party/Matcha-TTS'...
[33m"[39m, [33m"[39m[33mzh[39m[33m"[39m: [33m"[39m[33mtagger.fst[39m[33m"[39m}

[36mFile [39m[32m~/Desktop/OpenVINO-Notebooks-on-AMD/.venvs/cpu/61f5a7307753eddf/lib/python3.12/site-packages/modelscope/hub/snapshot_download.py:85[39m, in [36msnapshot_download[39m[34m(model_id, revision, cache_dir, user_agent, local_files_only, cookies, ignore_file_pattern, allow_file_pattern, local_dir, allow_patterns, ignore_patterns)[39m
[32m     27[39m [38;5;28;01mdef[39;00m[38;5;250m [39m[34msnapshot_download[39m(
[32m     28[39m     model_id: [38;5;28mstr[39m,
[32m     29[39m     revision: Optional[[38;5;28mstr[39m] = DEFAULT_MODEL_REVISION,
[32m   (...)[39m[32m     38[39m     ignore_patterns: Optional[Union[List[[38;5;28mstr[39m], [38;5;28mstr[39m]] = [38;5;28;01mNone[39;00m,
[32m     39[39m ) -> [38;5;28mstr[39m:
[32m     40[39m [38;5;250m    [39m[33;03m"""Download all files of a repo.[39;00m
[32m     41[39m [33;03m    Downloads a whole snapshot of a repo's files at the specified revision. This[39;00m
[32m     42[39m [33;03m    is useful when you want all files from a repo, because you don't know which[39;00m
[32m   (...)[39m[32m     83[39m [33;03m        if some parameter value is invalid[39;00m
[32m     84[39m [33;03m    """[39;00m
[32m---> [39m[32m85[39m     [38;5;28;01mreturn[39;00m [30;43m_snapshot_download[39;49m[30;43m([39;49m
[32m     86[39m [30;43m        [39;49m[30;43mmodel_id[39;49m[30;43m,[39;49m
[32m     87[39m [30;43m        [39;49m[30;43mrepo_type[39;49m[30;43m=[39;49m[30;43mREPO_TYPE_MODEL[39;49m[30;43m,[39;49m
[32m     88[39m [30;43m        [39;49m[30;43mrevision[39;49m[30;43m=[39;49m[30;43mrevision[39;49m[30;43m,[39;49m
[32m     89[39m [30;43m        [39;49m[30;43mcache_dir[39;49m[30;43m=[39;49m[30;43mcache_dir[39;49m[30;43m,[39;49m
[32m     90[39m [30;43m        [39;49m[30;43muser_agent[39;49m[30;43m=[39;49m[30;43muser_agent[39;49m[30;43m,[39;49m
[32m     91[39m [30;43m        [39;49m[30;43mlocal_files_only[39;49m[30;43m=[39;49m[30;43mlocal_files_only[39;49m[30;43m,[39;49m
[32m     92[39m [30;43m        [39;49m[30;43mcookies[39;49m[30;43m=[39;49m[30;43mcookies[39;49m[30;43m,[39;49m
[32m     93[39m [30;43m        [39;49m[30;43mignore_file_pattern[39;49m[30;43m=[39;49m[30;43mignore_file_pattern[39;49m[30;43m,[39;49m
[32m     94[39m [30;43m        [39;49m[30;43mallow_file_pattern[39;49m[30;43m=[39;49m[30;43mallow_file_pattern[39;49m[30;43m,[39;49m
[32m     95[39m [30;43m        [39;49m[30;43mlocal_dir[39;49m[30;43m=[39;49m[30;43mlocal_dir[39;49m[30;43m,[39;49m
[32m     96[39m [30;43m        [39;49m[30;43mignore_patterns[39;49m[30;43m=[39;49m[30;43mignore_patterns[39;49m[30;43m,[39;49m
[32m     97[39m [30;43m        [39;49m[30;43mallow_patterns[39;49m[30;43m=[39;49m[30;43mallow_patterns[39;49m[30;43m)[39;49m

[36mFile [39m[32m~/Desktop/OpenVINO-Notebooks-on-AMD/.venvs/cpu/61f5a7307753eddf/lib/python3.12/site-packages/modelscope/hub/snapshot_download.py:226[39m, in [36m_snapshot_download[39m[34m(repo_id, repo_type, revision, cache_dir, user_agent, local_files_only, cookies, ignore_file_pattern, allow_file_pattern, local_dir, allow_patterns, ignore_patterns)[39m
[32m    224[39m directory = os.path.join(system_cache, [33m'[39m[33mhub[39m[33m'[39m, repo_id)
[32m    225[39m [38;5;28mprint[39m([33mf[39m[33m'[39m[33mDownloading Model to directory: [39m[38;5;132;01m{[39;00mdirectory[38;5;132;01m}[39;00m[33m'[39m)
[32m--> [39m[32m226[39m revision_detail = [30;43m_api[39;49m[30;43m.[39;49m[30;43mget_valid_revision_detail[39;49m[30;43m([39;49m
[32m    227[39m [30;43m    [39;49m[30;43mrepo_id[39;49m[30;43m,[39;49m[30;43m [39;49m[30;43mrevision[39;49m[30;43m=[39;49m[30;43mrevision[39;49m[30;43m,[39;49m[30;43m [39;49m[30;43mcookies[39;49m[30;43m=[39;49m[30;43mcookies[39;49m[30;43m)[39;49m
[32m    228[39m revision = revision_detail[[33m'[39m[33mRevision[39m[33m'[39m]
[32m    230[39m snapshot_header = headers [38;5;28;01mif[39;00m [33m'[39m[33mCI_TEST[39m[33m'[39m [38;5;129;01min[39;00m os.environ [38;5;28;01melse[39;00m {
[32m    231[39m     **headers,
[32m    232[39m     **{
[32m    233[39m         [33m'[39m[33mSnapshot[39m[33m'[39m: [33m'[39m[33mTrue[39m[33m'[39m
[32m    234[39m     }
[32m    235[39m }

[36mFile [39m[32m~/Desktop/OpenVINO-Notebooks-on-AMD/.venvs/cpu/61f5a7307753eddf/lib/python3.12/site-packages/modelscope/hub/api.py:559[39m, in [36mHubApi.get_valid_revision_detail[39m[34m(self, model_id, revision, cookies)[39m
[32m    555[39m current_timestamp = [38;5;28mint[39m([38;5;28mround[39m(datetime.datetime.now().timestamp()))
[32m    556[39m [38;5;66;03m# for active development in library codes (non-release-branches), release_timestamp[39;00m
[32m    557[39m [38;5;66;03m# is set to be a far-away-time-in-the-future, to ensure that we shall[39;00m
[32m    558[39m [38;5;66;03m# get the master-HEAD version from model repo by default (when no revision is provided)[39;00m
[32m--> [39m[32m559[39m all_branches_detail, all_tags_detail = [30;43mself[39;49m[30;43m.[39;49m[30;43mget_model_branches_and_tags_details[39;49m[30;43m([39;49m
[32m    560[39m [30;43m    [39;49m[30;43mmodel_id[39;49m[30;43m,[39;49m[30;43m [39;49m[30;43muse_cookies[39;49m[30;43m=[39;49m[30;43;01mFalse[39;49;00m[30;43m [39;49m[30;43;01mif[39;49;00m[30;43m [39;49m[30;43mcookies[39;49m[30;43m [39;49m[30;43;01mis[39;49;00m[30;43m [39;49m[30;43;01mNone[39;49;00m[30;43m [39;49m[30;43;01melse[39;49;00m[30;43m [39;49m[30;43mcookies[39;49m[30;43m)[39;49m
[32m    561[39m all_branches = [x[[33m'[39m[33mRevision[39m[33m'[39m] [38;5;28;01mfor[39;00m x [38;5;129;01min[39;00m all_branches_detail] [38;5;28;01mif[39;00m all_branches_detail [38;5;28;01melse[39;00m []
[32m    562[39m all_tags = [x[[33m'[39m[33mRevision[39m[33m'[39m] [38;5;28;01mfor[39;00m x [38;5;129;01min[39;00m all_tags_detail] [38;5;28;01mif[39;00m all_tags_detail [38;5;28;01melse[39;00m []

[36mFile [39m[32m~/Desktop/OpenVINO-Notebooks-on-AMD/.venvs/cpu/61f5a7307753eddf/lib/python3.12/site-packages/modelscope/hub/api.py:644[39m, in [36mHubApi.get_model_branches_and_tags_details[39m[34m(self, model_id, use_cookies)[39m
[32m    641[39m path = [33mf[39m[33m'[39m[38;5;132;01m{[39;00m[38;5;28mself[39m.endpoint[38;5;132;01m}[39;00m[33m/api/v1/models/[39m[38;5;132;01m{[39;00mmodel_id[38;5;132;01m}[39;00m[33m/revisions[39m[33m'[39m
[32m    642[39m r = [38;5;28mself[39m.session.get(path, cookies=cookies,
[32m    643[39m                      headers=[38;5;28mself[39m.builder_headers([38;5;28mself[39m.headers))
[32m--> [39m[32m644[39m [30;43mhandle_http_response[39;49m[30;43m([39;49m[30;43mr[39;49m[30;43m,[39;49m[30;43m [39;49m[30;43mlogger[39;49m[30;43m,[39;49m[30;43m [39;49m[30;43mcookies[39;49m[30;43m,[39;49m[30;43m [39;49m[30;43mmodel_id[39;49m[30;43m)[39;49m
[32m    645[39m d = r.json()
[32m    646[39m raise_on_error(d)

[36mFile [39m[32m~/Desktop/OpenVINO-Notebooks-on-AMD/.venvs/cpu/61f5a7307753eddf/lib/python3.12/site-packages/modelscope/hub/errors.py:122[39m, in [36mhandle_http_response[39m[34m(response, logger, cookies, model_id, raise_on_error)[39m
[32m    120[39m [38;5;28;01mif[39;00m http_error_msg [38;5;129;01mand[39;00m raise_on_error:  [38;5;66;03m# there is error.[39;00m
[32m    121[39m     logger.error(http_error_msg)
[32m--> [39m[32m122[39m     [38;5;28;01mraise[39;00m HTTPError(http_error_msg, response=response)
[32m    123[39m [38;5;28;01melse[39;00m:
[32m    124[39m     [38;5;28;01mreturn[39;00m response.status_code

[31mHTTPError[39m: Authentication token does not exist, 

