[cell 0 START +    0.4s] # OpenVINO™ Runtime API Tutorial |  | This notebook explains the basics of
[cell 1 START +    0.4s] # Required imports. Please execute this cell first. | %pip install -q "o
[cell 1 DONE  +    0.7s]
[cell 2 START +    0.7s] ## Loading OpenVINO Runtime and Showing Info | [back to top ⬆️](#Table-o
[cell 3 START +    0.7s] import openvino as ov |  | core = ov.Core()
[cell 3 DONE  +    0.8s]
[cell 4 START +    0.8s] OpenVINO Runtime can load a network on a device. A device in this cont
[cell 5 START +    0.8s] import openvino.properties as props |  | devices = core.available_devices | 
[cell 5 DONE  +    0.8s]
[cell 6 START +    0.8s] ### Select device for inference |  | You can specify which device from ava
[cell 7 START +    0.8s] device = device_widget(exclude=["NPU"]) |  | device
[cell 7 DONE  +    0.9s]
[cell 8 START +    0.9s] ## Loading a Model | [back to top ⬆️](#Table-of-contents:) |  | After initia
[cell 9 START +    0.9s] ir_model_url = "https://storage.openvinotoolkit.org/repositories/openv
[cell 9 DONE  +   11.5s]
[cell 10 START +   11.5s] import openvino as ov |  | core = ov.Core() | classification_model_xml = "mo
[cell 10 DONE  +   11.6s]
[cell 11 START +   11.6s] ### ONNX Model | [back to top ⬆️](#Table-of-contents:) |  | [ONNX](https://o
[cell 12 START +   11.6s] onnx_model_url = "https://storage.openvinotoolkit.org/repositories/ope
[cell 12 DONE  +   15.1s]
[cell 13 START +   15.1s] import openvino as ov |  | core = ov.Core() | onnx_model_path = "model/segme
[cell 13 DONE  +   15.3s]
[cell 14 START +   15.3s] The ONNX model can be exported to OpenVINO IR with `save_model()`:
[cell 15 START +   15.3s] ov.save_model(model_onnx, output_model="model/exported_onnx_model.xml"
[cell 15 DONE  +   15.3s]
[cell 16 START +   15.3s] ### PaddlePaddle Model | [back to top ⬆️](#Table-of-contents:) |  | [PaddleP
[cell 17 START +   15.3s] paddle_model_url = "https://storage.openvinotoolkit.org/repositories/o
[cell 17 DONE  +   22.1s]
[cell 18 START +   22.1s] import openvino as ov |  | core = ov.Core() | paddle_model_path = "model/inf
[cell 18 DONE  +   22.2s]
[cell 19 START +   22.2s] ov.save_model(model_paddle, output_model="model/exported_paddle_model.
[cell 19 DONE  +   22.2s]
[cell 20 START +   22.2s] ### TensorFlow Model | [back to top ⬆️](#Table-of-contents:) |  | TensorFlow
[cell 21 START +   22.2s] pb_model_url = "https://storage.openvinotoolkit.org/repositories/openv
[cell 21 DONE  +   26.2s]
[cell 22 START +   26.2s] import openvino as ov |  | core = ov.Core() | tf_model_path = "model/classif
[cell 22 DONE  +   26.4s]
[cell 23 START +   26.4s] ov.save_model(model_tf, output_model="model/exported_tf_model.xml")
[cell 23 DONE  +   26.4s]
[cell 24 START +   26.4s] ### TensorFlow Lite Model | [back to top ⬆️](#Table-of-contents:) |  | [TFLi
[cell 25 START +   26.4s] %pip install -q kagglehub
[cell 25 DONE  +   26.5s]
[cell 26 START +   26.5s] from pathlib import Path | import kagglehub |  | tflite_model_dir = kagglehu
[cell 26 DONE  +   26.6s]
NBEXEC_RESULT={"ok": false, "n_cells": 45, "n_skipped": 0, "n_substituted": 0, "stopped_after": null, "error_cell": null, "error_type": "CellExecutionError", "error_head": "\u001b[31mModuleNotFoundError\u001b[39m: No module named 'kagglehub'", "duration_s": 26.9, "patch_notes": []}
