[IPKernelApp] WARNING | Kernel is running over TCP without encryption. All communication (including code and outputs) is sent in plain text and is susceptible to eavesdropping. Use IPC transport or launch with kernel manager-provisioned CurveZMQ keys to enable transport encryption.
Traceback (most recent call last):
  File "/home/amd/Desktop/OpenVINO-Notebooks-on-AMD/ov_amd/_nbexec.py", line 144, in main
    client.execute()
  File "/home/amd/Desktop/OpenVINO-Notebooks-on-AMD/.venvs/cpu/449b7758a9d14169/lib/python3.12/site-packages/jupyter_core/utils/__init__.py", line 165, in wrapped
    return loop.run_until_complete(inner)
           ^^^^^^^^^^^^^^^^^^^^^^^^^^^^^^
  File "/usr/lib/python3.12/asyncio/base_events.py", line 687, in run_until_complete
    return future.result()
           ^^^^^^^^^^^^^^^
  File "/home/amd/Desktop/OpenVINO-Notebooks-on-AMD/.venvs/cpu/449b7758a9d14169/lib/python3.12/site-packages/nbclient/client.py", line 709, in async_execute
    await self.async_execute_cell(
  File "/home/amd/Desktop/OpenVINO-Notebooks-on-AMD/.venvs/cpu/449b7758a9d14169/lib/python3.12/site-packages/nbclient/client.py", line 1062, in async_execute_cell
    await self._check_raise_for_error(cell, cell_index, exec_reply)
  File "/home/amd/Desktop/OpenVINO-Notebooks-on-AMD/.venvs/cpu/449b7758a9d14169/lib/python3.12/site-packages/nbclient/client.py", line 918, in _check_raise_for_error
    raise CellExecutionError.from_cell_and_msg(cell, exec_reply_content)
nbclient.exceptions.CellExecutionError: An error occurred while executing the following cell:
------------------
# Download the text from the openvino_notebooks storage

if not (Path("data") / "kinetics.txt").exists():
    vocab_file_path = utils.download_file(
        "https://storage.openvinotoolkit.org/repositories/openvino_notebooks/data/data/text/kinetics.txt",
        directory="data",
    )

with vocab_file_path.open(mode="r") as f:
    labels = [line.strip() for line in f]

print(labels[0:9], np.shape(labels))
------------------


[31m---------------------------------------------------------------------------[39m
[31mNameError[39m                                 Traceback (most recent call last)
[36mCell[39m[36m [39m[32mIn[4][39m[32m, line 9[39m
[32m      5[39m         [33m"https://storage.openvinotoolkit.org/repositories/openvino_notebooks/data/data/text/kinetics.txt"[39m,
[32m      6[39m         directory=[33m"data"[39m,
[32m      7[39m     )
[32m      8[39m 
[32m----> [39m[32m9[39m [38;5;28;01mwith[39;00m vocab_file_path.open(mode=[33m"r"[39m) [38;5;28;01mas[39;00m f:
[32m     10[39m     labels = [line.strip() [38;5;28;01mfor[39;00m line [38;5;28;01min[39;00m f]
[32m     11[39m 
[32m     12[39m print(labels[[32m0[39m:[32m9[39m], np.shape(labels))

[31mNameError[39m: name 'vocab_file_path' is not defined

