[cell 0 START +    0.4s] # OpenVINO™ Runtime API Tutorial |  | This notebook explains the basics of
[cell 1 START +    0.4s] # Required imports. Please execute this cell first. | %pip install -q "o
[cell 1 DONE  +    1.1s]
[cell 2 START +    1.1s] ## Loading OpenVINO Runtime and Showing Info | [back to top ⬆️](#Table-o
[cell 3 START +    1.1s] import openvino as ov |  | core = ov.Core()
[cell 3 DONE  +    1.2s]
[cell 4 START +    1.2s] OpenVINO Runtime can load a network on a device. A device in this cont
[cell 5 START +    1.2s] import openvino.properties as props |  | devices = core.available_devices | 
[cell 5 DONE  +    1.3s]
[cell 6 START +    1.3s] ### Select device for inference |  | You can specify which device from ava
[cell 7 START +    1.3s] device = device_widget(exclude=["NPU"]) |  | device
[cell 7 DONE  +    1.3s]
[cell 8 START +    1.3s] ## Loading a Model | [back to top ⬆️](#Table-of-contents:) |  | After initia
[cell 9 START +    1.3s] ir_model_url = "https://storage.openvinotoolkit.org/repositories/openv
[cell 9 DONE  +    1.3s]
[cell 10 START +    1.3s] import openvino as ov |  | core = ov.Core() | classification_model_xml = "mo
[cell 10 DONE  +    1.4s]
[cell 11 START +    1.4s] ### ONNX Model | [back to top ⬆️](#Table-of-contents:) |  | [ONNX](https://o
[cell 12 START +    1.4s] onnx_model_url = "https://storage.openvinotoolkit.org/repositories/ope
[cell 12 DONE  +    1.4s]
[cell 13 START +    1.4s] import openvino as ov |  | core = ov.Core() | onnx_model_path = "model/segme
[cell 13 DONE  +    1.5s]
[cell 14 START +    1.5s] The ONNX model can be exported to OpenVINO IR with `save_model()`:
[cell 15 START +    1.5s] ov.save_model(model_onnx, output_model="model/exported_onnx_model.xml"
[cell 15 DONE  +    1.5s]
[cell 16 START +    1.5s] ### PaddlePaddle Model | [back to top ⬆️](#Table-of-contents:) |  | [PaddleP
[cell 17 START +    1.5s] paddle_model_url = "https://storage.openvinotoolkit.org/repositories/o
[cell 17 DONE  +    1.5s]
[cell 18 START +    1.5s] import openvino as ov |  | core = ov.Core() | paddle_model_path = "model/inf
[cell 18 DONE  +    1.6s]
[cell 19 START +    1.6s] ov.save_model(model_paddle, output_model="model/exported_paddle_model.
[cell 19 DONE  +    1.7s]
[cell 20 START +    1.7s] ### TensorFlow Model | [back to top ⬆️](#Table-of-contents:) |  | TensorFlow
[cell 21 START +    1.7s] pb_model_url = "https://storage.openvinotoolkit.org/repositories/openv
[cell 21 DONE  +    1.7s]
[cell 22 START +    1.7s] import openvino as ov |  | core = ov.Core() | tf_model_path = "model/classif
[cell 22 DONE  +    1.8s]
[cell 23 START +    1.8s] ov.save_model(model_tf, output_model="model/exported_tf_model.xml")
[cell 23 DONE  +    1.8s]
[cell 24 START +    1.8s] ### TensorFlow Lite Model | [back to top ⬆️](#Table-of-contents:) |  | [TFLi
[cell 25 START +    1.8s] %pip install -q kagglehub
[cell 25 DONE  +    2.1s]
[cell 26 START +    2.1s] from pathlib import Path | import kagglehub |  | tflite_model_dir = kagglehu
[cell 26 DONE  +    3.5s]
[cell 27 START +    3.5s] import openvino as ov |  | core = ov.Core() |  | model_tflite = core.read_mode
[cell 27 DONE  +    7.8s]
[cell 28 START +    7.8s] ov.save_model(model_tflite, output_model="model/exported_tflite_model.
[cell 28 DONE  +    7.9s]
[cell 29 START +    7.9s] ### PyTorch Model | [back to top ⬆️](#Table-of-contents:) |  | [PyTorch](htt
[cell 30 START +    7.9s] %pip install -q "torch>=2.1" torchvision --extra-index-url https://dow
[cell 30 DONE  +    8.3s]
[cell 31 START +    8.3s] import openvino as ov | import torch | from torchvision.models import resn
[cell 31 DONE  +   10.5s]
[cell 32 START +   10.5s] ## Getting Information about a Model | [back to top ⬆️](#Table-of-conten
[cell 33 START +   10.5s] ir_model_url = "https://storage.openvinotoolkit.org/repositories/openv
[cell 33 DONE  +   10.5s]
[cell 34 START +   10.5s] ### Model Inputs | [back to top ⬆️](#Table-of-contents:) |  | Information ab
[cell 35 START +   10.5s] import openvino as ov |  | core = ov.Core() | classification_model_xml = "mo
[cell 35 DONE  +   10.5s]
[cell 36 START +   10.5s] The cell above shows that the loaded model expects one input with the 
[cell 37 START +   10.5s] input_layer = model.input(0)
[cell 37 DONE  +   10.5s]
[cell 38 START +   10.5s] It is often useful to have a reference to the name of the first input 
[cell 39 START +   10.5s] input_layer.any_name
[cell 39 DONE  +   10.5s]
[cell 40 START +   10.5s] The next cell prints the input layout, precision and shape.
[cell 41 START +   10.5s] print(f"input precision: {input_layer.element_type}") | print(f"input sh
[cell 41 DONE  +   10.5s]
[cell 42 START +   10.5s] This cell shows that the model expects inputs with a shape of [1,3,224
[cell 43 START +   10.5s] ### Model Outputs | [back to top ⬆️](#Table-of-contents:) | 
[cell 44 START +   10.5s] import openvino as ov |  | core = ov.Core() | classification_model_xml = "mo
[cell 44 DONE  +   10.5s]
[cell 45 START +   10.5s] Model output info is stored in `model.outputs`. The cell above shows t
[cell 46 START +   10.5s] output_layer = model.output(0) | output_layer.any_name
[cell 46 DONE  +   10.5s]
[cell 47 START +   10.5s] Getting the output precision and shape is similar to getting the input
[cell 48 START +   10.5s] print(f"output precision: {output_layer.element_type}") | print(f"output
[cell 48 DONE  +   10.5s]
[cell 49 START +   10.5s] This cell shows that the model returns outputs with a shape of [1, 100
[cell 50 START +   10.5s] ## Doing Inference on a Model | [back to top ⬆️](#Table-of-contents:) |  | >
[cell 51 START +   10.5s] # Install opencv package for image handling | %pip install -q opencv-pyt
[cell 51 DONE  +   10.9s]
[cell 52 START +   10.9s] **Load the network**
[cell 53 START +   10.9s] ir_model_url = "https://storage.openvinotoolkit.org/repositories/openv
[cell 53 DONE  +   10.9s]
[cell 54 START +   10.9s] import openvino as ov |  | core = ov.Core() | classification_model_xml = "mo
[cell 54 DONE  +   11.0s]
[cell 55 START +   11.0s] **Load an image and convert to the input shape** |  | To propagate an imag
[cell 56 START +   11.0s] import cv2 |  | image_filename = Path("data/coco_hollywood.jpg") | if not im
[cell 56 DONE  +   11.0s]
[cell 57 START +   11.0s] The image has a shape of (663,994,3). It is 663 pixels in height, 994 
[cell 58 START +   11.0s] # N,C,H,W = batch size, number of channels, height, width. | N, C, H, W 
[cell 58 DONE  +   11.0s]
[cell 59 START +   11.0s] Now, the image has the width and height that the network expects. This
[cell 60 START +   11.0s] import numpy as np |  | input_data = np.expand_dims(np.transpose(resized_i
[cell 60 DONE  +   11.0s]
[cell 61 START +   11.0s] **Do inference** |  | Now that the input data is in the right shape, run i
[cell 62 START +   11.0s] # for single input models only | result = compiled_model(input_data)[out
[cell 62 DONE  +   11.0s]
[cell 63 START +   11.0s] You can also create `InferRequest` and run `infer` method on request.
[cell 64 START +   11.0s] request = compiled_model.create_infer_request() | request.infer(inputs={
[cell 64 DONE  +   11.0s]
[cell 65 START +   11.0s] The `.infer()` function sets output tensor, that can be reached, using
[cell 66 START +   11.0s] result.shape
[cell 66 DONE  +   11.0s]
[cell 67 START +   11.0s] The output shape is (1,1001), which is the expected output shape. This
[cell 68 START +   11.0s] ## Reshaping and Resizing | [back to top ⬆️](#Table-of-contents:) |  | ### C
[cell 69 START +   11.0s] Instead of reshaping the image to fit the model, it is also possible t
[cell 70 START +   11.0s] ir_model_url = "https://storage.openvinotoolkit.org/repositories/openv
[cell 70 DONE  +   11.0s]
[cell 71 START +   11.0s] import openvino as ov |  | core = ov.Core() | segmentation_model_xml = "mode
[cell 71 DONE  +   11.5s]
[cell 72 START +   11.5s] The input shape for the segmentation network is [1,3,512,512], with th
[cell 73 START +   11.5s] ### Change Batch Size | [back to top ⬆️](#Table-of-contents:) | 
[cell 74 START +   11.5s] Use the `.reshape()` method to set the batch size, by increasing the f
[cell 75 START +   11.5s] import openvino as ov |  | segmentation_model_xml = "model/segmentation.xm
[cell 75 DONE  +   12.0s]
[cell 76 START +   12.0s] The output shows that by setting the batch size to 2, the first elemen
[cell 77 START +   12.0s] import numpy as np | import openvino as ov |  | core = ov.Core() | segmentatio
[cell 77 DONE  +   12.4s]
[cell 78 START +   12.4s] ## Caching a Model | [back to top ⬆️](#Table-of-contents:) |  | For some dev
[cell 79 START +   12.4s] ir_model_url = "https://storage.openvinotoolkit.org/repositories/openv
[cell 79 DONE  +   12.4s]
[cell 80 START +   12.4s] import time | from pathlib import Path |  | import openvino as ov |  | core = ov
[cell 80 DONE  +   12.5s]
[cell 81 START +   12.5s] After running the previous cell, we know the model exists in the cache
[cell 82 START +   12.5s] del compiled_model | start_time = time.perf_counter() | compiled_model = c
[cell 82 DONE  +   12.5s]
NBEXEC_RESULT={"ok": true, "n_cells": 45, "n_skipped": 0, "n_substituted": 0, "stopped_after": null, "error_cell": null, "error_type": null, "error_head": null, "duration_s": 15.26, "patch_notes": []}
