[IPKernelApp] WARNING | Kernel is running over TCP without encryption. All communication (including code and outputs) is sent in plain text and is susceptible to eavesdropping. Use IPC transport or launch with kernel manager-provisioned CurveZMQ keys to enable transport encryption.
import[39;00m codec_decode, generate_coarse, generate_fine, generate_text_semantic
[32m      8[39m [38;5;28;01mdef[39;00m[38;5;250m [39m[34mtext_to_semantic[39m(
[32m      9[39m     text: [38;5;28mstr[39m,
[32m     10[39m     history_prompt: Optional[Union[Dict, [38;5;28mstr[39m]] = [38;5;28;01mNone[39;00m,
[32m     11[39m     temp: [38;5;28mfloat[39m = [32m0.7[39m,
[32m     12[39m     silent: [38;5;28mbool[39m = [38;5;28;01mFalse[39;00m,
[32m     13[39m ):
[32m     14[39m [38;5;250m    [39m[33;03m"""Generate semantic array from text.[39;00m
[32m     15[39m 
[32m     16[39m [33;03m    Args:[39;00m
[32m   (...)[39m[32m     23[39m [33;03m        numpy semantic array to be fed into `semantic_to_waveform`[39;00m
[32m     24[39m [33;03m    """[39;00m

[36mFile [39m[32m~/Desktop/OpenVINO-Notebooks-on-AMD/.venv-cpu/lib/python3.12/site-packages/bark/generation.py:6[39m
[32m      3[39m [38;5;28;01mimport[39;00m[38;5;250m [39m[34;01mos[39;00m
[32m      4[39m [38;5;28;01mimport[39;00m[38;5;250m [39m[34;01mre[39;00m
[32m----> [39m[32m6[39m [38;5;28;01mfrom[39;00m[38;5;250m [39m[34;01mencodec[39;00m[38;5;250m [39m[38;5;28;01mimport[39;00m EncodecModel
[32m      7[39m [38;5;28;01mimport[39;00m[38;5;250m [39m[34;01mfuncy[39;00m
[32m      8[39m [38;5;28;01mimport[39;00m[38;5;250m [39m[34;01mlogging[39;00m

[36mFile [39m[32m~/Desktop/OpenVINO-Notebooks-on-AMD/.venv-cpu/lib/python3.12/site-packages/encodec/__init__.py:12[39m
[32m      8[39m [33;03m"""EnCodec neural audio codec."""[39;00m
[32m     10[39m __version__ = [33m"[39m[33m0.1.1[39m[33m"[39m
[32m---> [39m[32m12[39m [38;5;28;01mfrom[39;00m[38;5;250m [39m[34;01m.[39;00m[34;01mmodel[39;00m[38;5;250m [39m[38;5;28;01mimport[39;00m EncodecModel
[32m     13[39m [38;5;28;01mfrom[39;00m[38;5;250m [39m[34;01m.[39;00m[34;01mcompress[39;00m[38;5;250m [39m[38;5;28;01mimport[39;00m compress, decompress

[36mFile [39m[32m~/Desktop/OpenVINO-Notebooks-on-AMD/.venv-cpu/lib/python3.12/site-packages/encodec/model.py:19[39m
[32m     17[39m [38;5;28;01mfrom[39;00m[38;5;250m [39m[34;01m.[39;00m[38;5;250m [39m[38;5;28;01mimport[39;00m quantization [38;5;28;01mas[39;00m qt
[32m     18[39m [38;5;28;01mfrom[39;00m[38;5;250m [39m[34;01m.[39;00m[38;5;250m [39m[38;5;28;01mimport[39;00m modules [38;5;28;01mas[39;00m m
[32m---> [39m[32m19[39m [38;5;28;01mfrom[39;00m[38;5;250m [39m[34;01m.[39;00m[34;01mutils[39;00m[38;5;250m [39m[38;5;28;01mimport[39;00m _check_checksum, _linear_overlap_add, _get_checkpoint_url
[32m     22[39m ROOT_URL = [33m'[39m[33mhttps://dl.fbaipublicfiles.com/encodec/v0/[39m[33m'[39m
[32m     24[39m EncodedFrame = tp.Tuple[torch.Tensor, tp.Optional[torch.Tensor]]

[36mFile [39m[32m~/Desktop/OpenVINO-Notebooks-on-AMD/.venv-cpu/lib/python3.12/site-packages/encodec/utils.py:14[39m
[32m     11[39m [38;5;28;01mimport[39;00m[38;5;250m [39m[34;01mtyping[39;00m[38;5;250m [39m[38;5;28;01mas[39;00m[38;5;250m [39m[34;01mtp[39;00m
[32m     13[39m [38;5;28;01mimport[39;00m[38;5;250m [39m[34;01mtorch[39;00m
[32m---> [39m[32m14[39m [38;5;28;01mimport[39;00m[38;5;250m [39m[34;01mtorchaudio[39;00m
[32m     17[39m [38;5;28;01mdef[39;00m[38;5;250m [39m[34m_linear_overlap_add[39m(frames: tp.List[torch.Tensor], stride: [38;5;28mint[39m):
[32m     18[39m     [38;5;66;03m# Generic overlap add, with linear fade-in/fade-out, supporting complex scenario[39;00m
[32m     19[39m     [38;5;66;03m# e.g., more than 2 frames per position.[39;00m
[32m   (...)[39m[32m     34[39m     [38;5;66;03m#   - if more than 2 frames overlap at a given point, we hope that by induction[39;00m
[32m     35[39m     [38;5;66;03m#      something sensible happens.[39;00m
[32m     36[39m     [38;5;28;01massert[39;00m [38;5;28mlen[39m(frames)

[36mFile [39m[32m~/Desktop/OpenVINO-Notebooks-on-AMD/.venv-cpu/lib/python3.12/site-packages/torchaudio/__init__.py:7[39m
[32m      4[39m [38;5;28;01mimport[39;00m[38;5;250m [39m[34;01mtorch[39;00m
[32m      6[39m [38;5;66;03m# Initialize extension and backend first[39;00m
[32m----> [39m[32m7[39m [38;5;28;01mfrom[39;00m[38;5;250m [39m[34;01m.[39;00m[38;5;250m [39m[38;5;28;01mimport[39;00m _extension  [38;5;66;03m# noqa  # usort: skip[39;00m
[32m      8[39m [38;5;28;01mfrom[39;00m[38;5;250m [39m[34;01m.[39;00m[38;5;250m [39m[38;5;28;01mimport[39;00m compliance, datasets, functional, models, pipelines, transforms, utils  [38;5;66;03m# noqa: F401[39;00m
[32m      9[39m [38;5;28;01mfrom[39;00m[38;5;250m [39m[34;01m.[39;00m[34;01m_torchcodec[39;00m[38;5;250m [39m[38;5;28;01mimport[39;00m load_with_torchcodec, save_with_torchcodec

[36mFile [39m[32m~/Desktop/OpenVINO-Notebooks-on-AMD/.venv-cpu/lib/python3.12/site-packages/torchaudio/_extension/__init__.py:30[39m
[32m     25[39m     _init_dll_path()
[32m     27[39m [38;5;66;03m# When the extension module is built, we initialize it.[39;00m
[32m     28[39m [38;5;66;03m# In case of an error, we do not catch the failure as it suggests there is something[39;00m
[32m     29[39m [38;5;66;03m# wrong with the installation.[39;00m
[32m---> [39m[32m30[39m _IS_TORCHAUDIO_EXT_AVAILABLE = [30;43m_load_lib[39;49m[30;43m([39;49m[30;43m"[39;49m[30;43m_torchaudio[39;49m[30;43m"[39;49m[30;43m)[39;49m
[32m     31[39m _IS_ALIGN_AVAILABLE = [38;5;28;01mFalse[39;00m
[32m     32[39m [38;5;28;01mif[39;00m _IS_TORCHAUDIO_EXT_AVAILABLE:

[36mFile [39m[32m~/Desktop/OpenVINO-Notebooks-on-AMD/.venv-cpu/lib/python3.12/site-packages/torchaudio/_extension/utils.py:56[39m, in [36m_load_lib[39m[34m(lib)[39m
[32m     54[39m [38;5;28;01mif[39;00m [38;5;28mlen[39m(paths) > [32m1[39m:
[32m     55[39m     warnings.warn([33mf[39m[33m"[39m[33mExpected a single file path to [39m[38;5;132;01m{[39;00mlib[38;5;132;01m}[39;00m[33m, got [39m[38;5;132;01m{[39;00mpaths[38;5;132;01m=}[39;00m[33m"[39m)
[32m---> [39m[32m56[39m [30;43mtorch[39;49m[30;43m.[39;49m[30;43mops[39;49m[30;43m.[39;49m[30;43mload_library[39;49m[30;43m([39;49m[30;43mpaths[39;49m[30;43m[[39;49m[30;43m0[39;49m[30;43m][39;49m[30;43m)[39;49m
[32m     57[39m [38;5;28;01mreturn[39;00m [38;5;28;01mTrue[39;00m

[36mFile [39m[32m~/Desktop/OpenVINO-Notebooks-on-AMD/.venv-cpu/lib/python3.12/site-packages/torch/_ops.py:1478[39m, in [36m_Ops.load_library[39m[34m(self, path)[39m
[32m   1473[39m path = _utils_internal.resolve_library_path(path)
[32m   1474[39m [38;5;28;01mwith[39;00m dl_open_guard():
[32m   1475[39m     [38;5;66;03m# Import the shared library into the process, thus running its[39;00m
[32m   1476[39m     [38;5;66;03m# static (global) initialization code in order to register custom[39;00m
[32m   1477[39m     [38;5;66;03m# operators with the JIT.[39;00m
[32m-> [39m[32m1478[39m     [30;43mctypes[39;49m[30;43m.[39;49m[30;43mCDLL[39;49m[30;43m([39;49m[30;43mpath[39;49m[30;43m)[39;49m
[32m   1479[39m [38;5;28mself[39m.loaded_libraries.add(path)

[36mFile [39m[32m/usr/lib/python3.12/ctypes/__init__.py:379[39m, in [36mCDLL.__init__[39m[34m(self, name, mode, handle, use_errno, use_last_error, winmode)[39m
[32m    376[39m [38;5;28mself[39m._FuncPtr = _FuncPtr
[32m    378[39m [38;5;28;01mif[39;00m handle [38;5;129;01mis[39;00m [38;5;28;01mNone[39;00m:
[32m--> [39m[32m379[39m     [38;5;28mself[39m._handle = [30;43m_dlopen[39;49m[30;43m([39;49m[30;43mself[39;49m[30;43m.[39;49m[30;43m_name[39;49m[30;43m,[39;49m[30;43m [39;49m[30;43mmode[39;49m[30;43m)[39;49m
[32m    380[39m [38;5;28;01melse[39;00m:
[32m    381[39m     [38;5;28mself[39m._handle = handle

[31mOSError[39m: libcudart.so.13: cannot open shared object file: No such file or directory

