[cell 0 START +    0.5s] # Image generation with Flux.1 and OpenVINO |  | Flux is a AI image genera
[cell 1 START +    0.5s] ## Prerequisites | [back to top ⬆️](#Table-of-contents:)
[cell 2 START +    0.5s] %pip install -q "gradio>=4.19,<6" "torch==2.8" "transformers==4.57.6" 
[cell 2 DONE  +   18.7s]
[cell 3 START +   18.7s] import requests | from pathlib import Path |  | if not Path("cmd_helper.py")
[cell 3 DONE  +   18.8s]
[cell 4 START +   18.8s] ## Select model | [back to top ⬆️](#Table-of-contents:) |  | To strike a bal
[cell 5 START +   18.8s] import ipywidgets as widgets |  | model_ids = ["black-forest-labs/FLUX.1-s
[cell 5 DONE  +   18.8s]
[cell 6 START +   18.8s] ## Convert model with OpenVINO | [back to top ⬆️](#Table-of-contents:) |  | 
[cell 7 START +   18.8s] use_preconverted = widgets.Checkbox(value="schnell" in model_selector.
[cell 7 DONE  +   18.8s]
[cell 8 START +   18.8s] from pathlib import Path |  | model_id = model_selector.value |  | model_base_
[cell 8 DONE  +   18.8s]
[cell 9 START +   18.8s] from cmd_helper import optimum_cli | from huggingface_hub import snapsho
[cell 9 DONE  +  343.0s]
[cell 10 START +  343.0s] ## Run OpenVINO GenAI model inference | [back to top ⬆️](#Table-of-conte
[cell 11 START +  343.0s] from notebook_utils import device_widget |  | device = device_widget(defau
[cell 11 DONE  +  343.3s]
[cell 12 START +  343.3s] import ipywidgets as widgets |  | model_available = (model_base_dir / "INT
[cell 12 DONE  +  343.3s]
[cell 13 START +  343.3s] `openvino_genai.Text2ImagePipeline` represents inference pipeline for 
[cell 14 START +  343.3s] import openvino_genai as ov_genai |  | model_dir = model_base_dir / "INT4"
Model: OV Tokenizer
  NETWORK_NAME: tokenizer
  OPTIMAL_NUMBER_OF_INFER_REQUESTS: 1
  NUM_STREAMS: 1
  INFERENCE_NUM_THREADS: 32
  PERF_COUNT: NO
  INFERENCE_PRECISION_HINT: bf16
  PERFORMANCE_HINT: LATENCY
  EXECUTION_MODE_HINT: PERFORMANCE
  PERFORMANCE_HINT_NUM_REQUESTS: 0
  ENABLE_CPU_PINNING: YES
  ENABLE_CPU_RESERVATION: NO
  SCHEDULING_CORE_TYPE: ANY_CORE
  MODEL_DISTRIBUTION_POLICY: 
  ENABLE_HYPER_THREADING: NO
  EXECUTION_DEVICES: CPU
  CPU_DENORMALS_OPTIMIZATION: NO
  LOG_LEVEL: LOG_NONE
  CPU_SPARSE_WEIGHTS_DECOMPRESSION_RATE: 1
  ENABLE_TENSOR_PARALLEL: NO
  TBB_PARTITIONER: STATIC
  DYNAMIC_QUANTIZATION_GROUP_SIZE: 32
  KV_CACHE_PRECISION: u8
  KEY_CACHE_PRECISION: u8
  VALUE_CACHE_PRECISION: u8
  KEY_CACHE_GROUP_SIZE: 0
  VALUE_CACHE_GROUP_SIZE: 0
  RUNTIME_REQUIREMENTS: meta=1.0;ov=2026.4.1;isa=Intel AVX-512 with Intel DL Boost and bfloat16 support
EXECUTION_DEVICES:
 CPU: AMD EPYC 9334 32-Core Processor                
Model: OV Detokenizer
  NETWORK_NAME: detokenizer
  OPTIMAL_NUMBER_OF_INFER_REQUESTS: 1
  NUM_STREAMS: 1
  INFERENCE_NUM_THREADS: 32
  PERF_COUNT: NO
  INFERENCE_PRECISION_HINT: bf16
  PERFORMANCE_HINT: LATENCY
  EXECUTION_MODE_HINT: PERFORMANCE
  PERFORMANCE_HINT_NUM_REQUESTS: 0
  ENABLE_CPU_PINNING: YES
  ENABLE_CPU_RESERVATION: NO
  SCHEDULING_CORE_TYPE: ANY_CORE
  MODEL_DISTRIBUTION_POLICY: 
  ENABLE_HYPER_THREADING: NO
  EXECUTION_DEVICES: CPU
  CPU_DENORMALS_OPTIMIZATION: NO
  LOG_LEVEL: LOG_NONE
  CPU_SPARSE_WEIGHTS_DECOMPRESSION_RATE: 1
  ENABLE_TENSOR_PARALLEL: NO
  TBB_PARTITIONER: STATIC
  DYNAMIC_QUANTIZATION_GROUP_SIZE: 32
  KV_CACHE_PRECISION: u8
  KEY_CACHE_PRECISION: u8
  VALUE_CACHE_PRECISION: u8
  KEY_CACHE_GROUP_SIZE: 0
  VALUE_CACHE_GROUP_SIZE: 0
  RUNTIME_REQUIREMENTS: meta=1.0;ov=2026.4.1;isa=Intel AVX-512 with Intel DL Boost and bfloat16 support
EXECUTION_DEVICES:
 CPU: AMD EPYC 9334 32-Core Processor                
Model: Clip Text model
  NETWORK_NAME: Model0
  OPTIMAL_NUMBER_OF_INFER_REQUESTS: 1
  NUM_STREAMS: 1
  INFERENCE_NUM_THREADS: 32
  PERF_COUNT: NO
  INFERENCE_PRECISION_HINT: bf16
  PERFORMANCE_HINT: LATENCY
  EXECUTION_MODE_HINT: PERFORMANCE
  PERFORMANCE_HINT_NUM_REQUESTS: 0
  ENABLE_CPU_PINNING: YES
  ENABLE_CPU_RESERVATION: NO
  SCHEDULING_CORE_TYPE: ANY_CORE
  MODEL_DISTRIBUTION_POLICY: 
  ENABLE_HYPER_THREADING: NO
  EXECUTION_DEVICES: CPU
  CPU_DENORMALS_OPTIMIZATION: NO
  LOG_LEVEL: LOG_NONE
  CPU_SPARSE_WEIGHTS_DECOMPRESSION_RATE: 1
  ENABLE_TENSOR_PARALLEL: NO
  TBB_PARTITIONER: STATIC
  DYNAMIC_QUANTIZATION_GROUP_SIZE: 32
  KV_CACHE_PRECISION: u8
  KEY_CACHE_PRECISION: u8
  VALUE_CACHE_PRECISION: u8
  KEY_CACHE_GROUP_SIZE: 0
  VALUE_CACHE_GROUP_SIZE: 0
  RUNTIME_REQUIREMENTS: meta=1.0;ov=2026.4.1;isa=Intel AVX-512 with Intel DL Boost and bfloat16 support
EXECUTION_DEVICES:
 CPU: AMD EPYC 9334 32-Core Processor                
Model: OV Tokenizer
  NETWORK_NAME: tokenizer
  OPTIMAL_NUMBER_OF_INFER_REQUESTS: 1
  NUM_STREAMS: 1
  INFERENCE_NUM_THREADS: 32
  PERF_COUNT: NO
  INFERENCE_PRECISION_HINT: bf16
  PERFORMANCE_HINT: LATENCY
  EXECUTION_MODE_HINT: PERFORMANCE
  PERFORMANCE_HINT_NUM_REQUESTS: 0
  ENABLE_CPU_PINNING: YES
  ENABLE_CPU_RESERVATION: NO
  SCHEDULING_CORE_TYPE: ANY_CORE
  MODEL_DISTRIBUTION_POLICY: 
  ENABLE_HYPER_THREADING: NO
  EXECUTION_DEVICES: CPU
  CPU_DENORMALS_OPTIMIZATION: NO
  LOG_LEVEL: LOG_NONE
  CPU_SPARSE_WEIGHTS_DECOMPRESSION_RATE: 1
  ENABLE_TENSOR_PARALLEL: NO
  TBB_PARTITIONER: STATIC
  DYNAMIC_QUANTIZATION_GROUP_SIZE: 32
  KV_CACHE_PRECISION: u8
  KEY_CACHE_PRECISION: u8
  VALUE_CACHE_PRECISION: u8
  KEY_CACHE_GROUP_SIZE: 0
  VALUE_CACHE_GROUP_SIZE: 0
  RUNTIME_REQUIREMENTS: meta=1.0;ov=2026.4.1;isa=Intel AVX-512 with Intel DL Boost and bfloat16 support
EXECUTION_DEVICES:
 CPU: AMD EPYC 9334 32-Core Processor                
Model: OV Detokenizer
  NETWORK_NAME: detokenizer
  OPTIMAL_NUMBER_OF_INFER_REQUESTS: 1
  NUM_STREAMS: 1
  INFERENCE_NUM_THREADS: 32
  PERF_COUNT: NO
  INFERENCE_PRECISION_HINT: bf16
  PERFORMANCE_HINT: LATENCY
  EXECUTION_MODE_HINT: PERFORMANCE
  PERFORMANCE_HINT_NUM_REQUESTS: 0
  ENABLE_CPU_PINNING: YES
  ENABLE_CPU_RESERVATION: NO
  SCHEDULING_CORE_TYPE: ANY_CORE
  MODEL_DISTRIBUTION_POLICY: 
  ENABLE_HYPER_THREADING: NO
  EXECUTION_DEVICES: CPU
  CPU_DENORMALS_OPTIMIZATION: NO
  LOG_LEVEL: LOG_NONE
  CPU_SPARSE_WEIGHTS_DECOMPRESSION_RATE: 1
  ENABLE_TENSOR_PARALLEL: NO
  TBB_PARTITIONER: STATIC
  DYNAMIC_QUANTIZATION_GROUP_SIZE: 32
  KV_CACHE_PRECISION: u8
  KEY_CACHE_PRECISION: u8
  VALUE_CACHE_PRECISION: u8
  KEY_CACHE_GROUP_SIZE: 0
  VALUE_CACHE_GROUP_SIZE: 0
  RUNTIME_REQUIREMENTS: meta=1.0;ov=2026.4.1;isa=Intel AVX-512 with Intel DL Boost and bfloat16 support
EXECUTION_DEVICES:
 CPU: AMD EPYC 9334 32-Core Processor                
Model: T5 encoder model
  NETWORK_NAME: Model12
  OPTIMAL_NUMBER_OF_INFER_REQUESTS: 1
  NUM_STREAMS: 1
  INFERENCE_NUM_THREADS: 32
  PERF_COUNT: NO
  INFERENCE_PRECISION_HINT: bf16
  PERFORMANCE_HINT: LATENCY
  EXECUTION_MODE_HINT: PERFORMANCE
  PERFORMANCE_HINT_NUM_REQUESTS: 0
  ENABLE_CPU_PINNING: YES
  ENABLE_CPU_RESERVATION: NO
  SCHEDULING_CORE_TYPE: ANY_CORE
  MODEL_DISTRIBUTION_POLICY: 
  ENABLE_HYPER_THREADING: NO
  EXECUTION_DEVICES: CPU
  CPU_DENORMALS_OPTIMIZATION: NO
  LOG_LEVEL: LOG_NONE
  CPU_SPARSE_WEIGHTS_DECOMPRESSION_RATE: 1
  ENABLE_TENSOR_PARALLEL: NO
  TBB_PARTITIONER: STATIC
  DYNAMIC_QUANTIZATION_GROUP_SIZE: 32
  KV_CACHE_PRECISION: u8
  KEY_CACHE_PRECISION: u8
  VALUE_CACHE_PRECISION: u8
  KEY_CACHE_GROUP_SIZE: 0
  VALUE_CACHE_GROUP_SIZE: 0
  RUNTIME_REQUIREMENTS: meta=1.0;ov=2026.4.1;isa=Intel AVX-512 with Intel DL Boost and bfloat16 support
EXECUTION_DEVICES:
 CPU: AMD EPYC 9334 32-Core Processor                
Model: Auto encoder KL decoder model
  NETWORK_NAME: Model9
  OPTIMAL_NUMBER_OF_INFER_REQUESTS: 1
  NUM_STREAMS: 1
  INFERENCE_NUM_THREADS: 32
  PERF_COUNT: NO
  INFERENCE_PRECISION_HINT: bf16
  PERFORMANCE_HINT: LATENCY
  EXECUTION_MODE_HINT: PERFORMANCE
  PERFORMANCE_HINT_NUM_REQUESTS: 0
  ENABLE_CPU_PINNING: YES
  ENABLE_CPU_RESERVATION: NO
  SCHEDULING_CORE_TYPE: ANY_CORE
  MODEL_DISTRIBUTION_POLICY: 
  ENABLE_HYPER_THREADING: NO
  EXECUTION_DEVICES: CPU
  CPU_DENORMALS_OPTIMIZATION: NO
  LOG_LEVEL: LOG_NONE
  CPU_SPARSE_WEIGHTS_DECOMPRESSION_RATE: 1
  ENABLE_TENSOR_PARALLEL: NO
  TBB_PARTITIONER: STATIC
  DYNAMIC_QUANTIZATION_GROUP_SIZE: 32
  KV_CACHE_PRECISION: u8
  KEY_CACHE_PRECISION: u8
  VALUE_CACHE_PRECISION: u8
  KEY_CACHE_GROUP_SIZE: 0
  VALUE_CACHE_GROUP_SIZE: 0
  RUNTIME_REQUIREMENTS: meta=1.0;ov=2026.4.1;isa=Intel AVX-512 with Intel DL Boost and bfloat16 support
EXECUTION_DEVICES:
 CPU: AMD EPYC 9334 32-Core Processor                
Model: Flux Transformer 2D model
  NETWORK_NAME: Model3
  OPTIMAL_NUMBER_OF_INFER_REQUESTS: 1
  NUM_STREAMS: 1
  INFERENCE_NUM_THREADS: 32
  PERF_COUNT: NO
  INFERENCE_PRECISION_HINT: bf16
  PERFORMANCE_HINT: LATENCY
  EXECUTION_MODE_HINT: PERFORMANCE
  PERFORMANCE_HINT_NUM_REQUESTS: 0
  ENABLE_CPU_PINNING: YES
  ENABLE_CPU_RESERVATION: NO
  SCHEDULING_CORE_TYPE: ANY_CORE
  MODEL_DISTRIBUTION_POLICY: 
  ENABLE_HYPER_THREADING: NO
  EXECUTION_DEVICES: CPU
  CPU_DENORMALS_OPTIMIZATION: NO
  LOG_LEVEL: LOG_NONE
  CPU_SPARSE_WEIGHTS_DECOMPRESSION_RATE: 1
  ENABLE_TENSOR_PARALLEL: NO
  TBB_PARTITIONER: STATIC
  DYNAMIC_QUANTIZATION_GROUP_SIZE: 32
  KV_CACHE_PRECISION: u8
  KEY_CACHE_PRECISION: u8
  VALUE_CACHE_PRECISION: u8
  KEY_CACHE_GROUP_SIZE: 0
  VALUE_CACHE_GROUP_SIZE: 0
  RUNTIME_REQUIREMENTS: meta=1.0;ov=2026.4.1;isa=Intel AVX-512 with Intel DL Boost and bfloat16 support
EXECUTION_DEVICES:
 CPU: AMD EPYC 9334 32-Core Processor                
[cell 14 DONE  +  354.6s]
[cell 15 START +  354.6s] Now, you can define a text prompt and other pipeline settings for imag
[cell 16 START +  354.6s] prompt = "A cat holding a sign that says hello OpenVINO" | height = 256 | 
[cell 16 DONE  +  354.6s]
[cell 17 START +  354.6s] from PIL import Image | from tqdm.notebook import tqdm | import sys |  | rando
[cell 17 DONE  +  379.1s]
[cell 18 START +  379.1s] ## Interactive demo | [back to top ⬆️](#Table-of-contents:)
[cell 19 START +  379.1s] from gradio_helper import make_demo |  | demo = make_demo(ov_pipe, model_n
NBEXEC_RESULT={"ok": true, "n_cells": 12, "n_skipped": 1, "n_substituted": 1, "stopped_after": null, "error_cell": null, "error_type": null, "error_head": null, "duration_s": 381.21, "patch_notes": ["substituted 1 occurrence(s) in cell 2", "skipped cell 19: matched skip pattern"]}
