[cell 0 START +    0.7s] # Object masks from prompts with SAM2 and OpenVINO for Images |  |  |  |  | ### 
[cell 1 START +    0.7s] Segmentation - identifying which image pixels belong to an object - is
[cell 2 START +    0.7s] ## Prerequisites | [back to top ⬆️](#Table-of-contents:) | 
[cell 3 START +    0.7s] %pip install -q "gradio>=4.13,<4.41.0" "fastapi==0.112.4" "openvino>=2
[cell 3 DONE  +   51.3s]
[cell 4 START +   51.3s] import requests | from pathlib import Path |  | if not Path("notebook_utils.
[cell 4 DONE  +   51.4s]
[cell 5 START +   51.4s] Clone and install segment-anything-2
[cell 6 START +   51.4s] from cmd_helper import clone_repo |  | repo_dir = clone_repo("https://gith
[cell 6 DONE  +   51.4s]
[cell 7 START +   51.4s] %env SAM2_BUILD_CUDA=0 | %cd sam2 | %pip install -q -e . | %cd ..
[cell 7 DONE  +   72.0s]
[cell 8 START +   72.0s] ov_sam2_helper_file_name = "ov_sam2_helper.py" |  | if not Path(ov_sam2_he
[cell 8 DONE  +   72.0s]
[cell 9 START +   72.0s] ## Image prediction | [back to top ⬆️](#Table-of-contents:)
[cell 10 START +   72.0s] ## Prepare image | [back to top ⬆️](#Table-of-contents:)
[cell 11 START +   72.0s] import numpy as np | import matplotlib.pyplot as plt | from PIL import Ima
[cell 11 DONE  +   72.2s]
[cell 12 START +   72.2s] plt.figure(figsize=(10, 10)) | plt.imshow(image) | plt.axis("on") | plt.show
[cell 12 DONE  +   72.4s]
[cell 13 START +   72.4s] ## Download and inference PyTorch model | [back to top ⬆️](#Table-of-con
[cell 14 START +   72.4s] from sam2.sam2_image_predictor import SAM2ImagePredictor |  | predictor = 
[cell 14 DONE  +   75.8s]
[cell 15 START +   75.8s] input_point = np.array([[500, 375]]) | input_label = np.array([1])
[cell 15 DONE  +   75.8s]
[cell 16 START +   75.8s] from ov_sam2_helper import show_points |  | plt.figure(figsize=(10, 10)) | p
[cell 16 DONE  +   76.0s]
[cell 17 START +   76.0s] predictor.set_image(image) |  | masks, scores, logits = predictor.predict(
[cell 17 DONE  +   78.1s]
[cell 18 START +   78.1s] from ov_sam2_helper import show_masks |  | show_masks(image, masks, point_
[cell 18 DONE  +   78.4s]
[cell 19 START +   78.4s] predictor.reset_predictor()
[cell 19 DONE  +   78.4s]
[cell 20 START +   78.4s] ## Convert model to OpenVINO Intermediate Representation | [back to top 
[cell 21 START +   78.4s] import openvino as ov |  | core = ov.Core()
[cell 21 DONE  +   78.5s]
[cell 22 START +   78.5s] from notebook_utils import device_widget |  | device = device_widget(exclu
[cell 22 DONE  +   78.6s]
[cell 23 START +   78.6s] ### Image Encoder | [back to top ⬆️](#Table-of-contents:) |  |  | The image en
[cell 24 START +   78.6s] import warnings | import torch | from ov_sam2_helper import SamImageEncode
[cell 24 DONE  +   78.7s]
[cell 25 START +   78.7s] ov_encoder = core.compile_model(ov_encoder_model, device.value)
[cell 25 DONE  +   86.3s]
[cell 26 START +   86.3s] ### Mask predictor | [back to top ⬆️](#Table-of-contents:) |  | Mask predict
[cell 27 START +   86.3s] Combined prompt encoder and mask decoder model has following list of i
[cell 28 START +   86.3s] from ov_sam2_helper import SamImageMaskPredictionModel |  | ov_mask_predic
[cell 28 DONE  +   86.3s]
[cell 29 START +   86.3s] ov_predictor = core.compile_model(ov_mask_predictor_model, device.valu
[cell 29 DONE  +   86.4s]
[cell 30 START +   86.4s] ## Run OpenVINO model in interactive segmentation mode | [back to top ⬆️
[cell 31 START +   86.4s] ### Example Image | [back to top ⬆️](#Table-of-contents:) | 
[cell 32 START +   86.4s] import numpy as np | import cv2 | import matplotlib.pyplot as plt |  | downloa
[cell 32 DONE  +   86.5s]
[cell 33 START +   86.5s] plt.figure(figsize=(10, 10)) | plt.imshow(image) | plt.axis("off") | plt.sho
[cell 33 DONE  +   86.7s]
[cell 34 START +   86.7s] ### Preprocessing and visualization utilities | [back to top ⬆️](#Table-
[cell 35 START +   86.7s] from ov_sam2_helper import ResizeLongestSide, preprocess_image, postpr
[cell 35 DONE  +   86.7s]
[cell 36 START +   86.7s] ### Image encoding | [back to top ⬆️](#Table-of-contents:) |  | To start wor
[cell 37 START +   86.7s] preprocessed_image = preprocess_image(image, resizer) | encoding_results
[cell 37 DONE  +   87.3s]
[cell 38 START +   87.3s] Now, we can try to provide different prompts for mask generation |  | ### 
[cell 39 START +   87.3s] input_point = np.array([[500, 375]]) | input_label = np.array([1]) |  | plt.
[cell 39 DONE  +   87.5s]
[cell 40 START +   87.5s] Add a batch index, concatenate a padding point, and transform it to in
[cell 41 START +   87.5s] coord = np.concatenate([input_point, np.array([[0.0, 0.0]])], axis=0)[
[cell 41 DONE  +   87.5s]
[cell 42 START +   87.5s] Package the inputs to run in the mask predictor.
[cell 43 START +   87.5s] inputs = { |     "image_embeddings": torch.from_numpy(encoding_results[o
[cell 43 DONE  +   87.5s]
[cell 44 START +   87.5s] Predict a mask and threshold it to get binary mask (0 - no object, 1 -
[cell 45 START +   87.5s] results = ov_predictor(inputs) |  | masks = results[ov_predictor.output(0)
[cell 45 DONE  +   87.5s]
[cell 46 START +   87.5s] mask = masks[0] | mask = np.transpose(mask, (1, 2, 0))
[cell 46 DONE  +   87.5s]
[cell 47 START +   87.5s] from ov_sam2_helper import show_mask |  | plt.figure(figsize=(10, 10)) | plt
[cell 47 DONE  +   87.8s]
[cell 48 START +   87.8s] ### Example with multiple points | [back to top ⬆️](#Table-of-contents:)
[cell 49 START +   87.8s] input_point = np.array([[500, 375], [1125, 625], [575, 750], [1405, 57
[cell 49 DONE  +   87.8s]
[cell 50 START +   87.8s] Now, prompt for model looks like represented on this image:
[cell 51 START +   87.8s] plt.figure(figsize=(10, 10)) | plt.imshow(image) | show_points(input_point
[cell 51 DONE  +   88.0s]
[cell 52 START +   88.0s] Transform the points as in the previous example.
[cell 53 START +   88.0s] coord = np.concatenate([input_point, np.array([[0.0, 0.0]])], axis=0)[
[cell 53 DONE  +   88.0s]
[cell 54 START +   88.0s] Package inputs, then predict and threshold the mask.
[cell 55 START +   88.0s] inputs = { |     "image_embeddings": encoding_results[ov_encoder.output(
[cell 55 DONE  +   88.0s]
[cell 56 START +   88.0s] plt.figure(figsize=(10, 10)) | plt.imshow(image) | show_mask(masks, plt.gc
[cell 56 DONE  +   88.3s]
[cell 57 START +   88.3s] Great! Looks like now, predicted mask cover whole truck.
[cell 58 START +   88.3s] ### Example box and point input with negative label | [back to top ⬆️](#
[cell 59 START +   88.3s] input_box = np.array([425, 600, 700, 875]) | input_point = np.array([[57
[cell 59 DONE  +   88.3s]
[cell 60 START +   88.3s] from ov_sam2_helper import show_box |  | plt.figure(figsize=(10, 10)) | plt.
[cell 60 DONE  +   88.4s]
[cell 61 START +   88.4s] Add a batch index, concatenate a box and point inputs, add the appropr
[cell 62 START +   88.4s] box_coords = input_box.reshape(2, 2) | box_labels = np.array([2, 3]) |  | co
[cell 62 DONE  +   88.4s]
[cell 63 START +   88.4s] Package inputs, then predict and threshold the mask.
[cell 64 START +   88.4s] inputs = { |     "image_embeddings": encoding_results[ov_encoder.output(
[cell 64 DONE  +   88.5s]
[cell 65 START +   88.5s] plt.figure(figsize=(10, 10)) | plt.imshow(image) | show_mask(masks[0], plt
[cell 65 DONE  +   88.7s]
[cell 66 START +   88.7s] ## Interactive segmentation with Gradio | [back to top ⬆️](#Table-of-con
[cell 67 START +   88.7s] class Segmenter: |     def __init__(self, ov_encoder, ov_predictor): |    
[cell 67 DONE  +   88.7s]
[cell 68 START +   88.7s] if not Path("gradio_helper.py").exists(): |     r = requests.get(url="ht
[cell 69 START +   88.7s] # please uncomment and run this cell for stopping gradio interface | # d
[cell 69 DONE  +   88.7s]
[cell 70 START +   88.7s] ## Run OpenVINO model in automatic mask generation mode | [back to top ⬆
[cell 71 START +   88.7s] mask_generation_helper_file_name = "automatic_mask_generation_helper.p
[cell 71 DONE  +   88.7s]
[cell 72 START +   88.7s] from automatic_mask_generation_helper import AutomaticMaskGenerationHe
[cell 72 DONE  +   88.8s]
[cell 73 START +   88.8s] There are several tunable parameters in automatic mask generation that
[cell 74 START +   88.8s] prediction = mask_generator_helper.automatic_mask_generation(image)
[cell 74 DONE  +  103.0s]
[cell 75 START +  103.0s] `automatic_mask_generation` returns a list over masks, where each mask
[cell 76 START +  103.0s] print(f"Number of detected masks: {len(prediction)}") | print(f"Annotati
[cell 76 DONE  +  103.0s]
[cell 77 START +  103.0s] import PIL | from automatic_mask_generation_helper import draw_anns |  | out
[cell 77 DONE  +  103.3s]
[cell 78 START +  103.3s] ## Optimize encoder using NNCF Post-training Quantization API | [back to
[cell 79 START +  103.3s] from notebook_utils import quantization_widget |  | to_quantize = quantiza
[cell 79 DONE  +  103.3s]
[cell 80 START +  103.3s] # Fetch `skip_kernel_extension` module | skip_kernel_extension_file_name
[cell 80 DONE  +  103.3s]
[cell 81 START +  103.3s] ### Prepare a calibration dataset | [back to top ⬆️](#Table-of-contents:
[cell 82 START +  103.3s] %%skip not $to_quantize.value |  | from zipfile import ZipFile |  | DATA_URL =
[cell 82 DONE  +  103.3s]
[cell 83 START +  103.3s] Create an instance of the `nncf.Dataset` class that represents the cal
[cell 84 START +  103.3s] %%skip not $to_quantize.value |  | import torch.utils.data as data |  |  | class
[cell 84 DONE  +  103.3s]
[cell 85 START +  103.3s] The transformation function is a function that takes a sample from the
[cell 86 START +  103.3s] %%skip not $to_quantize.value |  |  | import nncf |  |  | def transform_fn(image_d
[cell 86 DONE  +  103.3s]
[cell 87 START +  103.3s] ### Run quantization and serialize OpenVINO IR model | [back to top ⬆️](
[cell 88 START +  103.3s] %%skip not $to_quantize.value |  | model = core.read_model(ov_encoder_path
[cell 88 DONE  +  103.3s]
[cell 89 START +  103.3s] ov_encoder_path_int8 = "ov_image_encoder_int8.xml"
[cell 89 DONE  +  103.3s]
[cell 90 START +  103.3s] %%skip not $to_quantize.value |  | ov.save_model(quantized_model, ov_encod
[cell 90 DONE  +  103.3s]
[cell 91 START +  103.3s] ### Validate Quantized Model Inference | [back to top ⬆️](#Table-of-cont
[cell 92 START +  103.3s] %%skip not $to_quantize.value |  |  | # Load INT8 model and run pipeline aga
[cell 92 DONE  +  103.3s]
[cell 93 START +  103.3s] Run `INT8` model in automatic mask generation mode
[cell 94 START +  103.3s] %%skip not $to_quantize.value |  |  | mask_generator_helper_int8 = Automatic
[cell 94 DONE  +  103.3s]
[cell 95 START +  103.3s] ### Compare Performance of the Original and Quantized Models | [back to 
[cell 96 START +  103.3s] if Path(ov_encoder_path).exists() and Path(ov_encoder_path_int8).exist
[cell 96 DONE  +  103.3s]
[cell 97 START +  103.3s] if Path(ov_encoder_path).exists() and Path(ov_encoder_path_int8).exist
[cell 97 DONE  +  103.3s]
NBEXEC_RESULT={"ok": true, "n_cells": 59, "n_skipped": 1, "n_substituted": 0, "stopped_after": null, "error_cell": null, "error_type": null, "error_head": null, "duration_s": 105.07, "patch_notes": ["skipped cell 68: matched skip pattern"]}
