[IPKernelApp] WARNING | Kernel is running over TCP without encryption. All communication (including code and outputs) is sent in plain text and is susceptible to eavesdropping. Use IPC transport or launch with kernel manager-provisioned CurveZMQ keys to enable transport encryption.
[31mERROR: pip's dependency resolver does not currently take into account all the packages that are installed. This behaviour is the source of the following dependency conflicts.
ace-step 0.2.0 requires transformers==4.50.0, but you have transformers 4.53.3 which is incompatible.[0m[31m
[0m  [1;31merror[0m: [1msubprocess-exited-with-error[0m
  
  [31m×[0m [32mgit clone --[0m[32mfilter[0m[32m=[0m[32mblob[0m[32m:none --quiet [0m[4;32mhttps://github.com/huggingface/optimum-onnx.git[0m[32m [0m[32m/tmp/pip-install-q2te_me7/[0m[32moptimum-onnx_a51c8bf68aeb4fd4864d7a4309ce10c8[0m did not run successfully.
  [31m│[0m exit code: [1;36m128[0m
  [31m╰─>[0m [31m[1 lines of output][0m
  [31m   [0m fatal: unable to access 'https://github.com/huggingface/optimum-onnx.git/': GnuTLS recv error (-110): The TLS connection was non-properly terminated.
  [31m   [0m [31m[end of output][0m
  
  [1;35mnote[0m: This error originates from a subprocess, and is likely not a problem with pip.
[31mERROR: Failed to build 'optimum-onnx' when git clone --filter=blob:none --quiet https://github.com/huggingface/optimum-onnx.git /tmp/pip-install-q2te_me7/optimum-onnx_a51c8bf68aeb4fd4864d7a4309ce10c8[0m[31m
[0mTraceback (most recent call last):
  File "/home/amd/Desktop/OpenVINO-Notebooks-on-AMD/ov_amd/_nbexec.py", line 144, in main
    client.execute()
  File "/home/amd/Desktop/OpenVINO-Notebooks-on-AMD/.venvs/cpu/0e02466db943f1d6/lib/python3.12/site-packages/jupyter_core/utils/__init__.py", line 165, in wrapped
    return loop.run_until_complete(inner)
           ^^^^^^^^^^^^^^^^^^^^^^^^^^^^^^
  File "/usr/lib/python3.12/asyncio/base_events.py", line 687, in run_until_complete
    return future.result()
           ^^^^^^^^^^^^^^^
  File "/home/amd/Desktop/OpenVINO-Notebooks-on-AMD/.venvs/cpu/0e02466db943f1d6/lib/python3.12/site-packages/nbclient/client.py", line 709, in async_execute
    await self.async_execute_cell(
  File "/home/amd/Desktop/OpenVINO-Notebooks-on-AMD/.venvs/cpu/0e02466db943f1d6/lib/python3.12/site-packages/nbclient/client.py", line 1062, in async_execute_cell
    await self._check_raise_for_error(cell, cell_index, exec_reply)
  File "/home/amd/Desktop/OpenVINO-Notebooks-on-AMD/.venvs/cpu/0e02466db943f1d6/lib/python3.12/site-packages/nbclient/client.py", line 918, in _check_raise_for_error
    raise CellExecutionError.from_cell_and_msg(cell, exec_reply_content)
nbclient.exceptions.CellExecutionError: An error occurred while executing the following cell:
------------------
import requests
from pathlib import Path

if not Path("cmd_helper.py").exists():
    r = requests.get(url="https://raw.githubusercontent.com/openvinotoolkit/openvino_notebooks/latest/utils/cmd_helper.py")
    open("cmd_helper.py", "w").write(r.text)

if not Path("notebook_utils.py").exists():
    r = requests.get(url="https://raw.githubusercontent.com/openvinotoolkit/openvino_notebooks/latest/utils/notebook_utils.py")
    open("notebook_utils.py", "w").write(r.text)

if not Path("pip_helper.py").exists():
    r = requests.get(url="https://raw.githubusercontent.com/openvinotoolkit/openvino_notebooks/latest/utils/pip_helper.py")
    open("pip_helper.py", "w").write(r.text)

from pip_helper import pip_install

%pip uninstall -q -y diffusers optimum-intel

pip_install(
    "-q",
    "gradio>=4.19,<6",
    "torch>=2.8",
    "nncf>=2.15.0",
    "accelerate",
    "--extra-index-url",
    "https://download.pytorch.org/whl/cpu",
)
pip_install("-q", "https://codeload.github.com/huggingface/diffusers/tar.gz/6a339ce637db184c2e1a10ec90ac0e292beb76ac")
pip_install("-q", "https://codeload.github.com/openvino-dev-samples/optimum-intel/tar.gz/d643a5d8ceaff200654e212eca21ec1b4dbea507")
pip_install("-qU", "openvino>=2026.1")


# Read more about telemetry collection at https://github.com/openvinotoolkit/openvino_notebooks?tab=readme-ov-file#-telemetry
from notebook_utils import collect_telemetry

collect_telemetry("ernie-image.ipynb")
------------------

----- stdout -----
[33mWARNING: Skipping optimum-intel as it is not installed.[0m[33m
[0m
----- stdout -----
Note: you may need to restart the kernel to use updated packages.
----- stderr -----
[31mERROR: pip's dependency resolver does not currently take into account all the packages that are installed. This behaviour is the source of the following dependency conflicts.
ace-step 0.2.0 requires transformers==4.50.0, but you have transformers 4.53.3 which is incompatible.[0m[31m
[0m
----- stderr -----
  [1;31merror[0m: [1msubprocess-exited-with-error[0m
  
  [31m×[0m [32mgit clone --[0m[32mfilter[0m[32m=[0m[32mblob[0m[32m:none --quiet [0m[4;32mhttps://github.com/huggingface/optimum-onnx.git[0m[32m [0m[32m/tmp/pip-install-q2te_me7/[0m[32moptimum-onnx_a51c8bf68aeb4fd4864d7a4309ce10c8[0m did not run successfully.
  [31m│[0m exit code: [1;36m128[0m
  [31m╰─>[0m [31m[1 lines of output][0m
  [31m   [0m fatal: unable to access 'https://github.com/huggingface/optimum-onnx.git/': GnuTLS recv error (-110): The TLS connection was non-properly terminated.
  [31m   [0m [31m[end of output][0m
  
  [1;35mnote[0m: This error originates from a subprocess, and is likely not a problem with pip.
[31mERROR: Failed to build 'optimum-onnx' when git clone --filter=blob:none --quiet https://github.com/huggingface/optimum-onnx.git /tmp/pip-install-q2te_me7/optimum-onnx_a51c8bf68aeb4fd4864d7a4309ce10c8[0m[31m
[0m
------------------

[31m---------------------------------------------------------------------------[39m
[31mCalledProcessError[39m                        Traceback (most recent call last)
[36mCell[39m[36m [39m[32mIn[1][39m[32m, line 30[39m
[32m     26[39m     [33m"--extra-index-url"[39m,
[32m     27[39m     [33m"https://download.pytorch.org/whl/cpu"[39m,
[32m     28[39m )
[32m     29[39m pip_install([33m"-q"[39m, [33m"https://codeload.github.com/huggingface/diffusers/tar.gz/6a339ce637db184c2e1a10ec90ac0e292beb76ac"[39m)
[32m---> [39m[32m30[39m pip_install([33m"-q"[39m, [33m"https://codeload.github.com/openvino-dev-samples/optimum-intel/tar.gz/d643a5d8ceaff200654e212eca21ec1b4dbea507"[39m)
[32m     31[39m pip_install([33m"-qU"[39m, [33m"openvino>=2026.1"[39m)
[32m     32[39m 
[32m     33[39m 

[36mFile [39m[32m~/Desktop/OpenVINO-Notebooks-on-AMD/results/ernie-image/workdir-cpu/pip_helper.py:10[39m, in [36mpip_install[39m[34m(*args)[39m
[32m      8[39m [38;5;28;01mfor[39;00m arg [38;5;129;01min[39;00m args:
[32m      9[39m     cli_args.extend([38;5;28mstr[39m(arg).split([33m"[39m[33m [39m[33m"[39m))
[32m---> [39m[32m10[39m [30;43msubprocess[39;49m[30;43m.[39;49m[30;43mrun[39;49m[30;43m([39;49m[30;43m[[39;49m[30;43msys[39;49m[30;43m.[39;49m[30;43mexecutable[39;49m[30;43m,[39;49m[30;43m [39;49m[30;43m"[39;49m[30;43m-m[39;49m[30;43m"[39;49m[30;43m,[39;49m[30;43m [39;49m[30;43m"[39;49m[30;43mpip[39;49m[30;43m"[39;49m[30;43m,[39;49m[30;43m [39;49m[30;43m"[39;49m[30;43minstall[39;49m[30;43m"[39;49m[30;43m,[39;49m[30;43m [39;49m[30;43m*[39;49m[30;43mcli_args[39;49m[30;43m][39;49m[30;43m,[39;49m[30;43m [39;49m[30;43mcheck[39;49m[30;43m=[39;49m[30;43;01mTrue[39;49;00m[30;43m)[39;49m

[36mFile [39m[32m/usr/lib/python3.12/subprocess.py:571[39m, in [36mrun[39m[34m(input, capture_output, timeout, check, *popenargs, **kwargs)[39m
[32m    569[39m     retcode = process.poll()
[32m    570[39m     [38;5;28;01mif[39;00m check [38;5;129;01mand[39;00m retcode:
[32m--> [39m[32m571[39m         [38;5;28;01mraise[39;00m CalledProcessError(retcode, process.args,
[32m    572[39m                                  output=stdout, stderr=stderr)
[32m    573[39m [38;5;28;01mreturn[39;00m CompletedProcess(process.args, retcode, stdout, stderr)

[31mCalledProcessError[39m: Command '['/home/amd/Desktop/OpenVINO-Notebooks-on-AMD/.venvs/cpu/0e02466db943f1d6/bin/python', '-m', 'pip', 'install', '-q', 'https://codeload.github.com/openvino-dev-samples/optimum-intel/tar.gz/d643a5d8ceaff200654e212eca21ec1b4dbea507']' returned non-zero exit status 1.

