[IPKernelApp] WARNING | Kernel is running over TCP without encryption. All communication (including code and outputs) is sent in plain text and is susceptible to eavesdropping. Use IPC transport or launch with kernel manager-provisioned CurveZMQ keys to enable transport encryption.
/home/amd/Desktop/OpenVINO-Notebooks-on-AMD/.venv-cpu/bin/python: No module named pip
Traceback (most recent call last):
  File "/home/amd/Desktop/OpenVINO-Notebooks-on-AMD/ov_amd/_nbexec.py", line 122, in main
    client.execute()
  File "/home/amd/Desktop/OpenVINO-Notebooks-on-AMD/.venv-cpu/lib/python3.12/site-packages/jupyter_core/utils/__init__.py", line 165, in wrapped
    return loop.run_until_complete(inner)
           ^^^^^^^^^^^^^^^^^^^^^^^^^^^^^^
  File "/usr/lib/python3.12/asyncio/base_events.py", line 687, in run_until_complete
    return future.result()
           ^^^^^^^^^^^^^^^
  File "/home/amd/Desktop/OpenVINO-Notebooks-on-AMD/.venv-cpu/lib/python3.12/site-packages/nbclient/client.py", line 709, in async_execute
    await self.async_execute_cell(
  File "/home/amd/Desktop/OpenVINO-Notebooks-on-AMD/.venv-cpu/lib/python3.12/site-packages/nbclient/client.py", line 1062, in async_execute_cell
    await self._check_raise_for_error(cell, cell_index, exec_reply)
  File "/home/amd/Desktop/OpenVINO-Notebooks-on-AMD/.venv-cpu/lib/python3.12/site-packages/nbclient/client.py", line 918, in _check_raise_for_error
    raise CellExecutionError.from_cell_and_msg(cell, exec_reply_content)
nbclient.exceptions.CellExecutionError: An error occurred while executing the following cell:
------------------
import requests
from pathlib import Path

if not Path("ov_ace_helper.py").exists():
    r = requests.get(url="https://raw.githubusercontent.com/openvinotoolkit/openvino_notebooks/latest/notebooks/ace-step-music-generation/ov_ace_helper.py")
    open("ov_ace_helper.py", "w").write(r.text)

if not Path("gradio_helper.py").exists():
    r = requests.get(url="https://raw.githubusercontent.com/openvinotoolkit/openvino_notebooks/latest/notebooks/ace-step-music-generation/gradio_helper.py")
    open("gradio_helper.py", "w").write(r.text)

if not Path("notebook_utils.py").exists():
    r = requests.get(url="https://raw.githubusercontent.com/openvinotoolkit/openvino_notebooks/latest/utils/notebook_utils.py")
    open("notebook_utils.py", "w").write(r.text)

if not Path("pip_helper.py").exists():
    r = requests.get(
        url="https://raw.githubusercontent.com/openvinotoolkit/openvino_notebooks/latest/utils/pip_helper.py",
    )
    open("pip_helper.py", "w").write(r.text)

from pip_helper import pip_install

pip_install("gradio>=4.19")

pip_install(
    "-q",
    "git+https://github.com/ace-step/ACE-Step.git@6ae0852b1388de6dc0cca26b31a86d711f723cb3",
    "torch==2.10",
    "torchaudio==2.10",
    "peft==0.17.1",
    "--extra-index-url",
    "https://download.pytorch.org/whl/cpu",
)

pip_install("-q", "openvino>=2026.0.0", "openvino-tokenizers>=2026.0.0", "nncf>=3.0.0")

# Import the helper early so its `torchaudio` -> `soundfile` fallback patch
# is applied before the PyTorch ACE-Step pipeline is used.
import ov_ace_helper  # noqa: F401

# Read more about telemetry collection at https://github.com/openvinotoolkit/openvino_notebooks?tab=readme-ov-file#-telemetry
from notebook_utils import collect_telemetry

collect_telemetry("ace-step-music-generation.ipynb")
------------------

----- stderr -----
/home/amd/Desktop/OpenVINO-Notebooks-on-AMD/.venv-cpu/bin/python: No module named pip
------------------

[31m---------------------------------------------------------------------------[39m
[31mCalledProcessError[39m                        Traceback (most recent call last)
[36mCell[39m[36m [39m[32mIn[1][39m[32m, line 24[39m
[32m     20[39m     open([33m"pip_helper.py"[39m, [33m"w"[39m).write(r.text)
[32m     21[39m 
[32m     22[39m [38;5;28;01mfrom[39;00m pip_helper [38;5;28;01mimport[39;00m pip_install
[32m     23[39m 
[32m---> [39m[32m24[39m pip_install([33m"gradio>=4.19"[39m)
[32m     25[39m 
[32m     26[39m pip_install(
[32m     27[39m     [33m"-q"[39m,

[36mFile [39m[32m~/Desktop/OpenVINO-Notebooks-on-AMD/results/ace-step-music-generation/workdir-cpu/pip_helper.py:10[39m, in [36mpip_install[39m[34m(*args)[39m
[32m      8[39m [38;5;28;01mfor[39;00m arg [38;5;129;01min[39;00m args:
[32m      9[39m     cli_args.extend([38;5;28mstr[39m(arg).split([33m"[39m[33m [39m[33m"[39m))
[32m---> [39m[32m10[39m [30;43msubprocess[39;49m[30;43m.[39;49m[30;43mrun[39;49m[30;43m([39;49m[30;43m[[39;49m[30;43msys[39;49m[30;43m.[39;49m[30;43mexecutable[39;49m[30;43m,[39;49m[30;43m [39;49m[30;43m"[39;49m[30;43m-m[39;49m[30;43m"[39;49m[30;43m,[39;49m[30;43m [39;49m[30;43m"[39;49m[30;43mpip[39;49m[30;43m"[39;49m[30;43m,[39;49m[30;43m [39;49m[30;43m"[39;49m[30;43minstall[39;49m[30;43m"[39;49m[30;43m,[39;49m[30;43m [39;49m[30;43m*[39;49m[30;43mcli_args[39;49m[30;43m][39;49m[30;43m,[39;49m[30;43m [39;49m[30;43mcheck[39;49m[30;43m=[39;49m[30;43;01mTrue[39;49;00m[30;43m)[39;49m

[36mFile [39m[32m/usr/lib/python3.12/subprocess.py:571[39m, in [36mrun[39m[34m(input, capture_output, timeout, check, *popenargs, **kwargs)[39m
[32m    569[39m     retcode = process.poll()
[32m    570[39m     [38;5;28;01mif[39;00m check [38;5;129;01mand[39;00m retcode:
[32m--> [39m[32m571[39m         [38;5;28;01mraise[39;00m CalledProcessError(retcode, process.args,
[32m    572[39m                                  output=stdout, stderr=stderr)
[32m    573[39m [38;5;28;01mreturn[39;00m CompletedProcess(process.args, retcode, stdout, stderr)

[31mCalledProcessError[39m: Command '['/home/amd/Desktop/OpenVINO-Notebooks-on-AMD/.venv-cpu/bin/python', '-m', 'pip', 'install', 'gradio>=4.19']' returned non-zero exit status 1.

