[IPKernelApp] WARNING | Kernel is running over TCP without encryption. All communication (including code and outputs) is sent in plain text and is susceptible to eavesdropping. Use IPC transport or launch with kernel manager-provisioned CurveZMQ keys to enable transport encryption.
Traceback (most recent call last):
  File "/workspace/ov_amd/_nbexec.py", line 144, in main
    client.execute()
  File "/workspace/.venvs/cpu/a44cca17f83a8e03/lib/python3.12/site-packages/jupyter_core/utils/__init__.py", line 165, in wrapped
    return loop.run_until_complete(inner)
           ^^^^^^^^^^^^^^^^^^^^^^^^^^^^^^
  File "/usr/lib/python3.12/asyncio/base_events.py", line 687, in run_until_complete
    return future.result()
           ^^^^^^^^^^^^^^^
  File "/workspace/.venvs/cpu/a44cca17f83a8e03/lib/python3.12/site-packages/nbclient/client.py", line 709, in async_execute
    await self.async_execute_cell(
  File "/workspace/.venvs/cpu/a44cca17f83a8e03/lib/python3.12/site-packages/nbclient/client.py", line 1062, in async_execute_cell
    await self._check_raise_for_error(cell, cell_index, exec_reply)
  File "/workspace/.venvs/cpu/a44cca17f83a8e03/lib/python3.12/site-packages/nbclient/client.py", line 918, in _check_raise_for_error
    raise CellExecutionError.from_cell_and_msg(cell, exec_reply_content)
nbclient.exceptions.CellExecutionError: An error occurred while executing the following cell:
------------------
import openvino_genai as ov_genai
import time


def streamer(subword):
    print(subword, end="", flush=True)
    return False


# select device for inference
device = "GPU"

# define scheduler
scheduler_config = ov_genai.SchedulerConfig()
scheduler_config.num_kv_blocks = 200
scheduler_config.dynamic_split_fuse = False
scheduler_config.max_num_batched_tokens = 8192
scheduler_config.enable_prefix_caching = False
scheduler_config.use_cache_eviction = False

# create a pipeline for generation
pipe = ov_genai.LLMPipeline(model_path, device, scheduler_config=scheduler_config)
------------------

----- stdout -----
Model: OV Tokenizer
  NETWORK_NAME: tokenizer
  OPTIMAL_NUMBER_OF_INFER_REQUESTS: 1
  NUM_STREAMS: 1
  INFERENCE_NUM_THREADS: 32
  PERF_COUNT: NO
  INFERENCE_PRECISION_HINT: bf16
  PERFORMANCE_HINT: LATENCY
  EXECUTION_MODE_HINT: PERFORMANCE
  PERFORMANCE_HINT_NUM_REQUESTS: 0
  ENABLE_CPU_PINNING: YES
  ENABLE_CPU_RESERVATION: NO
  SCHEDULING_CORE_TYPE: ANY_CORE
  MODEL_DISTRIBUTION_POLICY: 
  ENABLE_HYPER_THREADING: NO
  EXECUTION_DEVICES: CPU
  CPU_DENORMALS_OPTIMIZATION: NO
  LOG_LEVEL: LOG_NONE
  CPU_SPARSE_WEIGHTS_DECOMPRESSION_RATE: 1
  ENABLE_TENSOR_PARALLEL: NO
  TBB_PARTITIONER: STATIC
  DYNAMIC_QUANTIZATION_GROUP_SIZE: 32
  KV_CACHE_PRECISION: u8
  KEY_CACHE_PRECISION: u8
  VALUE_CACHE_PRECISION: u8
  KEY_CACHE_GROUP_SIZE: 0
  VALUE_CACHE_GROUP_SIZE: 0
  RUNTIME_REQUIREMENTS: meta=1.0;ov=2026.4.1;isa=Intel AVX-512 with Intel DL Boost and bfloat16 support
EXECUTION_DEVICES:
 CPU: AMD EPYC 9334 32-Core Processor                
Model: OV Detokenizer
  NETWORK_NAME: detokenizer
  OPTIMAL_NUMBER_OF_INFER_REQUESTS: 1
  NUM_STREAMS: 1
  INFERENCE_NUM_THREADS: 32
  PERF_COUNT: NO
  INFERENCE_PRECISION_HINT: bf16
  PERFORMANCE_HINT: LATENCY
  EXECUTION_MODE_HINT: PERFORMANCE
  PERFORMANCE_HINT_NUM_REQUESTS: 0
  ENABLE_CPU_PINNING: YES
  ENABLE_CPU_RESERVATION: NO
  SCHEDULING_CORE_TYPE: ANY_CORE
  MODEL_DISTRIBUTION_POLICY: 
  ENABLE_HYPER_THREADING: NO
  EXECUTION_DEVICES: CPU
  CPU_DENORMALS_OPTIMIZATION: NO
  LOG_LEVEL: LOG_NONE
  CPU_SPARSE_WEIGHTS_DECOMPRESSION_RATE: 1
  ENABLE_TENSOR_PARALLEL: NO
  TBB_PARTITIONER: STATIC
  DYNAMIC_QUANTIZATION_GROUP_SIZE: 32
  KV_CACHE_PRECISION: u8
  KEY_CACHE_PRECISION: u8
  VALUE_CACHE_PRECISION: u8
  KEY_CACHE_GROUP_SIZE: 0
  VALUE_CACHE_GROUP_SIZE: 0
  RUNTIME_REQUIREMENTS: meta=1.0;ov=2026.4.1;isa=Intel AVX-512 with Intel DL Boost and bfloat16 support
EXECUTION_DEVICES:
 CPU: AMD EPYC 9334 32-Core Processor                
SchedulerConfig { 
  max_num_batched_tokens: 8192
  num_kv_blocks: 200
  cache_size: 0
  num_linear_attention_blocks: 0
  cache_interval_multiplier: unset
  dynamic_split_fuse: false
  use_cache_eviction: false
  max_num_seqs: 256
  enable_prefix_caching: false
  use_sparse_attention: false
 }
------------------

[31m---------------------------------------------------------------------------[39m
[31mRuntimeError[39m                              Traceback (most recent call last)
[36mCell[39m[36m [39m[32mIn[3][39m[32m, line 22[39m
[32m     18[39m scheduler_config.enable_prefix_caching = [38;5;28;01mFalse[39;00m
[32m     19[39m scheduler_config.use_cache_eviction = [38;5;28;01mFalse[39;00m
[32m     20[39m 
[32m     21[39m [38;5;66;03m# create a pipeline for generation[39;00m
[32m---> [39m[32m22[39m pipe = ov_genai.LLMPipeline(model_path, device, scheduler_config=scheduler_config)

[36mFile [39m[32m/workspace/.venvs/cpu/a44cca17f83a8e03/lib/python3.12/site-packages/ov_amd_device_probe.py:186[39m, in [36m_patch_genai.<locals>.make_patched.<locals>.__init__[39m[34m(self, *args, **kwargs)[39m
[32m    184[39m [38;5;28;01mexcept[39;00m [38;5;167;01mException[39;00m:
[32m    185[39m     [38;5;28;01mpass[39;00m
[32m--> [39m[32m186[39m [38;5;28;01mreturn[39;00m [30;43morig[39;49m[30;43m([39;49m[30;43mself[39;49m[30;43m,[39;49m[30;43m [39;49m[30;43m*[39;49m[30;43margs[39;49m[30;43m,[39;49m[30;43m [39;49m[30;43m*[39;49m[30;43m*[39;49m[30;43mkwargs[39;49m[30;43m)[39;49m

[31mRuntimeError[39m: Exception from src/inference/src/cpp/core.cpp:117:
Exception from src/inference/src/dev/plugin.cpp:54:
Exception from src/plugins/intel_gpu/src/runtime/ocl/ocl_memory.cpp:74:
[GPU] clEnqueueMapBuffer, error code: -30 CL_INVALID_VALUE




