[IPKernelApp] WARNING | Kernel is running over TCP without encryption. All communication (including code and outputs) is sent in plain text and is susceptible to eavesdropping. Use IPC transport or launch with kernel manager-provisioned CurveZMQ keys to enable transport encryption.
m-detection"
model_dir = Path(Path(model_id).name)

if not model_dir.exists():
    %pip install -qU "git+https://github.com/huggingface/optimum-intel.git" --extra-index-url https://download.pytorch.org/whl/cpu
    optimum_cli(model_id, model_dir, additional_args={"task": "text-classification"})
------------------

----- stdout -----
  [1;31merror[0m: [1msubprocess-exited-with-error[0m
  
  [31m×[0m [32mgit clone --[0m[32mfilter[0m[32m=[0m[32mblob[0m[32m:none --quiet [0m[4;32mhttps://github.com/huggingface/optimum-intel.git[0m[32m [0m[32m/tmp/[0m[32mpip-req-build-2zax_xkh[0m did not run successfully.
  [31m│[0m exit code: [1;36m128[0m
  [31m╰─>[0m [31m[4 lines of output][0m
  [31m   [0m [git-wrapper] cloning GitHub repo via gh-proxy.org
  [31m   [0m fatal: unable to access 'https://gh-proxy.org/https://github.com/huggingface/optimum-intel.git/': CONNECT tunnel failed, response 403
  [31m   [0m [git-wrapper] gh-proxy clone failed, retrying via http://github.com
  [31m   [0m fatal: unable to access 'http://github.com/huggingface/optimum-intel.git/': CONNECT tunnel failed, response 503
  [31m   [0m [31m[end of output][0m
  
  [1;35mnote[0m: This error originates from a subprocess, and is likely not a problem with pip.
[31mERROR: Failed to build 'git+https://github.com/huggingface/optimum-intel.git' when git clone --filter=blob:none --quiet https://github.com/huggingface/optimum-intel.git /tmp/pip-req-build-2zax_xkh[0m[31m
[0m
----- stdout -----
Note: you may need to restart the kernel to use updated packages.
------------------

[31m---------------------------------------------------------------------------[39m
[31mFileNotFoundError[39m                         Traceback (most recent call last)
[36mCell[39m[36m [39m[32mIn[13][39m[32m, line 8[39m
[32m      4[39m model_dir = Path(Path(model_id).name)
[32m      5[39m 
[32m      6[39m [38;5;28;01mif[39;00m [38;5;28;01mnot[39;00m model_dir.exists():
[32m      7[39m     get_ipython().run_line_magic([33m'pip'[39m, [33m'install -qU "git+https://github.com/huggingface/optimum-intel.git" --extra-index-url https://download.pytorch.org/whl/cpu'[39m)
[32m----> [39m[32m8[39m     optimum_cli(model_id, model_dir, additional_args={[33m"task"[39m: [33m"text-classification"[39m})

[36mFile [39m[32m/workspace/results/openvino-tokenizers/workdir-cpu/cmd_helper.py:49[39m, in [36moptimum_cli[39m[34m(model_id, output_dir, show_command, additional_args, debug_logs)[39m
[32m     46[39m     os.environ[[33m"[39m[33mTRANSFORMERS_VERBOSITY[39m[33m"[39m] = [33m"[39m[33mdebug[39m[33m"[39m
[32m     48[39m [38;5;28;01mtry[39;00m:
[32m---> [39m[32m49[39m     [30;43msubprocess[39;49m[30;43m.[39;49m[30;43mrun[39;49m[30;43m([39;49m[30;43mexport_command[39;49m[30;43m.[39;49m[30;43msplit[39;49m[30;43m([39;49m[30;43m"[39;49m[30;43m [39;49m[30;43m"[39;49m[30;43m)[39;49m[30;43m,[39;49m[30;43m [39;49m[30;43mshell[39;49m[30;43m=[39;49m[30;43m([39;49m[30;43mplatform[39;49m[30;43m.[39;49m[30;43msystem[39;49m[30;43m([39;49m[30;43m)[39;49m[30;43m [39;49m[30;43m==[39;49m[30;43m [39;49m[30;43m"[39;49m[30;43mWindows[39;49m[30;43m"[39;49m[30;43m)[39;49m[30;43m,[39;49m[30;43m [39;49m[30;43mcheck[39;49m[30;43m=[39;49m[30;43;01mTrue[39;49;00m[30;43m,[39;49m[30;43m [39;49m[30;43mcapture_output[39;49m[30;43m=[39;49m[30;43;01mTrue[39;49;00m[30;43m)[39;49m
[32m     50[39m [38;5;28;01mexcept[39;00m subprocess.CalledProcessError [38;5;28;01mas[39;00m exc:
[32m     51[39m     logger = logging.getLogger()

[36mFile [39m[32m/usr/lib/python3.12/subprocess.py:548[39m, in [36mrun[39m[34m(input, capture_output, timeout, check, *popenargs, **kwargs)[39m
[32m    545[39m     kwargs[[33m'[39m[33mstdout[39m[33m'[39m] = PIPE
[32m    546[39m     kwargs[[33m'[39m[33mstderr[39m[33m'[39m] = PIPE
[32m--> [39m[32m548[39m [38;5;28;01mwith[39;00m [30;43mPopen[39;49m[30;43m([39;49m[30;43m*[39;49m[30;43mpopenargs[39;49m[30;43m,[39;49m[30;43m [39;49m[30;43m*[39;49m[30;43m*[39;49m[30;43mkwargs[39;49m[30;43m)[39;49m [38;5;28;01mas[39;00m process:
[32m    549[39m     [38;5;28;01mtry[39;00m:
[32m    550[39m         stdout, stderr = process.communicate([38;5;28minput[39m, timeout=timeout)

[36mFile [39m[32m/usr/lib/python3.12/subprocess.py:1026[39m, in [36mPopen.__init__[39m[34m(self, args, bufsize, executable, stdin, stdout, stderr, preexec_fn, close_fds, shell, cwd, env, universal_newlines, startupinfo, creationflags, restore_signals, start_new_session, pass_fds, user, group, extra_groups, encoding, errors, text, umask, pipesize, process_group)[39m
[32m   1022[39m         [38;5;28;01mif[39;00m [38;5;28mself[39m.text_mode:
[32m   1023[39m             [38;5;28mself[39m.stderr = io.TextIOWrapper([38;5;28mself[39m.stderr,
[32m   1024[39m                     encoding=encoding, errors=errors)
[32m-> [39m[32m1026[39m     [30;43mself[39;49m[30;43m.[39;49m[30;43m_execute_child[39;49m[30;43m([39;49m[30;43margs[39;49m[30;43m,[39;49m[30;43m [39;49m[30;43mexecutable[39;49m[30;43m,[39;49m[30;43m [39;49m[30;43mpreexec_fn[39;49m[30;43m,[39;49m[30;43m [39;49m[30;43mclose_fds[39;49m[30;43m,[39;49m
[32m   1027[39m [30;43m                        [39;49m[30;43mpass_fds[39;49m[30;43m,[39;49m[30;43m [39;49m[30;43mcwd[39;49m[30;43m,[39;49m[30;43m [39;49m[30;43menv[39;49m[30;43m,[39;49m
[32m   1028[39m [30;43m                        [39;49m[30;43mstartupinfo[39;49m[30;43m,[39;49m[30;43m [39;49m[30;43mcreationflags[39;49m[30;43m,[39;49m[30;43m [39;49m[30;43mshell[39;49m[30;43m,[39;49m
[32m   1029[39m [30;43m                        [39;49m[30;43mp2cread[39;49m[30;43m,[39;49m[30;43m [39;49m[30;43mp2cwrite[39;49m[30;43m,[39;49m
[32m   1030[39m [30;43m                        [39;49m[30;43mc2pread[39;49m[30;43m,[39;49m[30;43m [39;49m[30;43mc2pwrite[39;49m[30;43m,[39;49m
[32m   1031[39m [30;43m                        [39;49m[30;43merrread[39;49m[30;43m,[39;49m[30;43m [39;49m[30;43merrwrite[39;49m[30;43m,[39;49m
[32m   1032[39m [30;43m                        [39;49m[30;43mrestore_signals[39;49m[30;43m,[39;49m
[32m   1033[39m [30;43m                        [39;49m[30;43mgid[39;49m[30;43m,[39;49m[30;43m [39;49m[30;43mgids[39;49m[30;43m,[39;49m[30;43m [39;49m[30;43muid[39;49m[30;43m,[39;49m[30;43m [39;49m[30;43mumask[39;49m[30;43m,[39;49m
[32m   1034[39m [30;43m                        [39;49m[30;43mstart_new_session[39;49m[30;43m,[39;49m[30;43m [39;49m[30;43mprocess_group[39;49m[30;43m)[39;49m
[32m   1035[39m [38;5;28;01mexcept[39;00m:
[32m   1036[39m     [38;5;66;03m# Cleanup if the child failed starting.[39;00m
[32m   1037[39m     [38;5;28;01mfor[39;00m f [38;5;129;01min[39;00m [38;5;28mfilter[39m([38;5;28;01mNone[39;00m, ([38;5;28mself[39m.stdin, [38;5;28mself[39m.stdout, [38;5;28mself[39m.stderr)):

[36mFile [39m[32m/usr/lib/python3.12/subprocess.py:1955[39m, in [36mPopen._execute_child[39m[34m(self, args, executable, preexec_fn, close_fds, pass_fds, cwd, env, startupinfo, creationflags, shell, p2cread, p2cwrite, c2pread, c2pwrite, errread, errwrite, restore_signals, gid, gids, uid, umask, start_new_session, process_group)[39m
[32m   1953[39m     err_msg = os.strerror(errno_num)
[32m   1954[39m [38;5;28;01mif[39;00m err_filename [38;5;129;01mis[39;00m [38;5;129;01mnot[39;00m [38;5;28;01mNone[39;00m:
[32m-> [39m[32m1955[39m     [38;5;28;01mraise[39;00m child_exception_type(errno_num, err_msg, err_filename)
[32m   1956[39m [38;5;28;01melse[39;00m:
[32m   1957[39m     [38;5;28;01mraise[39;00m child_exception_type(errno_num, err_msg)

[31mFileNotFoundError[39m: [Errno 2] No such file or directory: 'optimum-cli'

