[cell 0 START +    0.8s] # OpenVINO Tokenizers: Incorporate Text Processing Into OpenVINO Pipel
[cell 1 START +    0.8s] ## Acquiring OpenVINO Tokenizers | [back to top ⬆️](#Table-of-contents:)
[cell 2 START +    0.8s] %pip uninstall -q -y optimum optimum-intel optimum-onnx | %pip install -
[cell 2 DONE  +  142.7s]
[cell 3 START +  142.7s] import requests | from pathlib import Path |  | if not Path("notebook_utils.
[cell 3 DONE  +  142.9s]
[cell 4 START +  142.9s] from pathlib import Path |  | tokenizer_dir = Path("tokenizer/") | model_id 
[cell 4 DONE  +  142.9s]
[cell 5 START +  142.9s] ### Convert Tokenizer from HuggingFace Hub with CLI Tool | [back to top 
[cell 6 START +  142.9s] if not tokenizer_dir.exists(): |     !convert_tokenizer $model_id --with
[cell 6 DONE  +  153.3s]
[cell 7 START +  153.3s] > ⚠️ If you have any problems with the command above on MacOS, try to 
[cell 8 START +  153.3s] from transformers import AutoTokenizer | from openvino_tokenizers import
[cell 8 DONE  +  157.3s]
[cell 9 START +  157.3s] That way you get OpenVINO model objects. Use `save_model` function fro
[cell 10 START +  157.3s] import openvino as ov |  | # This import is needed to add all tokenizer-re
[cell 10 DONE  +  157.3s]
[cell 11 START +  157.3s] To use the tokenizer, compile the converted model and input a list of 
[cell 12 START +  157.3s] tokenizer, detokenizer = ov.compile_model(ov_tokenizer), ov.compile_mo
[03:38:55.4198]D[plugin.cpp:289][AUTO] deviceNameWithID:CPU, defaultDeviceID:, uniqueName:CPU_
[03:38:55.4200]I[plugin.cpp:479][AUTO] device:CPU, config:LOG_LEVEL=LOG_NONE
[03:38:55.4200]I[plugin.cpp:479][AUTO] device:CPU, config:PERFORMANCE_HINT=LATENCY
[03:38:55.4200]I[plugin.cpp:479][AUTO] device:CPU, config:PERFORMANCE_HINT_NUM_REQUESTS=0
[03:38:55.4200]I[plugin.cpp:479][AUTO] device:CPU, config:PERF_COUNT=NO
[03:38:55.4200]I[plugin.cpp:484][AUTO] device:CPU, priority:0
[03:38:55.4200]I[plugin.cpp:510][AUTO] Original device list() size to load the model: 0
[03:38:55.4200]I[schedule.cpp:17][AUTO] scheduler starting
[03:38:55.4200]I[auto_schedule.cpp:163][AUTO] select device:CPU
[03:38:55.4204]I[auto_schedule.cpp:284][AUTO] Only one device or multiple devices of the same type will use passthrough compiled model
[03:38:55.4424]I[auto_schedule.cpp:341][AUTO] Device: [CPU]: Compile model took 21.982504 ms
[03:38:55.4424]I[auto_schedule.cpp:118][AUTO] device:CPU compiling model finished
[03:38:55.4425]D[auto_schedule.cpp:124][AUTO] device:CPU, GetConfig:SUPPORTED_PROPERTIES=SUPPORTED_PROPERTIES NETWORK_NAME OPTIMAL_NUMBER_OF_INFER_REQUESTS NUM_STREAMS INFERENCE_NUM_THREADS PERF_COUNT INFERENCE_PRECISION_HINT PERFORMANCE_HINT EXECUTION_MODE_HINT PERFORMANCE_HINT_NUM_REQUESTS ENABLE_
[03:38:55.4425]D[auto_schedule.cpp:124][AUTO] device:CPU, GetConfig:NETWORK_NAME=tokenizer
[03:38:55.4425]D[auto_schedule.cpp:124][AUTO] device:CPU, GetConfig:OPTIMAL_NUMBER_OF_INFER_REQUESTS=1
[03:38:55.4425]D[auto_schedule.cpp:124][AUTO] device:CPU, GetConfig:NUM_STREAMS=1
[03:38:55.4425]D[auto_schedule.cpp:124][AUTO] device:CPU, GetConfig:INFERENCE_NUM_THREADS=32
[03:38:55.4425]D[auto_schedule.cpp:124][AUTO] device:CPU, GetConfig:PERF_COUNT=NO
[03:38:55.4425]D[auto_schedule.cpp:124][AUTO] device:CPU, GetConfig:INFERENCE_PRECISION_HINT=bf16
[03:38:55.4425]D[auto_schedule.cpp:124][AUTO] device:CPU, GetConfig:PERFORMANCE_HINT=LATENCY
[03:38:55.4425]D[auto_schedule.cpp:124][AUTO] device:CPU, GetConfig:EXECUTION_MODE_HINT=PERFORMANCE
[03:38:55.4425]D[auto_schedule.cpp:124][AUTO] device:CPU, GetConfig:PERFORMANCE_HINT_NUM_REQUESTS=0
[03:38:55.4425]D[auto_schedule.cpp:124][AUTO] device:CPU, GetConfig:ENABLE_CPU_PINNING=YES
[03:38:55.4425]D[auto_schedule.cpp:124][AUTO] device:CPU, GetConfig:ENABLE_CPU_RESERVATION=NO
[03:38:55.4425]D[auto_schedule.cpp:124][AUTO] device:CPU, GetConfig:SCHEDULING_CORE_TYPE=ANY_CORE
[03:38:55.4425]D[auto_schedule.cpp:124][AUTO] device:CPU, GetConfig:MODEL_DISTRIBUTION_POLICY=
[03:38:55.4425]D[auto_schedule.cpp:124][AUTO] device:CPU, GetConfig:ENABLE_HYPER_THREADING=NO
[03:38:55.4425]D[auto_schedule.cpp:124][AUTO] device:CPU, GetConfig:EXECUTION_DEVICES=CPU
[03:38:55.4425]D[auto_schedule.cpp:124][AUTO] device:CPU, GetConfig:CPU_DENORMALS_OPTIMIZATION=NO
[03:38:55.4425]D[auto_schedule.cpp:124][AUTO] device:CPU, GetConfig:LOG_LEVEL=LOG_NONE
[03:38:55.4425]D[auto_schedule.cpp:124][AUTO] device:CPU, GetConfig:CPU_SPARSE_WEIGHTS_DECOMPRESSION_RATE=1
[03:38:55.4425]D[auto_schedule.cpp:124][AUTO] device:CPU, GetConfig:ENABLE_TENSOR_PARALLEL=NO
[03:38:55.4425]D[auto_schedule.cpp:124][AUTO] device:CPU, GetConfig:TBB_PARTITIONER=STATIC
[03:38:55.4425]D[auto_schedule.cpp:124][AUTO] device:CPU, GetConfig:DYNAMIC_QUANTIZATION_GROUP_SIZE=32
[03:38:55.4425]D[auto_schedule.cpp:124][AUTO] device:CPU, GetConfig:KV_CACHE_PRECISION=u8
[03:38:55.4425]D[auto_schedule.cpp:124][AUTO] device:CPU, GetConfig:KEY_CACHE_PRECISION=u8
[03:38:55.4425]D[auto_schedule.cpp:124][AUTO] device:CPU, GetConfig:VALUE_CACHE_PRECISION=u8
[03:38:55.4425]D[auto_schedule.cpp:124][AUTO] device:CPU, GetConfig:KEY_CACHE_GROUP_SIZE=0
[03:38:55.4426]D[auto_schedule.cpp:124][AUTO] device:CPU, GetConfig:VALUE_CACHE_GROUP_SIZE=0
[03:38:55.4426]D[auto_schedule.cpp:124][AUTO] device:CPU, GetConfig:RUNTIME_REQUIREMENTS=meta=1.0;ov=2026.4.1;isa=Intel AVX-512 with Intel DL Boost and bfloat16 support
[03:38:55.4426]I[plugin.cpp:534][AUTO] underlying hardware does not support hardware context
[03:38:55.4449]D[plugin.cpp:289][AUTO] deviceNameWithID:CPU, defaultDeviceID:, uniqueName:CPU_
[03:38:55.4449]I[plugin.cpp:479][AUTO] device:CPU, config:LOG_LEVEL=LOG_NONE
[03:38:55.4449]I[plugin.cpp:479][AUTO] device:CPU, config:PERFORMANCE_HINT=LATENCY
[03:38:55.4449]I[plugin.cpp:479][AUTO] device:CPU, config:PERFORMANCE_HINT_NUM_REQUESTS=0
[03:38:55.4449]I[plugin.cpp:479][AUTO] device:CPU, config:PERF_COUNT=NO
[03:38:55.4449]I[plugin.cpp:484][AUTO] device:CPU, priority:0
[03:38:55.4450]I[plugin.cpp:510][AUTO] Original device list() size to load the model: 0
[03:38:55.4450]I[schedule.cpp:17][AUTO] scheduler starting
[03:38:55.4450]I[auto_schedule.cpp:163][AUTO] select device:CPU
[03:38:55.4451]I[auto_schedule.cpp:284][AUTO] Only one device or multiple devices of the same type will use passthrough compiled model
[03:38:55.4543]I[auto_schedule.cpp:341][AUTO] Device: [CPU]: Compile model took 9.268774 ms
[03:38:55.4544]I[auto_schedule.cpp:118][AUTO] device:CPU compiling model finished
[03:38:55.4544]D[auto_schedule.cpp:124][AUTO] device:CPU, GetConfig:SUPPORTED_PROPERTIES=SUPPORTED_PROPERTIES NETWORK_NAME OPTIMAL_NUMBER_OF_INFER_REQUESTS NUM_STREAMS INFERENCE_NUM_THREADS PERF_COUNT INFERENCE_PRECISION_HINT PERFORMANCE_HINT EXECUTION_MODE_HINT PERFORMANCE_HINT_NUM_REQUESTS ENABLE_
[03:38:55.4544]D[auto_schedule.cpp:124][AUTO] device:CPU, GetConfig:NETWORK_NAME=detokenizer
[03:38:55.4544]D[auto_schedule.cpp:124][AUTO] device:CPU, GetConfig:OPTIMAL_NUMBER_OF_INFER_REQUESTS=1
[03:38:55.4544]D[auto_schedule.cpp:124][AUTO] device:CPU, GetConfig:NUM_STREAMS=1
[03:38:55.4544]D[auto_schedule.cpp:124][AUTO] device:CPU, GetConfig:INFERENCE_NUM_THREADS=32
[03:38:55.4544]D[auto_schedule.cpp:124][AUTO] device:CPU, GetConfig:PERF_COUNT=NO
[03:38:55.4544]D[auto_schedule.cpp:124][AUTO] device:CPU, GetConfig:INFERENCE_PRECISION_HINT=bf16
[03:38:55.4544]D[auto_schedule.cpp:124][AUTO] device:CPU, GetConfig:PERFORMANCE_HINT=LATENCY
[03:38:55.4544]D[auto_schedule.cpp:124][AUTO] device:CPU, GetConfig:EXECUTION_MODE_HINT=PERFORMANCE
[03:38:55.4544]D[auto_schedule.cpp:124][AUTO] device:CPU, GetConfig:PERFORMANCE_HINT_NUM_REQUESTS=0
[03:38:55.4544]D[auto_schedule.cpp:124][AUTO] device:CPU, GetConfig:ENABLE_CPU_PINNING=YES
[03:38:55.4544]D[auto_schedule.cpp:124][AUTO] device:CPU, GetConfig:ENABLE_CPU_RESERVATION=NO
[03:38:55.4544]D[auto_schedule.cpp:124][AUTO] device:CPU, GetConfig:SCHEDULING_CORE_TYPE=ANY_CORE
[03:38:55.4544]D[auto_schedule.cpp:124][AUTO] device:CPU, GetConfig:MODEL_DISTRIBUTION_POLICY=
[03:38:55.4544]D[auto_schedule.cpp:124][AUTO] device:CPU, GetConfig:ENABLE_HYPER_THREADING=NO
[03:38:55.4545]D[auto_schedule.cpp:124][AUTO] device:CPU, GetConfig:EXECUTION_DEVICES=CPU
[03:38:55.4545]D[auto_schedule.cpp:124][AUTO] device:CPU, GetConfig:CPU_DENORMALS_OPTIMIZATION=NO
[03:38:55.4545]D[auto_schedule.cpp:124][AUTO] device:CPU, GetConfig:LOG_LEVEL=LOG_NONE
[03:38:55.4545]D[auto_schedule.cpp:124][AUTO] device:CPU, GetConfig:CPU_SPARSE_WEIGHTS_DECOMPRESSION_RATE=1
[03:38:55.4545]D[auto_schedule.cpp:124][AUTO] device:CPU, GetConfig:ENABLE_TENSOR_PARALLEL=NO
[03:38:55.4545]D[auto_schedule.cpp:124][AUTO] device:CPU, GetConfig:TBB_PARTITIONER=STATIC
[03:38:55.4545]D[auto_schedule.cpp:124][AUTO] device:CPU, GetConfig:DYNAMIC_QUANTIZATION_GROUP_SIZE=32
[03:38:55.4545]D[auto_schedule.cpp:124][AUTO] device:CPU, GetConfig:KV_CACHE_PRECISION=u8
[03:38:55.4545]D[auto_schedule.cpp:124][AUTO] device:CPU, GetConfig:KEY_CACHE_PRECISION=u8
[03:38:55.4545]D[auto_schedule.cpp:124][AUTO] device:CPU, GetConfig:VALUE_CACHE_PRECISION=u8
[03:38:55.4545]D[auto_schedule.cpp:124][AUTO] device:CPU, GetConfig:KEY_CACHE_GROUP_SIZE=0
[03:38:55.4545]D[auto_schedule.cpp:124][AUTO] device:CPU, GetConfig:VALUE_CACHE_GROUP_SIZE=0
[03:38:55.4545]D[auto_schedule.cpp:124][AUTO] device:CPU, GetConfig:RUNTIME_REQUIREMENTS=meta=1.0;ov=2026.4.1;isa=Intel AVX-512 with Intel DL Boost and bfloat16 support
[03:38:55.4545]I[plugin.cpp:534][AUTO] underlying hardware does not support hardware context
[cell 12 DONE  +  157.5s]
[cell 13 START +  157.5s] We can compare the result of converted (de)tokenizer with the original
[cell 14 START +  157.5s] hf_token_ids = hf_tokenizer(test_strings).input_ids | print(f"Token ids:
[cell 14 DONE  +  157.5s]
[cell 15 START +  157.5s] ## Text Generation Pipeline with OpenVINO Tokenizers | [back to top ⬆️](
[cell 16 START +  157.5s] model_dir = Path(Path(model_id).name) |  | if not model_dir.exists(): |     
