[cell 0 START +    0.6s] # Line-level text detection with Surya |  | [![Colab](https://colab.resear
[cell 1 START +    0.6s] ## Fetch test image | [back to top ⬆️](#Table-of-contents:) |  | We will use
[cell 2 START +    0.6s] import os |  | os.environ["GIT_CLONE_PROTECTION_ACTIVE"] = "false" |  | %pip i
[cell 2 DONE  +   46.5s]
[cell 3 START +   46.5s] from datasets import load_dataset | import requests | from pathlib import 
[cell 3 DONE  +   62.6s]
[cell 4 START +   62.6s] ## Run PyTorch inference | [back to top ⬆️](#Table-of-contents:) |  | To per
[cell 5 START +   62.6s] # Predictions visualization function | from PIL import ImageDraw |  |  | def v
[cell 5 DONE  +   62.6s]
[cell 6 START +   62.6s] from surya.detection import batch_text_detection | from surya.model.dete
[cell 6 DONE  +   77.7s]
[cell 7 START +   77.7s] ## Convert model to OpenVINO Intermediate Representation (IR) format | [
[cell 8 START +   77.7s] # Build example input | from surya.input.processing import prepare_image
[cell 8 DONE  +   77.8s]
[cell 9 START +   77.8s] # Convert model | import openvino as ov | from pathlib import Path |  | ov_mod
[cell 9 DONE  +   94.5s]
[cell 10 START +   94.5s] ## Run OpenVINO model | [back to top ⬆️](#Table-of-contents:) |  | Select de
[cell 11 START +   94.5s] from notebook_utils import device_widget |  | device = device_widget(exclu
[cell 11 DONE  +   94.7s]
[cell 12 START +   94.7s] We want to reuse model results postprocessing implemented in `batch_in
[cell 13 START +   94.7s] core = ov.Core() |  | # Compile OpenVINO model for loading on device | compi
[cell 13 DONE  +   97.4s]
[cell 14 START +   97.4s] ## Apply post-training quantization using NNCF | [back to top ⬆️](#Table
[cell 15 START +   97.4s] from notebook_utils import quantization_widget |  | to_quantize = quantiza
[cell 15 DONE  +   97.4s]
[cell 16 START +   97.4s] import requests |  | r = requests.get( |     url="https://raw.githubusercont
[cell 16 DONE  +   97.8s]
[cell 17 START +   97.8s] Free resources before quantization.
[cell 18 START +   97.8s] import gc |  | del model | del ov_model | del compiled_ov_model | del ov_model_w
[cell 18 DONE  +   98.2s]
[cell 19 START +   98.2s] ### Prepare dataset | [back to top ⬆️](#Table-of-contents:) |  | We create c
[cell 20 START +   98.2s] %%skip not $to_quantize.value |  | from surya.input.processing import spli
[cell 20 DONE  +  106.3s]
[cell 21 START +  106.3s] ### Quantize model | [back to top ⬆️](#Table-of-contents:) |  | Create a qua
[cell 22 START +  106.3s] %%skip not $to_quantize.value |  | import nncf |  | quantized_ov_model = nncf.
[cell 22 DONE  +  121.5s]
[cell 23 START +  121.5s] ## Run quantized OpenVINO model | [back to top ⬆️](#Table-of-contents:) | 
[cell 24 START +  121.5s] %%skip not $to_quantize.value |  | # Compile OpenVINO model for loading on
[cell 24 DONE  +  124.3s]
[cell 25 START +  124.3s] ## Interactive inference |  | [back to top ⬆️](#Table-of-contents:) |  | Now, 
[cell 26 START +  124.3s] from pathlib import Path | import ipywidgets as widgets |  | quantized_model
[cell 26 DONE  +  124.3s]
[cell 27 START +  124.3s] compiled_model = ov.compile_model(INT8_MODEL_PATH if use_quantized_mod
NBEXEC_RESULT={"ok": true, "n_cells": 16, "n_skipped": 1, "n_substituted": 0, "stopped_after": null, "error_cell": null, "error_type": null, "error_head": null, "duration_s": 127.18, "patch_notes": ["skipped cell 27: matched skip pattern"]}
