[IPKernelApp] WARNING | Kernel is running over TCP without encryption. All communication (including code and outputs) is sent in plain text and is susceptible to eavesdropping. Use IPC transport or launch with kernel manager-provisioned CurveZMQ keys to enable transport encryption.
[31mERROR: pip's dependency resolver does not currently take into account all the packages that are installed. This behaviour is the source of the following dependency conflicts.
easyocr 1.7.2 requires opencv-python-headless, which is not installed.
gradio 6.29.1 requires huggingface-hub<3.0,>=1.16.0, but you have huggingface-hub 0.36.2 which is incompatible.
parler-tts 0.2.2 requires transformers<=4.46.1,>=4.46.1, but you have transformers 4.57.6 which is incompatible.
torchvision 0.29.1+cpu requires torch>=2.14.0, but you have torch 2.8.0+cpu which is incompatible.
ace-step 0.2.0 requires accelerate==1.6.0, but you have accelerate 1.15.0 which is incompatible.
ace-step 0.2.0 requires datasets==3.4.1, but you have datasets 5.0.1 which is incompatible.
ace-step 0.2.0 requires transformers==4.50.0, but you have transformers 4.57.6 which is incompatible.
descript-audiotools 0.7.4 requires protobuf!=4.24.0,<5.0.0,>=3.19.6, but you have protobuf 7.36.2 which is incompatible.
omnivoice 0.2.1 requires transformers>=5.3.0, but you have transformers 4.57.6 which is incompatible.
gradio-client 2.7.2 requires huggingface-hub<3.0,>=1.16.0, but you have huggingface-hub 0.36.2 which is incompatible.[0m[31m
[0m[31mERROR: pip's dependency resolver does not currently take into account all the packages that are installed. This behaviour is the source of the following dependency conflicts.
easyocr 1.7.2 requires opencv-python-headless, which is not installed.
torchvision 0.29.1+cpu requires torch>=2.14.0, but you have torch 2.8.0+cpu which is incompatible.
ace-step 0.2.0 requires accelerate==1.6.0, but you have accelerate 1.15.0 which is incompatible.
ace-step 0.2.0 requires datasets==3.4.1, but you have datasets 5.0.1 which is incompatible.
ace-step 0.2.0 requires transformers==4.50.0, but you have transformers 4.57.6 which is incompatible.
hf-gradio 0.4.1 requires gradio-client<3.0,>=2.0, but you have gradio-client 1.14.0 which is incompatible.
omnivoice 0.2.1 requires transformers>=5.3.0, but you have transformers 4.57.6 which is incompatible.[0m[31m
[0m[31mERROR: pip's dependency resolver does not currently take into account all the packages that are installed. This behaviour is the source of the following dependency conflicts.
easyocr 1.7.2 requires opencv-python-headless, which is not installed.
parler-tts 0.2.2 requires transformers<=4.46.1,>=4.46.1, but you have transformers 4.57.6 which is incompatible.
ace-step 0.2.0 requires accelerate==1.6.0, but you have accelerate 1.15.0 which is incompatible.
ace-step 0.2.0 requires datasets==3.4.1, but you have datasets 5.0.1 which is incompatible.
ace-step 0.2.0 requires transformers==4.50.0, but you have transformers 4.57.6 which is incompatible.
descript-audiotools 0.7.4 requires protobuf!=4.24.0,<5.0.0,>=3.19.6, but you have protobuf 7.36.2 which is incompatible.
omnivoice 0.2.1 requires transformers>=5.3.0, but you have transformers 4.57.6 which is incompatible.[0m[31m
[0m[IPKernelApp] WARNING | Parent appears to have exited, shutting down.
