[IPKernelApp] WARNING | Kernel is running over TCP without encryption. All communication (including code and outputs) is sent in plain text and is susceptible to eavesdropping. Use IPC transport or launch with kernel manager-provisioned CurveZMQ keys to enable transport encryption.
<inline asm>:1:2: error: unknown directive
        .decl AA0 v_type=G type=ud num_elts=1
        ^
<inline asm>:2:1: error: unknown directive
.decl AA1 v_type=G type=ud num_elts=1
^
<inline asm>:3:1: error: unknown directive
.implicit_PSEUDO_INPUT AA0 offset=256 size=4
^
<inline asm>:4:1: error: unknown directive
.implicit_PSEUDO_INPUT AA1 offset=256 size=4
^
<inline asm>:5:1: error: invalid instruction
mov (M1_NM,1) AA0(0,0)<1> AA1(0,0)<0;1,0>
^
Traceback (most recent call last):
  File "/home/amd/Desktop/OpenVINO-Notebooks-on-AMD/ov_amd/_nbexec.py", line 144, in main
    client.execute()
  File "/home/amd/Desktop/OpenVINO-Notebooks-on-AMD/.venvs/cpu/3d6da63c95162333/lib/python3.12/site-packages/jupyter_core/utils/__init__.py", line 165, in wrapped
    return loop.run_until_complete(inner)
           ^^^^^^^^^^^^^^^^^^^^^^^^^^^^^^
  File "/usr/lib/python3.12/asyncio/base_events.py", line 687, in run_until_complete
    return future.result()
           ^^^^^^^^^^^^^^^
  File "/home/amd/Desktop/OpenVINO-Notebooks-on-AMD/.venvs/cpu/3d6da63c95162333/lib/python3.12/site-packages/nbclient/client.py", line 709, in async_execute
    await self.async_execute_cell(
  File "/home/amd/Desktop/OpenVINO-Notebooks-on-AMD/.venvs/cpu/3d6da63c95162333/lib/python3.12/site-packages/nbclient/client.py", line 1009, in async_execute_cell
    raise DeadKernelError("Kernel died") from None
nbclient.exceptions.DeadKernelError: Kernel died
