[IPKernelApp] WARNING | Kernel is running over TCP without encryption. All communication (including code and outputs) is sent in plain text and is susceptible to eavesdropping. Use IPC transport or launch with kernel manager-provisioned CurveZMQ keys to enable transport encryption.
mes [38;5;28;01melse[39;00m [38;5;28;01mNone[39;00m
[32m--> [39m[32m372[39m videos, video_metadata = [30;43mself[39;49m[30;43m.[39;49m[30;43m_decode_and_sample_videos[39;49m[30;43m([39;49m
[32m    373[39m [30;43m    [39;49m[30;43mvideos[39;49m[30;43m,[39;49m
[32m    374[39m [30;43m    [39;49m[30;43mvideo_metadata[39;49m[30;43m=[39;49m[30;43mvideo_metadata[39;49m[30;43m,[39;49m
[32m    375[39m [30;43m    [39;49m[30;43mdo_sample_frames[39;49m[30;43m=[39;49m[30;43mdo_sample_frames[39;49m[30;43m,[39;49m
[32m    376[39m [30;43m    [39;49m[30;43msample_indices_fn[39;49m[30;43m=[39;49m[30;43msample_indices_fn[39;49m[30;43m,[39;49m
[32m    377[39m [30;43m[39;49m[30;43m)[39;49m
[32m    378[39m videos = [38;5;28mself[39m._prepare_input_videos(videos=videos, input_data_format=input_data_format, device=device)
[32m    380[39m kwargs = [38;5;28mself[39m._further_process_kwargs(**kwargs)

[36mFile [39m[32m~/Desktop/OpenVINO-Notebooks-on-AMD/.venvs/cpu/872ab5c2fcead20f/lib/python3.12/site-packages/transformers/video_processing_utils.py:322[39m, in [36mBaseVideoProcessor._decode_and_sample_videos[39m[34m(self, videos, video_metadata, do_sample_frames, sample_indices_fn)[39m
[32m    318[39m             [38;5;28;01mraise[39;00m [38;5;167;01mValueError[39;00m(
[32m    319[39m                 [33m"[39m[33mSampling frames from a list of images is not supported! Set `do_sample_frames=False`.[39m[33m"[39m
[32m    320[39m             )
[32m    321[39m     [38;5;28;01melse[39;00m:
[32m--> [39m[32m322[39m         videos, video_metadata = [30;43mself[39;49m[30;43m.[39;49m[30;43mfetch_videos[39;49m[30;43m([39;49m[30;43mvideos[39;49m[30;43m,[39;49m[30;43m [39;49m[30;43msample_indices_fn[39;49m[30;43m=[39;49m[30;43msample_indices_fn[39;49m[30;43m)[39;49m
[32m    324[39m [38;5;28;01mreturn[39;00m videos, video_metadata

[36mFile [39m[32m~/Desktop/OpenVINO-Notebooks-on-AMD/.venvs/cpu/872ab5c2fcead20f/lib/python3.12/site-packages/transformers/video_processing_utils.py:886[39m, in [36mBaseVideoProcessor.fetch_videos[39m[34m(self, video_url_or_urls, sample_indices_fn)[39m
[32m    883[39m     backend = [33m"[39m[33mtorchvision[39m[33m"[39m
[32m    885[39m [38;5;28;01mif[39;00m [38;5;28misinstance[39m(video_url_or_urls, [38;5;28mlist[39m):
[32m--> [39m[32m886[39m     [38;5;28;01mreturn[39;00m [38;5;28mlist[39m([38;5;28mzip[39m(*[[30;43mself[39;49m[30;43m.[39;49m[30;43mfetch_videos[39;49m[30;43m([39;49m[30;43mx[39;49m[30;43m,[39;49m[30;43m [39;49m[30;43msample_indices_fn[39;49m[30;43m=[39;49m[30;43msample_indices_fn[39;49m[30;43m)[39;49m [38;5;28;01mfor[39;00m x [38;5;129;01min[39;00m video_url_or_urls]))
[32m    887[39m [38;5;28;01melse[39;00m:
[32m    888[39m     [38;5;28;01mreturn[39;00m load_video(video_url_or_urls, backend=backend, sample_indices_fn=sample_indices_fn)

[36mFile [39m[32m~/Desktop/OpenVINO-Notebooks-on-AMD/.venvs/cpu/872ab5c2fcead20f/lib/python3.12/site-packages/transformers/video_processing_utils.py:888[39m, in [36mBaseVideoProcessor.fetch_videos[39m[34m(self, video_url_or_urls, sample_indices_fn)[39m
[32m    886[39m     [38;5;28;01mreturn[39;00m [38;5;28mlist[39m([38;5;28mzip[39m(*[[38;5;28mself[39m.fetch_videos(x, sample_indices_fn=sample_indices_fn) [38;5;28;01mfor[39;00m x [38;5;129;01min[39;00m video_url_or_urls]))
[32m    887[39m [38;5;28;01melse[39;00m:
[32m--> [39m[32m888[39m     [38;5;28;01mreturn[39;00m [30;43mload_video[39;49m[30;43m([39;49m[30;43mvideo_url_or_urls[39;49m[30;43m,[39;49m[30;43m [39;49m[30;43mbackend[39;49m[30;43m=[39;49m[30;43mbackend[39;49m[30;43m,[39;49m[30;43m [39;49m[30;43msample_indices_fn[39;49m[30;43m=[39;49m[30;43msample_indices_fn[39;49m[30;43m)[39;49m

[36mFile [39m[32m~/Desktop/OpenVINO-Notebooks-on-AMD/.venvs/cpu/872ab5c2fcead20f/lib/python3.12/site-packages/transformers/video_utils.py:713[39m, in [36mload_video[39m[34m(video, num_frames, fps, backend, sample_indices_fn, **kwargs)[39m
[32m    707[39m     [38;5;28;01mraise[39;00m [38;5;167;01mImportError[39;00m(
[32m    708[39m         [33mf[39m[33m"[39m[33mYou chose backend=[39m[38;5;132;01m{[39;00mbackend[38;5;132;01m}[39;00m[33m for loading the video but the required library is not found in your environment [39m[33m"[39m
[32m    709[39m         [33mf[39m[33m"[39m[33mMake sure to install [39m[38;5;132;01m{[39;00mbackend[38;5;132;01m}[39;00m[33m before loading the video.[39m[33m"[39m
[32m    710[39m     )
[32m    712[39m video_decoder = VIDEO_DECODERS[backend]
[32m--> [39m[32m713[39m video, metadata = [30;43mvideo_decoder[39;49m[30;43m([39;49m[30;43mfile_obj[39;49m[30;43m,[39;49m[30;43m [39;49m[30;43msample_indices_fn[39;49m[30;43m,[39;49m[30;43m [39;49m[30;43m*[39;49m[30;43m*[39;49m[30;43mkwargs[39;49m[30;43m)[39;49m
[32m    714[39m [38;5;28;01mreturn[39;00m video, metadata

[36mFile [39m[32m~/Desktop/OpenVINO-Notebooks-on-AMD/.venvs/cpu/872ab5c2fcead20f/lib/python3.12/site-packages/transformers/video_utils.py:528[39m, in [36mread_video_torchvision[39m[34m(video_path, sample_indices_fn, **kwargs)[39m
[32m    505[39m [38;5;250m[39m[33;03m"""[39;00m
[32m    506[39m [33;03mDecode the video with torchvision decoder.[39;00m
[32m    507[39m 
[32m   (...)[39m[32m    522[39m [33;03m        - `VideoMetadata` object.[39;00m
[32m    523[39m [33;03m"""[39;00m
[32m    524[39m warnings.warn(
[32m    525[39m     [33m"[39m[33mUsing `torchvision` for video decoding is deprecated and will be removed in future versions. [39m[33m"[39m
[32m    526[39m     [33m"[39m[33mPlease use `torchcodec` instead.[39m[33m"[39m
[32m    527[39m )
[32m--> [39m[32m528[39m video, _, info = [30;43mtorchvision_io[39;49m[30;43m.[39;49m[30;43mread_video[39;49m[30;43m([39;49m
[32m    529[39m [30;43m    [39;49m[30;43mvideo_path[39;49m[30;43m,[39;49m
[32m    530[39m [30;43m    [39;49m[30;43mstart_pts[39;49m[30;43m=[39;49m[30;43m0.0[39;49m[30;43m,[39;49m
[32m    531[39m [30;43m    [39;49m[30;43mend_pts[39;49m[30;43m=[39;49m[30;43;01mNone[39;49;00m[30;43m,[39;49m
[32m    532[39m [30;43m    [39;49m[30;43mpts_unit[39;49m[30;43m=[39;49m[30;43m"[39;49m[30;43msec[39;49m[30;43m"[39;49m[30;43m,[39;49m
[32m    533[39m [30;43m    [39;49m[30;43moutput_format[39;49m[30;43m=[39;49m[30;43m"[39;49m[30;43mTCHW[39;49m[30;43m"[39;49m[30;43m,[39;49m
[32m    534[39m [30;43m[39;49m[30;43m)[39;49m
[32m    535[39m video_fps = info[[33m"[39m[33mvideo_fps[39m[33m"[39m]
[32m    536[39m total_num_frames = video.size([32m0[39m)

[36mFile [39m[32m~/Desktop/OpenVINO-Notebooks-on-AMD/.venvs/cpu/872ab5c2fcead20f/lib/python3.12/site-packages/torchvision/io/video.py:337[39m, in [36mread_video[39m[34m(filename, start_pts, end_pts, pts_unit, output_format)[39m
[32m    334[39m audio_timebase = _video_opt.default_timebase
[32m    336[39m [38;5;28;01mtry[39;00m:
[32m--> [39m[32m337[39m     [38;5;28;01mwith[39;00m [30;43mav[39;49m[30;43m.[39;49m[30;43mopen[39;49m[30;43m([39;49m[30;43mfilename[39;49m[30;43m,[39;49m[30;43m [39;49m[30;43mmetadata_errors[39;49m[30;43m=[39;49m[30;43m"[39;49m[30;43mignore[39;49m[30;43m"[39;49m[30;43m)[39;49m [38;5;28;01mas[39;00m container:
[32m    338[39m         [38;5;28;01mif[39;00m container.streams.audio:
[32m    339[39m             audio_timebase = container.streams.audio[[32m0[39m].time_base

[36mFile [39m[32mav/container/core.py:479[39m
[32m--> [39m[32m479[39m def open(
[32m    480[39m     file,
[32m    481[39m     mode=[38;5;28;01mNone[39;00m,
[32m    482[39m     format=[38;5;28;01mNone[39;00m,

[31mTypeError[39m: open() got an unexpected keyword argument 'metadata_errors'

