[cell 0 START +    0.6s] # Visual-Language Assistant with SmolVLM2 and OpenVINO |  | SmolVLM2 repre
[cell 1 START +    0.6s] ## Prerequisites | [back to top ⬆️](#Table-of-contents:)
[cell 2 START +    0.6s] %pip uninstall -q -y optimum optimum-intel optimum-onnx | %pip install -
[cell 2 DONE  +   54.0s]
[cell 3 START +   54.0s] from pathlib import Path | import requests |  | if not Path("cmd_helper.py")
[cell 3 DONE  +   54.1s]
[cell 4 START +   54.1s] ## Select model | [back to top ⬆️](#Table-of-contents:) |  | There are three
[cell 5 START +   54.1s] import ipywidgets as widgets |  | # Read more about telemetry collection a
[cell 5 DONE  +   54.1s]
[cell 6 START +   54.1s] print(f"Selected {model_id.value}") | pt_model_id = model_id.value | model
[cell 6 DONE  +   54.1s]
[cell 7 START +   54.1s] ## Convert and Optimize model | [back to top ⬆️](#Table-of-contents:) |  | S
[cell 8 START +   54.1s] to_compress = widgets.Checkbox(value=True, description="Compress model
[cell 8 DONE  +   54.1s]
[cell 9 START +   54.1s] from cmd_helper import optimum_cli |  | if to_compress.value: |     model_ex
[cell 9 DONE  +  187.3s]
[cell 10 START +  187.3s] ## Run Model Inference | [back to top ⬆️](#Table-of-contents:) |  | OpenVINO
[cell 11 START +  187.3s] from optimum.intel.openvino import OVModelForVisualCausalLM | from trans
[cell 11 DONE  +  190.5s]
[cell 12 START +  190.5s] ### Select Inference device | [back to top ⬆️](#Table-of-contents:)
[cell 13 START +  190.5s] from notebook_utils import device_widget |  | device = device_widget(defau
[cell 13 DONE  +  190.7s]
[cell 14 START +  190.7s] model = OVModelForVisualCausalLM.from_pretrained(model_export_dir, dev
[02:58:32.6021]D[plugin.cpp:289][AUTO] deviceNameWithID:CPU, defaultDeviceID:, uniqueName:CPU_
[02:58:32.6022]I[plugin.cpp:479][AUTO] device:CPU, config:LOG_LEVEL=LOG_NONE
[02:58:32.6022]I[plugin.cpp:479][AUTO] device:CPU, config:PERFORMANCE_HINT=LATENCY
[02:58:32.6022]I[plugin.cpp:479][AUTO] device:CPU, config:PERFORMANCE_HINT_NUM_REQUESTS=0
[02:58:32.6022]I[plugin.cpp:479][AUTO] device:CPU, config:PERF_COUNT=NO
[02:58:32.6022]I[plugin.cpp:484][AUTO] device:CPU, priority:0
[02:58:32.6022]I[plugin.cpp:510][AUTO] Original device list() size to load the model: 0
[02:58:32.6022]I[schedule.cpp:17][AUTO] scheduler starting
[02:58:32.6022]I[auto_schedule.cpp:163][AUTO] select device:CPU
[02:58:32.6116]I[auto_schedule.cpp:284][AUTO] Only one device or multiple devices of the same type will use passthrough compiled model
[02:58:33.1136]I[auto_schedule.cpp:341][AUTO] Device: [CPU]: Compile model took 502.000177 ms
[02:58:33.1145]I[auto_schedule.cpp:118][AUTO] device:CPU compiling model finished
[02:58:33.1145]D[auto_schedule.cpp:124][AUTO] device:CPU, GetConfig:SUPPORTED_PROPERTIES=SUPPORTED_PROPERTIES NETWORK_NAME OPTIMAL_NUMBER_OF_INFER_REQUESTS NUM_STREAMS INFERENCE_NUM_THREADS PERF_COUNT INFERENCE_PRECISION_HINT PERFORMANCE_HINT EXECUTION_MODE_HINT PERFORMANCE_HINT_NUM_REQUESTS ENABLE_
[02:58:33.1145]D[auto_schedule.cpp:124][AUTO] device:CPU, GetConfig:NETWORK_NAME=Model6
[02:58:33.1145]D[auto_schedule.cpp:124][AUTO] device:CPU, GetConfig:OPTIMAL_NUMBER_OF_INFER_REQUESTS=1
[02:58:33.1146]D[auto_schedule.cpp:124][AUTO] device:CPU, GetConfig:NUM_STREAMS=1
[02:58:33.1146]D[auto_schedule.cpp:124][AUTO] device:CPU, GetConfig:INFERENCE_NUM_THREADS=16
[02:58:33.1146]D[auto_schedule.cpp:124][AUTO] device:CPU, GetConfig:PERF_COUNT=NO
[02:58:33.1146]D[auto_schedule.cpp:124][AUTO] device:CPU, GetConfig:INFERENCE_PRECISION_HINT=bf16
[02:58:33.1146]D[auto_schedule.cpp:124][AUTO] device:CPU, GetConfig:PERFORMANCE_HINT=LATENCY
[02:58:33.1146]D[auto_schedule.cpp:124][AUTO] device:CPU, GetConfig:EXECUTION_MODE_HINT=PERFORMANCE
[02:58:33.1146]D[auto_schedule.cpp:124][AUTO] device:CPU, GetConfig:PERFORMANCE_HINT_NUM_REQUESTS=0
[02:58:33.1146]D[auto_schedule.cpp:124][AUTO] device:CPU, GetConfig:ENABLE_CPU_PINNING=YES
[02:58:33.1146]D[auto_schedule.cpp:124][AUTO] device:CPU, GetConfig:ENABLE_CPU_RESERVATION=NO
[02:58:33.1146]D[auto_schedule.cpp:124][AUTO] device:CPU, GetConfig:SCHEDULING_CORE_TYPE=ANY_CORE
[02:58:33.1146]D[auto_schedule.cpp:124][AUTO] device:CPU, GetConfig:MODEL_DISTRIBUTION_POLICY=
[02:58:33.1146]D[auto_schedule.cpp:124][AUTO] device:CPU, GetConfig:ENABLE_HYPER_THREADING=NO
[02:58:33.1146]D[auto_schedule.cpp:124][AUTO] device:CPU, GetConfig:EXECUTION_DEVICES=CPU
[02:58:33.1146]D[auto_schedule.cpp:124][AUTO] device:CPU, GetConfig:CPU_DENORMALS_OPTIMIZATION=NO
[02:58:33.1146]D[auto_schedule.cpp:124][AUTO] device:CPU, GetConfig:LOG_LEVEL=LOG_NONE
[02:58:33.1146]D[auto_schedule.cpp:124][AUTO] device:CPU, GetConfig:CPU_SPARSE_WEIGHTS_DECOMPRESSION_RATE=1
[02:58:33.1146]D[auto_schedule.cpp:124][AUTO] device:CPU, GetConfig:ENABLE_TENSOR_PARALLEL=NO
[02:58:33.1146]D[auto_schedule.cpp:124][AUTO] device:CPU, GetConfig:TBB_PARTITIONER=STATIC
[02:58:33.1146]D[auto_schedule.cpp:124][AUTO] device:CPU, GetConfig:DYNAMIC_QUANTIZATION_GROUP_SIZE=32
[02:58:33.1146]D[auto_schedule.cpp:124][AUTO] device:CPU, GetConfig:KV_CACHE_PRECISION=u8
[02:58:33.1146]D[auto_schedule.cpp:124][AUTO] device:CPU, GetConfig:KEY_CACHE_PRECISION=u8
[02:58:33.1146]D[auto_schedule.cpp:124][AUTO] device:CPU, GetConfig:VALUE_CACHE_PRECISION=u8
[02:58:33.1146]D[auto_schedule.cpp:124][AUTO] device:CPU, GetConfig:KEY_CACHE_GROUP_SIZE=0
[02:58:33.1146]D[auto_schedule.cpp:124][AUTO] device:CPU, GetConfig:VALUE_CACHE_GROUP_SIZE=0
[02:58:33.1146]D[auto_schedule.cpp:124][AUTO] device:CPU, GetConfig:RUNTIME_REQUIREMENTS=meta=1.0;ov=2026.4.1;isa=Intel AVX-512 with Intel DL Boost and bfloat16 support
[02:58:33.1147]I[plugin.cpp:534][AUTO] underlying hardware does not support hardware context
[02:58:33.1222]D[plugin.cpp:289][AUTO] deviceNameWithID:CPU, defaultDeviceID:, uniqueName:CPU_
[02:58:33.1223]I[plugin.cpp:479][AUTO] device:CPU, config:LOG_LEVEL=LOG_NONE
[02:58:33.1223]I[plugin.cpp:479][AUTO] device:CPU, config:PERFORMANCE_HINT=LATENCY
[02:58:33.1223]I[plugin.cpp:479][AUTO] device:CPU, config:PERFORMANCE_HINT_NUM_REQUESTS=0
[02:58:33.1223]I[plugin.cpp:479][AUTO] device:CPU, config:PERF_COUNT=NO
[02:58:33.1223]I[plugin.cpp:484][AUTO] device:CPU, priority:0
[02:58:33.1223]I[plugin.cpp:510][AUTO] Original device list() size to load the model: 0
[02:58:33.1223]I[schedule.cpp:17][AUTO] scheduler starting
[02:58:33.1223]I[auto_schedule.cpp:163][AUTO] select device:CPU
[02:58:33.1224]I[auto_schedule.cpp:284][AUTO] Only one device or multiple devices of the same type will use passthrough compiled model
[02:58:33.1324]I[auto_schedule.cpp:341][AUTO] Device: [CPU]: Compile model took 10.011445 ms
[02:58:33.1325]I[auto_schedule.cpp:118][AUTO] device:CPU compiling model finished
[02:58:33.1325]D[auto_schedule.cpp:124][AUTO] device:CPU, GetConfig:SUPPORTED_PROPERTIES=SUPPORTED_PROPERTIES NETWORK_NAME OPTIMAL_NUMBER_OF_INFER_REQUESTS NUM_STREAMS INFERENCE_NUM_THREADS PERF_COUNT INFERENCE_PRECISION_HINT PERFORMANCE_HINT EXECUTION_MODE_HINT PERFORMANCE_HINT_NUM_REQUESTS ENABLE_
[02:58:33.1325]D[auto_schedule.cpp:124][AUTO] device:CPU, GetConfig:NETWORK_NAME=Model3
[02:58:33.1325]D[auto_schedule.cpp:124][AUTO] device:CPU, GetConfig:OPTIMAL_NUMBER_OF_INFER_REQUESTS=1
[02:58:33.1325]D[auto_schedule.cpp:124][AUTO] device:CPU, GetConfig:NUM_STREAMS=1
[02:58:33.1325]D[auto_schedule.cpp:124][AUTO] device:CPU, GetConfig:INFERENCE_NUM_THREADS=16
[02:58:33.1325]D[auto_schedule.cpp:124][AUTO] device:CPU, GetConfig:PERF_COUNT=NO
[02:58:33.1325]D[auto_schedule.cpp:124][AUTO] device:CPU, GetConfig:INFERENCE_PRECISION_HINT=bf16
[02:58:33.1325]D[auto_schedule.cpp:124][AUTO] device:CPU, GetConfig:PERFORMANCE_HINT=LATENCY
[02:58:33.1325]D[auto_schedule.cpp:124][AUTO] device:CPU, GetConfig:EXECUTION_MODE_HINT=PERFORMANCE
[02:58:33.1325]D[auto_schedule.cpp:124][AUTO] device:CPU, GetConfig:PERFORMANCE_HINT_NUM_REQUESTS=0
[02:58:33.1325]D[auto_schedule.cpp:124][AUTO] device:CPU, GetConfig:ENABLE_CPU_PINNING=YES
[02:58:33.1325]D[auto_schedule.cpp:124][AUTO] device:CPU, GetConfig:ENABLE_CPU_RESERVATION=NO
[02:58:33.1325]D[auto_schedule.cpp:124][AUTO] device:CPU, GetConfig:SCHEDULING_CORE_TYPE=ANY_CORE
[02:58:33.1325]D[auto_schedule.cpp:124][AUTO] device:CPU, GetConfig:MODEL_DISTRIBUTION_POLICY=
[02:58:33.1325]D[auto_schedule.cpp:124][AUTO] device:CPU, GetConfig:ENABLE_HYPER_THREADING=NO
[02:58:33.1325]D[auto_schedule.cpp:124][AUTO] device:CPU, GetConfig:EXECUTION_DEVICES=CPU
[02:58:33.1325]D[auto_schedule.cpp:124][AUTO] device:CPU, GetConfig:CPU_DENORMALS_OPTIMIZATION=NO
[02:58:33.1325]D[auto_schedule.cpp:124][AUTO] device:CPU, GetConfig:LOG_LEVEL=LOG_NONE
[02:58:33.1325]D[auto_schedule.cpp:124][AUTO] device:CPU, GetConfig:CPU_SPARSE_WEIGHTS_DECOMPRESSION_RATE=1
[02:58:33.1325]D[auto_schedule.cpp:124][AUTO] device:CPU, GetConfig:ENABLE_TENSOR_PARALLEL=NO
[02:58:33.1326]D[auto_schedule.cpp:124][AUTO] device:CPU, GetConfig:TBB_PARTITIONER=STATIC
[02:58:33.1326]D[auto_schedule.cpp:124][AUTO] device:CPU, GetConfig:DYNAMIC_QUANTIZATION_GROUP_SIZE=32
[02:58:33.1326]D[auto_schedule.cpp:124][AUTO] device:CPU, GetConfig:KV_CACHE_PRECISION=u8
[02:58:33.1326]D[auto_schedule.cpp:124][AUTO] device:CPU, GetConfig:KEY_CACHE_PRECISION=u8
[02:58:33.1326]D[auto_schedule.cpp:124][AUTO] device:CPU, GetConfig:VALUE_CACHE_PRECISION=u8
[02:58:33.1326]D[auto_schedule.cpp:124][AUTO] device:CPU, GetConfig:KEY_CACHE_GROUP_SIZE=0
[02:58:33.1326]D[auto_schedule.cpp:124][AUTO] device:CPU, GetConfig:VALUE_CACHE_GROUP_SIZE=0
[02:58:33.1326]D[auto_schedule.cpp:124][AUTO] device:CPU, GetConfig:RUNTIME_REQUIREMENTS=meta=1.0;ov=2026.4.1;isa=Intel AVX-512 with Intel DL Boost and bfloat16 support
[02:58:33.1326]I[plugin.cpp:534][AUTO] underlying hardware does not support hardware context
[02:58:33.1386]D[plugin.cpp:289][AUTO] deviceNameWithID:CPU, defaultDeviceID:, uniqueName:CPU_
[02:58:33.1386]I[plugin.cpp:479][AUTO] device:CPU, config:LOG_LEVEL=LOG_NONE
[02:58:33.1386]I[plugin.cpp:479][AUTO] device:CPU, config:PERFORMANCE_HINT=LATENCY
[02:58:33.1386]I[plugin.cpp:479][AUTO] device:CPU, config:PERFORMANCE_HINT_NUM_REQUESTS=0
[02:58:33.1386]I[plugin.cpp:479][AUTO] device:CPU, config:PERF_COUNT=NO
[02:58:33.1386]I[plugin.cpp:484][AUTO] device:CPU, priority:0
[02:58:33.1387]I[plugin.cpp:510][AUTO] Original device list() size to load the model: 0
[02:58:33.1387]I[schedule.cpp:17][AUTO] scheduler starting
[02:58:33.1387]I[auto_schedule.cpp:163][AUTO] select device:CPU
[02:58:33.1409]I[auto_schedule.cpp:284][AUTO] Only one device or multiple devices of the same type will use passthrough compiled model
[02:58:33.2989]I[auto_schedule.cpp:341][AUTO] Device: [CPU]: Compile model took 157.974692 ms
[02:58:33.2990]I[auto_schedule.cpp:118][AUTO] device:CPU compiling model finished
[02:58:33.2991]D[auto_schedule.cpp:124][AUTO] device:CPU, GetConfig:SUPPORTED_PROPERTIES=SUPPORTED_PROPERTIES NETWORK_NAME OPTIMAL_NUMBER_OF_INFER_REQUESTS NUM_STREAMS INFERENCE_NUM_THREADS PERF_COUNT INFERENCE_PRECISION_HINT PERFORMANCE_HINT EXECUTION_MODE_HINT PERFORMANCE_HINT_NUM_REQUESTS ENABLE_
[02:58:33.2991]D[auto_schedule.cpp:124][AUTO] device:CPU, GetConfig:NETWORK_NAME=Model0
[02:58:33.2991]D[auto_schedule.cpp:124][AUTO] device:CPU, GetConfig:OPTIMAL_NUMBER_OF_INFER_REQUESTS=1
[02:58:33.2991]D[auto_schedule.cpp:124][AUTO] device:CPU, GetConfig:NUM_STREAMS=1
[02:58:33.2992]D[auto_schedule.cpp:124][AUTO] device:CPU, GetConfig:INFERENCE_NUM_THREADS=16
[02:58:33.2992]D[auto_schedule.cpp:124][AUTO] device:CPU, GetConfig:PERF_COUNT=NO
[02:58:33.2992]D[auto_schedule.cpp:124][AUTO] device:CPU, GetConfig:INFERENCE_PRECISION_HINT=bf16
[02:58:33.2992]D[auto_schedule.cpp:124][AUTO] device:CPU, GetConfig:PERFORMANCE_HINT=LATENCY
[02:58:33.2992]D[auto_schedule.cpp:124][AUTO] device:CPU, GetConfig:EXECUTION_MODE_HINT=PERFORMANCE
[02:58:33.2992]D[auto_schedule.cpp:124][AUTO] device:CPU, GetConfig:PERFORMANCE_HINT_NUM_REQUESTS=0
[02:58:33.2992]D[auto_schedule.cpp:124][AUTO] device:CPU, GetConfig:ENABLE_CPU_PINNING=YES
[02:58:33.2992]D[auto_schedule.cpp:124][AUTO] device:CPU, GetConfig:ENABLE_CPU_RESERVATION=NO
[02:58:33.2992]D[auto_schedule.cpp:124][AUTO] device:CPU, GetConfig:SCHEDULING_CORE_TYPE=ANY_CORE
[02:58:33.2992]D[auto_schedule.cpp:124][AUTO] device:CPU, GetConfig:MODEL_DISTRIBUTION_POLICY=
[02:58:33.2992]D[auto_schedule.cpp:124][AUTO] device:CPU, GetConfig:ENABLE_HYPER_THREADING=NO
[02:58:33.2992]D[auto_schedule.cpp:124][AUTO] device:CPU, GetConfig:EXECUTION_DEVICES=CPU
[02:58:33.2993]D[auto_schedule.cpp:124][AUTO] device:CPU, GetConfig:CPU_DENORMALS_OPTIMIZATION=NO
[02:58:33.2993]D[auto_schedule.cpp:124][AUTO] device:CPU, GetConfig:LOG_LEVEL=LOG_NONE
[02:58:33.2993]D[auto_schedule.cpp:124][AUTO] device:CPU, GetConfig:CPU_SPARSE_WEIGHTS_DECOMPRESSION_RATE=1
[02:58:33.2993]D[auto_schedule.cpp:124][AUTO] device:CPU, GetConfig:ENABLE_TENSOR_PARALLEL=NO
[02:58:33.2993]D[auto_schedule.cpp:124][AUTO] device:CPU, GetConfig:TBB_PARTITIONER=STATIC
[02:58:33.2993]D[auto_schedule.cpp:124][AUTO] device:CPU, GetConfig:DYNAMIC_QUANTIZATION_GROUP_SIZE=32
[02:58:33.2993]D[auto_schedule.cpp:124][AUTO] device:CPU, GetConfig:KV_CACHE_PRECISION=u8
[02:58:33.2993]D[auto_schedule.cpp:124][AUTO] device:CPU, GetConfig:KEY_CACHE_PRECISION=u8
[02:58:33.2993]D[auto_schedule.cpp:124][AUTO] device:CPU, GetConfig:VALUE_CACHE_PRECISION=u8
[02:58:33.2993]D[auto_schedule.cpp:124][AUTO] device:CPU, GetConfig:KEY_CACHE_GROUP_SIZE=0
[02:58:33.2993]D[auto_schedule.cpp:124][AUTO] device:CPU, GetConfig:VALUE_CACHE_GROUP_SIZE=0
[02:58:33.2994]D[auto_schedule.cpp:124][AUTO] device:CPU, GetConfig:RUNTIME_REQUIREMENTS=meta=1.0;ov=2026.4.1;isa=Intel AVX-512 with Intel DL Boost and bfloat16 support
[02:58:33.2995]I[plugin.cpp:534][AUTO] underlying hardware does not support hardware context
[cell 14 DONE  +  191.5s]
[cell 15 START +  191.5s] ### Run conversation with image | [back to top ⬆️](#Table-of-contents:)
[cell 16 START +  191.5s] from PIL import Image | from io import BytesIO |  | processor = AutoProcesso
[cell 16 DONE  +  194.4s]
[cell 17 START +  194.4s] print(f"Question:\n{text_message}") | display(image) | print("Answer:") | mo
[cell 17 DONE  +  195.4s]
[cell 18 START +  195.4s] ### Run conversation with video | [back to top ⬆️](#Table-of-contents:)
[cell 19 START +  195.4s] import huggingface_hub as hf_hub |  | if not Path("dog.mp4").exists(): |    
[cell 19 DONE  +  198.1s]
NBEXEC_RESULT={"ok": false, "n_cells": 14, "n_skipped": 1, "n_substituted": 1, "stopped_after": null, "error_cell": null, "error_type": "CellExecutionError", "error_head": "\u001b[31mTypeError\u001b[39m: open() got an unexpected keyword argument 'metadata_errors'", "duration_s": 200.04, "patch_notes": ["substituted 1 occurrence(s) in cell 2", "skipped cell 22: matched skip pattern"]}
