[cell 0 START +    0.6s] # Quantize NLP models with Post-Training Quantization ​in NNCF | This tu
[cell 1 START +    0.6s]  | #### Table of contents: |  | - [Imports](#Imports) | - [Settings](#Settings
[cell 2 START +    0.6s] %pip install -q "nncf>=2.5.0" | %pip install -q "torch>=2.8" transformer
[cell 2 DONE  +   38.9s]
[cell 3 START +   38.9s] ## Imports | [back to top ⬆️](#Table-of-contents:) | 
[cell 4 START +   38.9s] import time | from pathlib import Path | from zipfile import ZipFile | from 
[cell 4 DONE  +   45.0s]
[cell 5 START +   45.0s] ## Settings | [back to top ⬆️](#Table-of-contents:) | 
[cell 6 START +   45.0s] # Set the data and model directories, source URL and the filename of t
[cell 6 DONE  +   45.0s]
[cell 7 START +   45.0s] ## Prepare the Model | [back to top ⬆️](#Table-of-contents:) |  | Perform th
[cell 8 START +   45.0s] if not PRETRAINED_MODEL_DIR.exists(): |     download_file(MODEL_LINK, di
[cell 8 DONE  +   75.5s]
[cell 9 START +   75.5s] Convert the original PyTorch model to the OpenVINO Intermediate Repres
[cell 10 START +   75.5s] MAX_SEQ_LENGTH = 128 | input_shape = ov.PartialShape([1, -1]) | ir_model_x
[cell 10 DONE  +   78.1s]
[cell 11 START +   78.1s] ## Prepare the Dataset | [back to top ⬆️](#Table-of-contents:) |  | We downl
[cell 12 START +   78.1s] def create_data_source(): |     raw_dataset = datasets.load_dataset("glu
[cell 12 DONE  +   89.5s]
[cell 13 START +   89.5s] ## Optimize model using NNCF Post-training Quantization API | [back to t
[cell 14 START +   89.5s] INPUT_NAMES = [key for key in inputs.keys()] |  |  | def transform_fn(data_i
[cell 14 DONE  +  114.3s]
[cell 15 START +  114.3s] compressed_model_xml = Path(MODEL_DIR) / "quantized_bert_mrpc.xml" | ov.
[cell 15 DONE  +  114.4s]
[cell 16 START +  114.4s] ## Load and Test OpenVINO Model | [back to top ⬆️](#Table-of-contents:) | 
[cell 17 START +  114.4s] ### Select inference device | [back to top ⬆️](#Table-of-contents:) |  | sel
[cell 18 START +  114.4s] device = device_widget() |  | device
[cell 18 DONE  +  114.6s]
[cell 19 START +  114.6s] # Compile the model for a specific device. | compiled_quantized_model = 
[cell 19 DONE  +  115.1s]
[cell 20 START +  115.1s] The Data Source returns a pair of sentences (indicated by `sample_idx`
[cell 21 START +  115.1s] sample_idx = 5 | sample = data_source[sample_idx] | inputs = {k: torch.uns
[cell 21 DONE  +  115.1s]
[cell 22 START +  115.1s] ## Compare F1-score of FP32 and INT8 models | [back to top ⬆️](#Table-of
[cell 23 START +  115.1s] def validate(model: ov.Model, dataset: Iterable[Any]) -> float: |     ""
[cell 23 DONE  +  129.9s]
[cell 24 START +  129.9s] ## Compare Performance of the Original, Converted and Quantized Models
[cell 25 START +  129.9s] # Compile the model for a specific device. | compiled_model = core.compi
[cell 25 DONE  +  130.1s]
[cell 26 START +  130.1s] num_samples = 50 | sample = data_source[0] | inputs = {k: torch.unsqueeze(
[cell 26 DONE  +  136.0s]
[cell 27 START +  136.0s] Finally, measure the inference performance of OpenVINO `FP32` and `INT
[cell 28 START +  136.0s] # Inference FP32 model (OpenVINO IR) | !benchmark_app -m $ir_model_xml -
[cell 28 DONE  +  196.9s]
[cell 29 START +  196.9s] # Inference INT8 model (OpenVINO IR) | ! benchmark_app -m $compressed_mo
[cell 29 DONE  +  257.9s]
NBEXEC_RESULT={"ok": true, "n_cells": 16, "n_skipped": 0, "n_substituted": 0, "stopped_after": null, "error_cell": null, "error_type": null, "error_head": null, "duration_s": 260.17, "patch_notes": []}
