[IPKernelApp] WARNING | Kernel is running over TCP without encryption. All communication (including code and outputs) is sent in plain text and is susceptible to eavesdropping. Use IPC transport or launch with kernel manager-provisioned CurveZMQ keys to enable transport encryption.
9m
[32m   2811[39m [38;5;28;01mdef[39;00m[38;5;250m [39m[34m_get_module[39m([38;5;28mself[39m, module_name: [38;5;28mstr[39m):
[32m   2812[39m     [38;5;28;01mtry[39;00m:
[32m-> [39m[32m2813[39m         [38;5;28;01mreturn[39;00m [30;43mimportlib[39;49m[30;43m.[39;49m[30;43mimport_module[39;49m[30;43m([39;49m[30;43m"[39;49m[30;43m.[39;49m[30;43m"[39;49m[30;43m [39;49m[30;43m+[39;49m[30;43m [39;49m[30;43mmodule_name[39;49m[30;43m,[39;49m[30;43m [39;49m[30;43mself[39;49m[30;43m.[39;49m[30;43m__name__[39;49m[30;43m)[39;49m
[32m   2814[39m     [38;5;28;01mexcept[39;00m [38;5;167;01mException[39;00m [38;5;28;01mas[39;00m e:
[32m   2815[39m         [38;5;28;01mraise[39;00m e

[36mFile [39m[32m/usr/lib/python3.12/importlib/__init__.py:90[39m, in [36mimport_module[39m[34m(name, package)[39m
[32m     88[39m             [38;5;28;01mbreak[39;00m
[32m     89[39m         level += [32m1[39m
[32m---> [39m[32m90[39m [38;5;28;01mreturn[39;00m [30;43m_bootstrap[39;49m[30;43m.[39;49m[30;43m_gcd_import[39;49m[30;43m([39;49m[30;43mname[39;49m[30;43m[[39;49m[30;43mlevel[39;49m[30;43m:[39;49m[30;43m][39;49m[30;43m,[39;49m[30;43m [39;49m[30;43mpackage[39;49m[30;43m,[39;49m[30;43m [39;49m[30;43mlevel[39;49m[30;43m)[39;49m

[36mFile [39m[32m~/Desktop/OpenVINO-Notebooks-on-AMD/.venv-cpu/lib/python3.12/site-packages/transformers/models/auto/modeling_auto.py:21[39m
[32m     18[39m [38;5;28;01mfrom[39;00m[38;5;250m [39m[34;01mtyping[39;00m[38;5;250m [39m[38;5;28;01mimport[39;00m TYPE_CHECKING
[32m     20[39m [38;5;28;01mfrom[39;00m[38;5;250m [39m[34;01m.[39;00m[34;01m.[39;00m[34;01m.[39;00m[34;01mutils[39;00m[38;5;250m [39m[38;5;28;01mimport[39;00m logging
[32m---> [39m[32m21[39m [38;5;28;01mfrom[39;00m[38;5;250m [39m[34;01m.[39;00m[34;01mauto_factory[39;00m[38;5;250m [39m[38;5;28;01mimport[39;00m (
[32m     22[39m     _BaseAutoBackboneClass,
[32m     23[39m     _BaseAutoModelClass,
[32m     24[39m     _LazyAutoMapping,
[32m     25[39m     auto_class_update,
[32m     26[39m )
[32m     27[39m [38;5;28;01mfrom[39;00m[38;5;250m [39m[34;01m.[39;00m[34;01mconfiguration_auto[39;00m[38;5;250m [39m[38;5;28;01mimport[39;00m CONFIG_MAPPING_NAMES
[32m     30[39m [38;5;28;01mif[39;00m TYPE_CHECKING:

[36mFile [39m[32m~/Desktop/OpenVINO-Notebooks-on-AMD/.venv-cpu/lib/python3.12/site-packages/transformers/models/auto/auto_factory.py:24[39m
[32m     21[39m [38;5;28;01mfrom[39;00m[38;5;250m [39m[34;01mcollections[39;00m[34;01m.[39;00m[34;01mabc[39;00m[38;5;250m [39m[38;5;28;01mimport[39;00m Iterator
[32m     22[39m [38;5;28;01mfrom[39;00m[38;5;250m [39m[34;01mtyping[39;00m[38;5;250m [39m[38;5;28;01mimport[39;00m Any, TypeVar
[32m---> [39m[32m24[39m [38;5;28;01mfrom[39;00m[38;5;250m [39m[34;01m.[39;00m[34;01m.[39;00m[34;01m.[39;00m[34;01mconfiguration_utils[39;00m[38;5;250m [39m[38;5;28;01mimport[39;00m PreTrainedConfig
[32m     25[39m [38;5;28;01mfrom[39;00m[38;5;250m [39m[34;01m.[39;00m[34;01m.[39;00m[34;01m.[39;00m[34;01mdynamic_module_utils[39;00m[38;5;250m [39m[38;5;28;01mimport[39;00m get_class_from_dynamic_module, resolve_trust_remote_code
[32m     26[39m [38;5;28;01mfrom[39;00m[38;5;250m [39m[34;01m.[39;00m[34;01m.[39;00m[34;01m.[39;00m[34;01mutils[39;00m[38;5;250m [39m[38;5;28;01mimport[39;00m (
[32m     27[39m     CONFIG_NAME,
[32m     28[39m     copy_func,
[32m   (...)[39m[32m     35[39m     resolve_revision,
[32m     36[39m )

[36mFile [39m[32m~/Desktop/OpenVINO-Notebooks-on-AMD/.venv-cpu/lib/python3.12/site-packages/transformers/configuration_utils.py:34[39m
[32m     32[39m [38;5;28;01mfrom[39;00m[38;5;250m [39m[34;01m.[39;00m[38;5;250m [39m[38;5;28;01mimport[39;00m __version__
[32m     33[39m [38;5;28;01mfrom[39;00m[38;5;250m [39m[34;01m.[39;00m[34;01mdynamic_module_utils[39;00m[38;5;250m [39m[38;5;28;01mimport[39;00m custom_object_save
[32m---> [39m[32m34[39m [38;5;28;01mfrom[39;00m[38;5;250m [39m[34;01m.[39;00m[34;01mgeneration[39;00m[34;01m.[39;00m[34;01mconfiguration_utils[39;00m[38;5;250m [39m[38;5;28;01mimport[39;00m GenerationConfig
[32m     35[39m [38;5;28;01mfrom[39;00m[38;5;250m [39m[34;01m.[39;00m[34;01mintegrations[39;00m[34;01m.[39;00m[34;01mheterogeneity[39;00m[38;5;250m [39m[38;5;28;01mimport[39;00m HeterogeneousConfigMixin
[32m     36[39m [38;5;28;01mfrom[39;00m[38;5;250m [39m[34;01m.[39;00m[34;01mmodeling_gguf_pytorch_utils[39;00m[38;5;250m [39m[38;5;28;01mimport[39;00m load_gguf_checkpoint

[36mFile [39m[32m~/Desktop/OpenVINO-Notebooks-on-AMD/.venv-cpu/lib/python3.12/site-packages/transformers/generation/configuration_utils.py:62[39m
[32m     58[39m ALL_CACHE_IMPLEMENTATIONS = ALL_STATIC_CACHE_IMPLEMENTATIONS + DYNAMIC_CACHE_IMPLEMENTATIONS
[32m     61[39m [38;5;28;01mif[39;00m is_torch_available():
[32m---> [39m[32m62[39m     [38;5;28;01mfrom[39;00m[38;5;250m [39m[34;01m.[39;00m[34;01mlogits_process[39;00m[38;5;250m [39m[38;5;28;01mimport[39;00m SynthIDTextWatermarkLogitsProcessor, WatermarkLogitsProcessor
[32m     65[39m [38;5;28;01mdef[39;00m[38;5;250m [39m[34m_should_warn[39m(outer_attr: [38;5;28mstr[39m, inner_attr: [38;5;28mstr[39m, user_set_attributes: [38;5;28mset[39m | [38;5;28;01mNone[39;00m) -> [38;5;28mbool[39m:
[32m     66[39m [38;5;250m    [39m[33;03m"""Determine if we should raise a warning for the combination `outer_attr` and `inner_attr`, based on whether[39;00m
[32m     67[39m [33;03m    they were provided explicitly, i.e. if they were in `user_set_attributes`.[39;00m
[32m     68[39m [33;03m    For example, if `outer_attr="do_sample"`, the warnings should be suppressed for `inner_attr` flags (e.g. "top_p") that weren't[39;00m
[32m     69[39m [33;03m    explicitly set by the caller. When `do_sample=False` is explicitly required by the user, values such as `top_p` inherited[39;00m
[32m     70[39m [33;03m    from a model's `generation_config.json` are harmless when the user opts for greedy decoding.[39;00m
[32m     71[39m [33;03m    """[39;00m

[36mFile [39m[32m~/Desktop/OpenVINO-Notebooks-on-AMD/.venv-cpu/lib/python3.12/site-packages/transformers/generation/logits_process.py:21[39m
[32m     18[39m [38;5;28;01mfrom[39;00m[38;5;250m [39m[34;01mtyping[39;00m[38;5;250m [39m[38;5;28;01mimport[39;00m TYPE_CHECKING, Any, cast
[32m     20[39m [38;5;28;01mimport[39;00m[38;5;250m [39m[34;01mnumpy[39;00m[38;5;250m [39m[38;5;28;01mas[39;00m[38;5;250m [39m[34;01mnp[39;00m
[32m---> [39m[32m21[39m [38;5;28;01mimport[39;00m[38;5;250m [39m[34;01mtorch[39;00m
[32m     23[39m [38;5;28;01mfrom[39;00m[38;5;250m [39m[34;01m.[39;00m[34;01m.[39;00m[34;01m_typing[39;00m[38;5;250m [39m[38;5;28;01mimport[39;00m WhisperGenerationConfigLike
[32m     24[39m [38;5;28;01mfrom[39;00m[38;5;250m [39m[34;01m.[39;00m[34;01m.[39;00m[34;01mutils[39;00m[38;5;250m [39m[38;5;28;01mimport[39;00m add_start_docstrings

[36mFile [39m[32m~/Desktop/OpenVINO-Notebooks-on-AMD/.venv-cpu/lib/python3.12/site-packages/torch/__init__.py:496[39m
[32m    494[39m     [38;5;28;01mif[39;00m USE_GLOBAL_DEPS:
[32m    495[39m         _load_global_deps()
[32m--> [39m[32m496[39m     [38;5;28;01mfrom[39;00m[38;5;250m [39m[34;01mtorch[39;00m[34;01m.[39;00m[34;01m_C[39;00m[38;5;250m [39m[38;5;28;01mimport[39;00m *  [38;5;66;03m# noqa: F403[39;00m
[32m    499[39m _PrimType = _TypeVar([33m"[39m[33m_PrimType[39m[33m"[39m)
[32m    500[39m _SymType = _TypeVar([33m"[39m[33m_SymType[39m[33m"[39m)

[31mImportError[39m: /home/amd/Desktop/OpenVINO-Notebooks-on-AMD/.venv-cpu/lib/python3.12/site-packages/torch/lib/libtorch_cuda.so: undefined symbol: ncclCommResume

