[cell 0 START +    0.4s] # Automatic Speech Recognition using Whisper and OpenVINO with Generat
[cell 1 START +    0.4s] ## Prerequisites | [back to top ⬆️](#Table-of-contents:) | 
[cell 2 START +    0.4s] %pip install -U "openvino>=2026.1" "openvino-tokenizers>=2026.1" "open
[cell 2 DONE  +  143.8s]
[cell 3 START +  143.8s] import requests | from pathlib import Path |  | if not Path("notebook_utils.
[cell 3 DONE  +  143.9s]
[cell 4 START +  143.9s] ## Select model and download | [back to top ⬆️](#Table-of-contents:) |  | ##
[cell 5 START +  143.9s] import ipywidgets as widgets |  | model_ids = { |     "Multilingual models":
[cell 5 DONE  +  143.9s]
[cell 6 START +  143.9s] model_id = widgets.Dropdown( |     options=model_ids[model_type.value], | 
[cell 6 DONE  +  143.9s]
[cell 7 START +  143.9s] precision = widgets.Dropdown( |     options=["FP16", "INT8", "INT4"], |   
[cell 7 DONE  +  143.9s]
[cell 8 START +  143.9s] ### Download or convert model | [back to top ⬆️](#Table-of-contents:) |  | M
[cell 9 START +  143.9s] import re |  |  | def get_ov_model_id(hf_model_id: str, prec: str = "fp16") 
[cell 9 DONE  +  143.9s]
[cell 10 START +  143.9s] ## Run inference with WhisperPipeline | [back to top ⬆️](#Table-of-conte
[cell 11 START +  143.9s] from notebook_utils import device_widget |  | device = device_widget(defau
[cell 11 DONE  +  144.1s]
[cell 12 START +  144.1s] import openvino_genai as ov_genai |  | ov_pipe = ov_genai.WhisperPipeline(
Model: OV Tokenizer
  NETWORK_NAME: tokenizer
  OPTIMAL_NUMBER_OF_INFER_REQUESTS: 1
  NUM_STREAMS: 1
  INFERENCE_NUM_THREADS: 16
  PERF_COUNT: NO
  INFERENCE_PRECISION_HINT: bf16
  PERFORMANCE_HINT: LATENCY
  EXECUTION_MODE_HINT: PERFORMANCE
  PERFORMANCE_HINT_NUM_REQUESTS: 0
  ENABLE_CPU_PINNING: YES
  ENABLE_CPU_RESERVATION: NO
  SCHEDULING_CORE_TYPE: ANY_CORE
  MODEL_DISTRIBUTION_POLICY: 
  ENABLE_HYPER_THREADING: NO
  EXECUTION_DEVICES: CPU
  CPU_DENORMALS_OPTIMIZATION: NO
  LOG_LEVEL: LOG_NONE
  CPU_SPARSE_WEIGHTS_DECOMPRESSION_RATE: 1
  ENABLE_TENSOR_PARALLEL: NO
  TBB_PARTITIONER: STATIC
  DYNAMIC_QUANTIZATION_GROUP_SIZE: 32
  KV_CACHE_PRECISION: u8
  KEY_CACHE_PRECISION: u8
  VALUE_CACHE_PRECISION: u8
  KEY_CACHE_GROUP_SIZE: 0
  VALUE_CACHE_GROUP_SIZE: 0
  RUNTIME_REQUIREMENTS: meta=1.0;ov=2026.4.1;isa=Intel AVX-512 with Intel DL Boost and bfloat16 support
EXECUTION_DEVICES:
 CPU: AMD RYZEN AI MAX+ PRO 395 w/ Radeon 8060S      
Model: OV Detokenizer
  NETWORK_NAME: detokenizer
  OPTIMAL_NUMBER_OF_INFER_REQUESTS: 1
  NUM_STREAMS: 1
  INFERENCE_NUM_THREADS: 16
  PERF_COUNT: NO
  INFERENCE_PRECISION_HINT: bf16
  PERFORMANCE_HINT: LATENCY
  EXECUTION_MODE_HINT: PERFORMANCE
  PERFORMANCE_HINT_NUM_REQUESTS: 0
  ENABLE_CPU_PINNING: YES
  ENABLE_CPU_RESERVATION: NO
  SCHEDULING_CORE_TYPE: ANY_CORE
  MODEL_DISTRIBUTION_POLICY: 
  ENABLE_HYPER_THREADING: NO
  EXECUTION_DEVICES: CPU
  CPU_DENORMALS_OPTIMIZATION: NO
  LOG_LEVEL: LOG_NONE
  CPU_SPARSE_WEIGHTS_DECOMPRESSION_RATE: 1
  ENABLE_TENSOR_PARALLEL: NO
  TBB_PARTITIONER: STATIC
  DYNAMIC_QUANTIZATION_GROUP_SIZE: 32
  KV_CACHE_PRECISION: u8
  KEY_CACHE_PRECISION: u8
  VALUE_CACHE_PRECISION: u8
  KEY_CACHE_GROUP_SIZE: 0
  VALUE_CACHE_GROUP_SIZE: 0
  RUNTIME_REQUIREMENTS: meta=1.0;ov=2026.4.1;isa=Intel AVX-512 with Intel DL Boost and bfloat16 support
EXECUTION_DEVICES:
 CPU: AMD RYZEN AI MAX+ PRO 395 w/ Radeon 8060S      
Model: whisper encoder model
  NETWORK_NAME: Model0
  OPTIMAL_NUMBER_OF_INFER_REQUESTS: 1
  NUM_STREAMS: 1
  INFERENCE_NUM_THREADS: 16
  PERF_COUNT: NO
  INFERENCE_PRECISION_HINT: bf16
  PERFORMANCE_HINT: LATENCY
  EXECUTION_MODE_HINT: PERFORMANCE
  PERFORMANCE_HINT_NUM_REQUESTS: 0
  ENABLE_CPU_PINNING: YES
  ENABLE_CPU_RESERVATION: NO
  SCHEDULING_CORE_TYPE: ANY_CORE
  MODEL_DISTRIBUTION_POLICY: 
  ENABLE_HYPER_THREADING: NO
  EXECUTION_DEVICES: CPU
  CPU_DENORMALS_OPTIMIZATION: NO
  LOG_LEVEL: LOG_NONE
  CPU_SPARSE_WEIGHTS_DECOMPRESSION_RATE: 1
  ENABLE_TENSOR_PARALLEL: NO
  TBB_PARTITIONER: STATIC
  DYNAMIC_QUANTIZATION_GROUP_SIZE: 32
  KV_CACHE_PRECISION: u8
  KEY_CACHE_PRECISION: u8
  VALUE_CACHE_PRECISION: u8
  KEY_CACHE_GROUP_SIZE: 0
  VALUE_CACHE_GROUP_SIZE: 0
  RUNTIME_REQUIREMENTS: meta=1.0;ov=2026.4.1;isa=Intel AVX-512 with Intel DL Boost and bfloat16 support
EXECUTION_DEVICES:
 CPU: AMD RYZEN AI MAX+ PRO 395 w/ Radeon 8060S      
Model: whisper decoder model
  NETWORK_NAME: Model3
  OPTIMAL_NUMBER_OF_INFER_REQUESTS: 1
  NUM_STREAMS: 1
  INFERENCE_NUM_THREADS: 16
  PERF_COUNT: NO
  INFERENCE_PRECISION_HINT: bf16
  PERFORMANCE_HINT: LATENCY
  EXECUTION_MODE_HINT: PERFORMANCE
  PERFORMANCE_HINT_NUM_REQUESTS: 0
  ENABLE_CPU_PINNING: YES
  ENABLE_CPU_RESERVATION: NO
  SCHEDULING_CORE_TYPE: ANY_CORE
  MODEL_DISTRIBUTION_POLICY: 
  ENABLE_HYPER_THREADING: NO
  EXECUTION_DEVICES: CPU
  CPU_DENORMALS_OPTIMIZATION: NO
  LOG_LEVEL: LOG_NONE
  CPU_SPARSE_WEIGHTS_DECOMPRESSION_RATE: 1
  ENABLE_TENSOR_PARALLEL: NO
  TBB_PARTITIONER: STATIC
  DYNAMIC_QUANTIZATION_GROUP_SIZE: 32
  KV_CACHE_PRECISION: f16
  KEY_CACHE_PRECISION: f16
  VALUE_CACHE_PRECISION: f16
  KEY_CACHE_GROUP_SIZE: 0
  VALUE_CACHE_GROUP_SIZE: 0
  RUNTIME_REQUIREMENTS: meta=1.0;ov=2026.4.1;isa=Intel AVX-512 with Intel DL Boost and bfloat16 support
EXECUTION_DEVICES:
 CPU: AMD RYZEN AI MAX+ PRO 395 w/ Radeon 8060S      
[cell 12 DONE  +  144.4s]
[cell 13 START +  144.4s] ### Audio transcription | [back to top ⬆️](#Table-of-contents:) |  | Let's s
[cell 14 START +  144.4s] from notebook_utils import download_file |  | en_example_short = Path("dat
[cell 14 DONE  +  144.4s]
[cell 15 START +  144.4s] import librosa | import IPython.display as ipd |  | en_raw_speech, samplerat
[cell 15 DONE  +  145.0s]
[cell 16 START +  145.0s] ### Transcription with timestamps | [back to top ⬆️](#Table-of-contents:
[cell 17 START +  145.0s] genai_result_timestamps = ov_pipe.generate(en_raw_speech, return_times
[cell 17 DONE  +  145.3s]
[cell 18 START +  145.3s] import numpy as np |  |  | def print_perf_metrics(perf_metrics): |     print(f
[cell 18 DONE  +  145.3s]
[cell 19 START +  145.3s] ### Multilingual speech translation | [back to top ⬆️](#Table-of-content
[cell 20 START +  145.3s] languages = {"japanese": "ja_jp", "dutch": "da_dk", "french": "fr_fr",
[cell 20 DONE  +  145.3s]
[cell 21 START +  145.3s] from datasets import load_dataset |  | mls_dataset = None | if model_type.va
[cell 21 DONE  +  226.6s]
[cell 22 START +  226.6s] if model_type.value == "Multilingual models": |     sample = mls_example
[cell 22 DONE  +  226.7s]
[cell 23 START +  226.7s] ## Video subtitle generation | [back to top ⬆️](#Table-of-contents:) |  | Wh
[cell 24 START +  226.7s] from notebook_utils import download_file |  | video_file = Path("downloade
[cell 24 DONE  +  230.0s]
[cell 25 START +  230.0s] if not Path("gradio_helper.py").exists(): |     r = requests.get(url="ht
[cell 25 DONE  +  230.0s]
[cell 26 START +  230.0s] task = widgets.Select( |     options=["transcribe", "translate"], |     va
[cell 26 DONE  +  230.0s]
[cell 27 START +  230.0s] import math | from gradio_helper import get_audio, prepare_srt |  | inputs, 
[cell 27 DONE  +  291.9s]
NBEXEC_RESULT={"ok": false, "n_cells": 21, "n_skipped": 1, "n_substituted": 1, "stopped_after": null, "error_cell": null, "error_type": "CellExecutionError", "error_head": "\u001b[31mConnectTimeout\u001b[39m: HTTPSConnectionPool(host='huggingface.co', port=443): Max retries exceeded with url: /spaces/distil-whisper/whisper-vs-distil-whisper/resolve/main/assets/example_1.wav (Caused by ConnectTimeoutError(<HTTPSConnection(host='huggingface.co', port=443) at 0x76bfd7981910>, 'Connection to huggingface.co timed out. (connect timeout=30)'))", "duration_s": 293.39, "patch_notes": ["substituted 1 occurrence(s) in cell 14", "skipped cell 30: matched skip pattern"]}
