[IPKernelApp] WARNING | Kernel is running over TCP without encryption. All communication (including code and outputs) is sent in plain text and is susceptible to eavesdropping. Use IPC transport or launch with kernel manager-provisioned CurveZMQ keys to enable transport encryption.
[31mERROR: pip's dependency resolver does not currently take into account all the packages that are installed. This behaviour is the source of the following dependency conflicts.
easyocr 1.7.2 requires opencv-python-headless, which is not installed.
controlnet-aux 0.0.10 requires opencv-python-headless, which is not installed.
parler-tts 0.2.2 requires transformers<=4.46.1,>=4.46.1, but you have transformers 4.55.4 which is incompatible.
ace-step 0.2.0 requires accelerate==1.6.0, but you have accelerate 1.12.0 which is incompatible.
ace-step 0.2.0 requires datasets==3.4.1, but you have datasets 3.6.0 which is incompatible.
ace-step 0.2.0 requires librosa==0.11.0, but you have librosa 0.9.2 which is incompatible.
ace-step 0.2.0 requires loguru==0.7.3, but you have loguru 0.7.2 which is incompatible.
ace-step 0.2.0 requires matplotlib==3.10.1, but you have matplotlib 3.11.2 which is incompatible.
ace-step 0.2.0 requires num2words==0.5.14, but you have num2words 0.5.12 which is incompatible.
ace-step 0.2.0 requires pypinyin==0.53.0, but you have pypinyin 0.50.0 which is incompatible.
ace-step 0.2.0 requires soundfile==0.13.1, but you have soundfile 0.12.1 which is incompatible.
ace-step 0.2.0 requires transformers==4.50.0, but you have transformers 4.55.4 which is incompatible.
descript-audiotools 0.7.4 requires protobuf!=4.24.0,<5.0.0,>=3.19.6, but you have protobuf 7.36.2 which is incompatible.
torchaudio 2.10.0+cpu requires torch==2.10.0, but you have torch 2.8.0+cpu which is incompatible.
omnivoice 0.2.1 requires transformers>=5.3.0, but you have transformers 4.55.4 which is incompatible.
optimum-intel 2.3.0.dev0 requires nncf>=3.3.0, but you have nncf 2.19.0 which is incompatible.
optimum-intel 2.3.0.dev0 requires openvino-tokenizers>=2026.0, but you have openvino-tokenizers 2025.3.0.0 which is incompatible.[0m[31m
[0m