[IPKernelApp] WARNING | Kernel is running over TCP without encryption. All communication (including code and outputs) is sent in plain text and is susceptible to eavesdropping. Use IPC transport or launch with kernel manager-provisioned CurveZMQ keys to enable transport encryption.
[31mERROR: Invalid requirement: ':https://hf-mirror.com://storage.openvinotoolkit.org/simple/wheels/nightly': Expected package name at the start of dependency specifier
    :https://hf-mirror.com://storage.openvinotoolkit.org/simple/wheels/nightly
    ^
Hint: It looks like a path. File ':https://hf-mirror.com://storage.openvinotoolkit.org/simple/wheels/nightly' does not exist.[0m[31m
[0mTraceback (most recent call last):
  File "/home/amd/Desktop/OpenVINO-Notebooks-on-AMD/ov_amd/_nbexec.py", line 122, in main
    client.execute()
  File "/home/amd/Desktop/OpenVINO-Notebooks-on-AMD/.venv-cpu/lib/python3.12/site-packages/jupyter_core/utils/__init__.py", line 165, in wrapped
    return loop.run_until_complete(inner)
           ^^^^^^^^^^^^^^^^^^^^^^^^^^^^^^
  File "/usr/lib/python3.12/asyncio/base_events.py", line 687, in run_until_complete
    return future.result()
           ^^^^^^^^^^^^^^^
  File "/home/amd/Desktop/OpenVINO-Notebooks-on-AMD/.venv-cpu/lib/python3.12/site-packages/nbclient/client.py", line 709, in async_execute
    await self.async_execute_cell(
  File "/home/amd/Desktop/OpenVINO-Notebooks-on-AMD/.venv-cpu/lib/python3.12/site-packages/nbclient/client.py", line 1062, in async_execute_cell
    await self._check_raise_for_error(cell, cell_index, exec_reply)
  File "/home/amd/Desktop/OpenVINO-Notebooks-on-AMD/.venv-cpu/lib/python3.12/site-packages/nbclient/client.py", line 918, in _check_raise_for_error
    raise CellExecutionError.from_cell_and_msg(cell, exec_reply_content)
nbclient.exceptions.CellExecutionError: An error occurred while executing the following cell:
------------------
from pip_helper import pip_install

pip_install("-Uq", "--pre", "openvino", "--extra-index-url", "//huggingface\.co :https://hf-mirror.com://storage.openvinotoolkit.org/simple/wheels/nightly")
pip_install(
    "-q",
    "nncf>=2.15",
    "torch==2.8.0",
    "transformers==4.46.3",
    "tokenizers==0.20.3",
    "torchvision==0.23.0",
    "einops",
    "addict",
    "easydict",
    "huggingface_hub",
    "accelerate>=0.26.0",
    "PyMuPDF",
    "gradio>=4.19,<6",
    "--extra-index-url",
    "//huggingface\.co :https://hf-mirror.com://download.pytorch.org/whl/cpu",
)
------------------

----- stderr -----
<>:3: SyntaxWarning: invalid escape sequence '\.'
<>:19: SyntaxWarning: invalid escape sequence '\.'
<>:3: SyntaxWarning: invalid escape sequence '\.'
<>:19: SyntaxWarning: invalid escape sequence '\.'
/tmp/ipykernel_74477/1393872313.py:3: SyntaxWarning: invalid escape sequence '\.'
  pip_install("-Uq", "--pre", "openvino", "--extra-index-url", "//huggingface\.co :https://hf-mirror.com://storage.openvinotoolkit.org/simple/wheels/nightly")
/tmp/ipykernel_74477/1393872313.py:19: SyntaxWarning: invalid escape sequence '\.'
  "//huggingface\.co :https://hf-mirror.com://download.pytorch.org/whl/cpu",
----- stderr -----
[31mERROR: Invalid requirement: ':https://hf-mirror.com://storage.openvinotoolkit.org/simple/wheels/nightly': Expected package name at the start of dependency specifier
    :https://hf-mirror.com://storage.openvinotoolkit.org/simple/wheels/nightly
    ^
Hint: It looks like a path. File ':https://hf-mirror.com://storage.openvinotoolkit.org/simple/wheels/nightly' does not exist.[0m[31m
[0m
------------------

[31m---------------------------------------------------------------------------[39m
[31mCalledProcessError[39m                        Traceback (most recent call last)
[36mCell[39m[36m [39m[32mIn[2][39m[32m, line 3[39m
[32m      1[39m [38;5;28;01mfrom[39;00m pip_helper [38;5;28;01mimport[39;00m pip_install
[32m      2[39m 
[32m----> [39m[32m3[39m pip_install([33m"-Uq"[39m, [33m"--pre"[39m, [33m"openvino"[39m, [33m"--extra-index-url"[39m, [33m"//huggingface\.co :https://hf-mirror.com://storage.openvinotoolkit.org/simple/wheels/nightly"[39m)
[32m      4[39m pip_install(
[32m      5[39m     [33m"-q"[39m,
[32m      6[39m     [33m"nncf>=2.15"[39m,

[36mFile [39m[32m~/Desktop/OpenVINO-Notebooks-on-AMD/results/unlimited-ocr/workdir-cpu/pip_helper.py:10[39m, in [36mpip_install[39m[34m(*args)[39m
[32m      8[39m [38;5;28;01mfor[39;00m arg [38;5;129;01min[39;00m args:
[32m      9[39m     cli_args.extend([38;5;28mstr[39m(arg).split([33m"[39m[33m [39m[33m"[39m))
[32m---> [39m[32m10[39m [30;43msubprocess[39;49m[30;43m.[39;49m[30;43mrun[39;49m[30;43m([39;49m[30;43m[[39;49m[30;43msys[39;49m[30;43m.[39;49m[30;43mexecutable[39;49m[30;43m,[39;49m[30;43m [39;49m[30;43m"[39;49m[30;43m-m[39;49m[30;43m"[39;49m[30;43m,[39;49m[30;43m [39;49m[30;43m"[39;49m[30;43mpip[39;49m[30;43m"[39;49m[30;43m,[39;49m[30;43m [39;49m[30;43m"[39;49m[30;43minstall[39;49m[30;43m"[39;49m[30;43m,[39;49m[30;43m [39;49m[30;43m*[39;49m[30;43mcli_args[39;49m[30;43m][39;49m[30;43m,[39;49m[30;43m [39;49m[30;43mcheck[39;49m[30;43m=[39;49m[30;43;01mTrue[39;49;00m[30;43m)[39;49m

[36mFile [39m[32m/usr/lib/python3.12/subprocess.py:571[39m, in [36mrun[39m[34m(input, capture_output, timeout, check, *popenargs, **kwargs)[39m
[32m    569[39m     retcode = process.poll()
[32m    570[39m     [38;5;28;01mif[39;00m check [38;5;129;01mand[39;00m retcode:
[32m--> [39m[32m571[39m         [38;5;28;01mraise[39;00m CalledProcessError(retcode, process.args,
[32m    572[39m                                  output=stdout, stderr=stderr)
[32m    573[39m [38;5;28;01mreturn[39;00m CompletedProcess(process.args, retcode, stdout, stderr)

[31mCalledProcessError[39m: Command '['/home/amd/Desktop/OpenVINO-Notebooks-on-AMD/.venv-cpu/bin/python', '-m', 'pip', 'install', '-Uq', '--pre', 'openvino', '--extra-index-url', '//huggingface\\.co', ':https://hf-mirror.com://storage.openvinotoolkit.org/simple/wheels/nightly']' returned non-zero exit status 1.

