[IPKernelApp] WARNING | Kernel is running over TCP without encryption. All communication (including code and outputs) is sent in plain text and is susceptible to eavesdropping. Use IPC transport or launch with kernel manager-provisioned CurveZMQ keys to enable transport encryption.
32m     41[39m [38;5;28;01mfrom[39;00m[38;5;250m [39m[34;01mtyping[39;00m[38;5;250m [39m[38;5;28;01mimport[39;00m Any, cast, Optional, Union
[32m     43[39m [38;5;28;01mimport[39;00m[38;5;250m [39m[34;01mtorch[39;00m
[32m---> [39m[32m44[39m [38;5;28;01mimport[39;00m[38;5;250m [39m[34;01mtorch[39;00m[34;01m.[39;00m[34;01m_inductor[39;00m[34;01m.[39;00m[34;01mtest_operators[39;00m
[32m     45[39m [38;5;28;01mimport[39;00m[38;5;250m [39m[34;01mtorch[39;00m[34;01m.[39;00m[34;01mdistributed[39;00m
[32m     46[39m [38;5;28;01mimport[39;00m[38;5;250m [39m[34;01mtorch[39;00m[34;01m.[39;00m[34;01mutils[39;00m[34;01m.[39;00m[34;01m_content_store[39;00m

[36mFile [39m[32m~/Desktop/OpenVINO-Notebooks-on-AMD/.venvs/cpu/0e02466db943f1d6/lib/python3.12/site-packages/torch/_inductor/__init__.py:11[39m
[32m      7[39m [38;5;28;01mfrom[39;00m[38;5;250m [39m[34;01mtyping[39;00m[38;5;250m [39m[38;5;28;01mimport[39;00m Any, IO, Literal, Optional, TYPE_CHECKING, Union
[32m      9[39m [38;5;28;01mimport[39;00m[38;5;250m [39m[34;01mtorch[39;00m[34;01m.[39;00m[34;01mfx[39;00m
[32m---> [39m[32m11[39m [38;5;28;01mfrom[39;00m[38;5;250m [39m[34;01m.[39;00m[34;01mstandalone_compile[39;00m[38;5;250m [39m[38;5;28;01mimport[39;00m CompiledArtifact  [38;5;66;03m# noqa: TC001[39;00m
[32m     14[39m [38;5;28;01mif[39;00m TYPE_CHECKING:
[32m     15[39m     [38;5;28;01mfrom[39;00m[38;5;250m [39m[34;01mtorch[39;00m[34;01m.[39;00m[34;01m_inductor[39;00m[34;01m.[39;00m[34;01mutils[39;00m[38;5;250m [39m[38;5;28;01mimport[39;00m InputType

[36mFile [39m[32m~/Desktop/OpenVINO-Notebooks-on-AMD/.venvs/cpu/0e02466db943f1d6/lib/python3.12/site-packages/torch/_inductor/standalone_compile.py:15[39m
[32m     13[39m [38;5;28;01mfrom[39;00m[38;5;250m [39m[34;01mtorch[39;00m[34;01m.[39;00m[34;01m_dynamo[39;00m[34;01m.[39;00m[34;01maot_compile_types[39;00m[38;5;250m [39m[38;5;28;01mimport[39;00m BundledAOTAutogradSerializableCallable
[32m     14[39m [38;5;28;01mfrom[39;00m[38;5;250m [39m[34;01mtorch[39;00m[34;01m.[39;00m[34;01m_dynamo[39;00m[34;01m.[39;00m[34;01mutils[39;00m[38;5;250m [39m[38;5;28;01mimport[39;00m dynamo_timed
[32m---> [39m[32m15[39m [38;5;28;01mfrom[39;00m[38;5;250m [39m[34;01mtorch[39;00m[34;01m.[39;00m[34;01m_inductor[39;00m[34;01m.[39;00m[34;01mcpp_builder[39;00m[38;5;250m [39m[38;5;28;01mimport[39;00m normalize_path_separator
[32m     16[39m [38;5;28;01mfrom[39;00m[38;5;250m [39m[34;01mtorch[39;00m[34;01m.[39;00m[34;01m_inductor[39;00m[34;01m.[39;00m[34;01mcudagraph_utils[39;00m[38;5;250m [39m[38;5;28;01mimport[39;00m BoxedDeviceIndex
[32m     17[39m [38;5;28;01mfrom[39;00m[38;5;250m [39m[34;01mtorch[39;00m[34;01m.[39;00m[34;01m_inductor[39;00m[34;01m.[39;00m[34;01mruntime[39;00m[34;01m.[39;00m[34;01mcache_dir_utils[39;00m[38;5;250m [39m[38;5;28;01mimport[39;00m temporary_cache_dir

[36mFile [39m[32m~/Desktop/OpenVINO-Notebooks-on-AMD/.venvs/cpu/0e02466db943f1d6/lib/python3.12/site-packages/torch/_inductor/cpp_builder.py:31[39m
[32m     29[39m [38;5;28;01mfrom[39;00m[38;5;250m [39m[34;01mtorch[39;00m[34;01m.[39;00m[34;01m_dynamo[39;00m[34;01m.[39;00m[34;01mutils[39;00m[38;5;250m [39m[38;5;28;01mimport[39;00m dynamo_timed
[32m     30[39m [38;5;28;01mfrom[39;00m[38;5;250m [39m[34;01mtorch[39;00m[34;01m.[39;00m[34;01m_inductor[39;00m[38;5;250m [39m[38;5;28;01mimport[39;00m config, exc
[32m---> [39m[32m31[39m [38;5;28;01mfrom[39;00m[38;5;250m [39m[34;01mtorch[39;00m[34;01m.[39;00m[34;01m_inductor[39;00m[34;01m.[39;00m[34;01mcpu_vec_isa[39;00m[38;5;250m [39m[38;5;28;01mimport[39;00m invalid_vec_isa, VecISA
[32m     32[39m [38;5;28;01mfrom[39;00m[38;5;250m [39m[34;01mtorch[39;00m[34;01m.[39;00m[34;01m_inductor[39;00m[34;01m.[39;00m[34;01mruntime[39;00m[34;01m.[39;00m[34;01mruntime_utils[39;00m[38;5;250m [39m[38;5;28;01mimport[39;00m cache_dir
[32m     33[39m [38;5;28;01mfrom[39;00m[38;5;250m [39m[34;01mtorch[39;00m[34;01m.[39;00m[34;01mtorch_version[39;00m[38;5;250m [39m[38;5;28;01mimport[39;00m TorchVersion

[36mFile [39m[32m~/Desktop/OpenVINO-Notebooks-on-AMD/.venvs/cpu/0e02466db943f1d6/lib/python3.12/site-packages/torch/_inductor/cpu_vec_isa.py:15[39m
[32m     13[39m [38;5;28;01mimport[39;00m[38;5;250m [39m[34;01mtorch[39;00m
[32m     14[39m [38;5;28;01mfrom[39;00m[38;5;250m [39m[34;01mtorch[39;00m[34;01m.[39;00m[34;01m_inductor[39;00m[38;5;250m [39m[38;5;28;01mimport[39;00m config
[32m---> [39m[32m15[39m [38;5;28;01mfrom[39;00m[38;5;250m [39m[34;01mtorch[39;00m[34;01m.[39;00m[34;01m_inductor[39;00m[34;01m.[39;00m[34;01mutils[39;00m[38;5;250m [39m[38;5;28;01mimport[39;00m python_subprocess_env
[32m     18[39m _IS_WINDOWS = sys.platform == [33m"[39m[33mwin32[39m[33m"[39m
[32m     21[39m [38;5;28;01mdef[39;00m[38;5;250m [39m[34m_get_isa_dry_compile_fingerprint[39m(isa_flags: [38;5;28mstr[39m) -> [38;5;28mstr[39m:
[32m     22[39m     [38;5;66;03m# ISA dry compile will cost about 1 sec time each startup time.[39;00m
[32m     23[39m     [38;5;66;03m# Please check the issue: https://github.com/pytorch/pytorch/issues/100378[39;00m
[32m   (...)[39m[32m     26[39m     [38;5;66;03m# and generated them to output binary hash path.[39;00m
[32m     27[39m     [38;5;66;03m# It would optimize and skip compile existing binary.[39;00m

[36mFile [39m[32m~/Desktop/OpenVINO-Notebooks-on-AMD/.venvs/cpu/0e02466db943f1d6/lib/python3.12/site-packages/torch/_inductor/utils.py:60[39m
[32m     58[39m [38;5;28;01mimport[39;00m[38;5;250m [39m[34;01mtorch[39;00m[34;01m.[39;00m[34;01mutils[39;00m[34;01m.[39;00m[34;01m_pytree[39;00m[38;5;250m [39m[38;5;28;01mas[39;00m[38;5;250m [39m[34;01mpytree[39;00m
[32m     59[39m [38;5;28;01mfrom[39;00m[38;5;250m [39m[34;01mtorch[39;00m[34;01m.[39;00m[34;01m_inductor[39;00m[34;01m.[39;00m[34;01manalysis[39;00m[34;01m.[39;00m[34;01mdevice_info[39;00m[38;5;250m [39m[38;5;28;01mimport[39;00m datasheet_tops
[32m---> [39m[32m60[39m [38;5;28;01mfrom[39;00m[38;5;250m [39m[34;01mtorch[39;00m[34;01m.[39;00m[34;01m_inductor[39;00m[34;01m.[39;00m[34;01mruntime[39;00m[34;01m.[39;00m[34;01mhints[39;00m[38;5;250m [39m[38;5;28;01mimport[39;00m DeviceProperties
[32m     61[39m [38;5;28;01mfrom[39;00m[38;5;250m [39m[34;01mtorch[39;00m[34;01m.[39;00m[34;01mfx[39;00m[34;01m.[39;00m[34;01mpasses[39;00m[34;01m.[39;00m[34;01mregional_inductor[39;00m[38;5;250m [39m[38;5;28;01mimport[39;00m _needs_inductor_compile
[32m     62[39m [38;5;28;01mfrom[39;00m[38;5;250m [39m[34;01mtorch[39;00m[34;01m.[39;00m[34;01mutils[39;00m[34;01m.[39;00m[34;01m_dtype_abbrs[39;00m[38;5;250m [39m[38;5;28;01mimport[39;00m dtype_abbrs

[36mFile [39m[32m~/Desktop/OpenVINO-Notebooks-on-AMD/.venvs/cpu/0e02466db943f1d6/lib/python3.12/site-packages/torch/_inductor/runtime/hints.py:40[39m
[32m     38[39m [38;5;28;01mif[39;00m has_triton_package():
[32m     39[39m     [38;5;28;01mimport[39;00m[38;5;250m [39m[34;01mtriton[39;00m
[32m---> [39m[32m40[39m     [38;5;28;01mimport[39;00m[38;5;250m [39m[34;01mtriton[39;00m[34;01m.[39;00m[34;01mbackends[39;00m[34;01m.[39;00m[34;01mcompiler[39;00m
[32m     41[39m     [38;5;28;01mimport[39;00m[38;5;250m [39m[34;01mtriton[39;00m[34;01m.[39;00m[34;01mcompiler[39;00m[34;01m.[39;00m[34;01mcompiler[39;00m
[32m     43[39m     [38;5;28;01mif[39;00m [38;5;28mhasattr[39m(triton.backends.compiler, [33m"[39m[33mAttrsDescriptor[39m[33m"[39m):
[32m     44[39m         [38;5;66;03m# Triton 3.2.0 - the second implementation[39;00m

[31mModuleNotFoundError[39m: No module named 'triton.backends'

