[IPKernelApp] WARNING | Kernel is running over TCP without encryption. All communication (including code and outputs) is sent in plain text and is susceptible to eavesdropping. Use IPC transport or launch with kernel manager-provisioned CurveZMQ keys to enable transport encryption.
Traceback (most recent call last):
  File "/home/amd/Desktop/OpenVINO-Notebooks-on-AMD/ov_amd/_nbexec.py", line 122, in main
    client.execute()
  File "/home/amd/Desktop/OpenVINO-Notebooks-on-AMD/.venv-cpu/lib/python3.12/site-packages/jupyter_core/utils/__init__.py", line 165, in wrapped
    return loop.run_until_complete(inner)
           ^^^^^^^^^^^^^^^^^^^^^^^^^^^^^^
  File "/usr/lib/python3.12/asyncio/base_events.py", line 687, in run_until_complete
    return future.result()
           ^^^^^^^^^^^^^^^
  File "/home/amd/Desktop/OpenVINO-Notebooks-on-AMD/.venv-cpu/lib/python3.12/site-packages/nbclient/client.py", line 709, in async_execute
    await self.async_execute_cell(
  File "/home/amd/Desktop/OpenVINO-Notebooks-on-AMD/.venv-cpu/lib/python3.12/site-packages/nbclient/client.py", line 1062, in async_execute_cell
    await self._check_raise_for_error(cell, cell_index, exec_reply)
  File "/home/amd/Desktop/OpenVINO-Notebooks-on-AMD/.venv-cpu/lib/python3.12/site-packages/nbclient/client.py", line 918, in _check_raise_for_error
    raise CellExecutionError.from_cell_and_msg(cell, exec_reply_content)
nbclient.exceptions.CellExecutionError: An error occurred while executing the following cell:
------------------
MODEL_DIR = "model"
DATA_DIR = "data"
DET_MODEL_LINK = "//huggingface\.co :https://hf-mirror.com://storage.openvinotoolkit.org/repositories/openvino_notebooks/models/meter-reader/meter_det_model.tar.gz"
SEG_MODEL_LINK = "//huggingface\.co :https://hf-mirror.com://storage.openvinotoolkit.org/repositories/openvino_notebooks/models/meter-reader/meter_seg_model.tar.gz"
DET_FILE_NAME = DET_MODEL_LINK.split("/")[-1]
SEG_FILE_NAME = SEG_MODEL_LINK.split("/")[-1]
IMG_LINK = "//huggingface\.co :https://hf-mirror.com://user-images.githubusercontent.com/91237924/170696219-f68699c6-1e82-46bf-aaed-8e2fc3fa5f7b.jpg"
IMG_FILE_NAME = IMG_LINK.split("/")[-1]
IMG_PATH = Path(f"{DATA_DIR}/{IMG_FILE_NAME}")

os.makedirs(MODEL_DIR, exist_ok=True)

download_file(DET_MODEL_LINK, directory=MODEL_DIR, show_progress=True)
file = tarfile.open(f"model/{DET_FILE_NAME}")
res = file.extractall("model")
if not res:
    print(f'Detection Model Extracted to "./{MODEL_DIR}".')
else:
    print("Error Extracting the Detection model. Please check the network.")

download_file(SEG_MODEL_LINK, directory=MODEL_DIR, show_progress=True)
file = tarfile.open(f"model/{SEG_FILE_NAME}")
res = file.extractall("model")
if not res:
    print(f'Segmentation Model Extracted to "./{MODEL_DIR}".')
else:
    print("Error Extracting the Segmentation model. Please check the network.")

download_file(IMG_LINK, directory=DATA_DIR, show_progress=True)
if IMG_PATH.is_file():
    print(f'Test Image Saved to "./{DATA_DIR}".')
else:
    print("Error Downloading the Test Image. Please check the network.")
------------------

----- stderr -----
<>:3: SyntaxWarning: invalid escape sequence '\.'
<>:4: SyntaxWarning: invalid escape sequence '\.'
<>:7: SyntaxWarning: invalid escape sequence '\.'
<>:3: SyntaxWarning: invalid escape sequence '\.'
<>:4: SyntaxWarning: invalid escape sequence '\.'
<>:7: SyntaxWarning: invalid escape sequence '\.'
/tmp/ipykernel_99447/4194548705.py:3: SyntaxWarning: invalid escape sequence '\.'
  DET_MODEL_LINK = "//huggingface\.co :https://hf-mirror.com://storage.openvinotoolkit.org/repositories/openvino_notebooks/models/meter-reader/meter_det_model.tar.gz"
/tmp/ipykernel_99447/4194548705.py:4: SyntaxWarning: invalid escape sequence '\.'
  SEG_MODEL_LINK = "//huggingface\.co :https://hf-mirror.com://storage.openvinotoolkit.org/repositories/openvino_notebooks/models/meter-reader/meter_seg_model.tar.gz"
/tmp/ipykernel_99447/4194548705.py:7: SyntaxWarning: invalid escape sequence '\.'
  IMG_LINK = "//huggingface\.co :https://hf-mirror.com://user-images.githubusercontent.com/91237924/170696219-f68699c6-1e82-46bf-aaed-8e2fc3fa5f7b.jpg"
------------------

[31m---------------------------------------------------------------------------[39m
[31mException[39m                                 Traceback (most recent call last)
[36mCell[39m[36m [39m[32mIn[3][39m[32m, line 13[39m
[32m      9[39m IMG_PATH = Path(f"{DATA_DIR}/{IMG_FILE_NAME}")
[32m     10[39m 
[32m     11[39m os.makedirs(MODEL_DIR, exist_ok=[38;5;28;01mTrue[39;00m)
[32m     12[39m 
[32m---> [39m[32m13[39m download_file(DET_MODEL_LINK, directory=MODEL_DIR, show_progress=[38;5;28;01mTrue[39;00m)
[32m     14[39m file = tarfile.open(f"model/{DET_FILE_NAME}")
[32m     15[39m res = file.extractall([33m"model"[39m)
[32m     16[39m [38;5;28;01mif[39;00m [38;5;28;01mnot[39;00m res:

[36mFile [39m[32m~/Desktop/OpenVINO-Notebooks-on-AMD/results/meter-reader/workdir-cpu/notebook_utils.py:154[39m, in [36mdownload_file[39m[34m(url, filename, directory, show_progress)[39m
[32m    149[39m     [38;5;28;01mraise[39;00m [38;5;167;01mException[39;00m(
[32m    150[39m         [33m"[39m[33mConnection timed out. If you access the internet through a proxy server, please [39m[33m"[39m
[32m    151[39m         [33m"[39m[33mmake sure the proxy is set in the shell from where you launched Jupyter.[39m[33m"[39m
[32m    152[39m     ) [38;5;28;01mfrom[39;00m[38;5;250m [39m[38;5;28;01mNone[39;00m
[32m    153[39m [38;5;28;01mexcept[39;00m requests.exceptions.RequestException [38;5;28;01mas[39;00m error:
[32m--> [39m[32m154[39m     [38;5;28;01mraise[39;00m [38;5;167;01mException[39;00m([33mf[39m[33m"[39m[33mFile downloading failed with error: [39m[38;5;132;01m{[39;00merror[38;5;132;01m}[39;00m[33m"[39m) [38;5;28;01mfrom[39;00m[38;5;250m [39m[38;5;28;01mNone[39;00m
[32m    156[39m [38;5;66;03m# download the file if it does not exist[39;00m
[32m    157[39m filesize = [38;5;28mint[39m(response.headers.get([33m"[39m[33mContent-length[39m[33m"[39m, [32m0[39m))

[31mException[39m: File downloading failed with error: No connection adapters were found for '//huggingface\\.co :https://hf-mirror.com://storage.openvinotoolkit.org/repositories/openvino_notebooks/models/meter-reader/meter_det_model.tar.gz'

