[cell 0 START +    0.4s] # Convert and Optimize YOLO26 real-time object detection with OpenVINO
[cell 1 START +    0.4s] ## Get PyTorch model | [back to top ⬆️](#Table-of-contents:) |  | Generally,
[cell 2 START +    0.4s] #### Prerequisites | [back to top ⬆️](#Table-of-contents:) |  | Install nece
[cell 3 START +    0.4s] %pip install -qU "openvino>=2026.0.0" "nncf>=3.0.0" | %pip install -q "t
[cell 3 DONE  +    1.5s]
[cell 4 START +    1.5s] Import required utility functions. | The lower cell will download the `n
[cell 5 START +    1.5s] from pathlib import Path | import requests |  | if not Path("notebook_utils.
[cell 5 DONE  +    1.6s]
[cell 6 START +    1.6s] # Download a test sample | IMAGE_PATH = Path("./data/coco_bike.jpg") |  | if
[cell 6 DONE  +    1.6s]
[cell 7 START +    1.6s] ## Instantiate model | [back to top ⬆️](#Table-of-contents:) |  | For loadin
[cell 8 START +    1.6s] import ipywidgets as widgets |  | model_id = ["yolo26n", "yolo26s", "yolo2
[cell 8 DONE  +    1.6s]
[cell 9 START +    1.6s] from PIL import Image | from ultralytics import YOLO |  | DET_MODEL_NAME = m
[cell 9 DONE  +    3.0s]
[cell 10 START +    3.0s] ### Convert model to OpenVINO IR | [back to top ⬆️](#Table-of-contents:)
[cell 11 START +    3.0s] # object detection model | det_model_path = Path(f"{DET_MODEL_NAME}_open
[cell 11 DONE  +    3.0s]
[cell 12 START +    3.0s] ### Verify model inference | [back to top ⬆️](#Table-of-contents:) |  | We c
[cell 13 START +    3.0s] ### Select inference device | [back to top ⬆️](#Table-of-contents:) |  | Sel
[cell 14 START +    3.0s] device = device_widget() |  | device
[cell 14 DONE  +    3.1s]
[cell 15 START +    3.1s] ### Test on single image | [back to top ⬆️](#Table-of-contents:) |  | Now, o
[cell 16 START +    3.1s] det_model = YOLO(det_model_path.parent, task="detect") |  | res = det_mode
[cell 16 DONE  +    3.4s]
[cell 17 START +    3.4s] ## Optimize model using NNCF Post-training Quantization API | [back to t
[cell 18 START +    3.4s] Please select below whether you would like to run quantization to impr
[cell 19 START +    3.4s] int8_model_det_path = Path(f"{DET_MODEL_NAME}_openvino_model_int8/{DET
[cell 19 DONE  +    3.4s]
[cell 20 START +    3.4s] Let's load `skip magic` extension to skip quantization if `to_quantize
[cell 21 START +    3.4s] if not Path("skip_kernel_extension.py").exists(): |     r = requests.get
[cell 21 DONE  +    3.4s]
[cell 22 START +    3.4s] Prepare calibration dataset for quantization. We download a small data
[cell 23 START +    3.4s] %%skip not $to_quantize.value |  | import cv2 | import numpy as np | from zipf
[cell 23 DONE  +    3.4s]
[cell 24 START +    3.4s] The `nncf.quantize` function provides an interface for model quantizat
[cell 25 START +    3.4s] %%skip not $to_quantize.value |  | import nncf | import shutil | import openvi
[cell 25 DONE  +    3.5s]
[cell 26 START +    3.5s] ### Validate Quantized model inference | [back to top ⬆️](#Table-of-cont
[cell 27 START +    3.5s] %%skip not $to_quantize.value |  | det_model = YOLO(int8_model_det_path.pa
[cell 27 DONE  +    3.9s]
[cell 28 START +    3.9s] ## Compare performance of object detection models | [back to top ⬆️](#Ta
[cell 29 START +    3.9s] device
[cell 29 DONE  +    3.9s]
[cell 30 START +    3.9s] # Inference FP16 model (OpenVINO IR) | !benchmark_app -m $det_model_path
[cell 30 DONE  +   19.6s]
[cell 31 START +   19.6s] if int8_model_det_path.exists(): |     # Inference INT8 model (OpenVINO 
[cell 31 DONE  +   35.4s]
[cell 32 START +   35.4s] ## Next steps | [back to top ⬆️](#Table-of-contents:) |  | The performance c
[cell 33 START +   35.4s] ### Async inference pipeline | [back to top ⬆️](#Table-of-contents:) |  | Th
[cell 34 START +   35.4s] ## Live demo | [back to top ⬆️](#Table-of-contents:) |  | The following code
[cell 35 START +   35.4s] import collections | import time | from IPython import display | import cv2 | 
[cell 35 DONE  +   35.4s]
[cell 36 START +   35.4s] ### Run Live Object Detection | [back to top ⬆️](#Table-of-contents:) |  | U
[cell 37 START +   35.4s] WEBCAM_INFERENCE = False |  | if WEBCAM_INFERENCE: |     VIDEO_SOURCE = 0  #
[cell 37 DONE  +   35.4s]
[cell 38 START +   35.4s] device
[cell 38 DONE  +   35.4s]
[cell 39 START +   35.4s] run_object_detection( |     source=VIDEO_SOURCE, |     flip=True, |     use_
[cell 39 DONE  +   46.0s]
NBEXEC_RESULT={"ok": true, "n_cells": 20, "n_skipped": 0, "n_substituted": 0, "stopped_after": null, "error_cell": null, "error_type": null, "error_head": null, "duration_s": 48.6, "patch_notes": []}
