[IPKernelApp] WARNING | Kernel is running over TCP without encryption. All communication (including code and outputs) is sent in plain text and is susceptible to eavesdropping. Use IPC transport or launch with kernel manager-provisioned CurveZMQ keys to enable transport encryption.
[31mERROR: pip's dependency resolver does not currently take into account all the packages that are installed. This behaviour is the source of the following dependency conflicts.
hf-gradio 0.4.1 requires gradio-client<3.0,>=2.0, but you have gradio-client 1.14.0 which is incompatible.[0m[31m
[0m[31mERROR: pip's dependency resolver does not currently take into account all the packages that are installed. This behaviour is the source of the following dependency conflicts.
optimum-intel 2.3.0.dev0+348272d requires openvino>=2026.0, but you have openvino 2025.3.0 which is incompatible.
optimum-intel 2.3.0.dev0+348272d requires openvino-tokenizers>=2026.0, but you have openvino-tokenizers 2025.3.0.0 which is incompatible.[0m[31m
[0m[31mERROR: pip's dependency resolver does not currently take into account all the packages that are installed. This behaviour is the source of the following dependency conflicts.
optimum-intel 2.3.0.dev0+348272d requires nncf>=3.3.0, but you have nncf 2.19.0 which is incompatible.
optimum-intel 2.3.0.dev0+348272d requires openvino>=2026.0, but you have openvino 2025.3.0 which is incompatible.
optimum-intel 2.3.0.dev0+348272d requires openvino-tokenizers>=2026.0, but you have openvino-tokenizers 2025.3.0.0 which is incompatible.[0m[31m
[0m
[32m   1669[39m     ) [38;5;28;01mfrom[39;00m[38;5;250m [39m[34;01mhead_call_error[39;00m

[36mFile [39m[32m~/Desktop/OpenVINO-Notebooks-on-AMD/.venvs/cpu/14c79f40de9d556c/lib/python3.12/site-packages/huggingface_hub/file_download.py:1550[39m, in [36m_get_metadata_or_catch_error[39m[34m(repo_id, filename, repo_type, revision, endpoint, proxies, etag_timeout, headers, token, local_files_only, relative_filename, storage_folder)[39m
[32m   1548[39m [38;5;28;01mtry[39;00m:
[32m   1549[39m     [38;5;28;01mtry[39;00m:
[32m-> [39m[32m1550[39m         metadata = [30;43mget_hf_file_metadata[39;49m[30;43m([39;49m
[32m   1551[39m [30;43m            [39;49m[30;43murl[39;49m[30;43m=[39;49m[30;43murl[39;49m[30;43m,[39;49m[30;43m [39;49m[30;43mproxies[39;49m[30;43m=[39;49m[30;43mproxies[39;49m[30;43m,[39;49m[30;43m [39;49m[30;43mtimeout[39;49m[30;43m=[39;49m[30;43metag_timeout[39;49m[30;43m,[39;49m[30;43m [39;49m[30;43mheaders[39;49m[30;43m=[39;49m[30;43mheaders[39;49m[30;43m,[39;49m[30;43m [39;49m[30;43mtoken[39;49m[30;43m=[39;49m[30;43mtoken[39;49m[30;43m,[39;49m[30;43m [39;49m[30;43mendpoint[39;49m[30;43m=[39;49m[30;43mendpoint[39;49m
[32m   1552[39m [30;43m        [39;49m[30;43m)[39;49m
[32m   1553[39m     [38;5;28;01mexcept[39;00m EntryNotFoundError [38;5;28;01mas[39;00m http_error:
[32m   1554[39m         [38;5;28;01mif[39;00m storage_folder [38;5;129;01mis[39;00m [38;5;129;01mnot[39;00m [38;5;28;01mNone[39;00m [38;5;129;01mand[39;00m relative_filename [38;5;129;01mis[39;00m [38;5;129;01mnot[39;00m [38;5;28;01mNone[39;00m:
[32m   1555[39m             [38;5;66;03m# Cache the non-existence of the file[39;00m

[36mFile [39m[32m~/Desktop/OpenVINO-Notebooks-on-AMD/.venvs/cpu/14c79f40de9d556c/lib/python3.12/site-packages/huggingface_hub/utils/_validators.py:114[39m, in [36mvalidate_hf_hub_args.<locals>._inner_fn[39m[34m(*args, **kwargs)[39m
[32m    111[39m [38;5;28;01mif[39;00m check_use_auth_token:
[32m    112[39m     kwargs = smoothly_deprecate_use_auth_token(fn_name=fn.[34m__name__[39m, has_token=has_token, kwargs=kwargs)
[32m--> [39m[32m114[39m [38;5;28;01mreturn[39;00m [30;43mfn[39;49m[30;43m([39;49m[30;43m*[39;49m[30;43margs[39;49m[30;43m,[39;49m[30;43m [39;49m[30;43m*[39;49m[30;43m*[39;49m[30;43mkwargs[39;49m[30;43m)[39;49m

[36mFile [39m[32m~/Desktop/OpenVINO-Notebooks-on-AMD/.venvs/cpu/14c79f40de9d556c/lib/python3.12/site-packages/huggingface_hub/file_download.py:1467[39m, in [36mget_hf_file_metadata[39m[34m(url, token, proxies, timeout, library_name, library_version, user_agent, headers, endpoint)[39m
[32m   1464[39m hf_headers[[33m"[39m[33mAccept-Encoding[39m[33m"[39m] = [33m"[39m[33midentity[39m[33m"[39m  [38;5;66;03m# prevent any compression => we want to know the real size of the file[39;00m
[32m   1466[39m [38;5;66;03m# Retrieve metadata[39;00m
[32m-> [39m[32m1467[39m r = [30;43m_request_wrapper[39;49m[30;43m([39;49m
[32m   1468[39m [30;43m    [39;49m[30;43mmethod[39;49m[30;43m=[39;49m[30;43m"[39;49m[30;43mHEAD[39;49m[30;43m"[39;49m[30;43m,[39;49m
[32m   1469[39m [30;43m    [39;49m[30;43murl[39;49m[30;43m=[39;49m[30;43murl[39;49m[30;43m,[39;49m
[32m   1470[39m [30;43m    [39;49m[30;43mheaders[39;49m[30;43m=[39;49m[30;43mhf_headers[39;49m[30;43m,[39;49m
[32m   1471[39m [30;43m    [39;49m[30;43mallow_redirects[39;49m[30;43m=[39;49m[30;43;01mFalse[39;49;00m[30;43m,[39;49m
[32m   1472[39m [30;43m    [39;49m[30;43mfollow_relative_redirects[39;49m[30;43m=[39;49m[30;43;01mTrue[39;49;00m[30;43m,[39;49m
[32m   1473[39m [30;43m    [39;49m[30;43mproxies[39;49m[30;43m=[39;49m[30;43mproxies[39;49m[30;43m,[39;49m
[32m   1474[39m [30;43m    [39;49m[30;43mtimeout[39;49m[30;43m=[39;49m[30;43mtimeout[39;49m[30;43m,[39;49m
[32m   1475[39m [30;43m[39;49m[30;43m)[39;49m
[32m   1476[39m hf_raise_for_status(r)
[32m   1478[39m [38;5;66;03m# Return[39;00m

[36mFile [39m[32m~/Desktop/OpenVINO-Notebooks-on-AMD/.venvs/cpu/14c79f40de9d556c/lib/python3.12/site-packages/huggingface_hub/file_download.py:283[39m, in [36m_request_wrapper[39m[34m(method, url, follow_relative_redirects, **params)[39m
[32m    281[39m [38;5;66;03m# Recursively follow relative redirects[39;00m
[32m    282[39m [38;5;28;01mif[39;00m follow_relative_redirects:
[32m--> [39m[32m283[39m     response = [30;43m_request_wrapper[39;49m[30;43m([39;49m
[32m    284[39m [30;43m        [39;49m[30;43mmethod[39;49m[30;43m=[39;49m[30;43mmethod[39;49m[30;43m,[39;49m
[32m    285[39m [30;43m        [39;49m[30;43murl[39;49m[30;43m=[39;49m[30;43murl[39;49m[30;43m,[39;49m
[32m    286[39m [30;43m        [39;49m[30;43mfollow_relative_redirects[39;49m[30;43m=[39;49m[30;43;01mFalse[39;49;00m[30;43m,[39;49m
[32m    287[39m [30;43m        [39;49m[30;43m*[39;49m[30;43m*[39;49m[30;43mparams[39;49m[30;43m,[39;49m
[32m    288[39m [30;43m    [39;49m[30;43m)[39;49m
[32m    290[39m     [38;5;66;03m# If redirection, we redirect only relative paths.[39;00m
[32m    291[39m     [38;5;66;03m# This is useful in case of a renamed repository.[39;00m
[32m    292[39m     [38;5;28;01mif[39;00m [32m300[39m <= response.status_code <= [32m399[39m:

[36mFile [39m[32m~/Desktop/OpenVINO-Notebooks-on-AMD/.venvs/cpu/14c79f40de9d556c/lib/python3.12/site-packages/huggingface_hub/file_download.py:307[39m, in [36m_request_wrapper[39m[34m(method, url, follow_relative_redirects, **params)[39m
[32m    305[39m [38;5;66;03m# Perform request and return if status_code is not in the retry list.[39;00m
[32m    306[39m response = http_backoff(method=method, url=url, **params)
[32m--> [39m[32m307[39m [30;43mhf_raise_for_status[39;49m[30;43m([39;49m[30;43mresponse[39;49m[30;43m)[39;49m
[32m    308[39m [38;5;28;01mreturn[39;00m response

[36mFile [39m[32m~/Desktop/OpenVINO-Notebooks-on-AMD/.venvs/cpu/14c79f40de9d556c/lib/python3.12/site-packages/huggingface_hub/utils/_http.py:420[39m, in [36mhf_raise_for_status[39m[34m(response, endpoint_name)[39m
[32m    416[39m [38;5;28;01melif[39;00m error_code == [33m"[39m[33mGatedRepo[39m[33m"[39m:
[32m    417[39m     message = (
[32m    418[39m         [33mf[39m[33m"[39m[38;5;132;01m{[39;00mresponse.status_code[38;5;132;01m}[39;00m[33m Client Error.[39m[33m"[39m + [33m"[39m[38;5;130;01m\n[39;00m[38;5;130;01m\n[39;00m[33m"[39m + [33mf[39m[33m"[39m[33mCannot access gated repo for url [39m[38;5;132;01m{[39;00mresponse.url[38;5;132;01m}[39;00m[33m.[39m[33m"[39m
[32m    419[39m     )
[32m--> [39m[32m420[39m     [38;5;28;01mraise[39;00m _format(GatedRepoError, message, response) [38;5;28;01mfrom[39;00m[38;5;250m [39m[34;01me[39;00m
[32m    422[39m [38;5;28;01melif[39;00m error_message == [33m"[39m[33mAccess to this resource is disabled.[39m[33m"[39m:
[32m    423[39m     message = (
[32m    424[39m         [33mf[39m[33m"[39m[38;5;132;01m{[39;00mresponse.status_code[38;5;132;01m}[39;00m[33m Client Error.[39m[33m"[39m
[32m    425[39m         + [33m"[39m[38;5;130;01m\n[39;00m[38;5;130;01m\n[39;00m[33m"[39m
[32m   (...)[39m[32m    428[39m         + [33m"[39m[33mAccess to this resource is disabled.[39m[33m"[39m
[32m    429[39m     )

[31mGatedRepoError[39m: 403 Client Error. (Request ID: Root=1-6ac411a6-4ccf905c78d34b530960b2cd;9a6c7de6-b728-4930-81cc-ae1a0a55b4d5)

Cannot access gated repo for url https://hf-mirror.com/stabilityai/stable-diffusion-3-medium-diffusers/resolve/main/model_index.json.
Access to model stabilityai/stable-diffusion-3-medium-diffusers is restricted and you are not in the authorized list. Visit https://huggingface.co/stabilityai/stable-diffusion-3-medium-diffusers to ask for access.

