[IPKernelApp] WARNING | Kernel is running over TCP without encryption. All communication (including code and outputs) is sent in plain text and is susceptible to eavesdropping. Use IPC transport or launch with kernel manager-provisioned CurveZMQ keys to enable transport encryption.
Traceback (most recent call last):
  File "/workspace/ov_amd/_nbexec.py", line 144, in main
    client.execute()
  File "/workspace/.venvs/cpu/0e2bca151cfed707/lib/python3.12/site-packages/jupyter_core/utils/__init__.py", line 165, in wrapped
    return loop.run_until_complete(inner)
           ^^^^^^^^^^^^^^^^^^^^^^^^^^^^^^
  File "/usr/lib/python3.12/asyncio/base_events.py", line 687, in run_until_complete
    return future.result()
           ^^^^^^^^^^^^^^^
  File "/workspace/.venvs/cpu/0e2bca151cfed707/lib/python3.12/site-packages/nbclient/client.py", line 709, in async_execute
    await self.async_execute_cell(
  File "/workspace/.venvs/cpu/0e2bca151cfed707/lib/python3.12/site-packages/nbclient/client.py", line 1062, in async_execute_cell
    await self._check_raise_for_error(cell, cell_index, exec_reply)
  File "/workspace/.venvs/cpu/0e2bca151cfed707/lib/python3.12/site-packages/nbclient/client.py", line 918, in _check_raise_for_error
    raise CellExecutionError.from_cell_and_msg(cell, exec_reply_content)
nbclient.exceptions.CellExecutionError: An error occurred while executing the following cell:
------------------
from notebook_utils import download_file

image_path = Path("nyc.jpg")
if not image_path.exists():
    download_file(
        "https://raw.githubusercontent.com/openvinotoolkit/openvino_notebooks/latest/notebooks/vlm-chatbot/nyc.jpg",
        filename=image_path.name,
        directory=image_path.parent,
    )

display(Image.open(image_path))
image_tensor = ov.Tensor(np.asarray(Image.open(image_path).convert("RGB")))

base_config.max_new_tokens = description_token_budgets[reasoning_strength.value]
started = time.time()
image_response = generate_with_streaming(
    pipe,
    "Describe this image. Identify the main objects and the setting.",
    reasoning_strength=reasoning_strength.value,
    image=image_tensor,
    generation_config=base_config,
)
print(f"Inference time: {time.time() - started:.2f} seconds")
------------------


[31m---------------------------------------------------------------------------[39m
[31mException[39m                                 Traceback (most recent call last)
[36mCell[39m[36m [39m[32mIn[7][39m[32m, line 5[39m
[32m      1[39m [38;5;28;01mfrom[39;00m notebook_utils [38;5;28;01mimport[39;00m download_file
[32m      2[39m 
[32m      3[39m image_path = Path([33m"nyc.jpg"[39m)
[32m      4[39m [38;5;28;01mif[39;00m [38;5;28;01mnot[39;00m image_path.exists():
[32m----> [39m[32m5[39m     download_file(
[32m      6[39m         [33m"https://raw.githubusercontent.com/openvinotoolkit/openvino_notebooks/latest/notebooks/vlm-chatbot/nyc.jpg"[39m,
[32m      7[39m         filename=image_path.name,
[32m      8[39m         directory=image_path.parent,

[36mFile [39m[32m/workspace/results/muse-glimmer/workdir-cpu/notebook_utils.py:149[39m, in [36mdownload_file[39m[34m(url, filename, directory, show_progress)[39m
[32m    147[39m     [38;5;28;01mraise[39;00m [38;5;167;01mException[39;00m(error) [38;5;28;01mfrom[39;00m[38;5;250m [39m[38;5;28;01mNone[39;00m
[32m    148[39m [38;5;28;01mexcept[39;00m requests.exceptions.Timeout:
[32m--> [39m[32m149[39m     [38;5;28;01mraise[39;00m [38;5;167;01mException[39;00m(
[32m    150[39m         [33m"[39m[33mConnection timed out. If you access the internet through a proxy server, please [39m[33m"[39m
[32m    151[39m         [33m"[39m[33mmake sure the proxy is set in the shell from where you launched Jupyter.[39m[33m"[39m
[32m    152[39m     ) [38;5;28;01mfrom[39;00m[38;5;250m [39m[38;5;28;01mNone[39;00m
[32m    153[39m [38;5;28;01mexcept[39;00m requests.exceptions.RequestException [38;5;28;01mas[39;00m error:
[32m    154[39m     [38;5;28;01mraise[39;00m [38;5;167;01mException[39;00m([33mf[39m[33m"[39m[33mFile downloading failed with error: [39m[38;5;132;01m{[39;00merror[38;5;132;01m}[39;00m[33m"[39m) [38;5;28;01mfrom[39;00m[38;5;250m [39m[38;5;28;01mNone[39;00m

[31mException[39m: Connection timed out. If you access the internet through a proxy server, please make sure the proxy is set in the shell from where you launched Jupyter.

