[IPKernelApp] WARNING | Kernel is running over TCP without encryption. All communication (including code and outputs) is sent in plain text and is susceptible to eavesdropping. Use IPC transport or launch with kernel manager-provisioned CurveZMQ keys to enable transport encryption.
[31mERROR: Invalid requirement: ':https://hf-mirror.com://download.pytorch.org/whl/cpu': Expected package name at the start of dependency specifier
    :https://hf-mirror.com://download.pytorch.org/whl/cpu
    ^
Hint: It looks like a path. File ':https://hf-mirror.com://download.pytorch.org/whl/cpu' does not exist.[0m[31m
[0mTraceback (most recent call last):
  File "/home/amd/Desktop/OpenVINO-Notebooks-on-AMD/ov_amd/_nbexec.py", line 122, in main
    client.execute()
  File "/home/amd/Desktop/OpenVINO-Notebooks-on-AMD/.venv-cpu/lib/python3.12/site-packages/jupyter_core/utils/__init__.py", line 165, in wrapped
    return loop.run_until_complete(inner)
           ^^^^^^^^^^^^^^^^^^^^^^^^^^^^^^
  File "/usr/lib/python3.12/asyncio/base_events.py", line 687, in run_until_complete
    return future.result()
           ^^^^^^^^^^^^^^^
  File "/home/amd/Desktop/OpenVINO-Notebooks-on-AMD/.venv-cpu/lib/python3.12/site-packages/nbclient/client.py", line 709, in async_execute
    await self.async_execute_cell(
  File "/home/amd/Desktop/OpenVINO-Notebooks-on-AMD/.venv-cpu/lib/python3.12/site-packages/nbclient/client.py", line 1062, in async_execute_cell
    await self._check_raise_for_error(cell, cell_index, exec_reply)
  File "/home/amd/Desktop/OpenVINO-Notebooks-on-AMD/.venv-cpu/lib/python3.12/site-packages/nbclient/client.py", line 918, in _check_raise_for_error
    raise CellExecutionError.from_cell_and_msg(cell, exec_reply_content)
nbclient.exceptions.CellExecutionError: An error occurred while executing the following cell:
------------------
from pip_helper import pip_install

# Upgrade pip
pip_install("-q", "-U", "pip")

# Install PyTorch CPU wheels explicitly (avoid CUDA wheels)
# NOTE: This index hosts PyTorch wheels only. Do NOT install unrelated packages here.
pip_install(
    "-q",
    "-U",
    "--index-url",
    "//huggingface\.co :https://hf-mirror.com://download.pytorch.org/whl/cpu",
    "torch==2.8.0",
    "torchvision==0.23.0",
    "torchaudio==2.8.0",
)

# Install the rest dependencies from PyPI (keep existing versions/constraints)
pip_install(
    "-q",
    "-U",
    "openvino>=2025.4.1",
    "numpy>=1.21.6",
    "pillow",
    "opencv-python>=4.11.0.86",
    "modelscope>=1.26.0",
    "huggingface-hub>=0.32.4",
    "tqdm>=4.67.1",
    "requests",
    "fastapi",
    "uvicorn",
    "python-multipart",
    "gradio==4.19",
    "transformers==4.54.0",
    "nncf>=2.18.0",
    "datasets>=3.6.0",
    "protobuf>=6.32.0",
    "sentencepiece>=0.2.1",
    "einops>=0.8.1",
)

print("✅ Dependencies installed.")

# Device selection widget (required by CI checks)
# Note: Must be called after openvino is installed (Cell 3)
from notebook_utils import device_widget

device = device_widget("CPU", exclude=["NPU"])

# Read more about telemetry collection at //huggingface\.co :https://hf-mirror.com://github.com/openvinotoolkit/openvino_notebooks?tab=readme-ov-file#-telemetry
from notebook_utils import collect_telemetry

collect_telemetry("paddleocr_vl.ipynb")
------------------

----- stderr -----
<>:12: SyntaxWarning: invalid escape sequence '\.'
<>:12: SyntaxWarning: invalid escape sequence '\.'
/tmp/ipykernel_93973/746949753.py:12: SyntaxWarning: invalid escape sequence '\.'
  "//huggingface\.co :https://hf-mirror.com://download.pytorch.org/whl/cpu",
----- stderr -----
[31mERROR: Invalid requirement: ':https://hf-mirror.com://download.pytorch.org/whl/cpu': Expected package name at the start of dependency specifier
    :https://hf-mirror.com://download.pytorch.org/whl/cpu
    ^
Hint: It looks like a path. File ':https://hf-mirror.com://download.pytorch.org/whl/cpu' does not exist.[0m[31m
[0m
------------------

[31m---------------------------------------------------------------------------[39m
[31mCalledProcessError[39m                        Traceback (most recent call last)
[36mCell[39m[36m [39m[32mIn[2][39m[32m, line 8[39m
[32m      4[39m pip_install([33m"-q"[39m, [33m"-U"[39m, [33m"pip"[39m)
[32m      5[39m 
[32m      6[39m [38;5;66;03m# Install PyTorch CPU wheels explicitly (avoid CUDA wheels)[39;00m
[32m      7[39m [38;5;66;03m# NOTE: This index hosts PyTorch wheels only. Do NOT install unrelated packages here.[39;00m
[32m----> [39m[32m8[39m pip_install(
[32m      9[39m     [33m"-q"[39m,
[32m     10[39m     [33m"-U"[39m,
[32m     11[39m     [33m"--index-url"[39m,

[36mFile [39m[32m~/Desktop/OpenVINO-Notebooks-on-AMD/results/paddleocr_vl/workdir-cpu/pip_helper.py:10[39m, in [36mpip_install[39m[34m(*args)[39m
[32m      8[39m [38;5;28;01mfor[39;00m arg [38;5;129;01min[39;00m args:
[32m      9[39m     cli_args.extend([38;5;28mstr[39m(arg).split([33m"[39m[33m [39m[33m"[39m))
[32m---> [39m[32m10[39m [30;43msubprocess[39;49m[30;43m.[39;49m[30;43mrun[39;49m[30;43m([39;49m[30;43m[[39;49m[30;43msys[39;49m[30;43m.[39;49m[30;43mexecutable[39;49m[30;43m,[39;49m[30;43m [39;49m[30;43m"[39;49m[30;43m-m[39;49m[30;43m"[39;49m[30;43m,[39;49m[30;43m [39;49m[30;43m"[39;49m[30;43mpip[39;49m[30;43m"[39;49m[30;43m,[39;49m[30;43m [39;49m[30;43m"[39;49m[30;43minstall[39;49m[30;43m"[39;49m[30;43m,[39;49m[30;43m [39;49m[30;43m*[39;49m[30;43mcli_args[39;49m[30;43m][39;49m[30;43m,[39;49m[30;43m [39;49m[30;43mcheck[39;49m[30;43m=[39;49m[30;43;01mTrue[39;49;00m[30;43m)[39;49m

[36mFile [39m[32m/usr/lib/python3.12/subprocess.py:571[39m, in [36mrun[39m[34m(input, capture_output, timeout, check, *popenargs, **kwargs)[39m
[32m    569[39m     retcode = process.poll()
[32m    570[39m     [38;5;28;01mif[39;00m check [38;5;129;01mand[39;00m retcode:
[32m--> [39m[32m571[39m         [38;5;28;01mraise[39;00m CalledProcessError(retcode, process.args,
[32m    572[39m                                  output=stdout, stderr=stderr)
[32m    573[39m [38;5;28;01mreturn[39;00m CompletedProcess(process.args, retcode, stdout, stderr)

[31mCalledProcessError[39m: Command '['/home/amd/Desktop/OpenVINO-Notebooks-on-AMD/.venv-cpu/bin/python', '-m', 'pip', 'install', '-q', '-U', '--index-url', '//huggingface\\.co', ':https://hf-mirror.com://download.pytorch.org/whl/cpu', 'torch==2.8.0', 'torchvision==0.23.0', 'torchaudio==2.8.0']' returned non-zero exit status 1.

