[IPKernelApp] WARNING | Kernel is running over TCP without encryption. All communication (including code and outputs) is sent in plain text and is susceptible to eavesdropping. Use IPC transport or launch with kernel manager-provisioned CurveZMQ keys to enable transport encryption.
_check_raise_for_error
    raise CellExecutionError.from_cell_and_msg(cell, exec_reply_content)
nbclient.exceptions.CellExecutionError: An error occurred while executing the following cell:
------------------
import openvino_genai as ov_genai

model_dir = model_base_dir / "INT4" if use_quantized_models.value else model_base_dir / "FP16"

ov_pipe = ov_genai.Text2ImagePipeline(model_dir, device=device.value)
------------------

----- stdout -----
Model: OV Tokenizer
  NETWORK_NAME: tokenizer
  OPTIMAL_NUMBER_OF_INFER_REQUESTS: 1
  NUM_STREAMS: 1
  INFERENCE_NUM_THREADS: 16
  PERF_COUNT: NO
  INFERENCE_PRECISION_HINT: bf16
  PERFORMANCE_HINT: LATENCY
  EXECUTION_MODE_HINT: PERFORMANCE
  PERFORMANCE_HINT_NUM_REQUESTS: 0
  ENABLE_CPU_PINNING: YES
  ENABLE_CPU_RESERVATION: NO
  SCHEDULING_CORE_TYPE: ANY_CORE
  MODEL_DISTRIBUTION_POLICY: 
  ENABLE_HYPER_THREADING: NO
  EXECUTION_DEVICES: CPU
  CPU_DENORMALS_OPTIMIZATION: NO
  LOG_LEVEL: LOG_NONE
  CPU_SPARSE_WEIGHTS_DECOMPRESSION_RATE: 1
  ENABLE_TENSOR_PARALLEL: NO
  TBB_PARTITIONER: STATIC
  DYNAMIC_QUANTIZATION_GROUP_SIZE: 32
  KV_CACHE_PRECISION: u8
  KEY_CACHE_PRECISION: u8
  VALUE_CACHE_PRECISION: u8
  KEY_CACHE_GROUP_SIZE: 0
  VALUE_CACHE_GROUP_SIZE: 0
  RUNTIME_REQUIREMENTS: meta=1.0;ov=2026.4.1;isa=Intel AVX-512 with Intel DL Boost and bfloat16 support
EXECUTION_DEVICES:
 CPU: AMD RYZEN AI MAX+ PRO 395 w/ Radeon 8060S      
Model: OV Detokenizer
  NETWORK_NAME: detokenizer
  OPTIMAL_NUMBER_OF_INFER_REQUESTS: 1
  NUM_STREAMS: 1
  INFERENCE_NUM_THREADS: 16
  PERF_COUNT: NO
  INFERENCE_PRECISION_HINT: bf16
  PERFORMANCE_HINT: LATENCY
  EXECUTION_MODE_HINT: PERFORMANCE
  PERFORMANCE_HINT_NUM_REQUESTS: 0
  ENABLE_CPU_PINNING: YES
  ENABLE_CPU_RESERVATION: NO
  SCHEDULING_CORE_TYPE: ANY_CORE
  MODEL_DISTRIBUTION_POLICY: 
  ENABLE_HYPER_THREADING: NO
  EXECUTION_DEVICES: CPU
  CPU_DENORMALS_OPTIMIZATION: NO
  LOG_LEVEL: LOG_NONE
  CPU_SPARSE_WEIGHTS_DECOMPRESSION_RATE: 1
  ENABLE_TENSOR_PARALLEL: NO
  TBB_PARTITIONER: STATIC
  DYNAMIC_QUANTIZATION_GROUP_SIZE: 32
  KV_CACHE_PRECISION: u8
  KEY_CACHE_PRECISION: u8
  VALUE_CACHE_PRECISION: u8
  KEY_CACHE_GROUP_SIZE: 0
  VALUE_CACHE_GROUP_SIZE: 0
  RUNTIME_REQUIREMENTS: meta=1.0;ov=2026.4.1;isa=Intel AVX-512 with Intel DL Boost and bfloat16 support
EXECUTION_DEVICES:
 CPU: AMD RYZEN AI MAX+ PRO 395 w/ Radeon 8060S      
Model: Clip Text model
  NETWORK_NAME: Model0
  OPTIMAL_NUMBER_OF_INFER_REQUESTS: 1
  NUM_STREAMS: 1
  INFERENCE_NUM_THREADS: 16
  PERF_COUNT: NO
  INFERENCE_PRECISION_HINT: bf16
  PERFORMANCE_HINT: LATENCY
  EXECUTION_MODE_HINT: PERFORMANCE
  PERFORMANCE_HINT_NUM_REQUESTS: 0
  ENABLE_CPU_PINNING: YES
  ENABLE_CPU_RESERVATION: NO
  SCHEDULING_CORE_TYPE: ANY_CORE
  MODEL_DISTRIBUTION_POLICY: 
  ENABLE_HYPER_THREADING: NO
  EXECUTION_DEVICES: CPU
  CPU_DENORMALS_OPTIMIZATION: NO
  LOG_LEVEL: LOG_NONE
  CPU_SPARSE_WEIGHTS_DECOMPRESSION_RATE: 1
  ENABLE_TENSOR_PARALLEL: NO
  TBB_PARTITIONER: STATIC
  DYNAMIC_QUANTIZATION_GROUP_SIZE: 32
  KV_CACHE_PRECISION: u8
  KEY_CACHE_PRECISION: u8
  VALUE_CACHE_PRECISION: u8
  KEY_CACHE_GROUP_SIZE: 0
  VALUE_CACHE_GROUP_SIZE: 0
  RUNTIME_REQUIREMENTS: meta=1.0;ov=2026.4.1;isa=Intel AVX-512 with Intel DL Boost and bfloat16 support
EXECUTION_DEVICES:
 CPU: AMD RYZEN AI MAX+ PRO 395 w/ Radeon 8060S      
Model: OV Tokenizer
  NETWORK_NAME: tokenizer
  OPTIMAL_NUMBER_OF_INFER_REQUESTS: 1
  NUM_STREAMS: 1
  INFERENCE_NUM_THREADS: 16
  PERF_COUNT: NO
  INFERENCE_PRECISION_HINT: bf16
  PERFORMANCE_HINT: LATENCY
  EXECUTION_MODE_HINT: PERFORMANCE
  PERFORMANCE_HINT_NUM_REQUESTS: 0
  ENABLE_CPU_PINNING: YES
  ENABLE_CPU_RESERVATION: NO
  SCHEDULING_CORE_TYPE: ANY_CORE
  MODEL_DISTRIBUTION_POLICY: 
  ENABLE_HYPER_THREADING: NO
  EXECUTION_DEVICES: CPU
  CPU_DENORMALS_OPTIMIZATION: NO
  LOG_LEVEL: LOG_NONE
  CPU_SPARSE_WEIGHTS_DECOMPRESSION_RATE: 1
  ENABLE_TENSOR_PARALLEL: NO
  TBB_PARTITIONER: STATIC
  DYNAMIC_QUANTIZATION_GROUP_SIZE: 32
  KV_CACHE_PRECISION: u8
  KEY_CACHE_PRECISION: u8
  VALUE_CACHE_PRECISION: u8
  KEY_CACHE_GROUP_SIZE: 0
  VALUE_CACHE_GROUP_SIZE: 0
  RUNTIME_REQUIREMENTS: meta=1.0;ov=2026.4.1;isa=Intel AVX-512 with Intel DL Boost and bfloat16 support
EXECUTION_DEVICES:
 CPU: AMD RYZEN AI MAX+ PRO 395 w/ Radeon 8060S      
Model: OV Detokenizer
  NETWORK_NAME: detokenizer
  OPTIMAL_NUMBER_OF_INFER_REQUESTS: 1
  NUM_STREAMS: 1
  INFERENCE_NUM_THREADS: 16
  PERF_COUNT: NO
  INFERENCE_PRECISION_HINT: bf16
  PERFORMANCE_HINT: LATENCY
  EXECUTION_MODE_HINT: PERFORMANCE
  PERFORMANCE_HINT_NUM_REQUESTS: 0
  ENABLE_CPU_PINNING: YES
  ENABLE_CPU_RESERVATION: NO
  SCHEDULING_CORE_TYPE: ANY_CORE
  MODEL_DISTRIBUTION_POLICY: 
  ENABLE_HYPER_THREADING: NO
  EXECUTION_DEVICES: CPU
  CPU_DENORMALS_OPTIMIZATION: NO
  LOG_LEVEL: LOG_NONE
  CPU_SPARSE_WEIGHTS_DECOMPRESSION_RATE: 1
  ENABLE_TENSOR_PARALLEL: NO
  TBB_PARTITIONER: STATIC
  DYNAMIC_QUANTIZATION_GROUP_SIZE: 32
  KV_CACHE_PRECISION: u8
  KEY_CACHE_PRECISION: u8
  VALUE_CACHE_PRECISION: u8
  KEY_CACHE_GROUP_SIZE: 0
  VALUE_CACHE_GROUP_SIZE: 0
  RUNTIME_REQUIREMENTS: meta=1.0;ov=2026.4.1;isa=Intel AVX-512 with Intel DL Boost and bfloat16 support
EXECUTION_DEVICES:
 CPU: AMD RYZEN AI MAX+ PRO 395 w/ Radeon 8060S      
Model: T5 encoder model
  NETWORK_NAME: Model12
  OPTIMAL_NUMBER_OF_INFER_REQUESTS: 1
  NUM_STREAMS: 1
  INFERENCE_NUM_THREADS: 16
  PERF_COUNT: NO
  INFERENCE_PRECISION_HINT: bf16
  PERFORMANCE_HINT: LATENCY
  EXECUTION_MODE_HINT: PERFORMANCE
  PERFORMANCE_HINT_NUM_REQUESTS: 0
  ENABLE_CPU_PINNING: YES
  ENABLE_CPU_RESERVATION: NO
  SCHEDULING_CORE_TYPE: ANY_CORE
  MODEL_DISTRIBUTION_POLICY: 
  ENABLE_HYPER_THREADING: NO
  EXECUTION_DEVICES: CPU
  CPU_DENORMALS_OPTIMIZATION: NO
  LOG_LEVEL: LOG_NONE
  CPU_SPARSE_WEIGHTS_DECOMPRESSION_RATE: 1
  ENABLE_TENSOR_PARALLEL: NO
  TBB_PARTITIONER: STATIC
  DYNAMIC_QUANTIZATION_GROUP_SIZE: 32
  KV_CACHE_PRECISION: u8
  KEY_CACHE_PRECISION: u8
  VALUE_CACHE_PRECISION: u8
  KEY_CACHE_GROUP_SIZE: 0
  VALUE_CACHE_GROUP_SIZE: 0
  RUNTIME_REQUIREMENTS: meta=1.0;ov=2026.4.1;isa=Intel AVX-512 with Intel DL Boost and bfloat16 support
EXECUTION_DEVICES:
 CPU: AMD RYZEN AI MAX+ PRO 395 w/ Radeon 8060S      
Model: Auto encoder KL decoder model
  NETWORK_NAME: Model9
  OPTIMAL_NUMBER_OF_INFER_REQUESTS: 1
  NUM_STREAMS: 1
  INFERENCE_NUM_THREADS: 16
  PERF_COUNT: NO
  INFERENCE_PRECISION_HINT: bf16
  PERFORMANCE_HINT: LATENCY
  EXECUTION_MODE_HINT: PERFORMANCE
  PERFORMANCE_HINT_NUM_REQUESTS: 0
  ENABLE_CPU_PINNING: YES
  ENABLE_CPU_RESERVATION: NO
  SCHEDULING_CORE_TYPE: ANY_CORE
  MODEL_DISTRIBUTION_POLICY: 
  ENABLE_HYPER_THREADING: NO
  EXECUTION_DEVICES: CPU
  CPU_DENORMALS_OPTIMIZATION: NO
  LOG_LEVEL: LOG_NONE
  CPU_SPARSE_WEIGHTS_DECOMPRESSION_RATE: 1
  ENABLE_TENSOR_PARALLEL: NO
  TBB_PARTITIONER: STATIC
  DYNAMIC_QUANTIZATION_GROUP_SIZE: 32
  KV_CACHE_PRECISION: u8
  KEY_CACHE_PRECISION: u8
  VALUE_CACHE_PRECISION: u8
  KEY_CACHE_GROUP_SIZE: 0
  VALUE_CACHE_GROUP_SIZE: 0
  RUNTIME_REQUIREMENTS: meta=1.0;ov=2026.4.1;isa=Intel AVX-512 with Intel DL Boost and bfloat16 support
EXECUTION_DEVICES:
 CPU: AMD RYZEN AI MAX+ PRO 395 w/ Radeon 8060S
------------------

[31m---------------------------------------------------------------------------[39m
[31mRuntimeError[39m                              Traceback (most recent call last)
[36mCell[39m[36m [39m[32mIn[9][39m[32m, line 5[39m
[32m      1[39m [38;5;28;01mimport[39;00m openvino_genai [38;5;28;01mas[39;00m ov_genai
[32m      2[39m 
[32m      3[39m model_dir = model_base_dir / [33m"INT4"[39m [38;5;28;01mif[39;00m use_quantized_models.value [38;5;28;01melse[39;00m model_base_dir / [33m"FP16"[39m
[32m      4[39m 
[32m----> [39m[32m5[39m ov_pipe = ov_genai.Text2ImagePipeline(model_dir, device=device.value)

[31mRuntimeError[39m: Exception from src/inference/src/cpp/core.cpp:84:
Check 'm_weights_provider' failed at src/core/xml_util/src/xml_deserialize_util.cpp:887:
Empty weights data in bin file or bin file cannot be found!



