[cell 0 START +    0.7s] # Part Segmentation of 3D Point Clouds with OpenVINO™   |  | This notebook
[cell 1 START +    0.7s] %pip install -q "openvino>=2023.1.0" "tqdm" "matplotlib>=3.4"
[cell 1 DONE  +    3.9s]
[cell 2 START +    3.9s] ## Imports | [back to top ⬆️](#Table-of-contents:) | 
[cell 3 START +    3.9s] from pathlib import Path | from typing import Union | import numpy as np | i
[cell 3 DONE  +    4.3s]
[cell 4 START +    4.3s] ## Prepare the Model | [back to top ⬆️](#Table-of-contents:) |  | Download t
[cell 5 START +    4.3s] # Set the data and model directories, model source URL and model filen
[cell 5 DONE  +    8.6s]
[cell 6 START +    8.6s] Convert the ONNX model to OpenVINO IR. An OpenVINO IR (Intermediate Re
[cell 7 START +    8.6s] ir_model_xml = onnx_model_path.with_suffix(".xml") |  | core = ov.Core() |  | 
[cell 7 DONE  +    8.7s]
[cell 8 START +    8.7s] ## Data Processing Module | [back to top ⬆️](#Table-of-contents:) | 
[cell 9 START +    8.7s] def load_data(point_file: Union[str, Path]): |     """ |     Load the poin
[cell 9 DONE  +    8.7s]
[cell 10 START +    8.7s] ## Visualize the original 3D data | [back to top ⬆️](#Table-of-contents:
[cell 11 START +    8.7s] # Download data from the openvino_notebooks storage | point_data_path = 
[cell 11 DONE  +    9.9s]
[cell 12 START +    9.9s] ## Run inference | [back to top ⬆️](#Table-of-contents:) |  | Run inference 
[cell 13 START +    9.9s] # Parts of a chair | classes = ["back", "seat", "leg", "arm"] |  | # Preproc
[cell 13 DONE  +    9.9s]
[cell 14 START +    9.9s] ### Select inference device | [back to top ⬆️](#Table-of-contents:) |  | sel
[cell 15 START +    9.9s] device = device_widget(exclude=["NPU"]) |  | device
[cell 15 DONE  +   10.0s]
[cell 16 START +   10.0s] # Inference | compiled_model = core.compile_model(model=model, device_na
[cell 16 DONE  +   10.3s]
NBEXEC_RESULT={"ok": true, "n_cells": 9, "n_skipped": 0, "n_substituted": 0, "stopped_after": null, "error_cell": null, "error_type": null, "error_head": null, "duration_s": 10.68, "patch_notes": []}
