[IPKernelApp] WARNING | Kernel is running over TCP without encryption. All communication (including code and outputs) is sent in plain text and is susceptible to eavesdropping. Use IPC transport or launch with kernel manager-provisioned CurveZMQ keys to enable transport encryption.
[31mERROR: pip's dependency resolver does not currently take into account all the packages that are installed. This behaviour is the source of the following dependency conflicts.
supervision 0.18.0 requires opencv-python-headless>=4.5.5.64, which is not installed.
easyocr 1.7.2 requires opencv-python-headless, which is not installed.
easyocr 1.7.2 requires torchvision>=0.5, which is not installed.
ace-step 0.2.0 requires torchvision, which is not installed.
timm 1.0.30 requires torchvision, which is not installed.
ultralytics 8.3.236 requires torchvision>=0.9.0, which is not installed.
diffusers 0.36.0 requires huggingface-hub<2.0,>=0.34.0, but you have huggingface-hub 2.1.1 which is incompatible.
transformers 4.46.1 requires huggingface-hub<1.0,>=0.23.2, but you have huggingface-hub 2.1.1 which is incompatible.
ace-step 0.2.0 requires accelerate==1.6.0, but you have accelerate 1.15.0 which is incompatible.
ace-step 0.2.0 requires datasets==3.4.1, but you have datasets 5.0.1 which is incompatible.
ace-step 0.2.0 requires transformers==4.50.0, but you have transformers 4.46.1 which is incompatible.
descript-audiotools 0.7.4 requires protobuf!=4.24.0,<5.0.0,>=3.19.6, but you have protobuf 7.36.2 which is incompatible.
tokenizers 0.20.3 requires huggingface-hub<1.0,>=0.16.4, but you have huggingface-hub 2.1.1 which is incompatible.
datasets 5.0.1 requires huggingface-hub<2.0,>=0.25.0, but you have huggingface-hub 2.1.1 which is incompatible.
omnivoice 0.2.1 requires transformers>=5.3.0, but you have transformers 4.46.1 which is incompatible.[0m[31m
[0m[31mERROR: pip's dependency resolver does not currently take into account all the packages that are installed. This behaviour is the source of the following dependency conflicts.
easyocr 1.7.2 requires opencv-python-headless, which is not installed.
parler-tts 0.2.2 requires transformers<=4.46.1,>=4.46.1, but you have transformers 5.10.4 which is incompatible.
ace-step 0.2.0 requires accelerate==1.6.0, but you have accelerate 1.15.0 which is incompatible.
ace-step 0.2.0 requires datasets==3.4.1, but you have datasets 5.0.1 which is incompatible.
ace-step 0.2.0 requires transformers==4.50.0, but you have transformers 5.10.4 which is incompatible.
optimum-onnx 0.1.0.dev0 requires optimum~=2.2.0, but you have optimum 2.3.0 which is incompatible.
optimum-onnx 0.1.0.dev0 requires transformers<4.58.0,>=4.36, but you have transformers 5.10.4 which is incompatible.
sentence-transformers 5.1.2 requires transformers<5.0.0,>=4.41.0, but you have transformers 5.10.4 which is incompatible.[0m[31m
[0m[IPKernelApp] WARNING | Parent appears to have exited, shutting down.
