[IPKernelApp] WARNING | Kernel is running over TCP without encryption. All communication (including code and outputs) is sent in plain text and is susceptible to eavesdropping. Use IPC transport or launch with kernel manager-provisioned CurveZMQ keys to enable transport encryption.
  [1;31merror[0m: [1msubprocess-exited-with-error[0m
  
  [31m×[0m [32mgit clone --[0m[32mfilter[0m[32m=[0m[32mblob[0m[32m:none --quiet [0m[4;32mhttps://github.com/huggingface/optimum-intel.git[0m[32m [0m[32m/tmp/[0m[32mpip-req-build-bnzaw3ro[0m did not run successfully.
  [31m│[0m exit code: [1;36m128[0m
  [31m╰─>[0m [31m[2 lines of output][0m
  [31m   [0m error: RPC failed; curl 52 Empty reply from server
  [31m   [0m fatal: expected flush after ref listing
  [31m   [0m [31m[end of output][0m
  
  [1;35mnote[0m: This error originates from a subprocess, and is likely not a problem with pip.
[31mERROR: Failed to build 'git+https://github.com/huggingface/optimum-intel.git' when git clone --filter=blob:none --quiet https://github.com/huggingface/optimum-intel.git /tmp/pip-req-build-bnzaw3ro[0m[31m
[0mTraceback (most recent call last):
  File "/home/amd/Desktop/OpenVINO-Notebooks-on-AMD/ov_amd/_nbexec.py", line 144, in main
    client.execute()
  File "/home/amd/Desktop/OpenVINO-Notebooks-on-AMD/.venvs/cpu/14c79f40de9d556c/lib/python3.12/site-packages/jupyter_core/utils/__init__.py", line 165, in wrapped
    return loop.run_until_complete(inner)
           ^^^^^^^^^^^^^^^^^^^^^^^^^^^^^^
  File "/usr/lib/python3.12/asyncio/base_events.py", line 687, in run_until_complete
    return future.result()
           ^^^^^^^^^^^^^^^
  File "/home/amd/Desktop/OpenVINO-Notebooks-on-AMD/.venvs/cpu/14c79f40de9d556c/lib/python3.12/site-packages/nbclient/client.py", line 709, in async_execute
    await self.async_execute_cell(
  File "/home/amd/Desktop/OpenVINO-Notebooks-on-AMD/.venvs/cpu/14c79f40de9d556c/lib/python3.12/site-packages/nbclient/client.py", line 1062, in async_execute_cell
    await self._check_raise_for_error(cell, cell_index, exec_reply)
  File "/home/amd/Desktop/OpenVINO-Notebooks-on-AMD/.venvs/cpu/14c79f40de9d556c/lib/python3.12/site-packages/nbclient/client.py", line 918, in _check_raise_for_error
    raise CellExecutionError.from_cell_and_msg(cell, exec_reply_content)
nbclient.exceptions.CellExecutionError: An error occurred while executing the following cell:
------------------
import requests
from pathlib import Path

if not Path("notebook_utils.py").exists():
    r = requests.get(
        url="https://raw.githubusercontent.com/openvinotoolkit/openvino_notebooks/latest/utils/notebook_utils.py",
    )
    with open("notebook_utils.py", "w") as f:
        f.write(r.text)

if not Path("pip_helper.py").exists():
    r = requests.get(
        url="https://raw.githubusercontent.com/openvinotoolkit/openvino_notebooks/latest/utils/pip_helper.py",
    )
    open("pip_helper.py", "w").write(r.text)

if not Path("cmd_helper.py").exists():
    r = requests.get(
        url="https://raw.githubusercontent.com/openvinotoolkit/openvino_notebooks/latest/utils/cmd_helper.py",
    )
    with open("cmd_helper.py", "w") as f:
        f.write(r.text)


from pip_helper import pip_install

pip_install("-q", "setuptools<82")
pip_install("-qU", "torch==2.8", "torchvision==0.23.0", "--extra-index-url", "https://download.pytorch.org/whl/cpu")
pip_install("-q", "modelscope", "addict", "oss2", "simplejson", "sortedcontainers", "pillow", "opencv-python", "datasets<=3.0.0")
pip_install("-q", "transformers==4.57.6", "git+https://github.com/huggingface/optimum-intel.git", "--extra-index-url", "https://download.pytorch.org/whl/cpu")
pip_install("-qU", "openvino>=2024.5.0", "openvino-tokenizers>=2024.5.0", "openvino-genai>=2024.5.0", "nncf>=2.14.0")


# Read more about telemetry collection at https://github.com/openvinotoolkit/openvino_notebooks?tab=readme-ov-file#-telemetry
from notebook_utils import collect_telemetry

collect_telemetry("modelscope-to-openvino.ipynb")
------------------

----- stderr -----
  [1;31merror[0m: [1msubprocess-exited-with-error[0m
  
  [31m×[0m [32mgit clone --[0m[32mfilter[0m[32m=[0m[32mblob[0m[32m:none --quiet [0m[4;32mhttps://github.com/huggingface/optimum-intel.git[0m[32m [0m[32m/tmp/[0m[32mpip-req-build-bnzaw3ro[0m did not run successfully.
  [31m│[0m exit code: [1;36m128[0m
  [31m╰─>[0m [31m[2 lines of output][0m
  [31m   [0m error: RPC failed; curl 52 Empty reply from server
  [31m   [0m fatal: expected flush after ref listing
  [31m   [0m [31m[end of output][0m
  
  [1;35mnote[0m: This error originates from a subprocess, and is likely not a problem with pip.
[31mERROR: Failed to build 'git+https://github.com/huggingface/optimum-intel.git' when git clone --filter=blob:none --quiet https://github.com/huggingface/optimum-intel.git /tmp/pip-req-build-bnzaw3ro[0m[31m
[0m
------------------

[31m---------------------------------------------------------------------------[39m
[31mCalledProcessError[39m                        Traceback (most recent call last)
[36mCell[39m[36m [39m[32mIn[1][39m[32m, line 30[39m
[32m     26[39m 
[32m     27[39m pip_install([33m"-q"[39m, [33m"setuptools<82"[39m)
[32m     28[39m pip_install([33m"-qU"[39m, [33m"torch==2.8"[39m, [33m"torchvision==0.23.0"[39m, [33m"--extra-index-url"[39m, [33m"https://download.pytorch.org/whl/cpu"[39m)
[32m     29[39m pip_install([33m"-q"[39m, [33m"modelscope"[39m, [33m"addict"[39m, [33m"oss2"[39m, [33m"simplejson"[39m, [33m"sortedcontainers"[39m, [33m"pillow"[39m, [33m"opencv-python"[39m, [33m"datasets<=3.0.0"[39m)
[32m---> [39m[32m30[39m pip_install([33m"-q"[39m, [33m"transformers==4.57.6"[39m, [33m"git+https://github.com/huggingface/optimum-intel.git"[39m, [33m"--extra-index-url"[39m, [33m"https://download.pytorch.org/whl/cpu"[39m)
[32m     31[39m pip_install([33m"-qU"[39m, [33m"openvino>=2024.5.0"[39m, [33m"openvino-tokenizers>=2024.5.0"[39m, [33m"openvino-genai>=2024.5.0"[39m, [33m"nncf>=2.14.0"[39m)
[32m     32[39m 
[32m     33[39m 

[36mFile [39m[32m~/Desktop/OpenVINO-Notebooks-on-AMD/results/modelscope-to-openvino/workdir-cpu/pip_helper.py:10[39m, in [36mpip_install[39m[34m(*args)[39m
[32m      8[39m [38;5;28;01mfor[39;00m arg [38;5;129;01min[39;00m args:
[32m      9[39m     cli_args.extend([38;5;28mstr[39m(arg).split([33m"[39m[33m [39m[33m"[39m))
[32m---> [39m[32m10[39m [30;43msubprocess[39;49m[30;43m.[39;49m[30;43mrun[39;49m[30;43m([39;49m[30;43m[[39;49m[30;43msys[39;49m[30;43m.[39;49m[30;43mexecutable[39;49m[30;43m,[39;49m[30;43m [39;49m[30;43m"[39;49m[30;43m-m[39;49m[30;43m"[39;49m[30;43m,[39;49m[30;43m [39;49m[30;43m"[39;49m[30;43mpip[39;49m[30;43m"[39;49m[30;43m,[39;49m[30;43m [39;49m[30;43m"[39;49m[30;43minstall[39;49m[30;43m"[39;49m[30;43m,[39;49m[30;43m [39;49m[30;43m*[39;49m[30;43mcli_args[39;49m[30;43m][39;49m[30;43m,[39;49m[30;43m [39;49m[30;43mcheck[39;49m[30;43m=[39;49m[30;43;01mTrue[39;49;00m[30;43m)[39;49m

[36mFile [39m[32m/usr/lib/python3.12/subprocess.py:571[39m, in [36mrun[39m[34m(input, capture_output, timeout, check, *popenargs, **kwargs)[39m
[32m    569[39m     retcode = process.poll()
[32m    570[39m     [38;5;28;01mif[39;00m check [38;5;129;01mand[39;00m retcode:
[32m--> [39m[32m571[39m         [38;5;28;01mraise[39;00m CalledProcessError(retcode, process.args,
[32m    572[39m                                  output=stdout, stderr=stderr)
[32m    573[39m [38;5;28;01mreturn[39;00m CompletedProcess(process.args, retcode, stdout, stderr)

[31mCalledProcessError[39m: Command '['/home/amd/Desktop/OpenVINO-Notebooks-on-AMD/.venvs/cpu/14c79f40de9d556c/bin/python', '-m', 'pip', 'install', '-q', 'transformers==4.57.6', 'git+https://github.com/huggingface/optimum-intel.git', '--extra-index-url', 'https://download.pytorch.org/whl/cpu']' returned non-zero exit status 1.

