[IPKernelApp] WARNING | Kernel is running over TCP without encryption. All communication (including code and outputs) is sent in plain text and is susceptible to eavesdropping. Use IPC transport or launch with kernel manager-provisioned CurveZMQ keys to enable transport encryption.
[39m [38;5;28;01mdel[39;00m [38;5;28mself[39m._buffer[:]
[32m-> [39m[32m1111[39m [30;43mself[39;49m[30;43m.[39;49m[30;43msend[39;49m[30;43m([39;49m[30;43mmsg[39;49m[30;43m)[39;49m
[32m   1113[39m [38;5;28;01mif[39;00m message_body [38;5;129;01mis[39;00m [38;5;129;01mnot[39;00m [38;5;28;01mNone[39;00m:
[32m   1114[39m 
[32m   1115[39m     [38;5;66;03m# create a consistent interface to message_body[39;00m

[36mFile [39m[32m/usr/lib/python3.12/http/client.py:1055[39m, in [36mHTTPConnection.send[39m[34m(self, data)[39m
[32m   1054[39m [38;5;28;01mif[39;00m [38;5;28mself[39m.auto_open:
[32m-> [39m[32m1055[39m     [30;43mself[39;49m[30;43m.[39;49m[30;43mconnect[39;49m[30;43m([39;49m[30;43m)[39;49m
[32m   1056[39m [38;5;28;01melse[39;00m:

[36mFile [39m[32m/usr/lib/python3.12/http/client.py:1490[39m, in [36mHTTPSConnection.connect[39m[34m(self)[39m
[32m   1488[39m [33m"[39m[33mConnect to a host on a given (SSL) port.[39m[33m"[39m
[32m-> [39m[32m1490[39m [30;43msuper[39;49m[30;43m([39;49m[30;43m)[39;49m[30;43m.[39;49m[30;43mconnect[39;49m[30;43m([39;49m[30;43m)[39;49m
[32m   1492[39m [38;5;28;01mif[39;00m [38;5;28mself[39m._tunnel_host:

[36mFile [39m[32m/usr/lib/python3.12/http/client.py:1031[39m, in [36mHTTPConnection.connect[39m[34m(self)[39m
[32m   1030[39m [38;5;28;01mif[39;00m [38;5;28mself[39m._tunnel_host:
[32m-> [39m[32m1031[39m     [30;43mself[39;49m[30;43m.[39;49m[30;43m_tunnel[39;49m[30;43m([39;49m[30;43m)[39;49m

[36mFile [39m[32m/usr/lib/python3.12/http/client.py:999[39m, in [36mHTTPConnection._tunnel[39m[34m(self)[39m
[32m    998[39m         [38;5;28mself[39m.close()
[32m--> [39m[32m999[39m         [38;5;28;01mraise[39;00m [38;5;167;01mOSError[39;00m([33mf[39m[33m"[39m[33mTunnel connection failed: [39m[38;5;132;01m{[39;00mcode[38;5;132;01m}[39;00m[33m [39m[38;5;132;01m{[39;00mmessage.strip()[38;5;132;01m}[39;00m[33m"[39m)
[32m   1001[39m [38;5;28;01mfinally[39;00m:

[31mOSError[39m: Tunnel connection failed: 403 Forbidden

During handling of the above exception, another exception occurred:

[31mURLError[39m                                  Traceback (most recent call last)
[36mCell[39m[36m [39m[32mIn[3][39m[32m, line 7[39m
[32m      3[39m [38;5;28;01mif[39;00m [38;5;28;01mnot[39;00m CHECKPOINT_PATH.exists():
[32m      4[39m     [38;5;28;01mimport[39;00m urllib.request
[32m      5[39m 
[32m      6[39m     url = [33m"https://dl.fbaipublicfiles.com/vjepa2/vjepa2_1_vitl_dist_vitG_384.pt"[39m
[32m----> [39m[32m7[39m     urllib.request.urlretrieve(url, CHECKPOINT_PATH)
[32m      8[39m 
[32m      9[39m print(f"Using checkpoint: {CHECKPOINT_PATH}  ({CHECKPOINT_PATH.stat().st_size / [32m2[39m**[32m20[39m:.0f} MB)")

[36mFile [39m[32m/usr/lib/python3.12/urllib/request.py:240[39m, in [36murlretrieve[39m[34m(url, filename, reporthook, data)[39m
[32m    223[39m [38;5;250m[39m[33;03m"""[39;00m
[32m    224[39m [33;03mRetrieve a URL into a temporary location on disk.[39;00m
[32m    225[39m 
[32m   (...)[39m[32m    236[39m [33;03mdata file as well as the resulting HTTPMessage object.[39;00m
[32m    237[39m [33;03m"""[39;00m
[32m    238[39m url_type, path = _splittype(url)
[32m--> [39m[32m240[39m [38;5;28;01mwith[39;00m contextlib.closing([30;43murlopen[39;49m[30;43m([39;49m[30;43murl[39;49m[30;43m,[39;49m[30;43m [39;49m[30;43mdata[39;49m[30;43m)[39;49m) [38;5;28;01mas[39;00m fp:
[32m    241[39m     headers = fp.info()
[32m    243[39m     [38;5;66;03m# Just return the local path and the "headers" for file://[39;00m
[32m    244[39m     [38;5;66;03m# URLs. No sense in performing a copy unless requested.[39;00m

[36mFile [39m[32m/usr/lib/python3.12/urllib/request.py:215[39m, in [36murlopen[39m[34m(url, data, timeout, cafile, capath, cadefault, context)[39m
[32m    213[39m [38;5;28;01melse[39;00m:
[32m    214[39m     opener = _opener
[32m--> [39m[32m215[39m [38;5;28;01mreturn[39;00m [30;43mopener[39;49m[30;43m.[39;49m[30;43mopen[39;49m[30;43m([39;49m[30;43murl[39;49m[30;43m,[39;49m[30;43m [39;49m[30;43mdata[39;49m[30;43m,[39;49m[30;43m [39;49m[30;43mtimeout[39;49m[30;43m)[39;49m

[36mFile [39m[32m/usr/lib/python3.12/urllib/request.py:515[39m, in [36mOpenerDirector.open[39m[34m(self, fullurl, data, timeout)[39m
[32m    512[39m     req = meth(req)
[32m    514[39m sys.audit([33m'[39m[33murllib.Request[39m[33m'[39m, req.full_url, req.data, req.headers, req.get_method())
[32m--> [39m[32m515[39m response = [30;43mself[39;49m[30;43m.[39;49m[30;43m_open[39;49m[30;43m([39;49m[30;43mreq[39;49m[30;43m,[39;49m[30;43m [39;49m[30;43mdata[39;49m[30;43m)[39;49m
[32m    517[39m [38;5;66;03m# post-process response[39;00m
[32m    518[39m meth_name = protocol+[33m"[39m[33m_response[39m[33m"[39m

[36mFile [39m[32m/usr/lib/python3.12/urllib/request.py:532[39m, in [36mOpenerDirector._open[39m[34m(self, req, data)[39m
[32m    529[39m     [38;5;28;01mreturn[39;00m result
[32m    531[39m protocol = req.type
[32m--> [39m[32m532[39m result = [30;43mself[39;49m[30;43m.[39;49m[30;43m_call_chain[39;49m[30;43m([39;49m[30;43mself[39;49m[30;43m.[39;49m[30;43mhandle_open[39;49m[30;43m,[39;49m[30;43m [39;49m[30;43mprotocol[39;49m[30;43m,[39;49m[30;43m [39;49m[30;43mprotocol[39;49m[30;43m [39;49m[30;43m+[39;49m
[32m    533[39m [30;43m                          [39;49m[30;43m'[39;49m[30;43m_open[39;49m[30;43m'[39;49m[30;43m,[39;49m[30;43m [39;49m[30;43mreq[39;49m[30;43m)[39;49m
[32m    534[39m [38;5;28;01mif[39;00m result:
[32m    535[39m     [38;5;28;01mreturn[39;00m result

[36mFile [39m[32m/usr/lib/python3.12/urllib/request.py:492[39m, in [36mOpenerDirector._call_chain[39m[34m(self, chain, kind, meth_name, *args)[39m
[32m    490[39m [38;5;28;01mfor[39;00m handler [38;5;129;01min[39;00m handlers:
[32m    491[39m     func = [38;5;28mgetattr[39m(handler, meth_name)
[32m--> [39m[32m492[39m     result = [30;43mfunc[39;49m[30;43m([39;49m[30;43m*[39;49m[30;43margs[39;49m[30;43m)[39;49m
[32m    493[39m     [38;5;28;01mif[39;00m result [38;5;129;01mis[39;00m [38;5;129;01mnot[39;00m [38;5;28;01mNone[39;00m:
[32m    494[39m         [38;5;28;01mreturn[39;00m result

[36mFile [39m[32m/usr/lib/python3.12/urllib/request.py:1392[39m, in [36mHTTPSHandler.https_open[39m[34m(self, req)[39m
[32m   1391[39m [38;5;28;01mdef[39;00m[38;5;250m [39m[34mhttps_open[39m([38;5;28mself[39m, req):
[32m-> [39m[32m1392[39m     [38;5;28;01mreturn[39;00m [30;43mself[39;49m[30;43m.[39;49m[30;43mdo_open[39;49m[30;43m([39;49m[30;43mhttp[39;49m[30;43m.[39;49m[30;43mclient[39;49m[30;43m.[39;49m[30;43mHTTPSConnection[39;49m[30;43m,[39;49m[30;43m [39;49m[30;43mreq[39;49m[30;43m,[39;49m
[32m   1393[39m [30;43m                        [39;49m[30;43mcontext[39;49m[30;43m=[39;49m[30;43mself[39;49m[30;43m.[39;49m[30;43m_context[39;49m[30;43m)[39;49m

[36mFile [39m[32m/usr/lib/python3.12/urllib/request.py:1347[39m, in [36mAbstractHTTPHandler.do_open[39m[34m(self, http_class, req, **http_conn_args)[39m
[32m   1344[39m         h.request(req.get_method(), req.selector, req.data, headers,
[32m   1345[39m                   encode_chunked=req.has_header([33m'[39m[33mTransfer-encoding[39m[33m'[39m))
[32m   1346[39m     [38;5;28;01mexcept[39;00m [38;5;167;01mOSError[39;00m [38;5;28;01mas[39;00m err: [38;5;66;03m# timeout error[39;00m
[32m-> [39m[32m1347[39m         [38;5;28;01mraise[39;00m URLError(err)
[32m   1348[39m     r = h.getresponse()
[32m   1349[39m [38;5;28;01mexcept[39;00m:

[31mURLError[39m: <urlopen error Tunnel connection failed: 403 Forbidden>

