[IPKernelApp] WARNING | Kernel is running over TCP without encryption. All communication (including code and outputs) is sent in plain text and is susceptible to eavesdropping. Use IPC transport or launch with kernel manager-provisioned CurveZMQ keys to enable transport encryption.
Traceback (most recent call last):
  File "/home/amd/Desktop/OpenVINO-Notebooks-on-AMD/ov_amd/_nbexec.py", line 144, in main
    client.execute()
  File "/home/amd/Desktop/OpenVINO-Notebooks-on-AMD/.venvs/cpu/ef3e3c48c9790e40/lib/python3.12/site-packages/jupyter_core/utils/__init__.py", line 165, in wrapped
    return loop.run_until_complete(inner)
           ^^^^^^^^^^^^^^^^^^^^^^^^^^^^^^
  File "/usr/lib/python3.12/asyncio/base_events.py", line 687, in run_until_complete
    return future.result()
           ^^^^^^^^^^^^^^^
  File "/home/amd/Desktop/OpenVINO-Notebooks-on-AMD/.venvs/cpu/ef3e3c48c9790e40/lib/python3.12/site-packages/nbclient/client.py", line 709, in async_execute
    await self.async_execute_cell(
  File "/home/amd/Desktop/OpenVINO-Notebooks-on-AMD/.venvs/cpu/ef3e3c48c9790e40/lib/python3.12/site-packages/nbclient/client.py", line 1062, in async_execute_cell
    await self._check_raise_for_error(cell, cell_index, exec_reply)
  File "/home/amd/Desktop/OpenVINO-Notebooks-on-AMD/.venvs/cpu/ef3e3c48c9790e40/lib/python3.12/site-packages/nbclient/client.py", line 918, in _check_raise_for_error
    raise CellExecutionError.from_cell_and_msg(cell, exec_reply_content)
nbclient.exceptions.CellExecutionError: An error occurred while executing the following cell:
------------------
import matplotlib.pyplot as plt
import numpy as np
from PIL import Image


def visualize_result(image: Image, labels: list[str], probs: np.ndarray, top: int = 5):
    """
    Utility function for visualization classification results
    params:
      image: input image
      labels: list of classification labels
      probs: model predicted softmaxed probabilities for each label
      top: number of the highest probability results for visualization
    returns:
      None
    """
    plt.figure(figsize=(64, 64))
    top_labels = np.argsort(-probs)[: min(top, probs.shape[0])]
    top_probs = probs[top_labels]
    plt.subplot(8, 8, 1)
    plt.imshow(image)
    plt.axis("off")

    plt.subplot(8, 8, 2)
    y = np.arange(top_probs.shape[-1])
    plt.grid()
    plt.barh(y, top_probs)
    plt.gca().invert_yaxis()
    plt.gca().set_axisbelow(True)
    plt.yticks(y, [labels[index] for index in top_labels])
    plt.xlabel("probability")
------------------


[31m---------------------------------------------------------------------------[39m
[31mModuleNotFoundError[39m                       Traceback (most recent call last)
[36mCell[39m[36m [39m[32mIn[3][39m[32m, line 1[39m
[32m----> [39m[32m1[39m [38;5;28;01mimport[39;00m matplotlib.pyplot [38;5;28;01mas[39;00m plt
[32m      2[39m [38;5;28;01mimport[39;00m numpy [38;5;28;01mas[39;00m np
[32m      3[39m [38;5;28;01mfrom[39;00m PIL [38;5;28;01mimport[39;00m Image
[32m      4[39m 

[31mModuleNotFoundError[39m: No module named 'matplotlib'

