[IPKernelApp] WARNING | Kernel is running over TCP without encryption. All communication (including code and outputs) is sent in plain text and is susceptible to eavesdropping. Use IPC transport or launch with kernel manager-provisioned CurveZMQ keys to enable transport encryption.
b/python3.12/site-packages/transformers/modeling_utils.py", line 4839, in from_pretrained
    ) = cls._load_pretrained_model(
        ^^^^^^^^^^^^^^^^^^^^^^^^^^^
  File "/home/amd/Desktop/OpenVINO-Notebooks-on-AMD/.venvs/cpu/d62ad64a238718fb/lib/python3.12/site-packages/transformers/modeling_utils.py", line 5302, in _load_pretrained_model
    _error_msgs, disk_offload_index, cpu_offload_index = load_shard_file(args)
                                                         ^^^^^^^^^^^^^^^^^^^^^
  File "/home/amd/Desktop/OpenVINO-Notebooks-on-AMD/.venvs/cpu/d62ad64a238718fb/lib/python3.12/site-packages/transformers/modeling_utils.py", line 920, in load_shard_file
    state_dict = load_state_dict(
                 ^^^^^^^^^^^^^^^^
  File "/home/amd/Desktop/OpenVINO-Notebooks-on-AMD/.venvs/cpu/d62ad64a238718fb/lib/python3.12/site-packages/transformers/modeling_utils.py", line 532, in load_state_dict
    with safe_open(checkpoint_file, framework="pt") as f:
         ^^^^^^^^^^^^^^^^^^^^^^^^^^^^^^^^^^^^^^^^^^
FileNotFoundError: No such file or directory: GLM-4.1V-9B-Thinking/model-00001-of-00004.safetensors

During handling of the above exception, another exception occurred:

Traceback (most recent call last):
  File "/home/amd/Desktop/OpenVINO-Notebooks-on-AMD/.venvs/cpu/d62ad64a238718fb/bin/optimum-cli", line 6, in <module>
    sys.exit(main())
             ^^^^^^
  File "/home/amd/Desktop/OpenVINO-Notebooks-on-AMD/.venvs/cpu/d62ad64a238718fb/lib/python3.12/site-packages/optimum/commands/optimum_cli.py", line 208, in main
    service.run()
  File "/home/amd/Desktop/OpenVINO-Notebooks-on-AMD/.venvs/cpu/d62ad64a238718fb/lib/python3.12/site-packages/optimum/commands/export/openvino.py", line 566, in run
    model = model_cls.from_pretrained(
            ^^^^^^^^^^^^^^^^^^^^^^^^^^
  File "/home/amd/Desktop/OpenVINO-Notebooks-on-AMD/.venvs/cpu/d62ad64a238718fb/lib/python3.12/site-packages/optimum/intel/openvino/modeling_base.py", line 505, in from_pretrained
    return super().from_pretrained(
           ^^^^^^^^^^^^^^^^^^^^^^^^
  File "/home/amd/Desktop/OpenVINO-Notebooks-on-AMD/.venvs/cpu/d62ad64a238718fb/lib/python3.12/site-packages/optimum/modeling_base.py", line 419, in from_pretrained
    return from_pretrained_method(
           ^^^^^^^^^^^^^^^^^^^^^^^
  File "/home/amd/Desktop/OpenVINO-Notebooks-on-AMD/.venvs/cpu/d62ad64a238718fb/lib/python3.12/site-packages/optimum/intel/openvino/modeling_visual_language.py", line 678, in _export
    main_export(
  File "/home/amd/Desktop/OpenVINO-Notebooks-on-AMD/.venvs/cpu/d62ad64a238718fb/lib/python3.12/site-packages/optimum/exporters/openvino/__main__.py", line 388, in main_export
    model = TasksManager.get_model_from_task(
            ^^^^^^^^^^^^^^^^^^^^^^^^^^^^^^^^^
  File "/home/amd/Desktop/OpenVINO-Notebooks-on-AMD/.venvs/cpu/d62ad64a238718fb/lib/python3.12/site-packages/optimum/exporters/tasks.py", line 2219, in get_model_from_task
    model = model_class.from_pretrained(model_name_or_path, **kwargs)
            ^^^^^^^^^^^^^^^^^^^^^^^^^^^^^^^^^^^^^^^^^^^^^^^^^^^^^^^^^
  File "/home/amd/Desktop/OpenVINO-Notebooks-on-AMD/.venvs/cpu/d62ad64a238718fb/lib/python3.12/site-packages/transformers/models/auto/auto_factory.py", line 600, in from_pretrained
    return model_class.from_pretrained(
           ^^^^^^^^^^^^^^^^^^^^^^^^^^^^
  File "/home/amd/Desktop/OpenVINO-Notebooks-on-AMD/.venvs/cpu/d62ad64a238718fb/lib/python3.12/site-packages/transformers/modeling_utils.py", line 311, in _wrapper
    return func(*args, **kwargs)
           ^^^^^^^^^^^^^^^^^^^^^
  File "/home/amd/Desktop/OpenVINO-Notebooks-on-AMD/.venvs/cpu/d62ad64a238718fb/lib/python3.12/site-packages/transformers/modeling_utils.py", line 4824, in from_pretrained
    model, loading_info = cls._load_from_tf(model, config, checkpoint_files)
                          ^^^^^^^^^^^^^^^^^^^^^^^^^^^^^^^^^^^^^^^^^^^^^^^^^^
  File "/home/amd/Desktop/OpenVINO-Notebooks-on-AMD/.venvs/cpu/d62ad64a238718fb/lib/python3.12/site-packages/transformers/modeling_utils.py", line 5425, in _load_from_tf
    model, loading_info = load_tf2_checkpoint_in_pytorch_model(
                          ^^^^^^^^^^^^^^^^^^^^^^^^^^^^^^^^^^^^^
  File "/home/amd/Desktop/OpenVINO-Notebooks-on-AMD/.venvs/cpu/d62ad64a238718fb/lib/python3.12/site-packages/transformers/modeling_tf_pytorch_utils.py", line 507, in load_tf2_checkpoint_in_pytorch_model
    import tensorflow as tf  # noqa: F401
    ^^^^^^^^^^^^^^^^^^^^^^^
ModuleNotFoundError: No module named 'tensorflow'
------------------

[31m---------------------------------------------------------------------------[39m
[31mCalledProcessError[39m                        Traceback (most recent call last)
[36mCell[39m[36m [39m[32mIn[7][39m[32m, line 4[39m
[32m      1[39m [38;5;28;01mfrom[39;00m cmd_helper [38;5;28;01mimport[39;00m optimum_cli
[32m      2[39m 
[32m      3[39m [38;5;28;01mif[39;00m [38;5;28;01mnot[39;00m model_dir.exists():
[32m----> [39m[32m4[39m     optimum_cli(model_base_dir, model_dir, additional_args=additional_args)

[36mFile [39m[32m~/Desktop/OpenVINO-Notebooks-on-AMD/results/glm4.1-v-thinking/workdir-cpu/cmd_helper.py:62[39m, in [36moptimum_cli[39m[34m(model_id, output_dir, show_command, additional_args, debug_logs)[39m
[32m     60[39m     [38;5;28;01mif[39;00m transofrmers_loglevel [38;5;129;01mis[39;00m [38;5;129;01mnot[39;00m [38;5;28;01mNone[39;00m:
[32m     61[39m         os.environ[[33m"[39m[33mTRANSFORMERS_VERBOSITY[39m[33m"[39m] = transofrmers_loglevel
[32m---> [39m[32m62[39m     [38;5;28;01mraise[39;00m exc
[32m     63[39m [38;5;28;01mfinally[39;00m:
[32m     64[39m     [38;5;28;01mif[39;00m transofrmers_loglevel [38;5;129;01mis[39;00m [38;5;129;01mnot[39;00m [38;5;28;01mNone[39;00m:

[36mFile [39m[32m~/Desktop/OpenVINO-Notebooks-on-AMD/results/glm4.1-v-thinking/workdir-cpu/cmd_helper.py:49[39m, in [36moptimum_cli[39m[34m(model_id, output_dir, show_command, additional_args, debug_logs)[39m
[32m     46[39m     os.environ[[33m"[39m[33mTRANSFORMERS_VERBOSITY[39m[33m"[39m] = [33m"[39m[33mdebug[39m[33m"[39m
[32m     48[39m [38;5;28;01mtry[39;00m:
[32m---> [39m[32m49[39m     [30;43msubprocess[39;49m[30;43m.[39;49m[30;43mrun[39;49m[30;43m([39;49m[30;43mexport_command[39;49m[30;43m.[39;49m[30;43msplit[39;49m[30;43m([39;49m[30;43m"[39;49m[30;43m [39;49m[30;43m"[39;49m[30;43m)[39;49m[30;43m,[39;49m[30;43m [39;49m[30;43mshell[39;49m[30;43m=[39;49m[30;43m([39;49m[30;43mplatform[39;49m[30;43m.[39;49m[30;43msystem[39;49m[30;43m([39;49m[30;43m)[39;49m[30;43m [39;49m[30;43m==[39;49m[30;43m [39;49m[30;43m"[39;49m[30;43mWindows[39;49m[30;43m"[39;49m[30;43m)[39;49m[30;43m,[39;49m[30;43m [39;49m[30;43mcheck[39;49m[30;43m=[39;49m[30;43;01mTrue[39;49;00m[30;43m,[39;49m[30;43m [39;49m[30;43mcapture_output[39;49m[30;43m=[39;49m[30;43;01mTrue[39;49;00m[30;43m)[39;49m
[32m     50[39m [38;5;28;01mexcept[39;00m subprocess.CalledProcessError [38;5;28;01mas[39;00m exc:
[32m     51[39m     logger = logging.getLogger()

[36mFile [39m[32m/usr/lib/python3.12/subprocess.py:571[39m, in [36mrun[39m[34m(input, capture_output, timeout, check, *popenargs, **kwargs)[39m
[32m    569[39m     retcode = process.poll()
[32m    570[39m     [38;5;28;01mif[39;00m check [38;5;129;01mand[39;00m retcode:
[32m--> [39m[32m571[39m         [38;5;28;01mraise[39;00m CalledProcessError(retcode, process.args,
[32m    572[39m                                  output=stdout, stderr=stderr)
[32m    573[39m [38;5;28;01mreturn[39;00m CompletedProcess(process.args, retcode, stdout, stderr)

[31mCalledProcessError[39m: Command '['optimum-cli', 'export', 'openvino', '--model', 'GLM-4.1V-9B-Thinking', 'GLM-4.1V-9B-Thinking/INT4', '--task', 'image-text-to-text', '--weight-format', 'int4', '--group-size', '128', '--ratio', '0.8']' returned non-zero exit status 1.

