[cell 0 START +    0.7s] # Image-to-image generation using OpenVINO GenAI |  | Image-to-image is th
[cell 1 START +    0.7s] ## Prerequisites | [back to top ⬆️](#Table-of-contents:)
[cell 2 START +    0.7s] import requests | from pathlib import Path |  | %pip install -q "https://cod
[cell 2 DONE  +   65.0s]
[cell 3 START +   65.0s] ## Prepare model | [back to top ⬆️](#Table-of-contents:) |  | For starting w
[cell 4 START +   65.0s] import ipywidgets as widgets |  | use_preconverted = widgets.Checkbox(valu
[cell 4 DONE  +   65.1s]
[cell 5 START +   65.1s] from pathlib import Path |  | import huggingface_hub as hf_hub |  | from cmd_h
[cell 5 DONE  +   65.1s]
[cell 6 START +   65.1s] ## Create inference pipeline | [back to top ⬆️](#Table-of-contents:) |  | Fo
[cell 7 START +   65.1s] from notebook_utils import device_widget |  | device = device_widget("CPU"
[cell 7 DONE  +   65.4s]
[cell 8 START +   65.4s] import openvino_genai as ov_genai |  | pipe = ov_genai.Image2ImagePipeline
Model: OV Tokenizer
  NETWORK_NAME: tokenizer
  OPTIMAL_NUMBER_OF_INFER_REQUESTS: 1
  NUM_STREAMS: 1
  INFERENCE_NUM_THREADS: 16
  PERF_COUNT: NO
  INFERENCE_PRECISION_HINT: bf16
  PERFORMANCE_HINT: LATENCY
  EXECUTION_MODE_HINT: PERFORMANCE
  PERFORMANCE_HINT_NUM_REQUESTS: 0
  ENABLE_CPU_PINNING: YES
  ENABLE_CPU_RESERVATION: NO
  SCHEDULING_CORE_TYPE: ANY_CORE
  MODEL_DISTRIBUTION_POLICY: 
  ENABLE_HYPER_THREADING: NO
  EXECUTION_DEVICES: CPU
  CPU_DENORMALS_OPTIMIZATION: NO
  LOG_LEVEL: LOG_NONE
  CPU_SPARSE_WEIGHTS_DECOMPRESSION_RATE: 1
  ENABLE_TENSOR_PARALLEL: NO
  DYNAMIC_QUANTIZATION_GROUP_SIZE: 32
  KV_CACHE_PRECISION: u8
  KEY_CACHE_PRECISION: u8
  VALUE_CACHE_PRECISION: u8
  KEY_CACHE_GROUP_SIZE: 0
  VALUE_CACHE_GROUP_SIZE: 0
EXECUTION_DEVICES:
 CPU: AMD RYZEN AI MAX+ PRO 395 w/ Radeon 8060S      
Model: OV Detokenizer
  NETWORK_NAME: detokenizer
  OPTIMAL_NUMBER_OF_INFER_REQUESTS: 1
  NUM_STREAMS: 1
  INFERENCE_NUM_THREADS: 16
  PERF_COUNT: NO
  INFERENCE_PRECISION_HINT: bf16
  PERFORMANCE_HINT: LATENCY
  EXECUTION_MODE_HINT: PERFORMANCE
  PERFORMANCE_HINT_NUM_REQUESTS: 0
  ENABLE_CPU_PINNING: YES
  ENABLE_CPU_RESERVATION: NO
  SCHEDULING_CORE_TYPE: ANY_CORE
  MODEL_DISTRIBUTION_POLICY: 
  ENABLE_HYPER_THREADING: NO
  EXECUTION_DEVICES: CPU
  CPU_DENORMALS_OPTIMIZATION: NO
  LOG_LEVEL: LOG_NONE
  CPU_SPARSE_WEIGHTS_DECOMPRESSION_RATE: 1
  ENABLE_TENSOR_PARALLEL: NO
  DYNAMIC_QUANTIZATION_GROUP_SIZE: 32
  KV_CACHE_PRECISION: u8
  KEY_CACHE_PRECISION: u8
  VALUE_CACHE_PRECISION: u8
  KEY_CACHE_GROUP_SIZE: 0
  VALUE_CACHE_GROUP_SIZE: 0
EXECUTION_DEVICES:
 CPU: AMD RYZEN AI MAX+ PRO 395 w/ Radeon 8060S      
Model: Clip Text model
  NETWORK_NAME: Model0
  OPTIMAL_NUMBER_OF_INFER_REQUESTS: 1
  NUM_STREAMS: 1
  INFERENCE_NUM_THREADS: 16
  PERF_COUNT: NO
  INFERENCE_PRECISION_HINT: bf16
  PERFORMANCE_HINT: LATENCY
  EXECUTION_MODE_HINT: PERFORMANCE
  PERFORMANCE_HINT_NUM_REQUESTS: 0
  ENABLE_CPU_PINNING: YES
  ENABLE_CPU_RESERVATION: NO
  SCHEDULING_CORE_TYPE: ANY_CORE
  MODEL_DISTRIBUTION_POLICY: 
  ENABLE_HYPER_THREADING: NO
  EXECUTION_DEVICES: CPU
  CPU_DENORMALS_OPTIMIZATION: NO
  LOG_LEVEL: LOG_NONE
  CPU_SPARSE_WEIGHTS_DECOMPRESSION_RATE: 1
  ENABLE_TENSOR_PARALLEL: NO
  DYNAMIC_QUANTIZATION_GROUP_SIZE: 32
  KV_CACHE_PRECISION: u8
  KEY_CACHE_PRECISION: u8
  VALUE_CACHE_PRECISION: u8
  KEY_CACHE_GROUP_SIZE: 0
  VALUE_CACHE_GROUP_SIZE: 0
EXECUTION_DEVICES:
 CPU: AMD RYZEN AI MAX+ PRO 395 w/ Radeon 8060S      
Model: UNet 2D Condition dynamic model
  NETWORK_NAME: Model3
  OPTIMAL_NUMBER_OF_INFER_REQUESTS: 1
  NUM_STREAMS: 1
  INFERENCE_NUM_THREADS: 16
  PERF_COUNT: NO
  INFERENCE_PRECISION_HINT: bf16
  PERFORMANCE_HINT: LATENCY
  EXECUTION_MODE_HINT: PERFORMANCE
  PERFORMANCE_HINT_NUM_REQUESTS: 0
  ENABLE_CPU_PINNING: YES
  ENABLE_CPU_RESERVATION: NO
  SCHEDULING_CORE_TYPE: ANY_CORE
  MODEL_DISTRIBUTION_POLICY: 
  ENABLE_HYPER_THREADING: NO
  EXECUTION_DEVICES: CPU
  CPU_DENORMALS_OPTIMIZATION: NO
  LOG_LEVEL: LOG_NONE
  CPU_SPARSE_WEIGHTS_DECOMPRESSION_RATE: 1
  ENABLE_TENSOR_PARALLEL: NO
  DYNAMIC_QUANTIZATION_GROUP_SIZE: 32
  KV_CACHE_PRECISION: u8
  KEY_CACHE_PRECISION: u8
  VALUE_CACHE_PRECISION: u8
  KEY_CACHE_GROUP_SIZE: 0
  VALUE_CACHE_GROUP_SIZE: 0
EXECUTION_DEVICES:
 CPU: AMD RYZEN AI MAX+ PRO 395 w/ Radeon 8060S      
Model: Auto encoder KL encoder model
  NETWORK_NAME: Model6
  OPTIMAL_NUMBER_OF_INFER_REQUESTS: 1
  NUM_STREAMS: 1
  INFERENCE_NUM_THREADS: 16
  PERF_COUNT: NO
  INFERENCE_PRECISION_HINT: bf16
  PERFORMANCE_HINT: LATENCY
  EXECUTION_MODE_HINT: PERFORMANCE
  PERFORMANCE_HINT_NUM_REQUESTS: 0
  ENABLE_CPU_PINNING: YES
  ENABLE_CPU_RESERVATION: NO
  SCHEDULING_CORE_TYPE: ANY_CORE
  MODEL_DISTRIBUTION_POLICY: 
  ENABLE_HYPER_THREADING: NO
  EXECUTION_DEVICES: CPU
  CPU_DENORMALS_OPTIMIZATION: NO
  LOG_LEVEL: LOG_NONE
  CPU_SPARSE_WEIGHTS_DECOMPRESSION_RATE: 1
  ENABLE_TENSOR_PARALLEL: NO
  DYNAMIC_QUANTIZATION_GROUP_SIZE: 32
  KV_CACHE_PRECISION: u8
  KEY_CACHE_PRECISION: u8
  VALUE_CACHE_PRECISION: u8
  KEY_CACHE_GROUP_SIZE: 0
  VALUE_CACHE_GROUP_SIZE: 0
EXECUTION_DEVICES:
 CPU: AMD RYZEN AI MAX+ PRO 395 w/ Radeon 8060S      
Model: Auto encoder KL decoder model
  NETWORK_NAME: Model9
  OPTIMAL_NUMBER_OF_INFER_REQUESTS: 1
  NUM_STREAMS: 1
  INFERENCE_NUM_THREADS: 16
  PERF_COUNT: NO
  INFERENCE_PRECISION_HINT: bf16
  PERFORMANCE_HINT: LATENCY
  EXECUTION_MODE_HINT: PERFORMANCE
  PERFORMANCE_HINT_NUM_REQUESTS: 0
  ENABLE_CPU_PINNING: YES
  ENABLE_CPU_RESERVATION: NO
  SCHEDULING_CORE_TYPE: ANY_CORE
  MODEL_DISTRIBUTION_POLICY: 
  ENABLE_HYPER_THREADING: NO
  EXECUTION_DEVICES: CPU
  CPU_DENORMALS_OPTIMIZATION: NO
  LOG_LEVEL: LOG_NONE
  CPU_SPARSE_WEIGHTS_DECOMPRESSION_RATE: 1
  ENABLE_TENSOR_PARALLEL: NO
  DYNAMIC_QUANTIZATION_GROUP_SIZE: 32
  KV_CACHE_PRECISION: u8
  KEY_CACHE_PRECISION: u8
  VALUE_CACHE_PRECISION: u8
  KEY_CACHE_GROUP_SIZE: 0
  VALUE_CACHE_GROUP_SIZE: 0
EXECUTION_DEVICES:
 CPU: AMD RYZEN AI MAX+ PRO 395 w/ Radeon 8060S      
[cell 8 DONE  +   71.4s]
[cell 9 START +   71.4s] ## Prepare inputs | [back to top ⬆️](#Table-of-contents:) |  | The main inpu
[cell 10 START +   71.4s] import openvino as ov | import numpy as np | from PIL import Image |  |  | def i
[cell 10 DONE  +   71.5s]
[cell 11 START +   71.5s] from PIL import Image | from diffusers.utils import load_image |  | init_ima
[cell 11 DONE  +   73.4s]
[cell 12 START +   73.4s] ## Run inference pipeline | [back to top ⬆️](#Table-of-contents:) |  | For s
[cell 13 START +   73.4s] from tqdm.notebook import tqdm | import sys |  | num_inference_steps = 31 | pr
[cell 13 DONE  +   84.5s]
[cell 14 START +   84.5s] ## Configure pipeline parameters | [back to top ⬆️](#Table-of-contents:)
[cell 15 START +   84.5s] input_image_path = Path("dog_drawing.png") |  | if not input_image_path.ex
[cell 15 DONE  +   84.5s]
[cell 16 START +   84.5s] import math |  | strength = 0.75 |  | num_inference_steps = 20 |  | random_generat
[cell 16 DONE  +   98.5s]
[cell 17 START +   98.5s] ## Interactive demo | [back to top ⬆️](#Table-of-contents:)
[cell 18 START +   98.5s] if not Path("gradio_helper.py").exists(): |     r = requests.get("https:
[cell 18 DONE  +   98.5s]
[cell 19 START +   98.5s] from gradio_helper import make_demo |  | demo = make_demo(pipe, ov_genai.T
NBEXEC_RESULT={"ok": true, "n_cells": 12, "n_skipped": 1, "n_substituted": 2, "stopped_after": null, "error_cell": null, "error_type": null, "error_head": null, "duration_s": 99.87, "patch_notes": ["substituted 1 occurrence(s) in cell 2", "substituted 1 occurrence(s) in cell 11", "skipped cell 19: matched skip pattern"]}
