[cell 0 START +    0.4s] # Music generation using ACE Step and OpenVINO |  | [ACE-Step](https://ace
[cell 1 START +    0.4s] ## Prerequisites | [back to top ⬆️](#Table-of-contents:) |  | **Note:** FFmp
[cell 2 START +    0.4s] import requests | from pathlib import Path |  | if not Path("ov_ace_helper.p
Requirement already satisfied: gradio>=4.19 in /home/amd/Desktop/OpenVINO-Notebooks-on-AMD/.venv-cpu/lib/python3.12/site-packages (5.14.0)
Requirement already satisfied: aiofiles<24.0,>=22.0 in /home/amd/Desktop/OpenVINO-Notebooks-on-AMD/.venv-cpu/lib/python3.12/site-packages (from gradio>=4.19) (23.2.1)
Requirement already satisfied: anyio<5.0,>=3.0 in /home/amd/Desktop/OpenVINO-Notebooks-on-AMD/.venv-cpu/lib/python3.12/site-packages (from gradio>=4.19) (4.15.1)
Requirement already satisfied: fastapi<1.0,>=0.115.2 in /home/amd/Desktop/OpenVINO-Notebooks-on-AMD/.venv-cpu/lib/python3.12/site-packages (from gradio>=4.19) (0.142.2)
Requirement already satisfied: ffmpy in /home/amd/Desktop/OpenVINO-Notebooks-on-AMD/.venv-cpu/lib/python3.12/site-packages (from gradio>=4.19) (1.0.0)
Requirement already satisfied: gradio-client==1.7.0 in /home/amd/Desktop/OpenVINO-Notebooks-on-AMD/.venv-cpu/lib/python3.12/site-packages (from gradio>=4.19) (1.7.0)
Requirement already satisfied: httpx>=0.24.1 in /home/amd/Desktop/OpenVINO-Notebooks-on-AMD/.venv-cpu/lib/python3.12/site-packages (from gradio>=4.19) (0.28.1)
Requirement already satisfied: huggingface-hub>=0.25.1 in /home/amd/Desktop/OpenVINO-Notebooks-on-AMD/.venv-cpu/lib/python3.12/site-packages (from gradio>=4.19) (1.21.0)
Requirement already satisfied: jinja2<4.0 in /home/amd/Desktop/OpenVINO-Notebooks-on-AMD/.venv-cpu/lib/python3.12/site-packages (from gradio>=4.19) (3.1.6)
Requirement already satisfied: markupsafe~=2.0 in /home/amd/Desktop/OpenVINO-Notebooks-on-AMD/.venv-cpu/lib/python3.12/site-packages (from gradio>=4.19) (2.1.5)
Requirement already satisfied: numpy<3.0,>=1.0 in /home/amd/Desktop/OpenVINO-Notebooks-on-AMD/.venv-cpu/lib/python3.12/site-packages (from gradio>=4.19) (2.2.6)
Requirement already satisfied: orjson~=3.0 in /home/amd/Desktop/OpenVINO-Notebooks-on-AMD/.venv-cpu/lib/python3.12/site-packages (from gradio>=4.19) (3.12.0)
Requirement already satisfied: packaging in /home/amd/Desktop/OpenVINO-Notebooks-on-AMD/.venv-cpu/lib/python3.12/site-packages (from gradio>=4.19) (26.3)
Requirement already satisfied: pandas<3.0,>=1.0 in /home/amd/Desktop/OpenVINO-Notebooks-on-AMD/.venv-cpu/lib/python3.12/site-packages (from gradio>=4.19) (2.3.3)
Requirement already satisfied: pillow<12.0,>=8.0 in /home/amd/Desktop/OpenVINO-Notebooks-on-AMD/.venv-cpu/lib/python3.12/site-packages (from gradio>=4.19) (11.3.0)
Requirement already satisfied: pydantic>=2.0 in /home/amd/Desktop/OpenVINO-Notebooks-on-AMD/.venv-cpu/lib/python3.12/site-packages (from gradio>=4.19) (2.12.3)
Requirement already satisfied: pydub in /home/amd/Desktop/OpenVINO-Notebooks-on-AMD/.venv-cpu/lib/python3.12/site-packages (from gradio>=4.19) (0.25.1)
Requirement already satisfied: python-multipart>=0.0.18 in /home/amd/Desktop/OpenVINO-Notebooks-on-AMD/.venv-cpu/lib/python3.12/site-packages (from gradio>=4.19) (0.0.32)
Requirement already satisfied: pyyaml<7.0,>=5.0 in /home/amd/Desktop/OpenVINO-Notebooks-on-AMD/.venv-cpu/lib/python3.12/site-packages (from gradio>=4.19) (6.0.3)
Requirement already satisfied: ruff>=0.9.3 in /home/amd/Desktop/OpenVINO-Notebooks-on-AMD/.venv-cpu/lib/python3.12/site-packages (from gradio>=4.19) (0.16.9)
Requirement already satisfied: safehttpx<0.2.0,>=0.1.6 in /home/amd/Desktop/OpenVINO-Notebooks-on-AMD/.venv-cpu/lib/python3.12/site-packages (from gradio>=4.19) (0.1.7)
Requirement already satisfied: semantic-version~=2.0 in /home/amd/Desktop/OpenVINO-Notebooks-on-AMD/.venv-cpu/lib/python3.12/site-packages (from gradio>=4.19) (2.10.0)
Requirement already satisfied: starlette<1.0,>=0.40.0 in /home/amd/Desktop/OpenVINO-Notebooks-on-AMD/.venv-cpu/lib/python3.12/site-packages (from gradio>=4.19) (0.52.1)
Requirement already satisfied: tomlkit<0.14.0,>=0.12.0 in /home/amd/Desktop/OpenVINO-Notebooks-on-AMD/.venv-cpu/lib/python3.12/site-packages (from gradio>=4.19) (0.13.3)
Requirement already satisfied: typer<1.0,>=0.12 in /home/amd/Desktop/OpenVINO-Notebooks-on-AMD/.venv-cpu/lib/python3.12/site-packages (from gradio>=4.19) (0.25.1)
Requirement already satisfied: typing-extensions~=4.0 in /home/amd/Desktop/OpenVINO-Notebooks-on-AMD/.venv-cpu/lib/python3.12/site-packages (from gradio>=4.19) (4.16.0)
Requirement already satisfied: uvicorn>=0.14.0 in /home/amd/Desktop/OpenVINO-Notebooks-on-AMD/.venv-cpu/lib/python3.12/site-packages (from gradio>=4.19) (0.54.0)
Requirement already satisfied: fsspec in /home/amd/Desktop/OpenVINO-Notebooks-on-AMD/.venv-cpu/lib/python3.12/site-packages (from gradio-client==1.7.0->gradio>=4.19) (2025.3.0)
Requirement already satisfied: websockets<15.0,>=10.0 in /home/amd/Desktop/OpenVINO-Notebooks-on-AMD/.venv-cpu/lib/python3.12/site-packages (from gradio-client==1.7.0->gradio>=4.19) (14.2)
Requirement already satisfied: idna>=2.8 in /home/amd/Desktop/OpenVINO-Notebooks-on-AMD/.venv-cpu/lib/python3.12/site-packages (from anyio<5.0,>=3.0->gradio>=4.19) (3.20)
Requirement already satisfied: typing-inspection>=0.4.2 in /home/amd/Desktop/OpenVINO-Notebooks-on-AMD/.venv-cpu/lib/python3.12/site-packages (from fastapi<1.0,>=0.115.2->gradio>=4.19) (0.4.4)
Requirement already satisfied: annotated-doc>=0.0.2 in /home/amd/Desktop/OpenVINO-Notebooks-on-AMD/.venv-cpu/lib/python3.12/site-packages (from fastapi<1.0,>=0.115.2->gradio>=4.19) (0.0.5)
Requirement already satisfied: opentelemetry-api>=1.44.0 in /home/amd/Desktop/OpenVINO-Notebooks-on-AMD/.venv-cpu/lib/python3.12/site-packages (from fastapi<1.0,>=0.115.2->gradio>=4.19) (1.45.0)
Requirement already satisfied: python-dateutil>=2.8.2 in /home/amd/Desktop/OpenVINO-Notebooks-on-AMD/.venv-cpu/lib/python3.12/site-packages (from pandas<3.0,>=1.0->gradio>=4.19) (2.9.0.post0)
Requirement already satisfied: pytz>=2020.1 in /home/amd/Desktop/OpenVINO-Notebooks-on-AMD/.venv-cpu/lib/python3.12/site-packages (from pandas<3.0,>=1.0->gradio>=4.19) (2026.4)
Requirement already satisfied: tzdata>=2022.7 in /home/amd/Desktop/OpenVINO-Notebooks-on-AMD/.venv-cpu/lib/python3.12/site-packages (from pandas<3.0,>=1.0->gradio>=4.19) (2026.4)
Requirement already satisfied: click>=8.2.1 in /home/amd/Desktop/OpenVINO-Notebooks-on-AMD/.venv-cpu/lib/python3.12/site-packages (from typer<1.0,>=0.12->gradio>=4.19) (8.5.0)
Requirement already satisfied: shellingham>=1.3.0 in /home/amd/Desktop/OpenVINO-Notebooks-on-AMD/.venv-cpu/lib/python3.12/site-packages (from typer<1.0,>=0.12->gradio>=4.19) (1.5.4)
Requirement already satisfied: rich>=13.8.0 in /home/amd/Desktop/OpenVINO-Notebooks-on-AMD/.venv-cpu/lib/python3.12/site-packages (from typer<1.0,>=0.12->gradio>=4.19) (15.0.0)
Requirement already satisfied: certifi in /home/amd/Desktop/OpenVINO-Notebooks-on-AMD/.venv-cpu/lib/python3.12/site-packages (from httpx>=0.24.1->gradio>=4.19) (2026.7.22)
Requirement already satisfied: httpcore==1.* in /home/amd/Desktop/OpenVINO-Notebooks-on-AMD/.venv-cpu/lib/python3.12/site-packages (from httpx>=0.24.1->gradio>=4.19) (1.0.9)
Requirement already satisfied: h11>=0.16 in /home/amd/Desktop/OpenVINO-Notebooks-on-AMD/.venv-cpu/lib/python3.12/site-packages (from httpcore==1.*->httpx>=0.24.1->gradio>=4.19) (0.16.0)
Requirement already satisfied: filelock>=3.10.0 in /home/amd/Desktop/OpenVINO-Notebooks-on-AMD/.venv-cpu/lib/python3.12/site-packages (from huggingface-hub>=0.25.1->gradio>=4.19) (4.0.8)
Requirement already satisfied: hf-xet<2.0.0,>=1.5.1 in /home/amd/Desktop/OpenVINO-Notebooks-on-AMD/.venv-cpu/lib/python3.12/site-packages (from huggingface-hub>=0.25.1->gradio>=4.19) (1.6.0)
Requirement already satisfied: tqdm>=4.42.1 in /home/amd/Desktop/OpenVINO-Notebooks-on-AMD/.venv-cpu/lib/python3.12/site-packages (from huggingface-hub>=0.25.1->gradio>=4.19) (4.70.1)
Requirement already satisfied: annotated-types>=0.6.0 in /home/amd/Desktop/OpenVINO-Notebooks-on-AMD/.venv-cpu/lib/python3.12/site-packages (from pydantic>=2.0->gradio>=4.19) (0.8.0)
Requirement already satisfied: pydantic-core==2.41.4 in /home/amd/Desktop/OpenVINO-Notebooks-on-AMD/.venv-cpu/lib/python3.12/site-packages (from pydantic>=2.0->gradio>=4.19) (2.41.4)
Requirement already satisfied: six>=1.5 in /home/amd/Desktop/OpenVINO-Notebooks-on-AMD/.venv-cpu/lib/python3.12/site-packages (from python-dateutil>=2.8.2->pandas<3.0,>=1.0->gradio>=4.19) (1.17.0)
Requirement already satisfied: markdown-it-py>=2.2.0 in /home/amd/Desktop/OpenVINO-Notebooks-on-AMD/.venv-cpu/lib/python3.12/site-packages (from rich>=13.8.0->typer<1.0,>=0.12->gradio>=4.19) (4.2.0)
Requirement already satisfied: pygments<3.0.0,>=2.13.0 in /home/amd/Desktop/OpenVINO-Notebooks-on-AMD/.venv-cpu/lib/python3.12/site-packages (from rich>=13.8.0->typer<1.0,>=0.12->gradio>=4.19) (2.21.0)
Requirement already satisfied: mdurl~=0.1 in /home/amd/Desktop/OpenVINO-Notebooks-on-AMD/.venv-cpu/lib/python3.12/site-packages (from markdown-it-py>=2.2.0->rich>=13.8.0->typer<1.0,>=0.12->gradio>=4.19) (0.1.2)
[cell 2 DONE  +    1.1s]
NBEXEC_RESULT={"ok": false, "n_cells": 20, "n_skipped": 1, "n_substituted": 1, "stopped_after": null, "error_cell": null, "error_type": "CellExecutionError", "error_head": "\u001b[31mCalledProcessError\u001b[39m: Command '['/home/amd/Desktop/OpenVINO-Notebooks-on-AMD/.venv-cpu/bin/python', '-m', 'pip', 'install', '-q', 'git+//huggingface\\\\.co', ':https://hf-mirror.com://github.com/ace-step/ACE-Step.git@6ae0852b1388de6dc0cca26b31a86d711f723cb3', 'torch==2.10', 'torchaudio==2.10', 'peft==0.17.1', '--extra-index-url', '//huggingface\\\\.co', ':https://hf-mirror.com://download.pytorch.org/whl/cpu']' returned non-zero exit status 1.", "duration_s": 4.16, "patch_notes": ["substituted 7 occurrence(s) in cell 2", "skipped cell 37: matched skip pattern"]}
