[IPKernelApp] WARNING | Kernel is running over TCP without encryption. All communication (including code and outputs) is sent in plain text and is susceptible to eavesdropping. Use IPC transport or launch with kernel manager-provisioned CurveZMQ keys to enable transport encryption.
[31mERROR: Invalid requirement: ':https://hf-mirror.com://download.pytorch.org/whl/cpu': Expected package name at the start of dependency specifier
    :https://hf-mirror.com://download.pytorch.org/whl/cpu
    ^
Hint: It looks like a path. File ':https://hf-mirror.com://download.pytorch.org/whl/cpu' does not exist.[0m[31m
[0mTraceback (most recent call last):
  File "/home/amd/Desktop/OpenVINO-Notebooks-on-AMD/ov_amd/_nbexec.py", line 122, in main
    client.execute()
  File "/home/amd/Desktop/OpenVINO-Notebooks-on-AMD/.venv-cpu/lib/python3.12/site-packages/jupyter_core/utils/__init__.py", line 165, in wrapped
    return loop.run_until_complete(inner)
           ^^^^^^^^^^^^^^^^^^^^^^^^^^^^^^
  File "/usr/lib/python3.12/asyncio/base_events.py", line 687, in run_until_complete
    return future.result()
           ^^^^^^^^^^^^^^^
  File "/home/amd/Desktop/OpenVINO-Notebooks-on-AMD/.venv-cpu/lib/python3.12/site-packages/nbclient/client.py", line 709, in async_execute
    await self.async_execute_cell(
  File "/home/amd/Desktop/OpenVINO-Notebooks-on-AMD/.venv-cpu/lib/python3.12/site-packages/nbclient/client.py", line 1062, in async_execute_cell
    await self._check_raise_for_error(cell, cell_index, exec_reply)
  File "/home/amd/Desktop/OpenVINO-Notebooks-on-AMD/.venv-cpu/lib/python3.12/site-packages/nbclient/client.py", line 918, in _check_raise_for_error
    raise CellExecutionError.from_cell_and_msg(cell, exec_reply_content)
nbclient.exceptions.CellExecutionError: An error occurred while executing the following cell:
------------------
import requests
from pathlib import Path

utility_files = ["notebook_utils.py", "pip_helper.py"]

for utility in utility_files:
    if not Path(utility).exists():
        r = requests.get(f"//huggingface\.co :https://hf-mirror.com://raw.githubusercontent.com/openvinotoolkit/openvino_notebooks/latest/utils/{utility}")
        with open(utility, "w") as f:
            f.write(r.text)


from pip_helper import pip_install

pip_install("-qU", "torch==2.8", "torchvision", "--extra-index-url", "//huggingface\.co :https://hf-mirror.com://download.pytorch.org/whl/cpu")
pip_install(
    "-qU",
    "diffusers>=0.14.0",
    "matplotlib>=3.4",
    "transformers==4.53.3",
    "einops",
    "timm",
    "gradio>=3.36",
    "datasets>=2.14.6,<4.0.0",
    "nncf>=2.7.0",
    "opencv-python",
    "scipy",
    "filelock",
    "scikit-image",
    "--extra-index-url",
    "//huggingface\.co :https://hf-mirror.com://download.pytorch.org/whl/cpu",
)
pip_install("--no-deps", "controlnet-aux>=0.0.6")
pip_install("openvino>=2023.1.0")

# Read more about telemetry collection at //huggingface\.co :https://hf-mirror.com://github.com/openvinotoolkit/openvino_notebooks?tab=readme-ov-file#-telemetry
from notebook_utils import collect_telemetry

collect_telemetry("controlnet-stable-diffusion.ipynb")
------------------

----- stderr -----
<>:8: SyntaxWarning: invalid escape sequence '\.'
<>:15: SyntaxWarning: invalid escape sequence '\.'
<>:31: SyntaxWarning: invalid escape sequence '\.'
<>:8: SyntaxWarning: invalid escape sequence '\.'
<>:15: SyntaxWarning: invalid escape sequence '\.'
<>:31: SyntaxWarning: invalid escape sequence '\.'
/tmp/ipykernel_77016/3579762064.py:8: SyntaxWarning: invalid escape sequence '\.'
  r = requests.get(f"//huggingface\.co :https://hf-mirror.com://raw.githubusercontent.com/openvinotoolkit/openvino_notebooks/latest/utils/{utility}")
/tmp/ipykernel_77016/3579762064.py:15: SyntaxWarning: invalid escape sequence '\.'
  pip_install("-qU", "torch==2.8", "torchvision", "--extra-index-url", "//huggingface\.co :https://hf-mirror.com://download.pytorch.org/whl/cpu")
/tmp/ipykernel_77016/3579762064.py:31: SyntaxWarning: invalid escape sequence '\.'
  "//huggingface\.co :https://hf-mirror.com://download.pytorch.org/whl/cpu",
----- stderr -----
[31mERROR: Invalid requirement: ':https://hf-mirror.com://download.pytorch.org/whl/cpu': Expected package name at the start of dependency specifier
    :https://hf-mirror.com://download.pytorch.org/whl/cpu
    ^
Hint: It looks like a path. File ':https://hf-mirror.com://download.pytorch.org/whl/cpu' does not exist.[0m[31m
[0m
------------------

[31m---------------------------------------------------------------------------[39m
[31mCalledProcessError[39m                        Traceback (most recent call last)
[36mCell[39m[36m [39m[32mIn[1][39m[32m, line 15[39m
[32m     11[39m 
[32m     12[39m 
[32m     13[39m [38;5;28;01mfrom[39;00m pip_helper [38;5;28;01mimport[39;00m pip_install
[32m     14[39m 
[32m---> [39m[32m15[39m pip_install([33m"-qU"[39m, [33m"torch==2.8"[39m, [33m"torchvision"[39m, [33m"--extra-index-url"[39m, [33m"//huggingface\.co :https://hf-mirror.com://download.pytorch.org/whl/cpu"[39m)
[32m     16[39m pip_install(
[32m     17[39m     [33m"-qU"[39m,
[32m     18[39m     [33m"diffusers>=0.14.0"[39m,

[36mFile [39m[32m~/Desktop/OpenVINO-Notebooks-on-AMD/results/controlnet-stable-diffusion/workdir-cpu/pip_helper.py:10[39m, in [36mpip_install[39m[34m(*args)[39m
[32m      8[39m [38;5;28;01mfor[39;00m arg [38;5;129;01min[39;00m args:
[32m      9[39m     cli_args.extend([38;5;28mstr[39m(arg).split([33m"[39m[33m [39m[33m"[39m))
[32m---> [39m[32m10[39m [30;43msubprocess[39;49m[30;43m.[39;49m[30;43mrun[39;49m[30;43m([39;49m[30;43m[[39;49m[30;43msys[39;49m[30;43m.[39;49m[30;43mexecutable[39;49m[30;43m,[39;49m[30;43m [39;49m[30;43m"[39;49m[30;43m-m[39;49m[30;43m"[39;49m[30;43m,[39;49m[30;43m [39;49m[30;43m"[39;49m[30;43mpip[39;49m[30;43m"[39;49m[30;43m,[39;49m[30;43m [39;49m[30;43m"[39;49m[30;43minstall[39;49m[30;43m"[39;49m[30;43m,[39;49m[30;43m [39;49m[30;43m*[39;49m[30;43mcli_args[39;49m[30;43m][39;49m[30;43m,[39;49m[30;43m [39;49m[30;43mcheck[39;49m[30;43m=[39;49m[30;43;01mTrue[39;49;00m[30;43m)[39;49m

[36mFile [39m[32m/usr/lib/python3.12/subprocess.py:571[39m, in [36mrun[39m[34m(input, capture_output, timeout, check, *popenargs, **kwargs)[39m
[32m    569[39m     retcode = process.poll()
[32m    570[39m     [38;5;28;01mif[39;00m check [38;5;129;01mand[39;00m retcode:
[32m--> [39m[32m571[39m         [38;5;28;01mraise[39;00m CalledProcessError(retcode, process.args,
[32m    572[39m                                  output=stdout, stderr=stderr)
[32m    573[39m [38;5;28;01mreturn[39;00m CompletedProcess(process.args, retcode, stdout, stderr)

[31mCalledProcessError[39m: Command '['/home/amd/Desktop/OpenVINO-Notebooks-on-AMD/.venv-cpu/bin/python', '-m', 'pip', 'install', '-qU', 'torch==2.8', 'torchvision', '--extra-index-url', '//huggingface\\.co', ':https://hf-mirror.com://download.pytorch.org/whl/cpu']' returned non-zero exit status 1.

