[IPKernelApp] WARNING | Kernel is running over TCP without encryption. All communication (including code and outputs) is sent in plain text and is susceptible to eavesdropping. Use IPC transport or launch with kernel manager-provisioned CurveZMQ keys to enable transport encryption.
Note: switching to '962f5e1'.

You are in 'detached HEAD' state. You can look around, make experimental
changes and commit them, and you can discard any commits you make in this
state without impacting any branches by switching back to a branch.

If you want to create a new branch to retain commits you create, you may
do so (now or later) by using -c with the switch command. Example:

  git switch -c <new-branch-name>

Or undo this operation with:

  git switch -

Turn off this advice by setting config variable advice.detachedHead to false

HEAD is now at 962f5e19 [token_merging] update torch version (#1029)
[31mERROR: pip's dependency resolver does not currently take into account all the packages that are installed. This behaviour is the source of the following dependency conflicts.
torchvision 0.23.0+cpu requires torch==2.8.0, but you have torch 2.9.0+cpu which is incompatible.
tensorflow 2.19.1 requires numpy<2.2.0,>=1.26.0, but you have numpy 2.2.6 which is incompatible.
tensorflow 2.19.1 requires protobuf!=4.21.0,!=4.21.1,!=4.21.2,!=4.21.3,!=4.21.4,!=4.21.5,<6.0.0dev,>=3.20.3, but you have protobuf 7.36.2 which is incompatible.
tensorflow 2.19.1 requires tensorboard~=2.19.0, but you have tensorboard 2.20.0 which is incompatible.
optimum-intel 2.3.0.dev0+348272d requires nncf>=3.3.0, but you have nncf 2.19.0 which is incompatible.
optimum-intel 2.3.0.dev0+348272d requires openvino>=2026.0, but you have openvino 2025.3.0 which is incompatible.
optimum-intel 2.3.0.dev0+348272d requires openvino-tokenizers>=2026.0, but you have openvino-tokenizers 2025.3.0.0 which is incompatible.[0m[31m
[0m/home/amd/Desktop/OpenVINO-Notebooks-on-AMD/.venvs/cpu/14c79f40de9d556c/lib/python3.12/site-packages/openvino/runtime/__init__.py:10: DeprecationWarning: The `openvino.runtime` module is deprecated and will be removed in the 2026.0 release. Please replace `openvino.runtime` with `openvino`.
  warnings.warn(
/home/amd/Desktop/OpenVINO-Notebooks-on-AMD/results/pointpillars/workdir-cpu/openvino_contrib/modules/3d/pointPillars/ov_extensions/postprocessing_op.cpp: In member function ‘virtual bool ov::custom_ops::PostProcessingOp::evaluate(ov::TensorVector&, const ov::TensorVector&) const’:
/home/amd/Desktop/OpenVINO-Notebooks-on-AMD/results/pointpillars/workdir-cpu/openvino_contrib/modules/3d/pointPillars/ov_extensions/postprocessing_op.cpp:175:51: warning: ‘T* ov::Tensor::data() const [with T = float; datatype = float]’ is deprecated: This function will return const T* in 2026.0. Check if used correctly [-Wdeprecated-declarations]
  175 |     const float* cls_data = cls_tensor.data<float>();
      |                             ~~~~~~~~~~~~~~~~~~~~~~^~
In file included from /home/amd/Desktop/OpenVINO-Notebooks-on-AMD/.venvs/cpu/14c79f40de9d556c/lib/python3.12/site-packages/openvino/include/openvino/core/descriptor/tensor.hpp:19,
                 from /home/amd/Desktop/OpenVINO-Notebooks-on-AMD/.venvs/cpu/14c79f40de9d556c/lib/python3.12/site-packages/openvino/include/openvino/core/descriptor/input.hpp:11,
                 from /home/amd/Desktop/OpenVINO-Notebooks-on-AMD/.venvs/cpu/14c79f40de9d556c/lib/python3.12/site-packages/openvino/include/openvino/core/node.hpp:24,
                 from /home/amd/Desktop/OpenVINO-Notebooks-on-AMD/.venvs/cpu/14c79f40de9d556c/lib/python3.12/site-packages/openvino/include/openvino/op/op.hpp:9,
                 from /home/amd/Desktop/OpenVINO-Notebooks-on-AMD/results/pointpillars/workdir-cpu/openvino_contrib/modules/3d/pointPillars/ov_extensions/postprocessing_op.hpp:3,
                 from /home/amd/Desktop/OpenVINO-Notebooks-on-AMD/results/pointpillars/workdir-cpu/openvino_contrib/modules/3d/pointPillars/ov_extensions/postprocessing_op.cpp:1:
/home/amd/Desktop/OpenVINO-Notebooks-on-AMD/.venvs/cpu/14c79f40de9d556c/lib/python3.12/site-packages/openvino/include/openvino/runtime/tensor.hpp:258:8: note: declared here
  258 |     T* data() const {
      |        ^~~~
/home/amd/Desktop/OpenVINO-Notebooks-on-AMD/results/pointpillars/workdir-cpu/openvino_contrib/modules/3d/pointPillars/ov_extensions/postprocessing_op.cpp:176:53: warning: ‘T* ov::Tensor::data() const [with T = float; datatype = float]’ is deprecated: This function will return const T* in 2026.0. Check if used correctly [-Wdeprecated-declarations]
  176 |     const float* bbox_data = bbox_tensor.data<float>();
      |                              ~~~~~~~~~~~~~~~~~~~~~~~^~
/home/amd/Desktop/OpenVINO-Notebooks-on-AMD/.venvs/cpu/14c79f40de9d556c/lib/python3.12/site-packages/openvino/include/openvino/runtime/tensor.hpp:258:8: note: declared here
  258 |     T* data() const {
      |        ^~~~
/home/amd/Desktop/OpenVINO-Notebooks-on-AMD/results/pointpillars/workdir-cpu/openvino_contrib/modules/3d/pointPillars/ov_extensions/postprocessing_op.cpp:177:51: warning: ‘T* ov::Tensor::data() const [with T = float; datatype = float]’ is deprecated: This function will return const T* in 2026.0. Check if used correctly [-Wdeprecated-declarations]
  177 |     const float* dir_data = dir_tensor.data<float>();
      |                             ~~~~~~~~~~~~~~~~~~~~~~^~
/home/amd/Desktop/OpenVINO-Notebooks-on-AMD/.venvs/cpu/14c79f40de9d556c/lib/python3.12/site-packages/openvino/include/openvino/runtime/tensor.hpp:258:8: note: declared here
  258 |     T* data() const {
      |        ^~~~
/home/amd/Desktop/OpenVINO-Notebooks-on-AMD/results/pointpillars/workdir-cpu/openvino_contrib/modules/3d/pointPillars/ov_extensions/voxelization_op.cpp: In member function ‘virtual bool ov::custom_ops::VoxelizationOp::evaluate(ov::TensorVector&, const ov::TensorVector&) const’:
/home/amd/Desktop/OpenVINO-Notebooks-on-AMD/results/pointpillars/workdir-cpu/openvino_contrib/modules/3d/pointPillars/ov_extensions/voxelization_op.cpp:81:57: warning: ‘T* ov::Tensor::data() const [with T = float; datatype = float]’ is deprecated: This function will return const T* in 2026.0. Check if used correctly [-Wdeprecated-declarations]
   81 |     const float* points_data = points_tensor.data<float>();
      |                                ~~~~~~~~~~~~~~~~~~~~~~~~~^~
In file included from /home/amd/Desktop/OpenVINO-Notebooks-on-AMD/.venvs/cpu/14c79f40de9d556c/lib/python3.12/site-packages/openvino/include/openvino/core/descriptor/tensor.hpp:19,
                 from /home/amd/Desktop/OpenVINO-Notebooks-on-AMD/.venvs/cpu/14c79f40de9d556c/lib/python3.12/site-packages/openvino/include/openvino/core/descriptor/input.hpp:11,
                 from /home/amd/Desktop/OpenVINO-Notebooks-on-AMD/.venvs/cpu/14c79f40de9d556c/lib/python3.12/site-packages/openvino/include/openvino/core/node.hpp:24,
                 from /home/amd/Desktop/OpenVINO-Notebooks-on-AMD/.venvs/cpu/14c79f40de9d556c/lib/python3.12/site-packages/openvino/include/openvino/op/op.hpp:9,
                 from /home/amd/Desktop/OpenVINO-Notebooks-on-AMD/results/pointpillars/workdir-cpu/openvino_contrib/modules/3d/pointPillars/ov_extensions/voxelization_op.hpp:4,
                 from /home/amd/Desktop/OpenVINO-Notebooks-on-AMD/results/pointpillars/workdir-cpu/openvino_contrib/modules/3d/pointPillars/ov_extensions/voxelization_op.cpp:3:
/home/amd/Desktop/OpenVINO-Notebooks-on-AMD/.venvs/cpu/14c79f40de9d556c/lib/python3.12/site-packages/openvino/include/openvino/runtime/tensor.hpp:258:8: note: declared here
  258 |     T* data() const {
      |        ^~~~
/home/amd/Desktop/OpenVINO-Notebooks-on-AMD/.venvs/cpu/14c79f40de9d556c/lib/python3.12/site-packages/openvino/runtime/__init__.py:10: DeprecationWarning: The `openvino.runtime` module is deprecated and will be removed in the 2026.0 release. Please replace `openvino.runtime` with `openvino`.
  warnings.warn(
/home/amd/Desktop/OpenVINO-Notebooks-on-AMD/results/pointpillars/workdir-cpu/openvino_contrib/modules/3d/pointPillars/pointpillars/utils/process.py:97: SyntaxWarning: invalid escape sequence '\ '
  '''
/home/amd/Desktop/OpenVINO-Notebooks-on-AMD/.venvs/cpu/14c79f40de9d556c/lib/python3.12/site-packages/openvino/runtime/__init__.py:10: DeprecationWarning: The `openvino.runtime` module is deprecated and will be removed in the 2026.0 release. Please replace `openvino.runtime` with `openvino`.
  warnings.warn(
/home/amd/Desktop/OpenVINO-Notebooks-on-AMD/.venvs/cpu/14c79f40de9d556c/lib/python3.12/site-packages/openvino/runtime/__init__.py:10: DeprecationWarning: The `openvino.runtime` module is deprecated and will be removed in the 2026.0 release. Please replace `openvino.runtime` with `openvino`.
  warnings.warn(
