[cell 0 START +    0.4s] # Convert a PyTorch Model to OpenVINO™ IR |  | This tutorial demonstrates 
[cell 1 START +    0.4s] ## Prerequisites | [back to top ⬆️](#Table-of-contents:) | 
[cell 2 START +    0.4s] Install notebook dependencies
[cell 3 START +    0.4s] %pip install -q "openvino>=2023.1.0" scipy Pillow torch torchvision --
[cell 3 DONE  +    0.8s]
[cell 4 START +    0.8s] Download input data and label map
[cell 5 START +    0.8s] import requests | from pathlib import Path | from PIL import Image |  | if not
[cell 5 DONE  +    0.9s]
[cell 6 START +    0.9s] ## Load PyTorch Model | [back to top ⬆️](#Table-of-contents:) |  | Generally
[cell 7 START +    0.9s] import torchvision |  | # get default weights using available weights Enum
[cell 7 DONE  +    2.5s]
[cell 8 START +    2.5s] ### Prepare Input Data | [back to top ⬆️](#Table-of-contents:) |  | The code
[cell 9 START +    2.5s] import torch |  | # Initialize the Weight Transforms | preprocess = weights.
[cell 9 DONE  +    2.5s]
[cell 10 START +    2.5s] ### Run PyTorch Model Inference | [back to top ⬆️](#Table-of-contents:) | 
[cell 11 START +    2.5s] import numpy as np | from scipy.special import softmax |  | # Perform model 
[cell 11 DONE  +    2.7s]
[cell 12 START +    2.7s] ### Benchmark PyTorch Model Inference | [back to top ⬆️](#Table-of-conte
[cell 13 START +    2.7s] %%timeit |  | # Run model inference | model(input_tensor)
[cell 13 DONE  +   13.7s]
[cell 14 START +   13.7s] ## Convert PyTorch Model to OpenVINO Intermediate Representation | [back
[cell 15 START +   13.7s] import openvino as ov |  | # Create OpenVINO Core object instance | core = o
[cell 15 DONE  +   14.8s]
[cell 16 START +   14.8s] ### Select inference device | [back to top ⬆️](#Table-of-contents:) |  | sel
[cell 17 START +   14.8s] from notebook_utils import device_widget |  | device = device_widget(exclu
[cell 17 DONE  +   15.0s]
[cell 18 START +   15.0s] # Load OpenVINO model on device | compiled_model = core.compile_model(ov
[cell 18 DONE  +   15.1s]
[cell 19 START +   15.1s] ### Run OpenVINO Model Inference | [back to top ⬆️](#Table-of-contents:)
[cell 20 START +   15.1s] # Run model inference | result = compiled_model(input_tensor)[0] |  | # Posp
[cell 20 DONE  +   15.1s]
[cell 21 START +   15.1s] ### Benchmark OpenVINO Model Inference | [back to top ⬆️](#Table-of-cont
[cell 22 START +   15.1s] %%timeit |  | compiled_model(input_tensor)
[cell 22 DONE  +   29.4s]
[cell 23 START +   29.4s] ## Convert PyTorch Model with Static Input Shape | [back to top ⬆️](#Tab
[cell 24 START +   29.4s] The default conversion path preserves dynamic input shapes, in order i
[cell 25 START +   29.4s] # Convert model to openvino.Model object | ov_model = ov.convert_model(m
[cell 25 DONE  +   30.3s]
[cell 26 START +   30.3s] ### Select inference device | [back to top ⬆️](#Table-of-contents:) |  | sel
[cell 27 START +   30.3s] device
[cell 27 DONE  +   30.3s]
[cell 28 START +   30.3s] # Load OpenVINO model on device | compiled_model = core.compile_model(ov
[cell 28 DONE  +   30.4s]
[cell 29 START +   30.4s] Now, we can see that input of our converted model is tensor of shape [
[cell 30 START +   30.4s] ### Run OpenVINO Model Inference with Static Input Shape | [back to top 
[cell 31 START +   30.4s] # Run model inference | result = compiled_model(input_tensor)[0] |  | # Posp
[cell 31 DONE  +   30.4s]
[cell 32 START +   30.4s] ### Benchmark OpenVINO Model Inference with Static Input Shape | [back t
[cell 33 START +   30.4s] %%timeit |  | compiled_model(input_tensor)
[cell 33 DONE  +   43.9s]
[cell 34 START +   43.9s] ## Convert TorchScript Model to OpenVINO Intermediate Representation | [
[cell 35 START +   43.9s] # Get model path | scripted_model_path = MODEL_DIR / f"{MODEL_NAME}_scri
[cell 35 DONE  +   44.1s]
[cell 36 START +   44.1s] ### Benchmark Scripted Model Inference | [back to top ⬆️](#Table-of-cont
[cell 37 START +   44.1s] %%timeit |  | scripted_model(input_tensor)
[cell 37 DONE  +   51.6s]
[cell 38 START +   51.6s] ### Convert PyTorch Scripted Model to OpenVINO Intermediate Representa
[cell 39 START +   51.6s] # Convert model to openvino.Model object | ov_model = ov.convert_model(s
[cell 39 DONE  +   53.0s]
[cell 40 START +   53.0s] ### Benchmark OpenVINO Model Inference Converted From Scripted Model | [
[cell 41 START +   53.0s] %%timeit |  | compiled_model(input_tensor)
[cell 41 DONE  +   67.8s]
[cell 42 START +   67.8s] ### Traced Model | [back to top ⬆️](#Table-of-contents:) |  | Using `torch.j
[cell 43 START +   67.8s] # Get model path | traced_model_path = MODEL_DIR / f"{MODEL_NAME}_traced
[cell 43 DONE  +   68.0s]
[cell 44 START +   68.0s] ### Benchmark Traced Model Inference | [back to top ⬆️](#Table-of-conten
[cell 45 START +   68.0s] %%timeit |  | traced_model(input_tensor)
[cell 45 DONE  +   75.8s]
[cell 46 START +   75.8s] ### Convert PyTorch Traced Model to OpenVINO Intermediate Representati
[cell 47 START +   75.8s] # Convert model to openvino.Model object | ov_model = ov.convert_model(t
[cell 47 DONE  +   76.8s]
[cell 48 START +   76.8s] ### Benchmark OpenVINO Model Inference Converted From Traced Model | [ba
[cell 49 START +   76.8s] %%timeit |  | compiled_model(input_tensor)[0]
[cell 49 DONE  +   91.3s]
NBEXEC_RESULT={"ok": true, "n_cells": 24, "n_skipped": 0, "n_substituted": 0, "stopped_after": null, "error_cell": null, "error_type": null, "error_head": null, "duration_s": 92.8, "patch_notes": []}
