[IPKernelApp] WARNING | Kernel is running over TCP without encryption. All communication (including code and outputs) is sent in plain text and is susceptible to eavesdropping. Use IPC transport or launch with kernel manager-provisioned CurveZMQ keys to enable transport encryption.
Traceback (most recent call last):
  File "/home/amd/Desktop/OpenVINO-Notebooks-on-AMD/ov_amd/_nbexec.py", line 144, in main
    client.execute()
  File "/home/amd/Desktop/OpenVINO-Notebooks-on-AMD/.venvs/cpu/91c99dae22578a15/lib/python3.12/site-packages/jupyter_core/utils/__init__.py", line 165, in wrapped
    return loop.run_until_complete(inner)
           ^^^^^^^^^^^^^^^^^^^^^^^^^^^^^^
  File "/usr/lib/python3.12/asyncio/base_events.py", line 687, in run_until_complete
    return future.result()
           ^^^^^^^^^^^^^^^
  File "/home/amd/Desktop/OpenVINO-Notebooks-on-AMD/.venvs/cpu/91c99dae22578a15/lib/python3.12/site-packages/nbclient/client.py", line 709, in async_execute
    await self.async_execute_cell(
  File "/home/amd/Desktop/OpenVINO-Notebooks-on-AMD/.venvs/cpu/91c99dae22578a15/lib/python3.12/site-packages/nbclient/client.py", line 1062, in async_execute_cell
    await self._check_raise_for_error(cell, cell_index, exec_reply)
  File "/home/amd/Desktop/OpenVINO-Notebooks-on-AMD/.venvs/cpu/91c99dae22578a15/lib/python3.12/site-packages/nbclient/client.py", line 918, in _check_raise_for_error
    raise CellExecutionError.from_cell_and_msg(cell, exec_reply_content)
nbclient.exceptions.CellExecutionError: An error occurred while executing the following cell:
------------------
from ov_bernini_helper import convert_pipeline, num_frames_to_latent

# 1 for images, num_frames_to_latent(20) == 6 for the 20-frame video demo
convert_pipeline(MODEL_DIR, OV_DIR, compression_config=compression_config, vae_latent_frames=(1, num_frames_to_latent(20)))
------------------


[31m---------------------------------------------------------------------------[39m
[31mModuleNotFoundError[39m                       Traceback (most recent call last)
[36mCell[39m[36m [39m[32mIn[7][39m[32m, line 4[39m
[32m      1[39m [38;5;28;01mfrom[39;00m ov_bernini_helper [38;5;28;01mimport[39;00m convert_pipeline, num_frames_to_latent
[32m      2[39m 
[32m      3[39m [38;5;66;03m# 1 for images, num_frames_to_latent(20) == 6 for the 20-frame video demo[39;00m
[32m----> [39m[32m4[39m convert_pipeline(MODEL_DIR, OV_DIR, compression_config=compression_config, vae_latent_frames=([32m1[39m, num_frames_to_latent([32m20[39m)))

[36mFile [39m[32m~/Desktop/OpenVINO-Notebooks-on-AMD/results/bernini-r-image-video/workdir-cpu/ov_bernini_helper.py:279[39m, in [36mconvert_pipeline[39m[34m(model_dir, output_dir, compression_config, vae_latent_frames)[39m
[32m    268[39m [38;5;28;01mdef[39;00m[38;5;250m [39m[34mconvert_pipeline[39m(model_dir, output_dir, compression_config=[38;5;28;01mNone[39;00m, vae_latent_frames=([32m1[39m,)):
[32m    269[39m [38;5;250m    [39m[33;03m"""Convert Bernini-R to OpenVINO IR.[39;00m
[32m    270[39m 
[32m    271[39m [33;03m    Args:[39;00m
[32m   (...)[39m[32m    277[39m [33;03m            lazily at run time).[39;00m
[32m    278[39m [33;03m    """[39;00m
[32m--> [39m[32m279[39m     [38;5;28;01mfrom[39;00m[38;5;250m [39m[34;01mbernini[39;00m[34;01m.[39;00m[34;01mpipeline[39;00m[38;5;250m [39m[38;5;28;01mimport[39;00m BerniniRendererPipeline
[32m    281[39m     output_dir = Path(output_dir)
[32m    282[39m     output_dir.mkdir(parents=[38;5;28;01mTrue[39;00m, exist_ok=[38;5;28;01mTrue[39;00m)

[31mModuleNotFoundError[39m: No module named 'bernini'

