[IPKernelApp] WARNING | Kernel is running over TCP without encryption. All communication (including code and outputs) is sent in plain text and is susceptible to eavesdropping. Use IPC transport or launch with kernel manager-provisioned CurveZMQ keys to enable transport encryption.
8.8365e-02,  4.7206e-02, -4.2236e-01,
          4.0645e-01,  2.0061e-01, -8.9317e-02,  3.7902e-01, -1.7970e-01,
          1.8044e-02,  3.4571e-01,  1.6623e-01,  1.1588e-01, -1.5679e-02,
         -8.9341e-02,  3.9180e-02,  4.0195e-02,  1.8216e-01,  3.7125e-01,
         -9.9314e-02,  1.2962e-01, -3.1169e-01, -5.1310e-01, -8.4109e-01,
         -4.1551e-01,  3.7388e-01, -9.5977e-02,  3.0896e-01, -3.0574e-01,
          5.4748e-01,  2.6509e-02, -3.5505e-02,  1.6583e-01,  2.1745e-01,
          1.5046e-01,  1.5749e-01,  2.9763e-01, -1.6578e-01,  2.8482e-01,
         -8.6382e-02, -3.0769e-01,  8.0998e-01,  3.6380e-01, -5.5971e-02,
          4.5036e-01, -5.2307e-01,  1.2826e-02,  2.7966e-01, -7.8029e-02,
          2.1381e-01,  3.7768e-01,  1.6514e-01,  4.2378e-01,  2.0283e-01,
         -1.0875e-01, -4.2662e-01, -2.4029e-01,  2.1884e-01,  5.1298e-01,
         -3.7159e-02, -1.2050e+00,  4.3209e-01, -2.7875e-03,  4.5933e-01,
          1.6464e-01,  1.9328e-01, -3.7870e-01,  6.5912e-02, -3.7614e-02,
          1.5855e-01, -4.2665e-02,  3.2809e-01, -6.2666e-01, -1.0099e-01,
          2.1414e-02, -1.3174e-01, -1.2370e-01,  2.0031e-01, -1.8711e-01,
          2.4687e-01, -1.2795e-01, -3.9503e-01, -2.6617e-01,  4.0993e-02,
         -7.5462e-01, -2.5116e-01, -1.4265e-01, -5.4440e-01,  3.3240e-02,
          2.0965e-02,  2.6271e-01, -5.2881e-02, -3.3699e-01, -7.0449e-02,
         -5.8344e-01, -6.7203e-02, -2.3497e-01,  4.5692e-02,  2.2181e-02,
          3.3584e-01, -4.3983e-01, -1.1499e+00, -7.2340e-02, -3.1673e-03,
         -2.4272e-01, -4.0782e-02,  4.7541e-01,  4.1723e-02, -9.7957e-02,
         -2.6568e-01,  4.1349e-01,  7.1137e-02, -1.9066e-01,  8.6161e-02,
          5.3745e-01, -3.0176e-01,  3.3769e-01, -1.8137e-01, -2.2642e-01,
         -3.2191e-01,  1.3779e-01, -5.2902e-02, -5.4338e-02,  9.4826e-02,
          6.9813e-02,  2.9823e-01,  1.8038e-01, -3.4907e-01,  1.6800e-01,
         -2.4315e-02,  2.0294e-02, -7.8348e-01,  7.0992e-01,  2.8888e-01,
         -5.4482e-02,  4.6145e-01, -4.1481e-01, -3.5419e-01,  4.9156e-01,
         -4.5151e-01,  1.3544e+00,  1.5264e-02,  3.3128e-01, -1.9892e-01,
         -1.3538e-01,  1.6004e-01, -9.2335e-02,  7.2157e-01, -2.3315e-01,
          1.7309e-01, -3.6056e-01,  5.4592e-02,  4.2682e-01, -1.8322e-01,
         -1.8541e-01,  1.0150e-01, -2.6811e-01, -6.8752e-02,  3.4139e-01,
          5.3013e-01,  7.9812e-02,  9.0091e-01,  1.7195e-01,  1.5268e-01,
         -2.9064e-01, -4.9911e-02,  2.5965e-01, -1.2294e-01, -2.3383e-01,
         -2.1885e-01, -5.2519e-02, -4.3751e-02,  1.5449e-01,  5.6221e-01,
         -1.9395e-01, -1.4257e-01,  8.9666e-02,  3.7914e-01, -3.4876e-02,
         -1.0996e-02,  1.6910e-02,  2.2240e-01, -3.4803e-03,  3.5589e-01,
          1.5031e-01,  6.9634e-02, -8.6450e-01, -2.6563e-02,  7.8123e-02,
         -8.1061e-02,  6.7150e-02,  1.5842e-01, -3.8032e-01, -2.9229e-02,
          1.4428e-01, -2.6284e-01,  1.8479e-01, -8.2745e-03, -1.7868e-01,
         -2.6403e-01, -1.0421e-01,  1.1149e+00,  6.1947e-01,  3.2045e-01,
         -5.9187e-02,  9.4856e-02, -5.3447e-01,  5.4925e-03,  3.2974e-02,
          1.8688e-01, -1.7377e-01, -4.6844e-01, -2.9129e-01, -1.8267e-01,
          1.8270e-01,  1.2242e-02,  4.0201e-02,  5.4280e-02, -2.0195e-02,
         -1.2197e-01,  2.6544e-01, -4.3613e-01,  2.6056e-01, -8.8202e-01,
         -8.1560e-01, -1.6602e-01,  1.3173e-01, -2.4113e-01, -8.8510e-01,
          7.1102e-02, -1.3713e+00, -3.0359e-01, -4.6261e-01, -1.4613e-01,
          5.0763e-01, -2.0527e-01,  2.3404e-01,  1.4238e-01, -3.8216e-01,
         -5.1444e-02,  1.0201e-01, -2.1542e-01,  4.0451e-01,  6.1753e-01,
          5.5583e-01,  3.5524e-01, -2.0160e-01, -9.8309e-02,  2.4657e-01,
          1.6648e-01, -3.8819e-01, -2.3391e-01, -2.0783e-01,  1.1434e-01,
         -2.4543e-01,  2.8858e-01,  1.4378e-01,  1.3770e-01,  3.7483e-02,
          1.0826e-01,  2.9278e-02, -3.6836e-01,  2.8136e-01, -9.4429e-02,
          1.6377e-01,  4.1927e-01,  1.4339e-02, -2.7654e-02, -2.7860e-01,
          9.0489e-02, -1.2093e-01,  4.1587e-01,  2.7610e-01, -4.1509e-01,
         -5.7046e-02, -4.0479e-03, -4.3714e-02,  5.9102e-02,  4.9458e-02,
          1.5710e-01, -5.6413e-01,  5.4103e-02, -7.4251e-01, -4.5791e-01,
          5.0866e-01,  3.3106e-01, -2.4109e-01,  2.6666e-01,  5.2034e-01,
          2.0546e-01,  2.6887e-01, -1.5609e-01,  2.8659e-01,  3.7676e-02,
         -2.5866e-01,  8.1273e-01,  6.6744e-01,  3.9514e-01, -1.3792e-01,
          1.3429e-01, -2.5253e-01,  6.2085e-01, -6.1008e-02,  3.7889e-01,
          5.9581e-01, -5.7873e-02, -8.3140e-02, -9.2213e-02,  4.8641e-03,
          2.3013e-01,  1.5348e-01,  4.8163e-01,  4.6310e-01, -2.1571e-01,
         -8.3621e-02,  2.1440e-01, -1.5520e-01,  1.6473e-01,  2.0495e-01,
          1.6380e-01,  9.0927e-03,  3.2284e-01, -2.8829e-02, -1.1776e-01,
         -3.4935e-01, -2.1355e-01,  5.6734e-01, -2.5490e-01,  5.4501e-02,
         -4.7183e-01, -4.5142e-02, -2.5562e-01, -1.1960e-01,  2.8950e-02,
         -4.0840e-01,  3.6594e-01, -2.0161e-01, -1.7284e-01,  7.3996e-02,
          5.7555e-01,  1.3864e-01,  2.4992e-01,  1.7905e-01, -2.3244e-01,
          3.7750e-01,  2.7389e-01, -3.5122e-02,  4.3947e-01, -4.0824e-02,
          1.4628e-01, -3.9033e-02, -6.8707e-01,  4.6384e-01, -8.2410e-03,
          4.7638e-01, -1.4459e-01,  4.8251e-01, -1.4163e-01,  2.7552e-01,
          4.0230e-02,  7.4139e-01,  1.6147e-01, -1.4325e-01,  1.8916e-01,
          1.9682e-01, -9.4409e-01,  1.3702e-01,  1.4008e-01, -5.9377e-02,
          7.0732e-01,  1.0464e-01,  1.8388e-01,  3.5824e-01, -6.8271e-02,
         -3.3186e-01, -1.9011e-01,  3.4356e-01,  1.8373e-01,  7.8639e-01,
          1.6298e-01,  7.9076e-01,  9.5242e-02, -2.3535e-01,  4.0814e-01,
         -3.5729e-02,  9.8176e-03, -3.2376e-01,  1.5138e-01, -3.8610e-01,
          1.0786e-01,  4.1578e-01,  4.9600e-02, -5.8572e-01, -5.5078e-02,
         -5.4904e-01, -2.0080e-01,  1.4744e-01, -5.3836e-01, -3.0792e-01,
          2.6275e-01, -6.3809e-02,  4.2549e-01, -2.1528e-01,  1.4502e-02,
         -6.6105e-01,  3.5721e-01,  2.6016e-01, -8.9682e-02, -5.1857e-01,
         -1.1336e-01, -3.6001e-01, -2.0384e-01,  6.4536e-02, -2.0710e-01,
          2.6545e-01,  1.6597e-01, -2.5738e-01,  4.1980e-01, -2.8455e-01,
          9.3169e-02,  5.2579e-02, -6.5578e-02,  7.3008e-01,  3.1384e-01,
          1.0620e-01,  1.1159e-01,  1.0809e-01,  1.8762e-01,  3.4199e-01,
          6.1055e-01, -3.2025e-01, -1.6235e-01, -3.7777e-01,  3.9781e-01,
         -4.7905e-01,  2.8530e-02,  2.0860e-01,  1.0296e-01, -2.1611e-01,
         -6.9063e-01, -4.4957e-01,  1.4392e-01, -2.9709e-01, -1.8072e-01,
          1.7208e-01, -1.9852e-01,  1.5765e-01,  2.3281e-01,  3.3405e-01,
         -5.1349e-02,  1.8831e-01, -2.2364e-01, -2.9634e-01,  1.1645e-01,
         -7.7266e-01,  5.5573e-01,  2.2176e-01,  9.1668e-02, -5.4024e-02,
         -5.2771e-02, -2.1547e-01,  4.5392e-02,  3.4493e-02, -2.0203e-01,
         -6.7385e-02,  3.3807e-01, -2.0484e-01,  6.9338e-01,  1.6700e-01,
          7.7586e-02, -2.8059e-01,  1.0041e-02,  8.1543e-02, -1.2859e-01,
         -3.1495e-01,  3.6206e-01,  2.5421e-01,  2.9831e-01, -1.6001e-01,
          3.1077e-01,  2.7331e-02, -2.7897e-01, -1.4260e-01,  1.6338e-01,
          1.2491e-01, -8.0049e-02, -6.5930e-01,  3.6048e-02,  2.4878e-01,
         -1.1654e-01, -3.3862e-01, -2.3971e-01,  8.8947e-01,  5.1326e-02,
         -6.1180e-01, -2.9035e-01,  4.0519e-01, -3.1139e-01, -1.3833e-01,
          1.4687e-01, -8.3840e-02,  1.4108e-01, -2.9347e-01,  1.1859e-01,
         -4.4044e-01,  3.3694e-02,  2.5120e-01]], grad_fn=<SelectBackward0>), hidden_states=None, attentions=None))
:Dictionary inputs to traced functions must have consistent type. Found Tensor and Dict[str, Tensor]
Please check correctness of provided 'example_input'. Sometimes models can be converted in scripted mode, please try running conversion without 'example_input'.
 You can also provide TorchScript module that you obtained yourself, please refer to PyTorch documentation: https://pytorch.org/tutorials/beginner/Intro_to_TorchScript_tutorial.html.

