[IPKernelApp] WARNING | Kernel is running over TCP without encryption. All communication (including code and outputs) is sent in plain text and is susceptible to eavesdropping. Use IPC transport or launch with kernel manager-provisioned CurveZMQ keys to enable transport encryption.
00m e:
[32m   2815[39m         [38;5;28;01mraise[39;00m e

[36mFile [39m[32m/usr/lib/python3.12/importlib/__init__.py:90[39m, in [36mimport_module[39m[34m(name, package)[39m
[32m     88[39m             [38;5;28;01mbreak[39;00m
[32m     89[39m         level += [32m1[39m
[32m---> [39m[32m90[39m [38;5;28;01mreturn[39;00m [30;43m_bootstrap[39;49m[30;43m.[39;49m[30;43m_gcd_import[39;49m[30;43m([39;49m[30;43mname[39;49m[30;43m[[39;49m[30;43mlevel[39;49m[30;43m:[39;49m[30;43m][39;49m[30;43m,[39;49m[30;43m [39;49m[30;43mpackage[39;49m[30;43m,[39;49m[30;43m [39;49m[30;43mlevel[39;49m[30;43m)[39;49m

[36mFile [39m[32m~/Desktop/OpenVINO-Notebooks-on-AMD/.venv-cpu/lib/python3.12/site-packages/transformers/pipelines/__init__.py:27[39m
[32m     25[39m [38;5;28;01mfrom[39;00m[38;5;250m [39m[34;01m.[39;00m[34;01m.[39;00m[34;01mdynamic_module_utils[39;00m[38;5;250m [39m[38;5;28;01mimport[39;00m get_class_from_dynamic_module
[32m     26[39m [38;5;28;01mfrom[39;00m[38;5;250m [39m[34;01m.[39;00m[34;01m.[39;00m[34;01mfeature_extraction_utils[39;00m[38;5;250m [39m[38;5;28;01mimport[39;00m FeatureExtractionMixin
[32m---> [39m[32m27[39m [38;5;28;01mfrom[39;00m[38;5;250m [39m[34;01m.[39;00m[34;01m.[39;00m[34;01mimage_processing_utils[39;00m[38;5;250m [39m[38;5;28;01mimport[39;00m BaseImageProcessor
[32m     28[39m [38;5;28;01mfrom[39;00m[38;5;250m [39m[34;01m.[39;00m[34;01m.[39;00m[34;01mmodels[39;00m[34;01m.[39;00m[34;01mauto[39;00m[34;01m.[39;00m[34;01mconfiguration_auto[39;00m[38;5;250m [39m[38;5;28;01mimport[39;00m AutoConfig
[32m     29[39m [38;5;28;01mfrom[39;00m[38;5;250m [39m[34;01m.[39;00m[34;01m.[39;00m[34;01mmodels[39;00m[34;01m.[39;00m[34;01mauto[39;00m[34;01m.[39;00m[34;01mfeature_extraction_auto[39;00m[38;5;250m [39m[38;5;28;01mimport[39;00m FEATURE_EXTRACTOR_MAPPING, AutoFeatureExtractor

[36mFile [39m[32m~/Desktop/OpenVINO-Notebooks-on-AMD/.venv-cpu/lib/python3.12/site-packages/transformers/image_processing_utils.py:34[39m
[32m     25[39m [38;5;28;01mfrom[39;00m[38;5;250m [39m[34;01m.[39;00m[34;01mimage_transforms[39;00m[38;5;250m [39m[38;5;28;01mimport[39;00m center_crop, normalize, rescale
[32m     26[39m [38;5;28;01mfrom[39;00m[38;5;250m [39m[34;01m.[39;00m[34;01mimage_utils[39;00m[38;5;250m [39m[38;5;28;01mimport[39;00m (
[32m     27[39m     ChannelDimension,
[32m     28[39m     ImageInput,
[32m   (...)[39m[32m     32[39m     validate_preprocess_arguments,
[32m     33[39m )
[32m---> [39m[32m34[39m [38;5;28;01mfrom[39;00m[38;5;250m [39m[34;01m.[39;00m[34;01mprocessing_utils[39;00m[38;5;250m [39m[38;5;28;01mimport[39;00m ImagesKwargs, Unpack
[32m     35[39m [38;5;28;01mfrom[39;00m[38;5;250m [39m[34;01m.[39;00m[34;01mutils[39;00m[38;5;250m [39m[38;5;28;01mimport[39;00m (
[32m     36[39m     auto_docstring,
[32m     37[39m     is_torchvision_available,
[32m     38[39m     is_vision_available,
[32m     39[39m     logging,
[32m     40[39m )
[32m     43[39m [38;5;28;01mif[39;00m is_vision_available():

[36mFile [39m[32m~/Desktop/OpenVINO-Notebooks-on-AMD/.venv-cpu/lib/python3.12/site-packages/transformers/processing_utils.py:38[39m
[32m     35[39m [38;5;28;01mfrom[39;00m[38;5;250m [39m[34;01mhuggingface_hub[39;00m[34;01m.[39;00m[34;01mdataclasses[39;00m[38;5;250m [39m[38;5;28;01mimport[39;00m validate_typed_dict
[32m     36[39m [38;5;28;01mfrom[39;00m[38;5;250m [39m[34;01mhuggingface_hub[39;00m[34;01m.[39;00m[34;01merrors[39;00m[38;5;250m [39m[38;5;28;01mimport[39;00m EntryNotFoundError
[32m---> [39m[32m38[39m [38;5;28;01mfrom[39;00m[38;5;250m [39m[34;01m.[39;00m[34;01maudio_utils[39;00m[38;5;250m [39m[38;5;28;01mimport[39;00m AudioInput, load_audio, make_list_of_audio
[32m     39[39m [38;5;28;01mfrom[39;00m[38;5;250m [39m[34;01m.[39;00m[34;01mdynamic_module_utils[39;00m[38;5;250m [39m[38;5;28;01mimport[39;00m custom_object_save
[32m     40[39m [38;5;28;01mfrom[39;00m[38;5;250m [39m[34;01m.[39;00m[34;01mfeature_extraction_utils[39;00m[38;5;250m [39m[38;5;28;01mimport[39;00m BatchFeature

[36mFile [39m[32m~/Desktop/OpenVINO-Notebooks-on-AMD/.venv-cpu/lib/python3.12/site-packages/transformers/audio_utils.py:58[39m
[32m     55[39m     [38;5;28;01mimport[39;00m[38;5;250m [39m[34;01msoxr[39;00m
[32m     57[39m [38;5;28;01mif[39;00m is_torchaudio_available():
[32m---> [39m[32m58[39m     [38;5;28;01mimport[39;00m[38;5;250m [39m[34;01mtorchaudio[39;00m
[32m     60[39m [38;5;28;01mif[39;00m is_torchcodec_available():
[32m     61[39m     TORCHCODEC_VERSION = version.parse(importlib.metadata.version([33m"[39m[33mtorchcodec[39m[33m"[39m))

[36mFile [39m[32m~/Desktop/OpenVINO-Notebooks-on-AMD/.venv-cpu/lib/python3.12/site-packages/torchaudio/__init__.py:2[39m
[32m      1[39m [38;5;66;03m# Initialize extension and backend first[39;00m
[32m----> [39m[32m2[39m [38;5;28;01mfrom[39;00m[38;5;250m [39m[34;01m.[39;00m[38;5;250m [39m[38;5;28;01mimport[39;00m _extension  [38;5;66;03m# noqa  # usort: skip[39;00m
[32m      3[39m [38;5;28;01mfrom[39;00m[38;5;250m [39m[34;01m.[39;00m[34;01m_backend[39;00m[38;5;250m [39m[38;5;28;01mimport[39;00m (  [38;5;66;03m# noqa  # usort: skip[39;00m
[32m      4[39m     AudioMetaData,
[32m      5[39m     get_audio_backend,
[32m   (...)[39m[32m     10[39m     set_audio_backend,
[32m     11[39m )
[32m     13[39m [38;5;28;01mfrom[39;00m[38;5;250m [39m[34;01m.[39;00m[38;5;250m [39m[38;5;28;01mimport[39;00m (  [38;5;66;03m# noqa: F401[39;00m
[32m     14[39m     compliance,
[32m     15[39m     datasets,
[32m   (...)[39m[32m     23[39m     utils,
[32m     24[39m )

[36mFile [39m[32m~/Desktop/OpenVINO-Notebooks-on-AMD/.venv-cpu/lib/python3.12/site-packages/torchaudio/_extension/__init__.py:38[39m
[32m     36[39m _IS_ALIGN_AVAILABLE = [38;5;28;01mFalse[39;00m
[32m     37[39m [38;5;28;01mif[39;00m _IS_TORCHAUDIO_EXT_AVAILABLE:
[32m---> [39m[32m38[39m     [30;43m_load_lib[39;49m[30;43m([39;49m[30;43m"[39;49m[30;43mlibtorchaudio[39;49m[30;43m"[39;49m[30;43m)[39;49m
[32m     40[39m     [38;5;28;01mimport[39;00m[38;5;250m [39m[34;01mtorchaudio[39;00m[34;01m.[39;00m[34;01mlib[39;00m[34;01m.[39;00m[34;01m_torchaudio[39;00m  [38;5;66;03m# noqa[39;00m
[32m     42[39m     _check_cuda_version()

[36mFile [39m[32m~/Desktop/OpenVINO-Notebooks-on-AMD/.venv-cpu/lib/python3.12/site-packages/torchaudio/_extension/utils.py:60[39m, in [36m_load_lib[39m[34m(lib)[39m
[32m     58[39m [38;5;28;01mif[39;00m [38;5;129;01mnot[39;00m path.exists():
[32m     59[39m     [38;5;28;01mreturn[39;00m [38;5;28;01mFalse[39;00m
[32m---> [39m[32m60[39m [30;43mtorch[39;49m[30;43m.[39;49m[30;43mops[39;49m[30;43m.[39;49m[30;43mload_library[39;49m[30;43m([39;49m[30;43mpath[39;49m[30;43m)[39;49m
[32m     61[39m [38;5;28;01mreturn[39;00m [38;5;28;01mTrue[39;00m

[36mFile [39m[32m~/Desktop/OpenVINO-Notebooks-on-AMD/.venv-cpu/lib/python3.12/site-packages/torch/_ops.py:1589[39m, in [36m_Ops.load_library[39m[34m(self, path)[39m
[32m   1587[39m         ctypes.CDLL(path)
[32m   1588[39m     [38;5;28;01mexcept[39;00m [38;5;167;01mException[39;00m [38;5;28;01mas[39;00m e:
[32m-> [39m[32m1589[39m         [38;5;28;01mraise[39;00m [38;5;167;01mOSError[39;00m([33mf[39m[33m"[39m[33mCould not load this library: [39m[38;5;132;01m{[39;00mpath[38;5;132;01m}[39;00m[33m"[39m) [38;5;28;01mfrom[39;00m[38;5;250m [39m[34;01me[39;00m
[32m   1590[39m [38;5;28mself[39m.loaded_libraries.add(path)

[31mOSError[39m: Could not load this library: /home/amd/Desktop/OpenVINO-Notebooks-on-AMD/.venv-cpu/lib/python3.12/site-packages/torchaudio/lib/libtorchaudio.so

