[IPKernelApp] WARNING | Kernel is running over TCP without encryption. All communication (including code and outputs) is sent in plain text and is susceptible to eavesdropping. Use IPC transport or launch with kernel manager-provisioned CurveZMQ keys to enable transport encryption.
Traceback (most recent call last):
  File "/workspace/ov_amd/_nbexec.py", line 144, in main
    client.execute()
  File "/workspace/.venvs/cpu/1df6970ebde578d4/lib/python3.12/site-packages/jupyter_core/utils/__init__.py", line 165, in wrapped
    return loop.run_until_complete(inner)
           ^^^^^^^^^^^^^^^^^^^^^^^^^^^^^^
  File "/usr/lib/python3.12/asyncio/base_events.py", line 687, in run_until_complete
    return future.result()
           ^^^^^^^^^^^^^^^
  File "/workspace/.venvs/cpu/1df6970ebde578d4/lib/python3.12/site-packages/nbclient/client.py", line 709, in async_execute
    await self.async_execute_cell(
  File "/workspace/.venvs/cpu/1df6970ebde578d4/lib/python3.12/site-packages/nbclient/client.py", line 1062, in async_execute_cell
    await self._check_raise_for_error(cell, cell_index, exec_reply)
  File "/workspace/.venvs/cpu/1df6970ebde578d4/lib/python3.12/site-packages/nbclient/client.py", line 918, in _check_raise_for_error
    raise CellExecutionError.from_cell_and_msg(cell, exec_reply_content)
nbclient.exceptions.CellExecutionError: An error occurred while executing the following cell:
------------------
from zipfile import ZipFile
import gdown

archive_file = Path("antelopev2.zip")

if not face_detector_path.exists() or face_embeddings_path.exists():
    if not archive_file.exists():
        gdown.download(
            "https://drive.google.com/uc?id=18wEUfMNohBJ4K3Ly5wpTejPfDzp-8fI8",
            str(archive_file),
        )
    with ZipFile(archive_file, "r") as zip_face_models:
        zip_face_models.extractall(MODELS_DIR)
------------------


[31m---------------------------------------------------------------------------[39m
[31mModuleNotFoundError[39m                       Traceback (most recent call last)
[36mCell[39m[36m [39m[32mIn[5][39m[32m, line 2[39m
[32m      1[39m [38;5;28;01mfrom[39;00m zipfile [38;5;28;01mimport[39;00m ZipFile
[32m----> [39m[32m2[39m [38;5;28;01mimport[39;00m gdown
[32m      3[39m 
[32m      4[39m archive_file = Path([33m"antelopev2.zip"[39m)
[32m      5[39m 

[31mModuleNotFoundError[39m: No module named 'gdown'

