[IPKernelApp] WARNING | Kernel is running over TCP without encryption. All communication (including code and outputs) is sent in plain text and is susceptible to eavesdropping. Use IPC transport or launch with kernel manager-provisioned CurveZMQ keys to enable transport encryption.
"[39;49m[30;43m,[39;49m[30;43m  [39;49m[30;43;03m# sdpa or flash_attention_2[39;49;00m
[32m    657[39m [30;43m    [39;49m[30;43mtorch_dtype[39;49m[30;43m=[39;49m[30;43mtorch[39;49m[30;43m.[39;49m[30;43mfloat32[39;49m[30;43m,[39;49m
[32m    658[39m [30;43m    [39;49m[30;43minit_vision[39;49m[30;43m=[39;49m[30;43;01mTrue[39;49;00m[30;43m,[39;49m
[32m    659[39m [30;43m    [39;49m[30;43minit_audio[39;49m[30;43m=[39;49m[30;43;01mTrue[39;49;00m[30;43m,[39;49m
[32m    660[39m [30;43m[39;49m[30;43m)[39;49m
[32m    661[39m [38;5;28mprint[39m([33m"[39m[33m✅ Original model successfully loaded[39m[33m"[39m)
[32m    662[39m model.eval()

[36mFile [39m[32m~/Desktop/OpenVINO-Notebooks-on-AMD/.venvs/cpu/cd1d797502c7b660/lib/python3.12/site-packages/transformers/models/auto/auto_factory.py:559[39m, in [36m_BaseAutoModelClass.from_pretrained[39m[34m(cls, pretrained_model_name_or_path, *model_args, **kwargs)[39m
[32m    557[39m     [38;5;28;01melse[39;00m:
[32m    558[39m         [38;5;28mcls[39m.register(config.[34m__class__[39m, model_class, exist_ok=[38;5;28;01mTrue[39;00m)
[32m--> [39m[32m559[39m     [38;5;28;01mreturn[39;00m [30;43mmodel_class[39;49m[30;43m.[39;49m[30;43mfrom_pretrained[39;49m[30;43m([39;49m
[32m    560[39m [30;43m        [39;49m[30;43mpretrained_model_name_or_path[39;49m[30;43m,[39;49m[30;43m [39;49m[30;43m*[39;49m[30;43mmodel_args[39;49m[30;43m,[39;49m[30;43m [39;49m[30;43mconfig[39;49m[30;43m=[39;49m[30;43mconfig[39;49m[30;43m,[39;49m[30;43m [39;49m[30;43m*[39;49m[30;43m*[39;49m[30;43mhub_kwargs[39;49m[30;43m,[39;49m[30;43m [39;49m[30;43m*[39;49m[30;43m*[39;49m[30;43mkwargs[39;49m
[32m    561[39m [30;43m    [39;49m[30;43m)[39;49m
[32m    562[39m [38;5;28;01melif[39;00m [38;5;28mtype[39m(config) [38;5;129;01min[39;00m [38;5;28mcls[39m._model_mapping.keys():
[32m    563[39m     model_class = _get_model_class(config, [38;5;28mcls[39m._model_mapping)

[36mFile [39m[32m~/Desktop/OpenVINO-Notebooks-on-AMD/.venvs/cpu/cd1d797502c7b660/lib/python3.12/site-packages/transformers/modeling_utils.py:3960[39m, in [36mPreTrainedModel.from_pretrained[39m[34m(cls, pretrained_model_name_or_path, config, cache_dir, ignore_mismatched_sizes, force_download, local_files_only, token, revision, use_safetensors, *model_args, **kwargs)[39m
[32m   3950[39m     [38;5;28;01mif[39;00m dtype_orig [38;5;129;01mis[39;00m [38;5;129;01mnot[39;00m [38;5;28;01mNone[39;00m:
[32m   3951[39m         torch.set_default_dtype(dtype_orig)
[32m   3953[39m     (
[32m   3954[39m         model,
[32m   3955[39m         missing_keys,
[32m   3956[39m         unexpected_keys,
[32m   3957[39m         mismatched_keys,
[32m   3958[39m         offload_index,
[32m   3959[39m         error_msgs,
[32m-> [39m[32m3960[39m     ) = [30;43mcls[39;49m[30;43m.[39;49m[30;43m_load_pretrained_model[39;49m[30;43m([39;49m
[32m   3961[39m [30;43m        [39;49m[30;43mmodel[39;49m[30;43m,[39;49m
[32m   3962[39m [30;43m        [39;49m[30;43mstate_dict[39;49m[30;43m,[39;49m
[32m   3963[39m [30;43m        [39;49m[30;43mloaded_state_dict_keys[39;49m[30;43m,[39;49m[30;43m  [39;49m[30;43;03m# XXX: rename?[39;49;00m
[32m   3964[39m [30;43m        [39;49m[30;43mresolved_archive_file[39;49m[30;43m,[39;49m
[32m   3965[39m [30;43m        [39;49m[30;43mpretrained_model_name_or_path[39;49m[30;43m,[39;49m
[32m   3966[39m [30;43m        [39;49m[30;43mignore_mismatched_sizes[39;49m[30;43m=[39;49m[30;43mignore_mismatched_sizes[39;49m[30;43m,[39;49m
[32m   3967[39m [30;43m        [39;49m[30;43msharded_metadata[39;49m[30;43m=[39;49m[30;43msharded_metadata[39;49m[30;43m,[39;49m
[32m   3968[39m [30;43m        [39;49m[30;43m_fast_init[39;49m[30;43m=[39;49m[30;43m_fast_init[39;49m[30;43m,[39;49m
[32m   3969[39m [30;43m        [39;49m[30;43mlow_cpu_mem_usage[39;49m[30;43m=[39;49m[30;43mlow_cpu_mem_usage[39;49m[30;43m,[39;49m
[32m   3970[39m [30;43m        [39;49m[30;43mdevice_map[39;49m[30;43m=[39;49m[30;43mdevice_map[39;49m[30;43m,[39;49m
[32m   3971[39m [30;43m        [39;49m[30;43moffload_folder[39;49m[30;43m=[39;49m[30;43moffload_folder[39;49m[30;43m,[39;49m
[32m   3972[39m [30;43m        [39;49m[30;43moffload_state_dict[39;49m[30;43m=[39;49m[30;43moffload_state_dict[39;49m[30;43m,[39;49m
[32m   3973[39m [30;43m        [39;49m[30;43mdtype[39;49m[30;43m=[39;49m[30;43mtorch_dtype[39;49m[30;43m,[39;49m
[32m   3974[39m [30;43m        [39;49m[30;43mhf_quantizer[39;49m[30;43m=[39;49m[30;43mhf_quantizer[39;49m[30;43m,[39;49m
[32m   3975[39m [30;43m        [39;49m[30;43mkeep_in_fp32_modules[39;49m[30;43m=[39;49m[30;43mkeep_in_fp32_modules[39;49m[30;43m,[39;49m
[32m   3976[39m [30;43m        [39;49m[30;43mgguf_path[39;49m[30;43m=[39;49m[30;43mgguf_path[39;49m[30;43m,[39;49m
[32m   3977[39m [30;43m    [39;49m[30;43m)[39;49m
[32m   3979[39m [38;5;66;03m# make sure token embedding weights are still tied if needed[39;00m
[32m   3980[39m model.tie_weights()

[36mFile [39m[32m~/Desktop/OpenVINO-Notebooks-on-AMD/.venvs/cpu/cd1d797502c7b660/lib/python3.12/site-packages/transformers/modeling_utils.py:4414[39m, in [36mPreTrainedModel._load_pretrained_model[39m[34m(cls, model, state_dict, loaded_keys, resolved_archive_file, pretrained_model_name_or_path, ignore_mismatched_sizes, sharded_metadata, _fast_init, low_cpu_mem_usage, device_map, offload_folder, offload_state_dict, dtype, hf_quantizer, keep_in_fp32_modules, gguf_path)[39m
[32m   4412[39m [38;5;28;01mif[39;00m shard_file [38;5;129;01min[39;00m disk_only_shard_files:
[32m   4413[39m     [38;5;28;01mcontinue[39;00m
[32m-> [39m[32m4414[39m state_dict = [30;43mload_state_dict[39;49m[30;43m([39;49m[30;43mshard_file[39;49m[30;43m,[39;49m[30;43m [39;49m[30;43mis_quantized[39;49m[30;43m=[39;49m[30;43mis_quantized[39;49m[30;43m)[39;49m
[32m   4416[39m [38;5;66;03m# Mistmatched keys contains tuples key/shape1/shape2 of weights in the checkpoint that have a shape not[39;00m
[32m   4417[39m [38;5;66;03m# matching the weights in the model.[39;00m
[32m   4418[39m mismatched_keys += _find_mismatched_keys(
[32m   4419[39m     state_dict,
[32m   4420[39m     model_state_dict,
[32m   (...)[39m[32m   4424[39m     ignore_mismatched_sizes,
[32m   4425[39m )

[36mFile [39m[32m~/Desktop/OpenVINO-Notebooks-on-AMD/.venvs/cpu/cd1d797502c7b660/lib/python3.12/site-packages/transformers/modeling_utils.py:548[39m, in [36mload_state_dict[39m[34m(checkpoint_file, is_quantized)[39m
[32m    543[39m [38;5;250m[39m[33;03m"""[39;00m
[32m    544[39m [33;03mReads a PyTorch checkpoint file, returning properly formatted errors if they arise.[39;00m
[32m    545[39m [33;03m"""[39;00m
[32m    546[39m [38;5;28;01mif[39;00m checkpoint_file.endswith([33m"[39m[33m.safetensors[39m[33m"[39m) [38;5;129;01mand[39;00m is_safetensors_available():
[32m    547[39m     [38;5;66;03m# Check format of the archive[39;00m
[32m--> [39m[32m548[39m     [38;5;28;01mwith[39;00m [30;43msafe_open[39;49m[30;43m([39;49m[30;43mcheckpoint_file[39;49m[30;43m,[39;49m[30;43m [39;49m[30;43mframework[39;49m[30;43m=[39;49m[30;43m"[39;49m[30;43mpt[39;49m[30;43m"[39;49m[30;43m)[39;49m [38;5;28;01mas[39;00m f:
[32m    549[39m         metadata = f.metadata()
[32m    550[39m     [38;5;28;01mif[39;00m metadata.get([33m"[39m[33mformat[39m[33m"[39m) [38;5;129;01mnot[39;00m [38;5;129;01min[39;00m [[33m"[39m[33mpt[39m[33m"[39m, [33m"[39m[33mtf[39m[33m"[39m, [33m"[39m[33mflax[39m[33m"[39m, [33m"[39m[33mmlx[39m[33m"[39m]:

[31mFileNotFoundError[39m: No such file or directory: MiniCPM-o-2_6/ckpt/model-00001-of-00004.safetensors

