[IPKernelApp] WARNING | Kernel is running over TCP without encryption. All communication (including code and outputs) is sent in plain text and is susceptible to eavesdropping. Use IPC transport or launch with kernel manager-provisioned CurveZMQ keys to enable transport encryption.
;28;01mimport[39;00m[38;5;250m [39m[34;01msentence_transformers[39;00m
[32m     86[39m [38;5;28;01mexcept[39;00m [38;5;167;01mImportError[39;00m [38;5;28;01mas[39;00m exc:

[36mFile [39m[32m~/Desktop/OpenVINO-Notebooks-on-AMD/.venv-cpu/lib/python3.12/site-packages/sentence_transformers/__init__.py:10[39m
[32m      8[39m [38;5;28;01mimport[39;00m[38;5;250m [39m[34;01mwarnings[39;00m
[32m---> [39m[32m10[39m [38;5;28;01mfrom[39;00m[38;5;250m [39m[34;01msentence_transformers[39;00m[34;01m.[39;00m[34;01mbackend[39;00m[38;5;250m [39m[38;5;28;01mimport[39;00m (
[32m     11[39m     export_dynamic_quantized_onnx_model,
[32m     12[39m     export_optimized_onnx_model,
[32m     13[39m     export_static_quantized_openvino_model,
[32m     14[39m )
[32m     15[39m [38;5;28;01mfrom[39;00m[38;5;250m [39m[34;01msentence_transformers[39;00m[34;01m.[39;00m[34;01mbase[39;00m[34;01m.[39;00m[34;01msampler[39;00m[38;5;250m [39m[38;5;28;01mimport[39;00m DefaultBatchSampler, MultiDatasetDefaultBatchSampler

[36mFile [39m[32m~/Desktop/OpenVINO-Notebooks-on-AMD/.venv-cpu/lib/python3.12/site-packages/sentence_transformers/backend/__init__.py:3[39m
[32m      1[39m [38;5;28;01mfrom[39;00m[38;5;250m [39m[34;01m__future__[39;00m[38;5;250m [39m[38;5;28;01mimport[39;00m annotations
[32m----> [39m[32m3[39m [38;5;28;01mfrom[39;00m[38;5;250m [39m[34;01m.[39;00m[34;01mload[39;00m[38;5;250m [39m[38;5;28;01mimport[39;00m load_onnx_model, load_openvino_model
[32m      4[39m [38;5;28;01mfrom[39;00m[38;5;250m [39m[34;01m.[39;00m[34;01moptimize[39;00m[38;5;250m [39m[38;5;28;01mimport[39;00m export_optimized_onnx_model

[36mFile [39m[32m~/Desktop/OpenVINO-Notebooks-on-AMD/.venv-cpu/lib/python3.12/site-packages/sentence_transformers/backend/load.py:7[39m
[32m      5[39m [38;5;28;01mfrom[39;00m[38;5;250m [39m[34;01mpathlib[39;00m[38;5;250m [39m[38;5;28;01mimport[39;00m Path
[32m----> [39m[32m7[39m [38;5;28;01mfrom[39;00m[38;5;250m [39m[34;01mtransformers[39;00m[34;01m.[39;00m[34;01mconfiguration_utils[39;00m[38;5;250m [39m[38;5;28;01mimport[39;00m PretrainedConfig
[32m      9[39m [38;5;28;01mfrom[39;00m[38;5;250m [39m[34;01msentence_transformers[39;00m[34;01m.[39;00m[34;01mbackend[39;00m[34;01m.[39;00m[34;01mutils[39;00m[38;5;250m [39m[38;5;28;01mimport[39;00m _save_pretrained_wrapper, backend_should_export, backend_warn_to_save

[36mFile [39m[32m~/Desktop/OpenVINO-Notebooks-on-AMD/.venv-cpu/lib/python3.12/site-packages/transformers/configuration_utils.py:34[39m
[32m     33[39m [38;5;28;01mfrom[39;00m[38;5;250m [39m[34;01m.[39;00m[34;01mdynamic_module_utils[39;00m[38;5;250m [39m[38;5;28;01mimport[39;00m custom_object_save
[32m---> [39m[32m34[39m [38;5;28;01mfrom[39;00m[38;5;250m [39m[34;01m.[39;00m[34;01mgeneration[39;00m[34;01m.[39;00m[34;01mconfiguration_utils[39;00m[38;5;250m [39m[38;5;28;01mimport[39;00m GenerationConfig
[32m     35[39m [38;5;28;01mfrom[39;00m[38;5;250m [39m[34;01m.[39;00m[34;01mintegrations[39;00m[34;01m.[39;00m[34;01mheterogeneity[39;00m[38;5;250m [39m[38;5;28;01mimport[39;00m HeterogeneousConfigMixin

[36mFile [39m[32m~/Desktop/OpenVINO-Notebooks-on-AMD/.venv-cpu/lib/python3.12/site-packages/transformers/generation/configuration_utils.py:62[39m
[32m     61[39m [38;5;28;01mif[39;00m is_torch_available():
[32m---> [39m[32m62[39m     [38;5;28;01mfrom[39;00m[38;5;250m [39m[34;01m.[39;00m[34;01mlogits_process[39;00m[38;5;250m [39m[38;5;28;01mimport[39;00m SynthIDTextWatermarkLogitsProcessor, WatermarkLogitsProcessor
[32m     65[39m [38;5;28;01mdef[39;00m[38;5;250m [39m[34m_should_warn[39m(outer_attr: [38;5;28mstr[39m, inner_attr: [38;5;28mstr[39m, user_set_attributes: [38;5;28mset[39m | [38;5;28;01mNone[39;00m) -> [38;5;28mbool[39m:

[36mFile [39m[32m~/Desktop/OpenVINO-Notebooks-on-AMD/.venv-cpu/lib/python3.12/site-packages/transformers/generation/logits_process.py:21[39m
[32m     20[39m [38;5;28;01mimport[39;00m[38;5;250m [39m[34;01mnumpy[39;00m[38;5;250m [39m[38;5;28;01mas[39;00m[38;5;250m [39m[34;01mnp[39;00m
[32m---> [39m[32m21[39m [38;5;28;01mimport[39;00m[38;5;250m [39m[34;01mtorch[39;00m
[32m     23[39m [38;5;28;01mfrom[39;00m[38;5;250m [39m[34;01m.[39;00m[34;01m.[39;00m[34;01m_typing[39;00m[38;5;250m [39m[38;5;28;01mimport[39;00m WhisperGenerationConfigLike

[36mFile [39m[32m~/Desktop/OpenVINO-Notebooks-on-AMD/.venv-cpu/lib/python3.12/site-packages/torch/__init__.py:496[39m
[32m    495[39m         _load_global_deps()
[32m--> [39m[32m496[39m     [38;5;28;01mfrom[39;00m[38;5;250m [39m[34;01mtorch[39;00m[34;01m.[39;00m[34;01m_C[39;00m[38;5;250m [39m[38;5;28;01mimport[39;00m *  [38;5;66;03m# noqa: F403[39;00m
[32m    499[39m _PrimType = _TypeVar([33m"[39m[33m_PrimType[39m[33m"[39m)

[31mImportError[39m: /home/amd/Desktop/OpenVINO-Notebooks-on-AMD/.venv-cpu/lib/python3.12/site-packages/torch/lib/libtorch_cuda.so: undefined symbol: ncclCommResume

The above exception was the direct cause of the following exception:

[31mImportError[39m                               Traceback (most recent call last)
[36mCell[39m[36m [39m[32mIn[2][39m[32m, line 25[39m
[32m     21[39m 
[32m     22[39m     [38;5;28;01mreturn[39;00m reduce([38;5;28;01mlambda[39;00m l1, l2: l1 + l2, [map(p) [38;5;28;01mfor[39;00m p [38;5;28;01min[39;00m articles], [])
[32m     23[39m 
[32m     24[39m 
[32m---> [39m[32m25[39m embedding_function = SentenceTransformerEmbeddings(model_name=[33m"BAAI/bge-small-en-v1.5"[39m)
[32m     26[39m 
[32m     27[39m chroma_db_path = [33m"./chroma_db"[39m
[32m     28[39m [38;5;28;01mif[39;00m os.path.exists(chroma_db_path):

[36mFile [39m[32m~/Desktop/OpenVINO-Notebooks-on-AMD/.venv-cpu/lib/python3.12/site-packages/langchain_core/_api/deprecation.py:274[39m, in [36mdeprecated.<locals>.deprecate.<locals>.finalize.<locals>.warn_if_direct_instance[39m[34m(self, *args, **kwargs)[39m
[32m    271[39m     [38;5;66;03m# Only mark the warning as emitted if it was not intentionally[39;00m
[32m    272[39m     [38;5;66;03m# suppressed by `suppress_langchain_deprecation_warning()`.[39;00m
[32m    273[39m     warned = [38;5;129;01mnot[39;00m _SUPPRESSING_LANGCHAIN_DEPRECATION_WARNING.get()
[32m--> [39m[32m274[39m [38;5;28;01mreturn[39;00m [30;43mwrapped[39;49m[30;43m([39;49m[30;43mself[39;49m[30;43m,[39;49m[30;43m [39;49m[30;43m*[39;49m[30;43margs[39;49m[30;43m,[39;49m[30;43m [39;49m[30;43m*[39;49m[30;43m*[39;49m[30;43mkwargs[39;49m[30;43m)[39;49m

[36mFile [39m[32m~/Desktop/OpenVINO-Notebooks-on-AMD/.venv-cpu/lib/python3.12/site-packages/langchain_community/embeddings/huggingface.py:87[39m, in [36mHuggingFaceEmbeddings.__init__[39m[34m(self, **kwargs)[39m
[32m     84[39m     [38;5;28;01mimport[39;00m[38;5;250m [39m[34;01msentence_transformers[39;00m
[32m     86[39m [38;5;28;01mexcept[39;00m [38;5;167;01mImportError[39;00m [38;5;28;01mas[39;00m exc:
[32m---> [39m[32m87[39m     [38;5;28;01mraise[39;00m [38;5;167;01mImportError[39;00m(
[32m     88[39m         [33m"[39m[33mCould not import sentence_transformers python package. [39m[33m"[39m
[32m     89[39m         [33m"[39m[33mPlease install it with `pip install sentence-transformers`.[39m[33m"[39m
[32m     90[39m     ) [38;5;28;01mfrom[39;00m[38;5;250m [39m[34;01mexc[39;00m
[32m     92[39m [38;5;28mself[39m.client = sentence_transformers.SentenceTransformer(
[32m     93[39m     [38;5;28mself[39m.model_name, cache_folder=[38;5;28mself[39m.cache_folder, **[38;5;28mself[39m.model_kwargs
[32m     94[39m )

[31mImportError[39m: Could not import sentence_transformers python package. Please install it with `pip install sentence-transformers`.

