[cell 0 START +    0.4s] # Convert and Optimize YOLOv11 real-time object detection with OpenVIN
[cell 1 START +    0.4s] ## Get PyTorch model | [back to top ⬆️](#Table-of-contents:) |  | Generally,
[cell 2 START +    0.4s] #### Prerequisites | [back to top ⬆️](#Table-of-contents:) |  | Install nece
[cell 3 START +    0.4s] %pip install -q "openvino>=2025.1.0" "nncf>=2.16.0" | %pip install -q "t
[cell 3 DONE  +    1.4s]
[cell 4 START +    1.4s] Import required utility functions. | The lower cell will download the `n
[cell 5 START +    1.4s] from pathlib import Path | import requests |  | if not Path("notebook_utils.
[cell 5 DONE  +    1.4s]
[cell 6 START +    1.4s] # Download a test sample | IMAGE_PATH = Path("./data/coco_bike.jpg") |  | if
[cell 6 DONE  +    1.4s]
[cell 7 START +    1.4s] ## Instantiate model | [back to top ⬆️](#Table-of-contents:) |  | There are 
[cell 8 START +    1.4s] import ipywidgets as widgets |  | model_id = ["yolo11n", "yolo11s", "yolo1
[cell 8 DONE  +    1.4s]
[cell 9 START +    1.4s] Making prediction, the model accepts a path to input image and returns
[cell 10 START +    1.4s] from PIL import Image | from ultralytics import YOLO |  | DET_MODEL_NAME = m
[cell 10 DONE  +    3.1s]
[cell 11 START +    3.1s] ### Convert model to OpenVINO IR | [back to top ⬆️](#Table-of-contents:)
[cell 12 START +    3.1s] # object detection model | det_model_path = Path(f"{DET_MODEL_NAME}_open
[cell 12 DONE  +    3.1s]
[cell 13 START +    3.1s] ### Verify model inference | [back to top ⬆️](#Table-of-contents:) |  | We c
[cell 14 START +    3.1s] ### Select inference device | [back to top ⬆️](#Table-of-contents:) |  | Sel
[cell 15 START +    3.1s] device = device_widget() |  | device
[cell 15 DONE  +    3.2s]
[cell 16 START +    3.2s] ### Test on single image | [back to top ⬆️](#Table-of-contents:) |  | Now, o
[cell 17 START +    3.2s] det_model = YOLO(det_model_path.parent, task="detect") |  | res = det_mode
[cell 17 DONE  +    3.4s]
[cell 18 START +    3.4s] ## Optimize model using NNCF Post-training Quantization API | [back to t
[cell 19 START +    3.4s] Please select below whether you would like to run quantization to impr
[cell 20 START +    3.4s] int8_model_det_path = Path(f"{DET_MODEL_NAME}_openvino_model_int8/{DET
[cell 20 DONE  +    3.4s]
[cell 21 START +    3.4s] Let's load `skip magic` extension to skip quantization if `to_quantize
[cell 22 START +    3.4s] if not Path("skip_kernel_extension.py").exists(): |     r = requests.get
[cell 22 DONE  +    3.4s]
[cell 23 START +    3.4s] %%skip not $to_quantize.value |  | from ultralytics.utils import DEFAULT_C
[cell 23 DONE  +    5.8s]
NBEXEC_RESULT={"ok": false, "n_cells": 22, "n_skipped": 0, "n_substituted": 0, "stopped_after": null, "error_cell": null, "error_type": "CellExecutionError", "error_head": "\u001b[31mBadZipFile\u001b[39m: File is not a zip file", "duration_s": 7.03, "patch_notes": []}
