[IPKernelApp] WARNING | Kernel is running over TCP without encryption. All communication (including code and outputs) is sent in plain text and is susceptible to eavesdropping. Use IPC transport or launch with kernel manager-provisioned CurveZMQ keys to enable transport encryption.
Traceback (most recent call last):
  File "/home/amd/Desktop/OpenVINO-Notebooks-on-AMD/ov_amd/_nbexec.py", line 122, in main
    client.execute()
  File "/home/amd/Desktop/OpenVINO-Notebooks-on-AMD/.venv-cpu/lib/python3.12/site-packages/jupyter_core/utils/__init__.py", line 165, in wrapped
    return loop.run_until_complete(inner)
           ^^^^^^^^^^^^^^^^^^^^^^^^^^^^^^
  File "/usr/lib/python3.12/asyncio/base_events.py", line 687, in run_until_complete
    return future.result()
           ^^^^^^^^^^^^^^^
  File "/home/amd/Desktop/OpenVINO-Notebooks-on-AMD/.venv-cpu/lib/python3.12/site-packages/nbclient/client.py", line 709, in async_execute
    await self.async_execute_cell(
  File "/home/amd/Desktop/OpenVINO-Notebooks-on-AMD/.venv-cpu/lib/python3.12/site-packages/nbclient/client.py", line 1062, in async_execute_cell
    await self._check_raise_for_error(cell, cell_index, exec_reply)
  File "/home/amd/Desktop/OpenVINO-Notebooks-on-AMD/.venv-cpu/lib/python3.12/site-packages/nbclient/client.py", line 918, in _check_raise_for_error
    raise CellExecutionError.from_cell_and_msg(cell, exec_reply_content)
nbclient.exceptions.CellExecutionError: An error occurred while executing the following cell:
------------------
from PIL import Image
from diffusers.utils import load_image

init_image_url = "//huggingface\.co :https://hf-mirror.com://huggingface.co/datasets/huggingface/documentation-images/resolve/main/diffusers/img2img-init.png"
init_image_path = Path("astronauts.png")

if not init_image_path.exists():
    image = load_image(init_image_url)
    image.save(init_image_path)

init_image = Image.open(init_image_path)
init_image_tensor = image_to_tensor(init_image)

init_image
------------------

----- stderr -----
<>:4: SyntaxWarning: invalid escape sequence '\.'
<>:4: SyntaxWarning: invalid escape sequence '\.'
/tmp/ipykernel_98435/3530693235.py:4: SyntaxWarning: invalid escape sequence '\.'
  init_image_url = "//huggingface\.co :https://hf-mirror.com://huggingface.co/datasets/huggingface/documentation-images/resolve/main/diffusers/img2img-init.png"
------------------

[31m---------------------------------------------------------------------------[39m
[31mValueError[39m                                Traceback (most recent call last)
[36mCell[39m[36m [39m[32mIn[7][39m[32m, line 8[39m
[32m      4[39m init_image_url = [33m"//huggingface\.co :https://hf-mirror.com://huggingface.co/datasets/huggingface/documentation-images/resolve/main/diffusers/img2img-init.png"[39m
[32m      5[39m init_image_path = Path([33m"astronauts.png"[39m)
[32m      6[39m 
[32m      7[39m [38;5;28;01mif[39;00m [38;5;28;01mnot[39;00m init_image_path.exists():
[32m----> [39m[32m8[39m     image = load_image(init_image_url)
[32m      9[39m     image.save(init_image_path)
[32m     10[39m 
[32m     11[39m init_image = Image.open(init_image_path)

[36mFile [39m[32m~/Desktop/OpenVINO-Notebooks-on-AMD/.venv-cpu/lib/python3.12/site-packages/diffusers/utils/loading_utils.py:37[39m, in [36mload_image[39m[34m(image, convert_method)[39m
[32m     35[39m         image = PIL.Image.open(image)
[32m     36[39m     [38;5;28;01melse[39;00m:
[32m---> [39m[32m37[39m         [38;5;28;01mraise[39;00m [38;5;167;01mValueError[39;00m(
[32m     38[39m             [33mf[39m[33m"[39m[33mIncorrect path or URL. URLs must start with `http://` or `https://`, and [39m[38;5;132;01m{[39;00mimage[38;5;132;01m}[39;00m[33m is not a valid path.[39m[33m"[39m
[32m     39[39m         )
[32m     40[39m [38;5;28;01melif[39;00m [38;5;28misinstance[39m(image, PIL.Image.Image):
[32m     41[39m     image = image

[31mValueError[39m: Incorrect path or URL. URLs must start with `http://` or `https://`, and //huggingface\.co :https://hf-mirror.com://huggingface.co/datasets/huggingface/documentation-images/resolve/main/diffusers/img2img-init.png is not a valid path.

