[cell 0 START +    0.5s] # Image-to-image generation using OpenVINO GenAI |  | Image-to-image is th
[cell 1 START +    0.5s] ## Prerequisites | [back to top ⬆️](#Table-of-contents:)
[cell 2 START +    0.5s] import requests | from pathlib import Path |  | %pip install -q "git+//huggi
[cell 2 DONE  +    1.7s]
[cell 3 START +    1.7s] ## Prepare model | [back to top ⬆️](#Table-of-contents:) |  | For starting w
[cell 4 START +    1.7s] import ipywidgets as widgets |  | use_preconverted = widgets.Checkbox(valu
[cell 4 DONE  +    1.7s]
[cell 5 START +    1.7s] from pathlib import Path |  | import huggingface_hub as hf_hub |  | from cmd_h
[cell 5 DONE  +    1.7s]
[cell 6 START +    1.7s] ## Create inference pipeline | [back to top ⬆️](#Table-of-contents:) |  | Fo
[cell 7 START +    1.7s] from notebook_utils import device_widget |  | device = device_widget("CPU"
[cell 7 DONE  +    2.0s]
[cell 8 START +    2.0s] import openvino_genai as ov_genai |  | pipe = ov_genai.Image2ImagePipeline
Model: OV Tokenizer
  NETWORK_NAME: tokenizer
  OPTIMAL_NUMBER_OF_INFER_REQUESTS: 1
  NUM_STREAMS: 1
  INFERENCE_NUM_THREADS: 16
  PERF_COUNT: NO
  INFERENCE_PRECISION_HINT: bf16
  PERFORMANCE_HINT: LATENCY
  EXECUTION_MODE_HINT: PERFORMANCE
  PERFORMANCE_HINT_NUM_REQUESTS: 0
  ENABLE_CPU_PINNING: YES
  ENABLE_CPU_RESERVATION: NO
  SCHEDULING_CORE_TYPE: ANY_CORE
  MODEL_DISTRIBUTION_POLICY: 
  ENABLE_HYPER_THREADING: NO
  EXECUTION_DEVICES: CPU
  CPU_DENORMALS_OPTIMIZATION: NO
  LOG_LEVEL: LOG_NONE
  CPU_SPARSE_WEIGHTS_DECOMPRESSION_RATE: 1
  ENABLE_TENSOR_PARALLEL: NO
  DYNAMIC_QUANTIZATION_GROUP_SIZE: 32
  KV_CACHE_PRECISION: u8
  KEY_CACHE_PRECISION: u8
  VALUE_CACHE_PRECISION: u8
  KEY_CACHE_GROUP_SIZE: 0
  VALUE_CACHE_GROUP_SIZE: 0
EXECUTION_DEVICES:
 CPU: AMD RYZEN AI MAX+ PRO 395 w/ Radeon 8060S      
Model: OV Detokenizer
  NETWORK_NAME: detokenizer
  OPTIMAL_NUMBER_OF_INFER_REQUESTS: 1
  NUM_STREAMS: 1
  INFERENCE_NUM_THREADS: 16
  PERF_COUNT: NO
  INFERENCE_PRECISION_HINT: bf16
  PERFORMANCE_HINT: LATENCY
  EXECUTION_MODE_HINT: PERFORMANCE
  PERFORMANCE_HINT_NUM_REQUESTS: 0
  ENABLE_CPU_PINNING: YES
  ENABLE_CPU_RESERVATION: NO
  SCHEDULING_CORE_TYPE: ANY_CORE
  MODEL_DISTRIBUTION_POLICY: 
  ENABLE_HYPER_THREADING: NO
  EXECUTION_DEVICES: CPU
  CPU_DENORMALS_OPTIMIZATION: NO
  LOG_LEVEL: LOG_NONE
  CPU_SPARSE_WEIGHTS_DECOMPRESSION_RATE: 1
  ENABLE_TENSOR_PARALLEL: NO
  DYNAMIC_QUANTIZATION_GROUP_SIZE: 32
  KV_CACHE_PRECISION: u8
  KEY_CACHE_PRECISION: u8
  VALUE_CACHE_PRECISION: u8
  KEY_CACHE_GROUP_SIZE: 0
  VALUE_CACHE_GROUP_SIZE: 0
EXECUTION_DEVICES:
 CPU: AMD RYZEN AI MAX+ PRO 395 w/ Radeon 8060S      
Model: Clip Text model
  NETWORK_NAME: Model0
  OPTIMAL_NUMBER_OF_INFER_REQUESTS: 1
  NUM_STREAMS: 1
  INFERENCE_NUM_THREADS: 16
  PERF_COUNT: NO
  INFERENCE_PRECISION_HINT: bf16
  PERFORMANCE_HINT: LATENCY
  EXECUTION_MODE_HINT: PERFORMANCE
  PERFORMANCE_HINT_NUM_REQUESTS: 0
  ENABLE_CPU_PINNING: YES
  ENABLE_CPU_RESERVATION: NO
  SCHEDULING_CORE_TYPE: ANY_CORE
  MODEL_DISTRIBUTION_POLICY: 
  ENABLE_HYPER_THREADING: NO
  EXECUTION_DEVICES: CPU
  CPU_DENORMALS_OPTIMIZATION: NO
  LOG_LEVEL: LOG_NONE
  CPU_SPARSE_WEIGHTS_DECOMPRESSION_RATE: 1
  ENABLE_TENSOR_PARALLEL: NO
  DYNAMIC_QUANTIZATION_GROUP_SIZE: 32
  KV_CACHE_PRECISION: u8
  KEY_CACHE_PRECISION: u8
  VALUE_CACHE_PRECISION: u8
  KEY_CACHE_GROUP_SIZE: 0
  VALUE_CACHE_GROUP_SIZE: 0
EXECUTION_DEVICES:
 CPU: AMD RYZEN AI MAX+ PRO 395 w/ Radeon 8060S      
Model: UNet 2D Condition dynamic model
  NETWORK_NAME: Model3
  OPTIMAL_NUMBER_OF_INFER_REQUESTS: 1
  NUM_STREAMS: 1
  INFERENCE_NUM_THREADS: 16
  PERF_COUNT: NO
  INFERENCE_PRECISION_HINT: bf16
  PERFORMANCE_HINT: LATENCY
  EXECUTION_MODE_HINT: PERFORMANCE
  PERFORMANCE_HINT_NUM_REQUESTS: 0
  ENABLE_CPU_PINNING: YES
  ENABLE_CPU_RESERVATION: NO
  SCHEDULING_CORE_TYPE: ANY_CORE
  MODEL_DISTRIBUTION_POLICY: 
  ENABLE_HYPER_THREADING: NO
  EXECUTION_DEVICES: CPU
  CPU_DENORMALS_OPTIMIZATION: NO
  LOG_LEVEL: LOG_NONE
  CPU_SPARSE_WEIGHTS_DECOMPRESSION_RATE: 1
  ENABLE_TENSOR_PARALLEL: NO
  DYNAMIC_QUANTIZATION_GROUP_SIZE: 32
  KV_CACHE_PRECISION: u8
  KEY_CACHE_PRECISION: u8
  VALUE_CACHE_PRECISION: u8
  KEY_CACHE_GROUP_SIZE: 0
  VALUE_CACHE_GROUP_SIZE: 0
EXECUTION_DEVICES:
 CPU: AMD RYZEN AI MAX+ PRO 395 w/ Radeon 8060S      
Model: Auto encoder KL encoder model
  NETWORK_NAME: Model6
  OPTIMAL_NUMBER_OF_INFER_REQUESTS: 1
  NUM_STREAMS: 1
  INFERENCE_NUM_THREADS: 16
  PERF_COUNT: NO
  INFERENCE_PRECISION_HINT: bf16
  PERFORMANCE_HINT: LATENCY
  EXECUTION_MODE_HINT: PERFORMANCE
  PERFORMANCE_HINT_NUM_REQUESTS: 0
  ENABLE_CPU_PINNING: YES
  ENABLE_CPU_RESERVATION: NO
  SCHEDULING_CORE_TYPE: ANY_CORE
  MODEL_DISTRIBUTION_POLICY: 
  ENABLE_HYPER_THREADING: NO
  EXECUTION_DEVICES: CPU
  CPU_DENORMALS_OPTIMIZATION: NO
  LOG_LEVEL: LOG_NONE
  CPU_SPARSE_WEIGHTS_DECOMPRESSION_RATE: 1
  ENABLE_TENSOR_PARALLEL: NO
  DYNAMIC_QUANTIZATION_GROUP_SIZE: 32
  KV_CACHE_PRECISION: u8
  KEY_CACHE_PRECISION: u8
  VALUE_CACHE_PRECISION: u8
  KEY_CACHE_GROUP_SIZE: 0
  VALUE_CACHE_GROUP_SIZE: 0
EXECUTION_DEVICES:
 CPU: AMD RYZEN AI MAX+ PRO 395 w/ Radeon 8060S      
Model: Auto encoder KL decoder model
  NETWORK_NAME: Model9
  OPTIMAL_NUMBER_OF_INFER_REQUESTS: 1
  NUM_STREAMS: 1
  INFERENCE_NUM_THREADS: 16
  PERF_COUNT: NO
  INFERENCE_PRECISION_HINT: bf16
  PERFORMANCE_HINT: LATENCY
  EXECUTION_MODE_HINT: PERFORMANCE
  PERFORMANCE_HINT_NUM_REQUESTS: 0
  ENABLE_CPU_PINNING: YES
  ENABLE_CPU_RESERVATION: NO
  SCHEDULING_CORE_TYPE: ANY_CORE
  MODEL_DISTRIBUTION_POLICY: 
  ENABLE_HYPER_THREADING: NO
  EXECUTION_DEVICES: CPU
  CPU_DENORMALS_OPTIMIZATION: NO
  LOG_LEVEL: LOG_NONE
  CPU_SPARSE_WEIGHTS_DECOMPRESSION_RATE: 1
  ENABLE_TENSOR_PARALLEL: NO
  DYNAMIC_QUANTIZATION_GROUP_SIZE: 32
  KV_CACHE_PRECISION: u8
  KEY_CACHE_PRECISION: u8
  VALUE_CACHE_PRECISION: u8
  KEY_CACHE_GROUP_SIZE: 0
  VALUE_CACHE_GROUP_SIZE: 0
EXECUTION_DEVICES:
 CPU: AMD RYZEN AI MAX+ PRO 395 w/ Radeon 8060S      
[cell 8 DONE  +    7.8s]
[cell 9 START +    7.8s] ## Prepare inputs | [back to top ⬆️](#Table-of-contents:) |  | The main inpu
[cell 10 START +    7.8s] import openvino as ov | import numpy as np | from PIL import Image |  |  | def i
[cell 10 DONE  +    7.8s]
[cell 11 START +    7.8s] from PIL import Image | from diffusers.utils import load_image |  | init_ima
[cell 11 DONE  +    8.4s]
NBEXEC_RESULT={"ok": false, "n_cells": 12, "n_skipped": 1, "n_substituted": 4, "stopped_after": null, "error_cell": null, "error_type": "CellExecutionError", "error_head": "\u001b[31mValueError\u001b[39m: Incorrect path or URL. URLs must start with `http://` or `https://`, and //huggingface\\.co :https://hf-mirror.com://huggingface.co/datasets/huggingface/documentation-images/resolve/main/diffusers/img2img-init.png is not a valid path.", "duration_s": 8.99, "patch_notes": ["substituted 6 occurrence(s) in cell 2", "substituted 1 occurrence(s) in cell 11", "substituted 1 occurrence(s) in cell 15", "substituted 1 occurrence(s) in cell 18", "skipped cell 19: matched skip pattern"]}
