[cell 0 START +    0.5s] # Hello Image Classification |  | This basic introduction to OpenVINO™ sho
[cell 1 START +    0.5s] # Install required packages | %pip install -q "openvino>=2023.1.0" openc
[cell 1 DONE  +    1.0s]
[cell 2 START +    1.0s] ## Imports | [back to top ⬆️](#Table-of-contents:) | 
[cell 3 START +    1.0s] from pathlib import Path |  | import cv2 | import matplotlib.pyplot as plt | i
[cell 3 DONE  +    1.4s]
[cell 4 START +    1.4s] ## Download the Model and data samples | [back to top ⬆️](#Table-of-cont
[cell 5 START +    1.4s] base_artifacts_dir = Path("./artifacts").expanduser() |  | model_name = "v
[cell 5 DONE  +    1.4s]
[cell 6 START +    1.4s] ## Select inference device | [back to top ⬆️](#Table-of-contents:) |  | sele
[cell 7 START +    1.4s] device = device_widget() |  | device
[cell 7 DONE  +    1.5s]
[cell 8 START +    1.5s] ## Load the Model | [back to top ⬆️](#Table-of-contents:) | 
[cell 9 START +    1.5s] core = ov.Core() | model = core.read_model(model=model_xml_path) | compile
[cell 9 DONE  +    1.6s]
[cell 10 START +    1.6s] ## Load an Image | [back to top ⬆️](#Table-of-contents:) | 
[cell 11 START +    1.6s] # Download the image from the openvino_notebooks storage | image_filenam
[cell 11 DONE  +    1.7s]
[cell 12 START +    1.7s] ## Do Inference | [back to top ⬆️](#Table-of-contents:) | 
[cell 13 START +    1.7s] result_infer = compiled_model([input_image])[output_layer] | result_inde
[cell 13 DONE  +    1.7s]
[cell 14 START +    1.7s] imagenet_filename = Path("data/imagenet_2012.txt") |  | if not imagenet_fi
[cell 14 DONE  +    1.7s]
[cell 15 START +    1.7s] # The model description states that for this model, class 0 is a backg
[cell 15 DONE  +    1.7s]
NBEXEC_RESULT={"ok": true, "n_cells": 9, "n_skipped": 0, "n_substituted": 0, "stopped_after": null, "error_cell": null, "error_type": null, "error_head": null, "duration_s": 1.95, "patch_notes": []}
