[cell 0 START +    0.4s] # OpenVINO™ Model conversion |  | This notebook shows how to convert a mod
[cell 1 START +    0.4s] import requests | from pathlib import Path |  | if not Path("notebook_utils.
[cell 1 DONE  +    7.0s]
[cell 2 START +    7.0s] ## OpenVINO IR format | [back to top ⬆️](#Table-of-contents:) |  | OpenVINO 
[cell 3 START +    7.0s] # OVC CLI tool parameters description |  | ! ovc --help
[cell 3 DONE  +   10.3s]
[cell 4 START +   10.3s] ## Fetching example models | [back to top ⬆️](#Table-of-contents:) |  | This
[cell 5 START +   10.3s] from pathlib import Path |  | # create a directory for models files | MODEL_
[cell 5 DONE  +   10.3s]
[cell 6 START +   10.3s] Fetch [distilbert](https://huggingface.co/distilbert-base-uncased-fine
[cell 7 START +   10.3s] from transformers import AutoModelForSequenceClassification, AutoToken
[cell 7 DONE  +   40.9s]
[cell 8 START +   40.9s] Fetch [Resnet50](https://pytorch.org/vision/stable/models/generated/to
[cell 9 START +   40.9s] from torchvision.models import resnet50, ResNet50_Weights |  | # create mo
[cell 9 DONE  +   41.1s]
[cell 10 START +   41.1s] Convert PyTorch model to ONNX format:
[cell 11 START +   41.1s] import torch | import warnings |  | ONNX_CV_MODEL_PATH = MODEL_DIRECTORY_PAT
[cell 11 DONE  +   42.4s]
[cell 12 START +   42.4s] ## Conversion | [back to top ⬆️](#Table-of-contents:) |  | To convert a mode
[cell 13 START +   42.4s] import openvino as ov |  | # ov.convert_model returns openvino.Model objec
[cell 13 DONE  +   43.2s]
[cell 14 START +   43.2s] ! ovc model/distilbert.onnx --output_model model/distilbert.xml
[cell 14 DONE  +   46.9s]
[cell 15 START +   46.9s] #### Setting Input Shapes | [back to top ⬆️](#Table-of-contents:) |  | Model
[cell 16 START +   46.9s] import openvino as ov |  | ov_model = ov.convert_model(ONNX_NLP_MODEL_PATH
[cell 16 DONE  +   47.6s]
[cell 17 START +   47.6s] ! ovc model/distilbert.onnx --input input_ids[1,128],attention_mask[1,
[cell 17 DONE  +   51.3s]
[cell 18 START +   51.3s] The `input` parameter allows overriding original input shapes if it is
[cell 19 START +   51.3s] import openvino as ov |  | ov_model = ov.convert_model(ONNX_NLP_MODEL_PATH
[cell 19 DONE  +   52.2s]
[cell 20 START +   52.2s] ! ovc model/distilbert.onnx --input "input_ids[1,?],attention_mask[1,?
[cell 20 DONE  +   55.8s]
[cell 21 START +   55.8s] To optimize memory consumption for models with undefined dimensions in
[cell 22 START +   55.8s] import openvino as ov |  | sequence_length_dim = ov.Dimension(10, 128) |  | ov
[cell 22 DONE  +   56.8s]
[cell 23 START +   56.8s] ! ovc model/distilbert.onnx --input input_ids[1,10..128],attention_mas
[cell 23 DONE  +   60.4s]
[cell 24 START +   60.4s] #### Compressing a Model to FP16 | [back to top ⬆️](#Table-of-contents:)
[cell 25 START +   60.4s] import openvino as ov |  | ov_model = ov.convert_model(ONNX_NLP_MODEL_PATH
[cell 25 DONE  +   61.5s]
[cell 26 START +   61.5s] ! ovc model/distilbert.onnx --output_model model/distilbert.xml --comp
[cell 26 DONE  +   65.1s]
[cell 27 START +   65.1s] #### Convert Models from memory | [back to top ⬆️](#Table-of-contents:) | 
[cell 28 START +   65.1s] import openvino as ov | import torch |  | example_input = torch.rand(1, 3, 2
[cell 28 DONE  +   66.5s]
[cell 29 START +   66.5s] import os |  | import openvino as ov | import tensorflow_hub as hub |  | os.envi
[cell 29 DONE  +   81.2s]
[cell 30 START +   81.2s] ## Migration from Legacy conversion API | [back to top ⬆️](#Table-of-con
[cell 31 START +   81.2s] #### Specifying Layout | [back to top ⬆️](#Table-of-contents:) |  | Layout d
[cell 32 START +   81.2s] # Converter API | import openvino as ov |  | ov_model = ov.convert_model(ONN
[cell 32 DONE  +   81.2s]
[cell 33 START +   81.2s] ```python | # Legacy Model Optimizer API | from openvino.tools import mo |  | 
[cell 34 START +   81.2s] #### Changing Model Layout | [back to top ⬆️](#Table-of-contents:) |  | Tran
[cell 35 START +   81.2s] # Converter API | import openvino as ov |  | ov_model = ov.convert_model(ONN
[cell 35 DONE  +   81.3s]
[cell 36 START +   81.3s] # Legacy Model Optimizer API | ```python | from openvino.tools import mo |  | 
[cell 37 START +   81.3s] #### Specifying Mean and Scale Values | [back to top ⬆️](#Table-of-conte
[cell 38 START +   81.3s] # Converter API | import openvino as ov |  | ov_model = ov.convert_model(ONN
[cell 38 DONE  +   81.3s]
[cell 39 START +   81.3s] ```python | # Legacy Model Optimizer API |  | from openvino.tools import mo | 
[cell 40 START +   81.3s] #### Reversing Input Channels | [back to top ⬆️](#Table-of-contents:) |  | S
[cell 41 START +   81.3s] # Converter API | import openvino as ov |  | ov_model = ov.convert_model(ONN
[cell 41 DONE  +   81.4s]
[cell 42 START +   81.4s] ```python | # Legacy Model Optimizer API | from openvino.tools import mo |  | 
[cell 43 START +   81.4s] #### Cutting Off Parts of a Model | [back to top ⬆️](#Table-of-contents:
NBEXEC_RESULT={"ok": true, "n_cells": 22, "n_skipped": 0, "n_substituted": 0, "stopped_after": null, "error_cell": null, "error_type": null, "error_head": null, "duration_s": 83.99, "patch_notes": []}
