[cell 0 START +    0.4s] # Low-Light Image Restoration with DarkIR model using OpenVINO™ |  | [Dark
[cell 1 START +    0.4s] ## Prerequisites | [back to top ⬆️](#Table-of-contents:) |  | Install requir
[cell 2 START +    0.4s] %pip install -q --extra-index-url //huggingface\.co :https://hf-mirror
[cell 2 DONE  +    1.1s]
[cell 3 START +    1.1s] ## Run PyTorch model inference | [back to top ⬆️](#Table-of-contents:)
[cell 4 START +    1.1s] ### Prepare model | [back to top ⬆️](#Table-of-contents:) |  |  | At first, we
[cell 5 START +    1.1s] from cmd_helper import clone_repo |  | clone_repo("//huggingface\.co :http
[cell 5 DONE  +    1.1s]
[cell 6 START +    1.1s] from pathlib import Path | from huggingface_hub import snapshot_download
[cell 6 DONE  +   24.4s]
[cell 7 START +   24.4s] import torch | from archs.DarkIR import DarkIR |  |  | def load_model(model, p
[cell 7 DONE  +   26.2s]
[cell 8 START +   26.2s] ### Prepare data | [back to top ⬆️](#Table-of-contents:) |  |  | To perform lo
[cell 9 START +   26.2s] import cv2 |  | import numpy as np | import torch.nn.functional as F |  |  | def p
[cell 9 DONE  +   26.2s]
[cell 10 START +   26.2s] from pathlib import Path |  | demo_image_path = Path("./DarkIR/assets/qual
[cell 10 DONE  +   26.2s]
[cell 11 START +   26.2s] import matplotlib.pyplot as plt |  | plt.imshow(image) | plt.show()
[cell 11 DONE  +   26.7s]
[cell 12 START +   26.7s] ## Perform inference on image | [back to top ⬆️](#Table-of-contents:)
[cell 13 START +   26.7s] tensor = prepare_input_data(image) |  | with torch.no_grad(): |     output =
[cell 13 DONE  +   29.2s]
[cell 14 START +   29.2s] import matplotlib.pyplot as plt |  | output_img = tune_output(output.cpu()
[cell 14 DONE  +   29.3s]
[cell 15 START +   29.3s] ## Run OpenVINO model | [back to top ⬆️](#Table-of-contents:)
[cell 16 START +   29.3s] import openvino as ov |  | # create OpenVINO core object instance | core = o
[cell 16 DONE  +   29.3s]
[cell 17 START +   29.3s] ### Convert model | [back to top ⬆️](#Table-of-contents:) |  |  | Convert the 
[cell 18 START +   29.3s] ov_model_path = Path("ov_model", "model.xml") |  | if not ov_model_path.ex
[cell 18 DONE  +   32.7s]
[cell 19 START +   32.7s] ### Select inference device | [back to top ⬆️](#Table-of-contents:) |  | Sel
[cell 20 START +   32.7s] from notebook_utils import device_widget |  | device = device_widget(exclu
[cell 20 DONE  +   32.9s]
[cell 21 START +   32.9s] ### Compile model and perform inference on image | [back to top ⬆️](#Tab
[cell 22 START +   32.9s] compiled_model = ov.compile_model(converted_model, device.value)
[cell 22 DONE  +   33.4s]
[cell 23 START +   33.4s] indut_data = [tensor, torch.tensor(0), torch.tensor(0)] |  | ov_res = comp
[cell 23 DONE  +   35.2s]
[cell 24 START +   35.2s] import numpy as np | import matplotlib.pyplot as plt |  | output_img = tune_
[cell 24 DONE  +   35.3s]
[cell 25 START +   35.3s] ### Perform inference on video | [back to top ⬆️](#Table-of-contents:)
[cell 26 START +   35.3s] VIDEO_FILE = "./data/Videos/0066_hunyuan_421.mp4" |  | if not Path(VIDEO_F
[cell 26 DONE  +   41.5s]
[cell 27 START +   41.5s] # Number of seconds of input video to process. Set `NUM_SECONDS` to 0 
[cell 27 DONE  +   41.5s]
[cell 28 START +   41.5s] import time | from IPython.display import ( |     HTML, |     FileLink, |     
[cell 28 DONE  +   41.5s]
[cell 29 START +   41.5s] stacked_frame = process_video(compiled_model, VIDEO_FILE, result_video
[cell 29 DONE  +  117.5s]
[cell 30 START +  117.5s] def display_video(stacked_frame): |     video = Video(result_video_path,
[cell 30 DONE  +  117.5s]
[cell 31 START +  117.5s] display_video(stacked_frame)
[cell 31 DONE  +  117.5s]
[cell 32 START +  117.5s] ## Interactive demo | [back to top ⬆️](#Table-of-contents:)
[cell 33 START +  117.5s] Now, it is your turn! You can provide your own image for low-light ima
[cell 34 START +  117.5s] from PIL import Image |  |  | def process_img(image): |     img = np.array(ima
[cell 34 DONE  +  117.5s]
[cell 35 START +  117.5s] if not Path("gradio_helper.py").exists(): |     r = requests.get(url="ht
NBEXEC_RESULT={"ok": true, "n_cells": 23, "n_skipped": 1, "n_substituted": 2, "stopped_after": null, "error_cell": null, "error_type": null, "error_head": null, "duration_s": 119.07, "patch_notes": ["substituted 4 occurrence(s) in cell 2", "substituted 1 occurrence(s) in cell 5", "skipped cell 35: matched skip pattern"]}
