[cell 0 START +    0.4s] # Florence-2: Open Source Vision Foundation Model |  | Florence-2 is a lig
[cell 1 START +    0.4s] ## Prerequisites | [back to top ⬆️](#Table-of-contents:)
[cell 2 START +    0.4s] %pip install -q "einops" "torch==2.8" "torchvision==0.23.0" "matplotli
[cell 2 DONE  +    7.8s]
[cell 3 START +    7.8s] import requests | from pathlib import Path |  | if not Path("ov_florence2_he
[cell 3 DONE  +    7.9s]
[cell 4 START +    7.9s] ## Select model | [back to top ⬆️](#Table-of-contents:) |  | The Florence-2 
[cell 5 START +    7.9s] from ov_florence2_helper import convert_florence2, get_model_selector | 
[cell 5 DONE  +   10.4s]
[cell 6 START +   10.4s] ## Convert model | [back to top ⬆️](#Table-of-contents:) |  | Florence2 is P
[cell 7 START +   10.4s] model_id = model_selector.value | model_path = Path(model_id.split("/")[
[cell 7 DONE  +   10.4s]
[cell 8 START +   10.4s] convert_florence2(model_id, model_path)
[cell 8 DONE  +  117.1s]
[cell 9 START +  117.1s] ## Select inference device | [back to top ⬆️](#Table-of-contents:)
[cell 10 START +  117.1s] from notebook_utils import device_widget |  | device = device_widget(exclu
[cell 10 DONE  +  117.3s]
[cell 11 START +  117.3s] ## Run model inference | [back to top ⬆️](#Table-of-contents:) |  | `OvFlore
[cell 12 START +  117.3s] from ov_florence2_helper import OVFlorence2Model |  | # Uncomment the line
[cell 12 DONE  +  117.3s]
[cell 13 START +  117.3s] model = OVFlorence2Model(model_path, device.value)
[cell 13 DONE  +  118.0s]
[cell 14 START +  118.0s] Additionally, for model usage we also need `Processor` class, that dis
[cell 15 START +  118.0s] import requests | from PIL import Image |  | from transformers import AutoPr
[cell 15 DONE  +  388.2s]
NBEXEC_RESULT={"ok": false, "n_cells": 12, "n_skipped": 0, "n_substituted": 0, "stopped_after": null, "error_cell": null, "error_type": "CellExecutionError", "error_head": "\u001b[31mConnectTimeout\u001b[39m: HTTPSConnectionPool(host='huggingface.co', port=443): Max retries exceeded with url: /datasets/huggingface/documentation-images/resolve/main/transformers/tasks/car.jpg?download=true (Caused by ConnectTimeoutError(<HTTPSConnection(host='huggingface.co', port=443) at 0x7f46420731a0>, 'Connection to huggingface.co timed out. (connect timeout=None)'))", "duration_s": 391.03, "patch_notes": []}
