Traceback (most recent call last):
  File "/workspace/.venv-gpu/lib/python3.12/site-packages/diffusers/utils/import_utils.py", line 953, in _get_module
    return importlib.import_module("." + module_name, self.__name__)
           ^^^^^^^^^^^^^^^^^^^^^^^^^^^^^^^^^^^^^^^^^^^^^^^^^^^^^^^^^
  File "/usr/lib/python3.12/importlib/__init__.py", line 90, in import_module
    return _bootstrap._gcd_import(name[level:], package, level)
           ^^^^^^^^^^^^^^^^^^^^^^^^^^^^^^^^^^^^^^^^^^^^^^^^^^^^
  File "<frozen importlib._bootstrap>", line 1387, in _gcd_import
  File "<frozen importlib._bootstrap>", line 1360, in _find_and_load
  File "<frozen importlib._bootstrap>", line 1331, in _find_and_load_unlocked
  File "<frozen importlib._bootstrap>", line 935, in _load_unlocked
  File "<frozen importlib._bootstrap_external>", line 995, in exec_module
  File "<frozen importlib._bootstrap>", line 488, in _call_with_frames_removed
  File "/workspace/.venv-gpu/lib/python3.12/site-packages/diffusers/pipelines/aura_flow/pipeline_aura_flow.py", line 35, in <module>
    from ..pipeline_utils import DiffusionPipeline, ImagePipelineOutput
  File "/workspace/.venv-gpu/lib/python3.12/site-packages/diffusers/pipelines/pipeline_utils.py", line 76, in <module>
    from .pipeline_loading_utils import (
  File "/workspace/.venv-gpu/lib/python3.12/site-packages/diffusers/pipelines/pipeline_loading_utils.py", line 51, in <module>
    from transformers.utils import FLAX_WEIGHTS_NAME as TRANSFORMERS_FLAX_WEIGHTS_NAME
ImportError: cannot import name 'FLAX_WEIGHTS_NAME' from 'transformers.utils' (/workspace/.venv-gpu/lib/python3.12/site-packages/transformers/utils/__init__.py). Did you mean: 'SAFE_WEIGHTS_NAME'?

The above exception was the direct cause of the following exception:

Traceback (most recent call last):
  File "/workspace/.venv-gpu/lib/python3.12/site-packages/diffusers/utils/import_utils.py", line 953, in _get_module
    return importlib.import_module("." + module_name, self.__name__)
           ^^^^^^^^^^^^^^^^^^^^^^^^^^^^^^^^^^^^^^^^^^^^^^^^^^^^^^^^^
  File "/usr/lib/python3.12/importlib/__init__.py", line 90, in import_module
    return _bootstrap._gcd_import(name[level:], package, level)
           ^^^^^^^^^^^^^^^^^^^^^^^^^^^^^^^^^^^^^^^^^^^^^^^^^^^^
  File "<frozen importlib._bootstrap>", line 1387, in _gcd_import
  File "<frozen importlib._bootstrap>", line 1360, in _find_and_load
  File "<frozen importlib._bootstrap>", line 1331, in _find_and_load_unlocked
  File "<frozen importlib._bootstrap>", line 935, in _load_unlocked
  File "<frozen importlib._bootstrap_external>", line 995, in exec_module
  File "<frozen importlib._bootstrap>", line 488, in _call_with_frames_removed
  File "/workspace/.venv-gpu/lib/python3.12/site-packages/diffusers/pipelines/auto_pipeline.py", line 23, in <module>
    from .aura_flow import AuraFlowPipeline
  File "<frozen importlib._bootstrap>", line 1412, in _handle_fromlist
  File "/workspace/.venv-gpu/lib/python3.12/site-packages/diffusers/utils/import_utils.py", line 943, in __getattr__
    module = self._get_module(self._class_to_module[name])
             ^^^^^^^^^^^^^^^^^^^^^^^^^^^^^^^^^^^^^^^^^^^^^
  File "/workspace/.venv-gpu/lib/python3.12/site-packages/diffusers/utils/import_utils.py", line 955, in _get_module
    raise RuntimeError(
RuntimeError: Failed to import diffusers.pipelines.aura_flow.pipeline_aura_flow because of the following error (look up to see its traceback):
cannot import name 'FLAX_WEIGHTS_NAME' from 'transformers.utils' (/workspace/.venv-gpu/lib/python3.12/site-packages/transformers/utils/__init__.py)

The above exception was the direct cause of the following exception:

Traceback (most recent call last):
  File "/workspace/workloads/z-image-turbo/rocm/run.py", line 88, in <module>
    raise SystemExit(main())
                     ^^^^^^
  File "/workspace/workloads/z-image-turbo/rocm/run.py", line 33, in main
    from diffusers import AutoPipelineForText2Image
  File "<frozen importlib._bootstrap>", line 1412, in _handle_fromlist
  File "/workspace/.venv-gpu/lib/python3.12/site-packages/diffusers/utils/import_utils.py", line 944, in __getattr__
    value = getattr(module, name)
            ^^^^^^^^^^^^^^^^^^^^^
  File "/workspace/.venv-gpu/lib/python3.12/site-packages/diffusers/utils/import_utils.py", line 943, in __getattr__
    module = self._get_module(self._class_to_module[name])
             ^^^^^^^^^^^^^^^^^^^^^^^^^^^^^^^^^^^^^^^^^^^^^
  File "/workspace/.venv-gpu/lib/python3.12/site-packages/diffusers/utils/import_utils.py", line 955, in _get_module
    raise RuntimeError(
RuntimeError: Failed to import diffusers.pipelines.auto_pipeline because of the following error (look up to see its traceback):
Failed to import diffusers.pipelines.aura_flow.pipeline_aura_flow because of the following error (look up to see its traceback):
cannot import name 'FLAX_WEIGHTS_NAME' from 'transformers.utils' (/workspace/.venv-gpu/lib/python3.12/site-packages/transformers/utils/__init__.py)
