[IPKernelApp] WARNING | Kernel is running over TCP without encryption. All communication (including code and outputs) is sent in plain text and is susceptible to eavesdropping. Use IPC transport or launch with kernel manager-provisioned CurveZMQ keys to enable transport encryption.
[31mERROR: pip's dependency resolver does not currently take into account all the packages that are installed. This behaviour is the source of the following dependency conflicts.
ace-step 0.2.0 requires diffusers>=0.33.0, but you have diffusers 0.29.0 which is incompatible.
ace-step 0.2.0 requires librosa==0.11.0, but you have librosa 0.9.1 which is incompatible.
ace-step 0.2.0 requires loguru==0.7.3, but you have loguru 0.7.2 which is incompatible.
ace-step 0.2.0 requires num2words==0.5.14, but you have num2words 0.5.12 which is incompatible.
ace-step 0.2.0 requires pypinyin==0.53.0, but you have pypinyin 0.50.0 which is incompatible.
ace-step 0.2.0 requires soundfile==0.13.1, but you have soundfile 0.12.1 which is incompatible.
ace-step 0.2.0 requires transformers==4.50.0, but you have transformers 4.53.3 which is incompatible.
gruut 2.2.3 requires numpy<2.0.0,>=1.19.0, but you have numpy 2.2.6 which is incompatible.
torchaudio 2.10.0+cpu requires torch==2.10.0, but you have torch 2.9.0+cpu which is incompatible.
torchvision 0.25.0+cpu requires torch==2.10.0, but you have torch 2.9.0+cpu which is incompatible.
gradio 5.31.0 requires pydantic<2.12,>=2.0, but you have pydantic 2.13.5 which is incompatible.
optimum-intel 2.3.0.dev0 requires openvino>=2026.0, but you have openvino 2025.3.0 which is incompatible.
openvino-tokenizers 2026.5.0.0.dev20261005 requires openvino~=2026.5.0.dev, but you have openvino 2025.3.0 which is incompatible.[0m[31m
[0m/home/amd/Desktop/OpenVINO-Notebooks-on-AMD/.venvs/cpu/61f5a7307753eddf/lib/python3.12/site-packages/openvino/runtime/__init__.py:10: DeprecationWarning: The `openvino.runtime` module is deprecated and will be removed in the 2026.0 release. Please replace `openvino.runtime` with `openvino`.
  warnings.warn(
/home/amd/Desktop/OpenVINO-Notebooks-on-AMD/results/pointpillars/workdir-cpu/openvino_contrib/modules/3d/pointPillars/ov_extensions/postprocessing_op.cpp: In member function ‘virtual bool ov::custom_ops::PostProcessingOp::evaluate(ov::TensorVector&, const ov::TensorVector&) const’:
/home/amd/Desktop/OpenVINO-Notebooks-on-AMD/results/pointpillars/workdir-cpu/openvino_contrib/modules/3d/pointPillars/ov_extensions/postprocessing_op.cpp:175:51: warning: ‘T* ov::Tensor::data() const [with T = float; datatype = float]’ is deprecated: This function will return const T* in 2026.0. Check if used correctly [-Wdeprecated-declarations]
  175 |     const float* cls_data = cls_tensor.data<float>();
      |                             ~~~~~~~~~~~~~~~~~~~~~~^~
In file included from /home/amd/Desktop/OpenVINO-Notebooks-on-AMD/.venvs/cpu/61f5a7307753eddf/lib/python3.12/site-packages/openvino/include/openvino/core/descriptor/tensor.hpp:19,
                 from /home/amd/Desktop/OpenVINO-Notebooks-on-AMD/.venvs/cpu/61f5a7307753eddf/lib/python3.12/site-packages/openvino/include/openvino/core/descriptor/input.hpp:11,
                 from /home/amd/Desktop/OpenVINO-Notebooks-on-AMD/.venvs/cpu/61f5a7307753eddf/lib/python3.12/site-packages/openvino/include/openvino/core/node.hpp:24,
                 from /home/amd/Desktop/OpenVINO-Notebooks-on-AMD/.venvs/cpu/61f5a7307753eddf/lib/python3.12/site-packages/openvino/include/openvino/op/op.hpp:9,
                 from /home/amd/Desktop/OpenVINO-Notebooks-on-AMD/results/pointpillars/workdir-cpu/openvino_contrib/modules/3d/pointPillars/ov_extensions/postprocessing_op.hpp:3,
                 from /home/amd/Desktop/OpenVINO-Notebooks-on-AMD/results/pointpillars/workdir-cpu/openvino_contrib/modules/3d/pointPillars/ov_extensions/postprocessing_op.cpp:1:
/home/amd/Desktop/OpenVINO-Notebooks-on-AMD/.venvs/cpu/61f5a7307753eddf/lib/python3.12/site-packages/openvino/include/openvino/runtime/tensor.hpp:258:8: note: declared here
  258 |     T* data() const {
      |        ^~~~
/home/amd/Desktop/OpenVINO-Notebooks-on-AMD/results/pointpillars/workdir-cpu/openvino_contrib/modules/3d/pointPillars/ov_extensions/postprocessing_op.cpp:176:53: warning: ‘T* ov::Tensor::data() const [with T = float; datatype = float]’ is deprecated: This function will return const T* in 2026.0. Check if used correctly [-Wdeprecated-declarations]
  176 |     const float* bbox_data = bbox_tensor.data<float>();
      |                              ~~~~~~~~~~~~~~~~~~~~~~~^~
/home/amd/Desktop/OpenVINO-Notebooks-on-AMD/.venvs/cpu/61f5a7307753eddf/lib/python3.12/site-packages/openvino/include/openvino/runtime/tensor.hpp:258:8: note: declared here
  258 |     T* data() const {
      |        ^~~~
/home/amd/Desktop/OpenVINO-Notebooks-on-AMD/results/pointpillars/workdir-cpu/openvino_contrib/modules/3d/pointPillars/ov_extensions/postprocessing_op.cpp:177:51: warning: ‘T* ov::Tensor::data() const [with T = float; datatype = float]’ is deprecated: This function will return const T* in 2026.0. Check if used correctly [-Wdeprecated-declarations]
  177 |     const float* dir_data = dir_tensor.data<float>();
      |                             ~~~~~~~~~~~~~~~~~~~~~~^~
/home/amd/Desktop/OpenVINO-Notebooks-on-AMD/.venvs/cpu/61f5a7307753eddf/lib/python3.12/site-packages/openvino/include/openvino/runtime/tensor.hpp:258:8: note: declared here
  258 |     T* data() const {
      |        ^~~~
/home/amd/Desktop/OpenVINO-Notebooks-on-AMD/results/pointpillars/workdir-cpu/openvino_contrib/modules/3d/pointPillars/ov_extensions/voxelization_op.cpp: In member function ‘virtual bool ov::custom_ops::VoxelizationOp::evaluate(ov::TensorVector&, const ov::TensorVector&) const’:
/home/amd/Desktop/OpenVINO-Notebooks-on-AMD/results/pointpillars/workdir-cpu/openvino_contrib/modules/3d/pointPillars/ov_extensions/voxelization_op.cpp:81:57: warning: ‘T* ov::Tensor::data() const [with T = float; datatype = float]’ is deprecated: This function will return const T* in 2026.0. Check if used correctly [-Wdeprecated-declarations]
   81 |     const float* points_data = points_tensor.data<float>();
      |                                ~~~~~~~~~~~~~~~~~~~~~~~~~^~
In file included from /home/amd/Desktop/OpenVINO-Notebooks-on-AMD/.venvs/cpu/61f5a7307753eddf/lib/python3.12/site-packages/openvino/include/openvino/core/descriptor/tensor.hpp:19,
                 from /home/amd/Desktop/OpenVINO-Notebooks-on-AMD/.venvs/cpu/61f5a7307753eddf/lib/python3.12/site-packages/openvino/include/openvino/core/descriptor/input.hpp:11,
                 from /home/amd/Desktop/OpenVINO-Notebooks-on-AMD/.venvs/cpu/61f5a7307753eddf/lib/python3.12/site-packages/openvino/include/openvino/core/node.hpp:24,
                 from /home/amd/Desktop/OpenVINO-Notebooks-on-AMD/.venvs/cpu/61f5a7307753eddf/lib/python3.12/site-packages/openvino/include/openvino/op/op.hpp:9,
                 from /home/amd/Desktop/OpenVINO-Notebooks-on-AMD/results/pointpillars/workdir-cpu/openvino_contrib/modules/3d/pointPillars/ov_extensions/voxelization_op.hpp:4,
                 from /home/amd/Desktop/OpenVINO-Notebooks-on-AMD/results/pointpillars/workdir-cpu/openvino_contrib/modules/3d/pointPillars/ov_extensions/voxelization_op.cpp:3:
/home/amd/Desktop/OpenVINO-Notebooks-on-AMD/.venvs/cpu/61f5a7307753eddf/lib/python3.12/site-packages/openvino/include/openvino/runtime/tensor.hpp:258:8: note: declared here
  258 |     T* data() const {
      |        ^~~~
/home/amd/Desktop/OpenVINO-Notebooks-on-AMD/.venvs/cpu/61f5a7307753eddf/lib/python3.12/site-packages/openvino/runtime/__init__.py:10: DeprecationWarning: The `openvino.runtime` module is deprecated and will be removed in the 2026.0 release. Please replace `openvino.runtime` with `openvino`.
  warnings.warn(
/home/amd/Desktop/OpenVINO-Notebooks-on-AMD/.venvs/cpu/61f5a7307753eddf/lib/python3.12/site-packages/openvino/runtime/__init__.py:10: DeprecationWarning: The `openvino.runtime` module is deprecated and will be removed in the 2026.0 release. Please replace `openvino.runtime` with `openvino`.
  warnings.warn(
/home/amd/Desktop/OpenVINO-Notebooks-on-AMD/.venvs/cpu/61f5a7307753eddf/lib/python3.12/site-packages/openvino/runtime/__init__.py:10: DeprecationWarning: The `openvino.runtime` module is deprecated and will be removed in the 2026.0 release. Please replace `openvino.runtime` with `openvino`.
  warnings.warn(
