[IPKernelApp] WARNING | Kernel is running over TCP without encryption. All communication (including code and outputs) is sent in plain text and is susceptible to eavesdropping. Use IPC transport or launch with kernel manager-provisioned CurveZMQ keys to enable transport encryption.
ith(([33m"http"[39m, [33m"https"[39m)):
[32m      6[39m         [38;5;28;01mimport[39;00m requests
[32m      7[39m 
[32m----> [39m[32m8[39m         response = requests.get(path_or_url)
[32m      9[39m         [38;5;28;01mif[39;00m response.status_code != [32m200[39m [38;5;28;01mor[39;00m [38;5;28;01mnot[39;00m response.content:
[32m     10[39m             [38;5;28;01mraise[39;00m FileNotFoundError(f"Could not retrieve image from URL: {path_or_url}")
[32m     11[39m         [38;5;28;01mtry[39;00m:

[36mFile [39m[32m/workspace/.venvs/cpu/68238909408dc049/lib/python3.12/site-packages/requests/api.py:87[39m, in [36mget[39m[34m(url, params, **kwargs)[39m
[32m     74[39m [38;5;28;01mdef[39;00m[38;5;250m [39m[34mget[39m(
[32m     75[39m     url: _t.UriType, params: _t.ParamsType = [38;5;28;01mNone[39;00m, **kwargs: Unpack[_t.GetKwargs]
[32m     76[39m ) -> Response:
[32m     77[39m [38;5;250m    [39m[33mr[39m[33;03m"""Sends a GET request.[39;00m
[32m     78[39m 
[32m     79[39m [33;03m    :param url: URL for the new :class:`Request` object.[39;00m
[32m   (...)[39m[32m     84[39m [33;03m    :rtype: requests.Response[39;00m
[32m     85[39m [33;03m    """[39;00m
[32m---> [39m[32m87[39m     [38;5;28;01mreturn[39;00m [30;43mrequest[39;49m[30;43m([39;49m[30;43m"[39;49m[30;43mget[39;49m[30;43m"[39;49m[30;43m,[39;49m[30;43m [39;49m[30;43murl[39;49m[30;43m,[39;49m[30;43m [39;49m[30;43mparams[39;49m[30;43m=[39;49m[30;43mparams[39;49m[30;43m,[39;49m[30;43m [39;49m[30;43m*[39;49m[30;43m*[39;49m[30;43mkwargs[39;49m[30;43m)[39;49m

[36mFile [39m[32m/workspace/.venvs/cpu/68238909408dc049/lib/python3.12/site-packages/requests/api.py:71[39m, in [36mrequest[39m[34m(method, url, **kwargs)[39m
[32m     67[39m [38;5;66;03m# By using the 'with' statement we are sure the session is closed, thus we[39;00m
[32m     68[39m [38;5;66;03m# avoid leaving sockets open which can trigger a ResourceWarning in some[39;00m
[32m     69[39m [38;5;66;03m# cases, and look like a memory leak in others.[39;00m
[32m     70[39m [38;5;28;01mwith[39;00m sessions.Session() [38;5;28;01mas[39;00m session:
[32m---> [39m[32m71[39m     [38;5;28;01mreturn[39;00m [30;43msession[39;49m[30;43m.[39;49m[30;43mrequest[39;49m[30;43m([39;49m[30;43mmethod[39;49m[30;43m=[39;49m[30;43mmethod[39;49m[30;43m,[39;49m[30;43m [39;49m[30;43murl[39;49m[30;43m=[39;49m[30;43murl[39;49m[30;43m,[39;49m[30;43m [39;49m[30;43m*[39;49m[30;43m*[39;49m[30;43mkwargs[39;49m[30;43m)[39;49m

[36mFile [39m[32m/workspace/.venvs/cpu/68238909408dc049/lib/python3.12/site-packages/requests/sessions.py:651[39m, in [36mSession.request[39m[34m(self, method, url, params, data, headers, cookies, files, auth, timeout, allow_redirects, proxies, hooks, stream, verify, cert, json)[39m
[32m    646[39m send_kwargs = {
[32m    647[39m     [33m"[39m[33mtimeout[39m[33m"[39m: timeout,
[32m    648[39m     [33m"[39m[33mallow_redirects[39m[33m"[39m: allow_redirects,
[32m    649[39m }
[32m    650[39m send_kwargs.update(settings)
[32m--> [39m[32m651[39m resp = [30;43mself[39;49m[30;43m.[39;49m[30;43msend[39;49m[30;43m([39;49m[30;43mprep[39;49m[30;43m,[39;49m[30;43m [39;49m[30;43m*[39;49m[30;43m*[39;49m[30;43msend_kwargs[39;49m[30;43m)[39;49m
[32m    653[39m [38;5;28;01mreturn[39;00m resp

[36mFile [39m[32m/workspace/.venvs/cpu/68238909408dc049/lib/python3.12/site-packages/requests/sessions.py:805[39m, in [36mSession.send[39m[34m(self, request, **kwargs)[39m
[32m    802[39m [38;5;28;01mif[39;00m allow_redirects:
[32m    803[39m     [38;5;66;03m# Redirect resolving generator.[39;00m
[32m    804[39m     gen = [38;5;28mself[39m.resolve_redirects(r, request, **kwargs)
[32m--> [39m[32m805[39m     history = [30;43m[[39;49m[30;43mresp[39;49m[30;43m [39;49m[30;43;01mfor[39;49;00m[30;43m [39;49m[30;43mresp[39;49m[30;43m [39;49m[30;43;01min[39;49;00m[30;43m [39;49m[30;43mgen[39;49m[30;43m][39;49m
[32m    806[39m [38;5;28;01melse[39;00m:
[32m    807[39m     history = []

[36mFile [39m[32m/workspace/.venvs/cpu/68238909408dc049/lib/python3.12/site-packages/requests/sessions.py:292[39m, in [36mSessionRedirectMixin.resolve_redirects[39m[34m(self, resp, req, stream, timeout, verify, cert, proxies, yield_requests, **adapter_kwargs)[39m
[32m    290[39m     [38;5;28;01myield[39;00m req  [38;5;66;03m# type: ignore[misc]  # Internal use only, returns PreparedRequest[39;00m
[32m    291[39m [38;5;28;01melse[39;00m:
[32m--> [39m[32m292[39m     resp = [30;43mself[39;49m[30;43m.[39;49m[30;43msend[39;49m[30;43m([39;49m
[32m    293[39m [30;43m        [39;49m[30;43mreq[39;49m[30;43m,[39;49m
[32m    294[39m [30;43m        [39;49m[30;43mstream[39;49m[30;43m=[39;49m[30;43mstream[39;49m[30;43m,[39;49m
[32m    295[39m [30;43m        [39;49m[30;43mtimeout[39;49m[30;43m=[39;49m[30;43mtimeout[39;49m[30;43m,[39;49m
[32m    296[39m [30;43m        [39;49m[30;43mverify[39;49m[30;43m=[39;49m[30;43mverify[39;49m[30;43m,[39;49m
[32m    297[39m [30;43m        [39;49m[30;43mcert[39;49m[30;43m=[39;49m[30;43mcert[39;49m[30;43m,[39;49m
[32m    298[39m [30;43m        [39;49m[30;43mproxies[39;49m[30;43m=[39;49m[30;43mproxies[39;49m[30;43m,[39;49m
[32m    299[39m [30;43m        [39;49m[30;43mallow_redirects[39;49m[30;43m=[39;49m[30;43;01mFalse[39;49;00m[30;43m,[39;49m
[32m    300[39m [30;43m        [39;49m[30;43m*[39;49m[30;43m*[39;49m[30;43madapter_kwargs[39;49m[30;43m,[39;49m
[32m    301[39m [30;43m    [39;49m[30;43m)[39;49m
[32m    303[39m     extract_cookies_to_jar([38;5;28mself[39m.cookies, prepared_request, resp.raw)
[32m    305[39m     [38;5;66;03m# extract redirect url, if any, for the next loop[39;00m

[36mFile [39m[32m/workspace/.venvs/cpu/68238909408dc049/lib/python3.12/site-packages/requests/sessions.py:784[39m, in [36mSession.send[39m[34m(self, request, **kwargs)[39m
[32m    781[39m start = preferred_clock()
[32m    783[39m [38;5;66;03m# Send the request[39;00m
[32m--> [39m[32m784[39m r = [30;43madapter[39;49m[30;43m.[39;49m[30;43msend[39;49m[30;43m([39;49m[30;43mrequest[39;49m[30;43m,[39;49m[30;43m [39;49m[30;43m*[39;49m[30;43m*[39;49m[30;43mkwargs[39;49m[30;43m)[39;49m
[32m    786[39m [38;5;66;03m# Total elapsed time of the request (approximately)[39;00m
[32m    787[39m elapsed = preferred_clock() - start

[36mFile [39m[32m/workspace/.venvs/cpu/68238909408dc049/lib/python3.12/site-packages/requests/adapters.py:723[39m, in [36mHTTPAdapter.send[39m[34m(self, request, stream, timeout, verify, cert, proxies)[39m
[32m    720[39m     [38;5;28;01mraise[39;00m RetryError(e, request=request)
[32m    722[39m [38;5;28;01mif[39;00m [38;5;28misinstance[39m(e.reason, _ProxyError):
[32m--> [39m[32m723[39m     [38;5;28;01mraise[39;00m ProxyError(e, request=request)
[32m    725[39m [38;5;28;01mif[39;00m [38;5;28misinstance[39m(e.reason, _SSLError):
[32m    726[39m     [38;5;66;03m# This branch is for urllib3 v1.22 and later.[39;00m
[32m    727[39m     [38;5;28;01mraise[39;00m SSLError(e, request=request)

[31mProxyError[39m: HTTPSConnectionPool(host='github-production-user-asset-6210df.s3.amazonaws.com', port=443): Max retries exceeded with url: /29454499/319483352-d5fbbd1a-d484-415c-88cb-9986625b7b11.jpg?X-Amz-Algorithm=AWS4-HMAC-SHA256&X-Amz-Credential=AKIAVCODYLSA53PQK4ZA%2F20261007%2Fus-east-1%2Fs3%2Faws4_request&X-Amz-Date=20261007T194422Z&X-Amz-Expires=300&X-Amz-Signature=365b07b64818c32cfe9bdc2e2aa9efe4a0ebad63f139c27b93d64c15625fe23b&X-Amz-SignedHeaders=host&response-content-type=image%2Fjpeg (Caused by ProxyError('Unable to connect to proxy', OSError('Tunnel connection failed: 403 Forbidden')))

