/workspace/.venv-gpu/lib/python3.12/site-packages/transformers/utils/hub.py:111: FutureWarning: Using `TRANSFORMERS_CACHE` is deprecated and will be removed in v5 of Transformers. Use `HF_HOME` instead.
  warnings.warn(
/workspace/.venv-gpu/lib/python3.12/site-packages/transformers/loss/loss_for_object_detection.py:28: UserWarning: A NumPy version >=1.23.5 and <2.3.0 is required for this version of SciPy (detected version 2.5.3)
  from scipy.optimize import linear_sum_assignment
Traceback (most recent call last):
  File "/workspace/workloads/whisper-asr-genai/rocm/run.py", line 81, in <module>
    raise SystemExit(main())
                     ^^^^^^
  File "/workspace/workloads/whisper-asr-genai/rocm/run.py", line 44, in main
    audio, sr = librosa.load(str(wav), sr=16000)
                ^^^^^^^^^^^^
  File "/opt/venv/lib/python3.12/site-packages/lazy_loader/__init__.py", line 79, in __getattr__
    attr = getattr(submod, name)
           ^^^^^^^^^^^^^^^^^^^^^
  File "/opt/venv/lib/python3.12/site-packages/lazy_loader/__init__.py", line 78, in __getattr__
    submod = importlib.import_module(submod_path)
             ^^^^^^^^^^^^^^^^^^^^^^^^^^^^^^^^^^^^
  File "/usr/lib/python3.12/importlib/__init__.py", line 90, in import_module
    return _bootstrap._gcd_import(name[level:], package, level)
           ^^^^^^^^^^^^^^^^^^^^^^^^^^^^^^^^^^^^^^^^^^^^^^^^^^^^
  File "<frozen importlib._bootstrap>", line 1387, in _gcd_import
  File "<frozen importlib._bootstrap>", line 1360, in _find_and_load
  File "<frozen importlib._bootstrap>", line 1331, in _find_and_load_unlocked
  File "<frozen importlib._bootstrap>", line 935, in _load_unlocked
  File "<frozen importlib._bootstrap_external>", line 995, in exec_module
  File "<frozen importlib._bootstrap>", line 488, in _call_with_frames_removed
  File "/opt/venv/lib/python3.12/site-packages/librosa/core/audio.py", line 18, in <module>
    from numba import jit, stencil, guvectorize
  File "/opt/venv/lib/python3.12/site-packages/numba/__init__.py", line 59, in <module>
    _ensure_critical_deps()
  File "/opt/venv/lib/python3.12/site-packages/numba/__init__.py", line 45, in _ensure_critical_deps
    raise ImportError(msg)
ImportError: Numba needs NumPy 2.2 or less. Got NumPy 2.5.
