[cell 0 START +    0.4s] # Music generation using ACE Step and OpenVINO |  | [ACE-Step](https://ace
[cell 1 START +    0.4s] ## Prerequisites | [back to top ⬆️](#Table-of-contents:) |  | **Note:** FFmp
[cell 2 START +    0.4s] import requests | from pathlib import Path |  | if not Path("ov_ace_helper.p
Collecting gradio>=4.19
  Using cached gradio-6.29.1-py3-none-any.whl.metadata (16 kB)
Requirement already satisfied: anyio<5.0,>=3.0 in /home/amd/Desktop/OpenVINO-Notebooks-on-AMD/.venvs/cpu/0e02466db943f1d6/lib/python3.12/site-packages (from gradio>=4.19) (4.15.1)
Collecting brotli>=1.1.0 (from gradio>=4.19)
  Using cached brotli-1.2.0-cp312-cp312-manylinux2014_x86_64.manylinux_2_17_x86_64.whl.metadata (6.1 kB)
Collecting fastapi<1.0,>=0.115.2 (from gradio>=4.19)
  Using cached fastapi-0.142.2-py3-none-any.whl.metadata (27 kB)
Collecting gradio-client==2.7.2 (from gradio>=4.19)
  Using cached gradio_client-2.7.2-py3-none-any.whl.metadata (7.1 kB)
Collecting groovy~=0.1 (from gradio>=4.19)
  Using cached groovy-0.1.2-py3-none-any.whl.metadata (6.1 kB)
Collecting hf-gradio<1.0,>=0.4.1 (from gradio>=4.19)
  Using cached hf_gradio-0.4.1-py3-none-any.whl.metadata (428 bytes)
Requirement already satisfied: httpx<1.0,>=0.24.1 in /home/amd/Desktop/OpenVINO-Notebooks-on-AMD/.venvs/cpu/0e02466db943f1d6/lib/python3.12/site-packages (from gradio>=4.19) (0.28.1)
Requirement already satisfied: huggingface-hub<3.0,>=1.16.0 in /home/amd/Desktop/OpenVINO-Notebooks-on-AMD/.venvs/cpu/0e02466db943f1d6/lib/python3.12/site-packages (from gradio>=4.19) (1.33.0)
Collecting jinja2<4.0 (from gradio>=4.19)
  Using cached jinja2-3.1.6-py3-none-any.whl.metadata (2.9 kB)
Collecting markupsafe<4.0,>=2.0 (from gradio>=4.19)
  Using cached markupsafe-3.0.4-cp312-cp312-manylinux2014_x86_64.manylinux_2_17_x86_64.manylinux_2_28_x86_64.whl.metadata (2.7 kB)
Requirement already satisfied: numpy<3.0,>=1.0 in /home/amd/Desktop/OpenVINO-Notebooks-on-AMD/.venvs/cpu/0e02466db943f1d6/lib/python3.12/site-packages (from gradio>=4.19) (2.5.3)
Collecting orjson~=3.0 (from gradio>=4.19)
  Using cached orjson-3.12.0-cp312-cp312-manylinux_2_17_x86_64.manylinux2014_x86_64.whl.metadata (41 kB)
Requirement already satisfied: packaging in /home/amd/Desktop/OpenVINO-Notebooks-on-AMD/.venvs/cpu/0e02466db943f1d6/lib/python3.12/site-packages (from gradio>=4.19) (26.3)
Collecting pandas<4.0,>=1.0 (from gradio>=4.19)
  Using cached pandas-3.0.6-cp312-cp312-manylinux_2_24_x86_64.manylinux_2_28_x86_64.whl.metadata (79 kB)
Requirement already satisfied: pillow<13.0,>=8.0 in /home/amd/Desktop/OpenVINO-Notebooks-on-AMD/.venvs/cpu/0e02466db943f1d6/lib/python3.12/site-packages (from gradio>=4.19) (12.3.0)
Collecting pydantic<=3.0,>=2.0 (from gradio>=4.19)
  Using cached pydantic-2.13.5-py3-none-any.whl.metadata (110 kB)
Collecting pydub<1.0 (from gradio>=4.19)
  Using cached pydub-0.25.1-py2.py3-none-any.whl.metadata (1.4 kB)
Collecting python-multipart<1.0,>=0.0.18 (from gradio>=4.19)
  Using cached python_multipart-0.0.32-py3-none-any.whl.metadata (2.1 kB)
Collecting pytz>=2017.2 (from gradio>=4.19)
  Using cached pytz-2026.5-py2.py3-none-any.whl.metadata (22 kB)
Requirement already satisfied: pyyaml<7.0,>=5.0 in /home/amd/Desktop/OpenVINO-Notebooks-on-AMD/.venvs/cpu/0e02466db943f1d6/lib/python3.12/site-packages (from gradio>=4.19) (6.0.3)
Collecting safehttpx<0.2.0,>=0.1.7 (from gradio>=4.19)
  Using cached safehttpx-0.1.7-py3-none-any.whl.metadata (4.2 kB)
Collecting semantic-version~=2.0 (from gradio>=4.19)
  Using cached semantic_version-2.10.0-py2.py3-none-any.whl.metadata (9.7 kB)
Collecting starlette<2.0,>=1.0.1 (from gradio>=4.19)
  Using cached starlette-1.7.0-py3-none-any.whl.metadata (6.6 kB)
Collecting tomlkit<0.15.0,>=0.12.0 (from gradio>=4.19)
  Using cached tomlkit-0.14.0-py3-none-any.whl.metadata (2.8 kB)
Requirement already satisfied: typer<1.0,>=0.12 in /home/amd/Desktop/OpenVINO-Notebooks-on-AMD/.venvs/cpu/0e02466db943f1d6/lib/python3.12/site-packages (from gradio>=4.19) (0.27.2)
Requirement already satisfied: typing-extensions~=4.0 in /home/amd/Desktop/OpenVINO-Notebooks-on-AMD/.venvs/cpu/0e02466db943f1d6/lib/python3.12/site-packages (from gradio>=4.19) (4.16.0)
Collecting uvicorn>=0.14.0 (from gradio>=4.19)
  Using cached uvicorn-0.54.0-py3-none-any.whl.metadata (6.6 kB)
Requirement already satisfied: fsspec in /home/amd/Desktop/OpenVINO-Notebooks-on-AMD/.venvs/cpu/0e02466db943f1d6/lib/python3.12/site-packages (from gradio-client==2.7.2->gradio>=4.19) (2026.9.0)
Requirement already satisfied: idna>=2.8 in /home/amd/Desktop/OpenVINO-Notebooks-on-AMD/.venvs/cpu/0e02466db943f1d6/lib/python3.12/site-packages (from anyio<5.0,>=3.0->gradio>=4.19) (3.20)
Collecting typing-inspection>=0.4.2 (from fastapi<1.0,>=0.115.2->gradio>=4.19)
  Using cached typing_inspection-0.4.4-py3-none-any.whl.metadata (2.6 kB)
Requirement already satisfied: annotated-doc>=0.0.2 in /home/amd/Desktop/OpenVINO-Notebooks-on-AMD/.venvs/cpu/0e02466db943f1d6/lib/python3.12/site-packages (from fastapi<1.0,>=0.115.2->gradio>=4.19) (0.0.5)
Collecting opentelemetry-api>=1.44.0 (from fastapi<1.0,>=0.115.2->gradio>=4.19)
  Using cached opentelemetry_api-1.45.0-py3-none-any.whl.metadata (1.4 kB)
Requirement already satisfied: certifi in /home/amd/Desktop/OpenVINO-Notebooks-on-AMD/.venvs/cpu/0e02466db943f1d6/lib/python3.12/site-packages (from httpx<1.0,>=0.24.1->gradio>=4.19) (2026.7.22)
Requirement already satisfied: httpcore==1.* in /home/amd/Desktop/OpenVINO-Notebooks-on-AMD/.venvs/cpu/0e02466db943f1d6/lib/python3.12/site-packages (from httpx<1.0,>=0.24.1->gradio>=4.19) (1.0.9)
Requirement already satisfied: h11>=0.16 in /home/amd/Desktop/OpenVINO-Notebooks-on-AMD/.venvs/cpu/0e02466db943f1d6/lib/python3.12/site-packages (from httpcore==1.*->httpx<1.0,>=0.24.1->gradio>=4.19) (0.16.0)
Requirement already satisfied: click<9.0.0,>=8.4.2 in /home/amd/Desktop/OpenVINO-Notebooks-on-AMD/.venvs/cpu/0e02466db943f1d6/lib/python3.12/site-packages (from huggingface-hub<3.0,>=1.16.0->gradio>=4.19) (8.5.0)
Requirement already satisfied: filelock>=3.10.0 in /home/amd/Desktop/OpenVINO-Notebooks-on-AMD/.venvs/cpu/0e02466db943f1d6/lib/python3.12/site-packages (from huggingface-hub<3.0,>=1.16.0->gradio>=4.19) (4.0.12)
Requirement already satisfied: hf-xet<2.0.0,>=1.6.0 in /home/amd/Desktop/OpenVINO-Notebooks-on-AMD/.venvs/cpu/0e02466db943f1d6/lib/python3.12/site-packages (from huggingface-hub<3.0,>=1.16.0->gradio>=4.19) (1.6.0)
Requirement already satisfied: tqdm>=4.42.1 in /home/amd/Desktop/OpenVINO-Notebooks-on-AMD/.venvs/cpu/0e02466db943f1d6/lib/python3.12/site-packages (from huggingface-hub<3.0,>=1.16.0->gradio>=4.19) (4.70.1)
Requirement already satisfied: python-dateutil>=2.8.2 in /home/amd/Desktop/OpenVINO-Notebooks-on-AMD/.venvs/cpu/0e02466db943f1d6/lib/python3.12/site-packages (from pandas<4.0,>=1.0->gradio>=4.19) (2.9.0.post0)
Collecting annotated-types>=0.6.0 (from pydantic<=3.0,>=2.0->gradio>=4.19)
  Using cached annotated_types-0.8.0-py3-none-any.whl.metadata (15 kB)
Collecting pydantic-core==2.46.5 (from pydantic<=3.0,>=2.0->gradio>=4.19)
  Using cached pydantic_core-2.46.5-cp312-cp312-manylinux_2_17_x86_64.manylinux2014_x86_64.whl.metadata (6.6 kB)
Requirement already satisfied: shellingham>=1.3.0 in /home/amd/Desktop/OpenVINO-Notebooks-on-AMD/.venvs/cpu/0e02466db943f1d6/lib/python3.12/site-packages (from typer<1.0,>=0.12->gradio>=4.19) (1.5.4)
Requirement already satisfied: rich>=13.8.0 in /home/amd/Desktop/OpenVINO-Notebooks-on-AMD/.venvs/cpu/0e02466db943f1d6/lib/python3.12/site-packages (from typer<1.0,>=0.12->gradio>=4.19) (15.0.0)
Requirement already satisfied: six>=1.5 in /home/amd/Desktop/OpenVINO-Notebooks-on-AMD/.venvs/cpu/0e02466db943f1d6/lib/python3.12/site-packages (from python-dateutil>=2.8.2->pandas<4.0,>=1.0->gradio>=4.19) (1.17.0)
Requirement already satisfied: markdown-it-py>=2.2.0 in /home/amd/Desktop/OpenVINO-Notebooks-on-AMD/.venvs/cpu/0e02466db943f1d6/lib/python3.12/site-packages (from rich>=13.8.0->typer<1.0,>=0.12->gradio>=4.19) (4.2.0)
Requirement already satisfied: pygments<3.0.0,>=2.13.0 in /home/amd/Desktop/OpenVINO-Notebooks-on-AMD/.venvs/cpu/0e02466db943f1d6/lib/python3.12/site-packages (from rich>=13.8.0->typer<1.0,>=0.12->gradio>=4.19) (2.21.0)
Requirement already satisfied: mdurl~=0.1 in /home/amd/Desktop/OpenVINO-Notebooks-on-AMD/.venvs/cpu/0e02466db943f1d6/lib/python3.12/site-packages (from markdown-it-py>=2.2.0->rich>=13.8.0->typer<1.0,>=0.12->gradio>=4.19) (0.1.2)
Using cached gradio-6.29.1-py3-none-any.whl (31.4 MB)
Using cached gradio_client-2.7.2-py3-none-any.whl (64 kB)
Using cached fastapi-0.142.2-py3-none-any.whl (144 kB)
Using cached groovy-0.1.2-py3-none-any.whl (14 kB)
Using cached hf_gradio-0.4.1-py3-none-any.whl (4.5 kB)
Using cached jinja2-3.1.6-py3-none-any.whl (134 kB)
Using cached markupsafe-3.0.4-cp312-cp312-manylinux2014_x86_64.manylinux_2_17_x86_64.manylinux_2_28_x86_64.whl (22 kB)
Using cached orjson-3.12.0-cp312-cp312-manylinux_2_17_x86_64.manylinux2014_x86_64.whl (131 kB)
Using cached pandas-3.0.6-cp312-cp312-manylinux_2_24_x86_64.manylinux_2_28_x86_64.whl (10.8 MB)
Using cached pydantic-2.13.5-py3-none-any.whl (472 kB)
Using cached pydantic_core-2.46.5-cp312-cp312-manylinux_2_17_x86_64.manylinux2014_x86_64.whl (2.1 MB)
Using cached pydub-0.25.1-py2.py3-none-any.whl (32 kB)
Using cached python_multipart-0.0.32-py3-none-any.whl (30 kB)
Using cached safehttpx-0.1.7-py3-none-any.whl (9.0 kB)
Using cached semantic_version-2.10.0-py2.py3-none-any.whl (15 kB)
Using cached starlette-1.7.0-py3-none-any.whl (78 kB)
Using cached tomlkit-0.14.0-py3-none-any.whl (39 kB)
Using cached annotated_types-0.8.0-py3-none-any.whl (13 kB)
Using cached brotli-1.2.0-cp312-cp312-manylinux2014_x86_64.manylinux_2_17_x86_64.whl (1.4 MB)
Using cached opentelemetry_api-1.45.0-py3-none-any.whl (60 kB)
Using cached pytz-2026.5-py2.py3-none-any.whl (506 kB)
Using cached typing_inspection-0.4.4-py3-none-any.whl (14 kB)
Using cached uvicorn-0.54.0-py3-none-any.whl (87 kB)
Installing collected packages: pytz, pydub, brotli, uvicorn, typing-inspection, tomlkit, semantic-version, python-multipart, pydantic-core, orjson, opentelemetry-api, markupsafe, groovy, annotated-types, starlette, pydantic, pandas, jinja2, safehttpx, fastapi, gradio-client, hf-gradio, gradio
[?25l[2K   [38;2;249;38;114m━━━━━━━━━━━━━━━━━[0m[38;5;237m╺[0m[38;5;237m━━━━━━━━━━━━━━━━━━━━━━[0m [32m10/23[0m [opentelemetry-api][2K   [38;2;249;38;114m━━━━━━━━━━━━━━━━━━━━━━━━━━[0m[38;5;237m╺[0m[38;5;237m━━━━━━━━━━━━━[0m [32m15/23[0m [pydantic][2K   [38;2;249;38;114m━━━━━━━━━━━━━━━━━━━━━━━━━━━[0m[38;2;249;38;114m╸[0m[38;5;237m━━━━━━━━━━━━[0m [32m16/23[0m [pandas][2K   [38;2;249;38;114m━━━━━━━━━━━━━━━━━━━━━━━━━━━[0m[38;2;249;38;114m╸[0m[38;5;237m━━━━━━━━━━━━[0m [32m16/23[0m [pandas][2K   [38;2;249;38;114m━━━━━━━━━━━━━━━━━━━━━━━━━━━[0m[38;2;249;38;114m╸[0m[38;5;237m━━━━━━━━━━━━[0m [32m16/23[0m [pandas][2K   [38;2;249;38;114m━━━━━━━━━━━━━━━━━━━━━━━━━━━[0m[38;2;249;38;114m╸[0m[38;5;237m━━━━━━━━━━━━[0m [32m16/23[0m [pandas][2K   [38;2;249;38;114m━━━━━━━━━━━━━━━━━━━━━━━━━━━[0m[38;2;249;38;114m╸[0m[38;5;237m━━━━━━━━━━━━[0m [32m16/23[0m [pandas][2K   [38;2;249;38;114m━━━━━━━━━━━━━━━━━━━━━━━━━━━[0m[38;2;249;38;114m╸[0m[38;5;237m━━━━━━━━━━━━[0m [32m16/23[0m [pandas][2K   [38;2;249;38;114m━━━━━━━━━━━━━━━━━━━━━━━━━━━[0m[38;2;249;38;114m╸[0m[38;5;237m━━━━━━━━━━━━[0m [32m16/23[0m [pandas][2K   [38;2;249;38;114m━━━━━━━━━━━━━━━━━━━━━━━━━━━[0m[38;2;249;38;114m╸[0m[38;5;237m━━━━━━━━━━━━[0m [32m16/23[0m [pandas][2K   [38;2;249;38;114m━━━━━━━━━━━━━━━━━━━━━━━━━━━[0m[38;2;249;38;114m╸[0m[38;5;237m━━━━━━━━━━━━[0m [32m16/23[0m [pandas][2K   [38;2;249;38;114m━━━━━━━━━━━━━━━━━━━━━━━━━━━[0m[38;2;249;38;114m╸[0m[38;5;237m━━━━━━━━━━━━[0m [32m16/23[0m [pandas][2K   [38;2;249;38;114m━━━━━━━━━━━━━━━━━━━━━━━━━━━[0m[38;2;249;38;114m╸[0m[38;5;237m━━━━━━━━━━━━[0m [32m16/23[0m [pandas][2K   [38;2;249;38;114m━━━━━━━━━━━━━━━━━━━━━━━━━━━[0m[38;2;249;38;114m╸[0m[38;5;237m━━━━━━━━━━━━[0m [32m16/23[0m [pandas][2K   [38;2;249;38;114m━━━━━━━━━━━━━━━━━━━━━━━━━━━[0m[38;2;249;38;114m╸[0m[38;5;237m━━━━━━━━━━━━[0m [32m16/23[0m [pandas][2K   [38;2;249;38;114m━━━━━━━━━━━━━━━━━━━━━━━━━━━━━━━━━━━━━━[0m[38;5;237m╺[0m[38;5;237m━[0m [32m22/23[0m [gradio][2K   [38;2;249;38;114m━━━━━━━━━━━━━━━━━━━━━━━━━━━━━━━━━━━━━━[0m[38;5;237m╺[0m[38;5;237m━[0m [32m22/23[0m [gradio][2K   [38;2;249;38;114m━━━━━━━━━━━━━━━━━━━━━━━━━━━━━━━━━━━━━━[0m[38;5;237m╺[0m[38;5;237m━[0m [32m22/23[0m [gradio][2K   [38;2;114;156;31m━━━━━━━━━━━━━━━━━━━━━━━━━━━━━━━━━━━━━━━━[0m [32m23/23[0m [gradio]
[?25h[1A[2KSuccessfully installed annotated-types-0.8.0 brotli-1.2.0 fastapi-0.142.2 gradio-6.29.1 gradio-client-2.7.2 groovy-0.1.2 hf-gradio-0.4.1 jinja2-3.1.6 markupsafe-3.0.4 opentelemetry-api-1.45.0 orjson-3.12.0 pandas-3.0.6 pydantic-2.13.5 pydantic-core-2.46.5 pydub-0.25.1 python-multipart-0.0.32 pytz-2026.5 safehttpx-0.1.7 semantic-version-2.10.0 starlette-1.7.0 tomlkit-0.14.0 typing-inspection-0.4.4 uvicorn-0.54.0
[cell 2 DONE  +  269.3s]
[cell 3 START +  269.3s] ## Music generation with ACE Step Pipeline via PyTorch | [back to top ⬆️
[cell 4 START +  269.3s] ### Download checkpoints and load PyTorch models | [back to top ⬆️](#Tab
[cell 5 START +  269.3s] from acestep.pipeline_ace_step import ACEStepPipeline |  | checkpoint_dir 
[cell 5 DONE  +  902.9s]
[cell 6 START +  902.9s] ### Configure parameters and generate audio | [back to top ⬆️](#Table-of
[cell 7 START +  902.9s] import os |  | inputs = { |     "prompt": "country rock, folk rock, southern
[cell 7 DONE  +  902.9s]
[cell 8 START +  902.9s] import IPython.display as ipd |  | result = pipeline(**inputs) |  | output_pat
[cell 8 DONE  +  951.7s]
[cell 9 START +  951.7s] ### Update audio | [back to top ⬆️](#Table-of-contents:) |  | ACE Step provi
[cell 10 START +  951.7s] import copy |  | inputs_update_audio = copy.deepcopy(inputs) | inputs_update
[cell 10 DONE  +  951.7s]
[cell 11 START +  951.7s] result = pipeline(**inputs_update_audio) |  | display(ipd.Audio(result[0])
[cell 11 DONE  +  998.5s]
[cell 12 START +  998.5s] ## Music Generation with ACE Step via OpenVINO | [back to top ⬆️](#Table
[cell 13 START +  998.5s] ### Convert model to OpenVINO | [back to top ⬆️](#Table-of-contents:) |  | O
[cell 14 START +  998.5s] from gradio_helper import get_model_compression_format_widgets |  | model_
[cell 14 DONE  +  999.2s]
[cell 15 START +  999.2s] import nncf | from ov_ace_helper import convert_models |  | ov_converted_mod
[cell 15 DONE  + 1075.3s]
[cell 16 START + 1075.3s] ### Select inference device | [back to top ⬆️](#Table-of-contents:) |  | Sel
[cell 17 START + 1075.3s] from notebook_utils import device_widget |  | device = device_widget(exclu
[cell 17 DONE  + 1075.5s]
[cell 18 START + 1075.5s] ### Create pipeline, read and compile models | [back to top ⬆️](#Table-o
[cell 19 START + 1075.5s] from ov_ace_helper import OVACEStepPipeline |  | ov_pipeline = OVACEStepPi
[cell 19 DONE  + 1078.4s]
[cell 20 START + 1078.4s] ### Generate audio | [back to top ⬆️](#Table-of-contents:)
[cell 21 START + 1078.4s] import IPython.display as ipd |  | ov_result = ov_pipeline(**inputs) |  | ov_o
[cell 21 DONE  + 1092.0s]
[cell 22 START + 1092.0s] ### Update audio | [back to top ⬆️](#Table-of-contents:)
[cell 23 START + 1092.0s] from gradio_helper import update_audio_widget |  | update_audio_type = upd
[cell 23 DONE  + 1092.1s]
[cell 24 START + 1092.1s] from gradio_helper import setup_update_audio_widgets |  | setup_update_aud
[cell 24 DONE  + 1092.1s]
[cell 25 START + 1092.1s] from gradio_helper import get_inputs_base_on_setup_widget |  | inputs_upda
[cell 25 DONE  + 1092.1s]
[cell 26 START + 1092.1s] ov_update_result = ov_pipeline(**inputs_update_audio) |  | display(ipd.Aud
[cell 26 DONE  + 1096.2s]
[cell 27 START + 1096.2s] ## ACE Step with LoRA | [back to top ⬆️](#Table-of-contents:) |  |  | LoRA is 
[cell 28 START + 1096.2s] ### Load LoRA and apply for Transformer models for ACE Step pipeline | [
[cell 29 START + 1096.2s] pipeline.load_lora("ACE-Step/ACE-Step-v1-chinese-rap-LoRA", 1)
[cell 29 DONE  + 1157.3s]
[cell 30 START + 1157.3s] ### Convert models with LoRA and load to OpenVINO pipeline | [back to to
[cell 31 START + 1157.3s] from ov_ace_helper import convert_transformer_models |  | ov_models_lora =
[cell 31 DONE  + 1206.5s]
[cell 32 START + 1206.5s] ### Run Inference with LoRA   | [back to top ⬆️](#Table-of-contents:)
[cell 33 START + 1206.5s] import IPython.display as ipd |  | inputs["prompt"] = "chopper rap, female
[cell 33 DONE  + 1219.3s]
[cell 34 START + 1219.3s] ### Deactivate LoRA | [back to top ⬆️](#Table-of-contents:) |  | To unload L
[cell 35 START + 1219.3s] ov_pipeline.load_lora("none")
[cell 35 DONE  + 1219.3s]
[cell 36 START + 1219.3s] ## Interactive demo | [back to top ⬆️](#Table-of-contents:) | 
[cell 37 START + 1219.3s] from gradio_helper import make_demo | from acestep.data_sampler import D
NBEXEC_RESULT={"ok": true, "n_cells": 20, "n_skipped": 1, "n_substituted": 1, "stopped_after": null, "error_cell": null, "error_type": null, "error_head": null, "duration_s": 1222.69, "patch_notes": ["substituted 1 occurrence(s) in cell 2", "skipped cell 37: matched skip pattern"]}
