[cell 0 START +    0.4s] # Document conversion with SmolDocling and OpenVINO |  | <div style="displ
[cell 1 START +    0.4s] ## Prerequisites | [back to top ⬆️](#Table-of-contents:)
[cell 2 START +    0.4s] %pip uninstall -q -y optimum optimum-intel optimum-onnx | %pip install -
[cell 2 DONE  +    7.3s]
[cell 3 START +    7.3s] from pathlib import Path | import requests |  | if not Path("cmd_helper.py")
[cell 3 DONE  +    7.3s]
[cell 4 START +    7.3s] # Convert and Optimize model | [back to top ⬆️](#Table-of-contents:) |  | Sm
[cell 5 START +    7.3s] import ipywidgets as widgets |  | # Read more about telemetry collection a
[cell 5 DONE  +    7.4s]
[cell 6 START +    7.4s] from cmd_helper import optimum_cli |  | if to_compress.value: |     model_ex
[cell 6 DONE  +    7.4s]
[cell 7 START +    7.4s] ## Run model inference | [back to top ⬆️](#Table-of-contents:)
[cell 8 START +    7.4s] OpenVINO integration with Optimum Intel provides ready-to-use API for 
[cell 9 START +    7.4s] from optimum.intel.openvino import OVModelForVisualCausalLM | from trans
[cell 9 DONE  +   10.4s]
[cell 10 START +   10.4s] ### Select Inference Device | [back to top ⬆️](#Table-of-contents:)
[cell 11 START +   10.4s] from notebook_utils import device_widget |  | device = device_widget(defau
[cell 11 DONE  +   10.6s]
[cell 12 START +   10.6s] model = OVModelForVisualCausalLM.from_pretrained(model_export_dir, dev
[21:40:02.5363]D[plugin.cpp:289][AUTO] deviceNameWithID:CPU, defaultDeviceID:, uniqueName:CPU_
[21:40:02.5364]I[plugin.cpp:479][AUTO] device:CPU, config:LOG_LEVEL=LOG_NONE
[21:40:02.5364]I[plugin.cpp:479][AUTO] device:CPU, config:PERFORMANCE_HINT=LATENCY
[21:40:02.5364]I[plugin.cpp:479][AUTO] device:CPU, config:PERFORMANCE_HINT_NUM_REQUESTS=0
[21:40:02.5364]I[plugin.cpp:479][AUTO] device:CPU, config:PERF_COUNT=NO
[21:40:02.5364]I[plugin.cpp:484][AUTO] device:CPU, priority:0
[21:40:02.5364]I[plugin.cpp:510][AUTO] Original device list() size to load the model: 0
[21:40:02.5364]I[schedule.cpp:17][AUTO] scheduler starting
[21:40:02.5364]I[auto_schedule.cpp:163][AUTO] select device:CPU
[21:40:02.5465]I[auto_schedule.cpp:284][AUTO] Only one device or multiple devices of the same type will use passthrough compiled model
[21:40:03.0405]I[auto_schedule.cpp:341][AUTO] Device: [CPU]: Compile model took 493.958747 ms
[21:40:03.0415]I[auto_schedule.cpp:118][AUTO] device:CPU compiling model finished
[21:40:03.0416]D[auto_schedule.cpp:124][AUTO] device:CPU, GetConfig:SUPPORTED_PROPERTIES=SUPPORTED_PROPERTIES NETWORK_NAME OPTIMAL_NUMBER_OF_INFER_REQUESTS NUM_STREAMS INFERENCE_NUM_THREADS PERF_COUNT INFERENCE_PRECISION_HINT PERFORMANCE_HINT EXECUTION_MODE_HINT PERFORMANCE_HINT_NUM_REQUESTS ENABLE_
[21:40:03.0416]D[auto_schedule.cpp:124][AUTO] device:CPU, GetConfig:NETWORK_NAME=Model6
[21:40:03.0416]D[auto_schedule.cpp:124][AUTO] device:CPU, GetConfig:OPTIMAL_NUMBER_OF_INFER_REQUESTS=1
[21:40:03.0416]D[auto_schedule.cpp:124][AUTO] device:CPU, GetConfig:NUM_STREAMS=1
[21:40:03.0416]D[auto_schedule.cpp:124][AUTO] device:CPU, GetConfig:INFERENCE_NUM_THREADS=16
[21:40:03.0416]D[auto_schedule.cpp:124][AUTO] device:CPU, GetConfig:PERF_COUNT=NO
[21:40:03.0416]D[auto_schedule.cpp:124][AUTO] device:CPU, GetConfig:INFERENCE_PRECISION_HINT=bf16
[21:40:03.0416]D[auto_schedule.cpp:124][AUTO] device:CPU, GetConfig:PERFORMANCE_HINT=LATENCY
[21:40:03.0416]D[auto_schedule.cpp:124][AUTO] device:CPU, GetConfig:EXECUTION_MODE_HINT=PERFORMANCE
[21:40:03.0416]D[auto_schedule.cpp:124][AUTO] device:CPU, GetConfig:PERFORMANCE_HINT_NUM_REQUESTS=0
[21:40:03.0416]D[auto_schedule.cpp:124][AUTO] device:CPU, GetConfig:ENABLE_CPU_PINNING=YES
[21:40:03.0416]D[auto_schedule.cpp:124][AUTO] device:CPU, GetConfig:ENABLE_CPU_RESERVATION=NO
[21:40:03.0416]D[auto_schedule.cpp:124][AUTO] device:CPU, GetConfig:SCHEDULING_CORE_TYPE=ANY_CORE
[21:40:03.0416]D[auto_schedule.cpp:124][AUTO] device:CPU, GetConfig:MODEL_DISTRIBUTION_POLICY=
[21:40:03.0417]D[auto_schedule.cpp:124][AUTO] device:CPU, GetConfig:ENABLE_HYPER_THREADING=NO
[21:40:03.0417]D[auto_schedule.cpp:124][AUTO] device:CPU, GetConfig:EXECUTION_DEVICES=CPU
[21:40:03.0417]D[auto_schedule.cpp:124][AUTO] device:CPU, GetConfig:CPU_DENORMALS_OPTIMIZATION=NO
[21:40:03.0417]D[auto_schedule.cpp:124][AUTO] device:CPU, GetConfig:LOG_LEVEL=LOG_NONE
[21:40:03.0417]D[auto_schedule.cpp:124][AUTO] device:CPU, GetConfig:CPU_SPARSE_WEIGHTS_DECOMPRESSION_RATE=1
[21:40:03.0417]D[auto_schedule.cpp:124][AUTO] device:CPU, GetConfig:ENABLE_TENSOR_PARALLEL=NO
[21:40:03.0417]D[auto_schedule.cpp:124][AUTO] device:CPU, GetConfig:TBB_PARTITIONER=STATIC
[21:40:03.0417]D[auto_schedule.cpp:124][AUTO] device:CPU, GetConfig:DYNAMIC_QUANTIZATION_GROUP_SIZE=32
[21:40:03.0417]D[auto_schedule.cpp:124][AUTO] device:CPU, GetConfig:KV_CACHE_PRECISION=u8
[21:40:03.0417]D[auto_schedule.cpp:124][AUTO] device:CPU, GetConfig:KEY_CACHE_PRECISION=u8
[21:40:03.0417]D[auto_schedule.cpp:124][AUTO] device:CPU, GetConfig:VALUE_CACHE_PRECISION=u8
[21:40:03.0417]D[auto_schedule.cpp:124][AUTO] device:CPU, GetConfig:KEY_CACHE_GROUP_SIZE=0
[21:40:03.0417]D[auto_schedule.cpp:124][AUTO] device:CPU, GetConfig:VALUE_CACHE_GROUP_SIZE=0
[21:40:03.0417]D[auto_schedule.cpp:124][AUTO] device:CPU, GetConfig:RUNTIME_REQUIREMENTS=meta=1.0;ov=2026.4.1;isa=Intel AVX-512 with Intel DL Boost and bfloat16 support
[21:40:03.0419]I[plugin.cpp:534][AUTO] underlying hardware does not support hardware context
[21:40:03.0483]D[plugin.cpp:289][AUTO] deviceNameWithID:CPU, defaultDeviceID:, uniqueName:CPU_
[21:40:03.0484]I[plugin.cpp:479][AUTO] device:CPU, config:LOG_LEVEL=LOG_NONE
[21:40:03.0484]I[plugin.cpp:479][AUTO] device:CPU, config:PERFORMANCE_HINT=LATENCY
[21:40:03.0484]I[plugin.cpp:479][AUTO] device:CPU, config:PERFORMANCE_HINT_NUM_REQUESTS=0
[21:40:03.0484]I[plugin.cpp:479][AUTO] device:CPU, config:PERF_COUNT=NO
[21:40:03.0484]I[plugin.cpp:484][AUTO] device:CPU, priority:0
[21:40:03.0484]I[plugin.cpp:510][AUTO] Original device list() size to load the model: 0
[21:40:03.0484]I[schedule.cpp:17][AUTO] scheduler starting
[21:40:03.0484]I[auto_schedule.cpp:163][AUTO] select device:CPU
[21:40:03.0485]I[auto_schedule.cpp:284][AUTO] Only one device or multiple devices of the same type will use passthrough compiled model
[21:40:03.0594]I[auto_schedule.cpp:341][AUTO] Device: [CPU]: Compile model took 10.882924 ms
[21:40:03.0594]I[auto_schedule.cpp:118][AUTO] device:CPU compiling model finished
[21:40:03.0595]D[auto_schedule.cpp:124][AUTO] device:CPU, GetConfig:SUPPORTED_PROPERTIES=SUPPORTED_PROPERTIES NETWORK_NAME OPTIMAL_NUMBER_OF_INFER_REQUESTS NUM_STREAMS INFERENCE_NUM_THREADS PERF_COUNT INFERENCE_PRECISION_HINT PERFORMANCE_HINT EXECUTION_MODE_HINT PERFORMANCE_HINT_NUM_REQUESTS ENABLE_
[21:40:03.0595]D[auto_schedule.cpp:124][AUTO] device:CPU, GetConfig:NETWORK_NAME=Model3
[21:40:03.0595]D[auto_schedule.cpp:124][AUTO] device:CPU, GetConfig:OPTIMAL_NUMBER_OF_INFER_REQUESTS=1
[21:40:03.0595]D[auto_schedule.cpp:124][AUTO] device:CPU, GetConfig:NUM_STREAMS=1
[21:40:03.0595]D[auto_schedule.cpp:124][AUTO] device:CPU, GetConfig:INFERENCE_NUM_THREADS=16
[21:40:03.0595]D[auto_schedule.cpp:124][AUTO] device:CPU, GetConfig:PERF_COUNT=NO
[21:40:03.0595]D[auto_schedule.cpp:124][AUTO] device:CPU, GetConfig:INFERENCE_PRECISION_HINT=bf16
[21:40:03.0595]D[auto_schedule.cpp:124][AUTO] device:CPU, GetConfig:PERFORMANCE_HINT=LATENCY
[21:40:03.0595]D[auto_schedule.cpp:124][AUTO] device:CPU, GetConfig:EXECUTION_MODE_HINT=PERFORMANCE
[21:40:03.0595]D[auto_schedule.cpp:124][AUTO] device:CPU, GetConfig:PERFORMANCE_HINT_NUM_REQUESTS=0
[21:40:03.0595]D[auto_schedule.cpp:124][AUTO] device:CPU, GetConfig:ENABLE_CPU_PINNING=YES
[21:40:03.0595]D[auto_schedule.cpp:124][AUTO] device:CPU, GetConfig:ENABLE_CPU_RESERVATION=NO
[21:40:03.0595]D[auto_schedule.cpp:124][AUTO] device:CPU, GetConfig:SCHEDULING_CORE_TYPE=ANY_CORE
[21:40:03.0595]D[auto_schedule.cpp:124][AUTO] device:CPU, GetConfig:MODEL_DISTRIBUTION_POLICY=
[21:40:03.0595]D[auto_schedule.cpp:124][AUTO] device:CPU, GetConfig:ENABLE_HYPER_THREADING=NO
[21:40:03.0595]D[auto_schedule.cpp:124][AUTO] device:CPU, GetConfig:EXECUTION_DEVICES=CPU
[21:40:03.0595]D[auto_schedule.cpp:124][AUTO] device:CPU, GetConfig:CPU_DENORMALS_OPTIMIZATION=NO
[21:40:03.0595]D[auto_schedule.cpp:124][AUTO] device:CPU, GetConfig:LOG_LEVEL=LOG_NONE
[21:40:03.0595]D[auto_schedule.cpp:124][AUTO] device:CPU, GetConfig:CPU_SPARSE_WEIGHTS_DECOMPRESSION_RATE=1
[21:40:03.0595]D[auto_schedule.cpp:124][AUTO] device:CPU, GetConfig:ENABLE_TENSOR_PARALLEL=NO
[21:40:03.0595]D[auto_schedule.cpp:124][AUTO] device:CPU, GetConfig:TBB_PARTITIONER=STATIC
[21:40:03.0595]D[auto_schedule.cpp:124][AUTO] device:CPU, GetConfig:DYNAMIC_QUANTIZATION_GROUP_SIZE=32
[21:40:03.0595]D[auto_schedule.cpp:124][AUTO] device:CPU, GetConfig:KV_CACHE_PRECISION=u8
[21:40:03.0595]D[auto_schedule.cpp:124][AUTO] device:CPU, GetConfig:KEY_CACHE_PRECISION=u8
[21:40:03.0595]D[auto_schedule.cpp:124][AUTO] device:CPU, GetConfig:VALUE_CACHE_PRECISION=u8
[21:40:03.0595]D[auto_schedule.cpp:124][AUTO] device:CPU, GetConfig:KEY_CACHE_GROUP_SIZE=0
[21:40:03.0595]D[auto_schedule.cpp:124][AUTO] device:CPU, GetConfig:VALUE_CACHE_GROUP_SIZE=0
[21:40:03.0595]D[auto_schedule.cpp:124][AUTO] device:CPU, GetConfig:RUNTIME_REQUIREMENTS=meta=1.0;ov=2026.4.1;isa=Intel AVX-512 with Intel DL Boost and bfloat16 support
[21:40:03.0596]I[plugin.cpp:534][AUTO] underlying hardware does not support hardware context
[21:40:03.0667]D[plugin.cpp:289][AUTO] deviceNameWithID:CPU, defaultDeviceID:, uniqueName:CPU_
[21:40:03.0668]I[plugin.cpp:479][AUTO] device:CPU, config:LOG_LEVEL=LOG_NONE
[21:40:03.0668]I[plugin.cpp:479][AUTO] device:CPU, config:PERFORMANCE_HINT=LATENCY
[21:40:03.0668]I[plugin.cpp:479][AUTO] device:CPU, config:PERFORMANCE_HINT_NUM_REQUESTS=0
[21:40:03.0668]I[plugin.cpp:479][AUTO] device:CPU, config:PERF_COUNT=NO
[21:40:03.0668]I[plugin.cpp:484][AUTO] device:CPU, priority:0
[21:40:03.0668]I[plugin.cpp:510][AUTO] Original device list() size to load the model: 0
[21:40:03.0668]I[schedule.cpp:17][AUTO] scheduler starting
[21:40:03.0668]I[auto_schedule.cpp:163][AUTO] select device:CPU
[21:40:03.0691]I[auto_schedule.cpp:284][AUTO] Only one device or multiple devices of the same type will use passthrough compiled model
[21:40:03.2269]I[auto_schedule.cpp:341][AUTO] Device: [CPU]: Compile model took 157.823583 ms
[21:40:03.2270]I[auto_schedule.cpp:118][AUTO] device:CPU compiling model finished
[21:40:03.2270]D[auto_schedule.cpp:124][AUTO] device:CPU, GetConfig:SUPPORTED_PROPERTIES=SUPPORTED_PROPERTIES NETWORK_NAME OPTIMAL_NUMBER_OF_INFER_REQUESTS NUM_STREAMS INFERENCE_NUM_THREADS PERF_COUNT INFERENCE_PRECISION_HINT PERFORMANCE_HINT EXECUTION_MODE_HINT PERFORMANCE_HINT_NUM_REQUESTS ENABLE_
[21:40:03.2270]D[auto_schedule.cpp:124][AUTO] device:CPU, GetConfig:NETWORK_NAME=Model0
[21:40:03.2270]D[auto_schedule.cpp:124][AUTO] device:CPU, GetConfig:OPTIMAL_NUMBER_OF_INFER_REQUESTS=1
[21:40:03.2270]D[auto_schedule.cpp:124][AUTO] device:CPU, GetConfig:NUM_STREAMS=1
[21:40:03.2270]D[auto_schedule.cpp:124][AUTO] device:CPU, GetConfig:INFERENCE_NUM_THREADS=16
[21:40:03.2270]D[auto_schedule.cpp:124][AUTO] device:CPU, GetConfig:PERF_COUNT=NO
[21:40:03.2271]D[auto_schedule.cpp:124][AUTO] device:CPU, GetConfig:INFERENCE_PRECISION_HINT=bf16
[21:40:03.2271]D[auto_schedule.cpp:124][AUTO] device:CPU, GetConfig:PERFORMANCE_HINT=LATENCY
[21:40:03.2271]D[auto_schedule.cpp:124][AUTO] device:CPU, GetConfig:EXECUTION_MODE_HINT=PERFORMANCE
[21:40:03.2271]D[auto_schedule.cpp:124][AUTO] device:CPU, GetConfig:PERFORMANCE_HINT_NUM_REQUESTS=0
[21:40:03.2271]D[auto_schedule.cpp:124][AUTO] device:CPU, GetConfig:ENABLE_CPU_PINNING=YES
[21:40:03.2271]D[auto_schedule.cpp:124][AUTO] device:CPU, GetConfig:ENABLE_CPU_RESERVATION=NO
[21:40:03.2271]D[auto_schedule.cpp:124][AUTO] device:CPU, GetConfig:SCHEDULING_CORE_TYPE=ANY_CORE
[21:40:03.2271]D[auto_schedule.cpp:124][AUTO] device:CPU, GetConfig:MODEL_DISTRIBUTION_POLICY=
[21:40:03.2271]D[auto_schedule.cpp:124][AUTO] device:CPU, GetConfig:ENABLE_HYPER_THREADING=NO
[21:40:03.2271]D[auto_schedule.cpp:124][AUTO] device:CPU, GetConfig:EXECUTION_DEVICES=CPU
[21:40:03.2271]D[auto_schedule.cpp:124][AUTO] device:CPU, GetConfig:CPU_DENORMALS_OPTIMIZATION=NO
[21:40:03.2271]D[auto_schedule.cpp:124][AUTO] device:CPU, GetConfig:LOG_LEVEL=LOG_NONE
[21:40:03.2271]D[auto_schedule.cpp:124][AUTO] device:CPU, GetConfig:CPU_SPARSE_WEIGHTS_DECOMPRESSION_RATE=1
[21:40:03.2271]D[auto_schedule.cpp:124][AUTO] device:CPU, GetConfig:ENABLE_TENSOR_PARALLEL=NO
[21:40:03.2271]D[auto_schedule.cpp:124][AUTO] device:CPU, GetConfig:TBB_PARTITIONER=STATIC
[21:40:03.2271]D[auto_schedule.cpp:124][AUTO] device:CPU, GetConfig:DYNAMIC_QUANTIZATION_GROUP_SIZE=32
[21:40:03.2271]D[auto_schedule.cpp:124][AUTO] device:CPU, GetConfig:KV_CACHE_PRECISION=u8
[21:40:03.2271]D[auto_schedule.cpp:124][AUTO] device:CPU, GetConfig:KEY_CACHE_PRECISION=u8
[21:40:03.2271]D[auto_schedule.cpp:124][AUTO] device:CPU, GetConfig:VALUE_CACHE_PRECISION=u8
[21:40:03.2271]D[auto_schedule.cpp:124][AUTO] device:CPU, GetConfig:KEY_CACHE_GROUP_SIZE=0
[21:40:03.2271]D[auto_schedule.cpp:124][AUTO] device:CPU, GetConfig:VALUE_CACHE_GROUP_SIZE=0
[21:40:03.2271]D[auto_schedule.cpp:124][AUTO] device:CPU, GetConfig:RUNTIME_REQUIREMENTS=meta=1.0;ov=2026.4.1;isa=Intel AVX-512 with Intel DL Boost and bfloat16 support
[21:40:03.2272]I[plugin.cpp:534][AUTO] underlying hardware does not support hardware context
[cell 12 DONE  +   11.5s]
[cell 13 START +   11.5s] ### Run model to generate DocTags | [back to top ⬆️](#Table-of-contents:
[cell 14 START +   11.5s] from docling_core.types.doc import DoclingDocument | from docling_core.t
[cell 14 DONE  +   71.3s]
[cell 15 START +   71.3s] ## Interactive demo | [back to top ⬆️](#Table-of-contents:)
[cell 16 START +   71.3s] if not Path("gradio_helper.py").exists(): |     r = requests.get(url="ht
[cell 16 DONE  +   71.3s]
[cell 17 START +   71.3s] from gradio_helper import make_demo |  | demo = make_demo(model, processor
NBEXEC_RESULT={"ok": true, "n_cells": 10, "n_skipped": 1, "n_substituted": 1, "stopped_after": null, "error_cell": null, "error_type": null, "error_head": null, "duration_s": 74.12, "patch_notes": ["substituted 1 occurrence(s) in cell 2", "skipped cell 17: matched skip pattern"]}
