[IPKernelApp] WARNING | Kernel is running over TCP without encryption. All communication (including code and outputs) is sent in plain text and is susceptible to eavesdropping. Use IPC transport or launch with kernel manager-provisioned CurveZMQ keys to enable transport encryption.
;43mchunked[39;49m[30;43m,[39;49m
[32m    708[39m [30;43m    [39;49m[30;43m)[39;49m
[32m    710[39m [38;5;28;01mexcept[39;00m (ProtocolError, [38;5;167;01mOSError[39;00m) [38;5;28;01mas[39;00m err:

[36mFile [39m[32m~/Desktop/OpenVINO-Notebooks-on-AMD/.venv-cpu/lib/python3.12/site-packages/urllib3/connectionpool.py:847[39m, in [36mHTTPConnectionPool.urlopen[39m[34m(self, method, url, body, headers, retries, redirect, assert_same_host, timeout, pool_timeout, release_conn, chunked, body_pos, preload_content, decode_content, **response_kw)[39m
[32m    845[39m     new_e = ProtocolError([33m"[39m[33mConnection aborted.[39m[33m"[39m, new_e)
[32m--> [39m[32m847[39m retries = [30;43mretries[39;49m[30;43m.[39;49m[30;43mincrement[39;49m[30;43m([39;49m
[32m    848[39m [30;43m    [39;49m[30;43mmethod[39;49m[30;43m,[39;49m[30;43m [39;49m[30;43murl[39;49m[30;43m,[39;49m[30;43m [39;49m[30;43merror[39;49m[30;43m=[39;49m[30;43mnew_e[39;49m[30;43m,[39;49m[30;43m [39;49m[30;43m_pool[39;49m[30;43m=[39;49m[30;43mself[39;49m[30;43m,[39;49m[30;43m [39;49m[30;43m_stacktrace[39;49m[30;43m=[39;49m[30;43msys[39;49m[30;43m.[39;49m[30;43mexc_info[39;49m[30;43m([39;49m[30;43m)[39;49m[30;43m[[39;49m[30;43m2[39;49m[30;43m][39;49m
[32m    849[39m [30;43m[39;49m[30;43m)[39;49m
[32m    850[39m retries.sleep()

[36mFile [39m[32m~/Desktop/OpenVINO-Notebooks-on-AMD/.venv-cpu/lib/python3.12/site-packages/urllib3/util/retry.py:555[39m, in [36mRetry.increment[39m[34m(self, method, url, response, error, _pool, _stacktrace)[39m
[32m    554[39m     reason = error [38;5;129;01mor[39;00m ResponseError(cause)
[32m--> [39m[32m555[39m     [38;5;28;01mraise[39;00m MaxRetryError(_pool, url, reason) [38;5;28;01mfrom[39;00m[38;5;250m [39m[34;01mreason[39;00m  [38;5;66;03m# type: ignore[arg-type][39;00m
[32m    557[39m log.debug([33m"[39m[33mIncremented Retry for (url=[39m[33m'[39m[38;5;132;01m%s[39;00m[33m'[39m[33m): [39m[38;5;132;01m%r[39;00m[33m"[39m, url, new_retry)

[31mMaxRetryError[39m: HTTPSConnectionPool(host='drive.google.com', port=443): Max retries exceeded with url: /uc?id=18wEUfMNohBJ4K3Ly5wpTejPfDzp-8fI8 (Caused by ConnectTimeoutError(<HTTPSConnection(host='drive.google.com', port=443) at 0x7074e8792240>, 'Connection to drive.google.com timed out. (connect timeout=None)'))

During handling of the above exception, another exception occurred:

[31mConnectTimeout[39m                            Traceback (most recent call last)
[36mCell[39m[36m [39m[32mIn[5][39m[32m, line 8[39m
[32m      4[39m archive_file = Path([33m"antelopev2.zip"[39m)
[32m      5[39m 
[32m      6[39m [38;5;28;01mif[39;00m [38;5;28;01mnot[39;00m face_detector_path.exists() [38;5;28;01mor[39;00m face_embeddings_path.exists():
[32m      7[39m     [38;5;28;01mif[39;00m [38;5;28;01mnot[39;00m archive_file.exists():
[32m----> [39m[32m8[39m         gdown.download(
[32m      9[39m             [33m"https://drive.google.com/uc?id=18wEUfMNohBJ4K3Ly5wpTejPfDzp-8fI8"[39m,
[32m     10[39m             str(archive_file),
[32m     11[39m         )

[36mFile [39m[32m~/Desktop/OpenVINO-Notebooks-on-AMD/.venv-cpu/lib/python3.12/site-packages/gdown/download.py:155[39m, in [36mdownload[39m[34m(url, output, quiet, proxy, speed, use_cookies, verify, id, fuzzy, resume)[39m
[32m    153[39m [38;5;28;01mwhile[39;00m [38;5;28;01mTrue[39;00m:
[32m    154[39m     [38;5;28;01mtry[39;00m:
[32m--> [39m[32m155[39m         res = [30;43msess[39;49m[30;43m.[39;49m[30;43mget[39;49m[30;43m([39;49m[30;43murl[39;49m[30;43m,[39;49m[30;43m [39;49m[30;43mheaders[39;49m[30;43m=[39;49m[30;43mheaders[39;49m[30;43m,[39;49m[30;43m [39;49m[30;43mstream[39;49m[30;43m=[39;49m[30;43;01mTrue[39;49;00m[30;43m,[39;49m[30;43m [39;49m[30;43mverify[39;49m[30;43m=[39;49m[30;43mverify[39;49m[30;43m)[39;49m
[32m    156[39m     [38;5;28;01mexcept[39;00m requests.exceptions.ProxyError [38;5;28;01mas[39;00m e:
[32m    157[39m         [38;5;28mprint[39m([33m"[39m[33mAn error has occurred using proxy:[39m[33m"[39m, proxy, file=sys.stderr)

[36mFile [39m[32m~/Desktop/OpenVINO-Notebooks-on-AMD/.venv-cpu/lib/python3.12/site-packages/requests/sessions.py:671[39m, in [36mSession.get[39m[34m(self, url, params, **kwargs)[39m
[32m    661[39m [38;5;250m[39m[33mr[39m[33;03m"""Sends a GET request. Returns :class:`Response` object.[39;00m
[32m    662[39m 
[32m    663[39m [33;03m:param url: URL for the new :class:`Request` object.[39;00m
[32m   (...)[39m[32m    667[39m [33;03m:rtype: requests.Response[39;00m
[32m    668[39m [33;03m"""[39;00m
[32m    670[39m kwargs.setdefault([33m"[39m[33mallow_redirects[39m[33m"[39m, [38;5;28;01mTrue[39;00m)
[32m--> [39m[32m671[39m [38;5;28;01mreturn[39;00m [30;43mself[39;49m[30;43m.[39;49m[30;43mrequest[39;49m[30;43m([39;49m[30;43m"[39;49m[30;43mGET[39;49m[30;43m"[39;49m[30;43m,[39;49m[30;43m [39;49m[30;43murl[39;49m[30;43m,[39;49m[30;43m [39;49m[30;43mparams[39;49m[30;43m=[39;49m[30;43mparams[39;49m[30;43m,[39;49m[30;43m [39;49m[30;43m*[39;49m[30;43m*[39;49m[30;43mkwargs[39;49m[30;43m)[39;49m

[36mFile [39m[32m~/Desktop/OpenVINO-Notebooks-on-AMD/.venv-cpu/lib/python3.12/site-packages/requests/sessions.py:651[39m, in [36mSession.request[39m[34m(self, method, url, params, data, headers, cookies, files, auth, timeout, allow_redirects, proxies, hooks, stream, verify, cert, json)[39m
[32m    646[39m send_kwargs = {
[32m    647[39m     [33m"[39m[33mtimeout[39m[33m"[39m: timeout,
[32m    648[39m     [33m"[39m[33mallow_redirects[39m[33m"[39m: allow_redirects,
[32m    649[39m }
[32m    650[39m send_kwargs.update(settings)
[32m--> [39m[32m651[39m resp = [30;43mself[39;49m[30;43m.[39;49m[30;43msend[39;49m[30;43m([39;49m[30;43mprep[39;49m[30;43m,[39;49m[30;43m [39;49m[30;43m*[39;49m[30;43m*[39;49m[30;43msend_kwargs[39;49m[30;43m)[39;49m
[32m    653[39m [38;5;28;01mreturn[39;00m resp

[36mFile [39m[32m~/Desktop/OpenVINO-Notebooks-on-AMD/.venv-cpu/lib/python3.12/site-packages/requests/sessions.py:784[39m, in [36mSession.send[39m[34m(self, request, **kwargs)[39m
[32m    781[39m start = preferred_clock()
[32m    783[39m [38;5;66;03m# Send the request[39;00m
[32m--> [39m[32m784[39m r = [30;43madapter[39;49m[30;43m.[39;49m[30;43msend[39;49m[30;43m([39;49m[30;43mrequest[39;49m[30;43m,[39;49m[30;43m [39;49m[30;43m*[39;49m[30;43m*[39;49m[30;43mkwargs[39;49m[30;43m)[39;49m
[32m    786[39m [38;5;66;03m# Total elapsed time of the request (approximately)[39;00m
[32m    787[39m elapsed = preferred_clock() - start

[36mFile [39m[32m~/Desktop/OpenVINO-Notebooks-on-AMD/.venv-cpu/lib/python3.12/site-packages/requests/adapters.py:717[39m, in [36mHTTPAdapter.send[39m[34m(self, request, stream, timeout, verify, cert, proxies)[39m
[32m    714[39m [38;5;28;01mif[39;00m [38;5;28misinstance[39m(e.reason, ConnectTimeoutError):
[32m    715[39m     [38;5;66;03m# TODO: Remove this in 3.0.0: see #2811[39;00m
[32m    716[39m     [38;5;28;01mif[39;00m [38;5;129;01mnot[39;00m [38;5;28misinstance[39m(e.reason, NewConnectionError):
[32m--> [39m[32m717[39m         [38;5;28;01mraise[39;00m ConnectTimeout(e, request=request)
[32m    719[39m [38;5;28;01mif[39;00m [38;5;28misinstance[39m(e.reason, ResponseError):
[32m    720[39m     [38;5;28;01mraise[39;00m RetryError(e, request=request)

[31mConnectTimeout[39m: HTTPSConnectionPool(host='drive.google.com', port=443): Max retries exceeded with url: /uc?id=18wEUfMNohBJ4K3Ly5wpTejPfDzp-8fI8 (Caused by ConnectTimeoutError(<HTTPSConnection(host='drive.google.com', port=443) at 0x7074e8792240>, 'Connection to drive.google.com timed out. (connect timeout=None)'))

