[IPKernelApp] WARNING | Kernel is running over TCP without encryption. All communication (including code and outputs) is sent in plain text and is susceptible to eavesdropping. Use IPC transport or launch with kernel manager-provisioned CurveZMQ keys to enable transport encryption.
Traceback (most recent call last):
  File "/home/amd/Desktop/OpenVINO-Notebooks-on-AMD/ov_amd/_nbexec.py", line 144, in main
    client.execute()
  File "/home/amd/Desktop/OpenVINO-Notebooks-on-AMD/.venvs/cpu/e0391956ddecb253/lib/python3.12/site-packages/jupyter_core/utils/__init__.py", line 165, in wrapped
    return loop.run_until_complete(inner)
           ^^^^^^^^^^^^^^^^^^^^^^^^^^^^^^
  File "/usr/lib/python3.12/asyncio/base_events.py", line 687, in run_until_complete
    return future.result()
           ^^^^^^^^^^^^^^^
  File "/home/amd/Desktop/OpenVINO-Notebooks-on-AMD/.venvs/cpu/e0391956ddecb253/lib/python3.12/site-packages/nbclient/client.py", line 709, in async_execute
    await self.async_execute_cell(
  File "/home/amd/Desktop/OpenVINO-Notebooks-on-AMD/.venvs/cpu/e0391956ddecb253/lib/python3.12/site-packages/nbclient/client.py", line 1062, in async_execute_cell
    await self._check_raise_for_error(cell, cell_index, exec_reply)
  File "/home/amd/Desktop/OpenVINO-Notebooks-on-AMD/.venvs/cpu/e0391956ddecb253/lib/python3.12/site-packages/nbclient/client.py", line 918, in _check_raise_for_error
    raise CellExecutionError.from_cell_and_msg(cell, exec_reply_content)
nbclient.exceptions.CellExecutionError: An error occurred while executing the following cell:
------------------
from ov_bernini_helper import convert_pipeline, num_frames_to_latent

# 1 for images, num_frames_to_latent(20) == 6 for the 20-frame video demo
convert_pipeline(MODEL_DIR, OV_DIR, compression_config=compression_config, vae_latent_frames=(1, num_frames_to_latent(20)))
------------------


[31m---------------------------------------------------------------------------[39m
[31mKeyError[39m                                  Traceback (most recent call last)
[36mCell[39m[36m [39m[32mIn[7][39m[32m, line 4[39m
[32m      1[39m [38;5;28;01mfrom[39;00m ov_bernini_helper [38;5;28;01mimport[39;00m convert_pipeline, num_frames_to_latent
[32m      2[39m 
[32m      3[39m [38;5;66;03m# 1 for images, num_frames_to_latent(20) == 6 for the 20-frame video demo[39;00m
[32m----> [39m[32m4[39m convert_pipeline(MODEL_DIR, OV_DIR, compression_config=compression_config, vae_latent_frames=([32m1[39m, num_frames_to_latent([32m20[39m)))

[36mFile [39m[32m~/Desktop/OpenVINO-Notebooks-on-AMD/results/bernini-r-image-video/workdir-cpu/ov_bernini_helper.py:296[39m, in [36mconvert_pipeline[39m[34m(model_dir, output_dir, compression_config, vae_latent_frames)[39m
[32m    293[39m     [38;5;28;01mreturn[39;00m
[32m    295[39m [38;5;66;03m# Reconcile a possibly-mismatched transformer config with the checkpoint.[39;00m
[32m--> [39m[32m296[39m [30;43mrepair_transformer_config[39;49m[30;43m([39;49m[30;43mmodel_dir[39;49m[30;43m)[39;49m
[32m    298[39m [38;5;28mprint[39m([33m"[39m[33m⌛ loading the original Bernini-R pipeline (this loads ~6 GB of weights) ...[39m[33m"[39m)
[32m    299[39m [38;5;66;03m# ``wan22_base`` in config.json points at a HF repo id; override it to the[39;00m
[32m    300[39m [38;5;66;03m# local snapshot so tokenizer / scheduler / sub-models load offline.[39;00m

[36mFile [39m[32m~/Desktop/OpenVINO-Notebooks-on-AMD/results/bernini-r-image-video/workdir-cpu/ov_bernini_helper.py:112[39m, in [36mrepair_transformer_config[39m[34m(model_dir)[39m
[32m    109[39m         [38;5;28;01mreturn[39;00m [38;5;28mlist[39m(sf.get_slice(key).get_shape())
[32m    111[39m num_layers = [32m1[39m + [38;5;28mmax[39m([38;5;28mint[39m(m.group([32m1[39m)) [38;5;28;01mfor[39;00m k [38;5;129;01min[39;00m key_to_file [38;5;28;01mif[39;00m (m := re.search([33mr[39m[33m"[39m[33mblocks[39m[33m\[39m[33m.([39m[33m\[39m[33md+)[39m[33m\[39m[33m.[39m[33m"[39m, k)))
[32m--> [39m[32m112[39m inner_dim = [30;43mshape_of[39;49m[30;43m([39;49m[30;43m"[39;49m[30;43mblocks.0.attn1.to_q.weight[39;49m[30;43m"[39;49m[30;43m)[39;49m[[32m0[39m]
[32m    113[39m ffn_dim = shape_of([33m"[39m[33mblocks.0.ffn.net.0.proj.weight[39m[33m"[39m)[[32m0[39m]
[32m    114[39m head_dim = cfg[[33m"[39m[33mattention_head_dim[39m[33m"[39m]

[36mFile [39m[32m~/Desktop/OpenVINO-Notebooks-on-AMD/results/bernini-r-image-video/workdir-cpu/ov_bernini_helper.py:108[39m, in [36mrepair_transformer_config.<locals>.shape_of[39m[34m(key)[39m
[32m    107[39m [38;5;28;01mdef[39;00m[38;5;250m [39m[34mshape_of[39m(key):
[32m--> [39m[32m108[39m     [38;5;28;01mwith[39;00m safe_open([30;43mkey_to_file[39;49m[30;43m[[39;49m[30;43mkey[39;49m[30;43m][39;49m, framework=[33m"[39m[33mpt[39m[33m"[39m) [38;5;28;01mas[39;00m sf:
[32m    109[39m         [38;5;28;01mreturn[39;00m [38;5;28mlist[39m(sf.get_slice(key).get_shape())

[31mKeyError[39m: 'blocks.0.attn1.to_q.weight'

