[cell 0 START +    0.7s] # Automatic Speech Recognition using Whisper and OpenVINO with Generat
[cell 1 START +    0.7s] ## Prerequisites | [back to top ⬆️](#Table-of-contents:) | 
[cell 2 START +    0.7s] %pip install -U "openvino>=2026.1" "openvino-tokenizers>=2026.1" "open
[cell 2 DONE  +   94.6s]
[cell 3 START +   94.6s] import requests | from pathlib import Path |  | if not Path("notebook_utils.
[cell 3 DONE  +   94.7s]
[cell 4 START +   94.7s] ## Select model and download | [back to top ⬆️](#Table-of-contents:) |  | ##
[cell 5 START +   94.7s] import ipywidgets as widgets |  | model_ids = { |     "Multilingual models":
[cell 5 DONE  +   94.7s]
[cell 6 START +   94.7s] model_id = widgets.Dropdown( |     options=model_ids[model_type.value], | 
[cell 6 DONE  +   94.7s]
[cell 7 START +   94.7s] precision = widgets.Dropdown( |     options=["FP16", "INT8", "INT4"], |   
[cell 7 DONE  +   94.8s]
[cell 8 START +   94.8s] ### Download or convert model | [back to top ⬆️](#Table-of-contents:) |  | M
[cell 9 START +   94.8s] import re |  |  | def get_ov_model_id(hf_model_id: str, prec: str = "fp16") 
[cell 9 DONE  +  107.3s]
[cell 10 START +  107.3s] ## Run inference with WhisperPipeline | [back to top ⬆️](#Table-of-conte
[cell 11 START +  107.3s] from notebook_utils import device_widget |  | device = device_widget(defau
[cell 11 DONE  +  107.7s]
[cell 12 START +  107.7s] import openvino_genai as ov_genai |  | ov_pipe = ov_genai.WhisperPipeline(
Model: OV Tokenizer
  NETWORK_NAME: tokenizer
  OPTIMAL_NUMBER_OF_INFER_REQUESTS: 1
  NUM_STREAMS: 1
  INFERENCE_NUM_THREADS: 16
  PERF_COUNT: NO
  INFERENCE_PRECISION_HINT: bf16
  PERFORMANCE_HINT: LATENCY
  EXECUTION_MODE_HINT: PERFORMANCE
  PERFORMANCE_HINT_NUM_REQUESTS: 0
  ENABLE_CPU_PINNING: YES
  ENABLE_CPU_RESERVATION: NO
  SCHEDULING_CORE_TYPE: ANY_CORE
  MODEL_DISTRIBUTION_POLICY: 
  ENABLE_HYPER_THREADING: NO
  EXECUTION_DEVICES: CPU
  CPU_DENORMALS_OPTIMIZATION: NO
  LOG_LEVEL: LOG_NONE
  CPU_SPARSE_WEIGHTS_DECOMPRESSION_RATE: 1
  ENABLE_TENSOR_PARALLEL: NO
  TBB_PARTITIONER: STATIC
  DYNAMIC_QUANTIZATION_GROUP_SIZE: 32
  KV_CACHE_PRECISION: u8
  KEY_CACHE_PRECISION: u8
  VALUE_CACHE_PRECISION: u8
  KEY_CACHE_GROUP_SIZE: 0
  VALUE_CACHE_GROUP_SIZE: 0
  RUNTIME_REQUIREMENTS: meta=1.0;ov=2026.4.1;isa=Intel AVX-512 with Intel DL Boost and bfloat16 support
EXECUTION_DEVICES:
 CPU: AMD RYZEN AI MAX+ PRO 395 w/ Radeon 8060S      
Model: OV Detokenizer
  NETWORK_NAME: detokenizer
  OPTIMAL_NUMBER_OF_INFER_REQUESTS: 1
  NUM_STREAMS: 1
  INFERENCE_NUM_THREADS: 16
  PERF_COUNT: NO
  INFERENCE_PRECISION_HINT: bf16
  PERFORMANCE_HINT: LATENCY
  EXECUTION_MODE_HINT: PERFORMANCE
  PERFORMANCE_HINT_NUM_REQUESTS: 0
  ENABLE_CPU_PINNING: YES
  ENABLE_CPU_RESERVATION: NO
  SCHEDULING_CORE_TYPE: ANY_CORE
  MODEL_DISTRIBUTION_POLICY: 
  ENABLE_HYPER_THREADING: NO
  EXECUTION_DEVICES: CPU
  CPU_DENORMALS_OPTIMIZATION: NO
  LOG_LEVEL: LOG_NONE
  CPU_SPARSE_WEIGHTS_DECOMPRESSION_RATE: 1
  ENABLE_TENSOR_PARALLEL: NO
  TBB_PARTITIONER: STATIC
  DYNAMIC_QUANTIZATION_GROUP_SIZE: 32
  KV_CACHE_PRECISION: u8
  KEY_CACHE_PRECISION: u8
  VALUE_CACHE_PRECISION: u8
  KEY_CACHE_GROUP_SIZE: 0
  VALUE_CACHE_GROUP_SIZE: 0
  RUNTIME_REQUIREMENTS: meta=1.0;ov=2026.4.1;isa=Intel AVX-512 with Intel DL Boost and bfloat16 support
EXECUTION_DEVICES:
 CPU: AMD RYZEN AI MAX+ PRO 395 w/ Radeon 8060S      
Model: whisper encoder model
  NETWORK_NAME: Model0
  OPTIMAL_NUMBER_OF_INFER_REQUESTS: 1
  NUM_STREAMS: 1
  INFERENCE_NUM_THREADS: 16
  PERF_COUNT: NO
  INFERENCE_PRECISION_HINT: bf16
  PERFORMANCE_HINT: LATENCY
  EXECUTION_MODE_HINT: PERFORMANCE
  PERFORMANCE_HINT_NUM_REQUESTS: 0
  ENABLE_CPU_PINNING: YES
  ENABLE_CPU_RESERVATION: NO
  SCHEDULING_CORE_TYPE: ANY_CORE
  MODEL_DISTRIBUTION_POLICY: 
  ENABLE_HYPER_THREADING: NO
  EXECUTION_DEVICES: CPU
  CPU_DENORMALS_OPTIMIZATION: NO
  LOG_LEVEL: LOG_NONE
  CPU_SPARSE_WEIGHTS_DECOMPRESSION_RATE: 1
  ENABLE_TENSOR_PARALLEL: NO
  TBB_PARTITIONER: STATIC
  DYNAMIC_QUANTIZATION_GROUP_SIZE: 32
  KV_CACHE_PRECISION: u8
  KEY_CACHE_PRECISION: u8
  VALUE_CACHE_PRECISION: u8
  KEY_CACHE_GROUP_SIZE: 0
  VALUE_CACHE_GROUP_SIZE: 0
  RUNTIME_REQUIREMENTS: meta=1.0;ov=2026.4.1;isa=Intel AVX-512 with Intel DL Boost and bfloat16 support
EXECUTION_DEVICES:
 CPU: AMD RYZEN AI MAX+ PRO 395 w/ Radeon 8060S      
Model: whisper decoder model
  NETWORK_NAME: Model3
  OPTIMAL_NUMBER_OF_INFER_REQUESTS: 1
  NUM_STREAMS: 1
  INFERENCE_NUM_THREADS: 16
  PERF_COUNT: NO
  INFERENCE_PRECISION_HINT: bf16
  PERFORMANCE_HINT: LATENCY
  EXECUTION_MODE_HINT: PERFORMANCE
  PERFORMANCE_HINT_NUM_REQUESTS: 0
  ENABLE_CPU_PINNING: YES
  ENABLE_CPU_RESERVATION: NO
  SCHEDULING_CORE_TYPE: ANY_CORE
  MODEL_DISTRIBUTION_POLICY: 
  ENABLE_HYPER_THREADING: NO
  EXECUTION_DEVICES: CPU
  CPU_DENORMALS_OPTIMIZATION: NO
  LOG_LEVEL: LOG_NONE
  CPU_SPARSE_WEIGHTS_DECOMPRESSION_RATE: 1
  ENABLE_TENSOR_PARALLEL: NO
  TBB_PARTITIONER: STATIC
  DYNAMIC_QUANTIZATION_GROUP_SIZE: 32
  KV_CACHE_PRECISION: f16
  KEY_CACHE_PRECISION: f16
  VALUE_CACHE_PRECISION: f16
  KEY_CACHE_GROUP_SIZE: 0
  VALUE_CACHE_GROUP_SIZE: 0
  RUNTIME_REQUIREMENTS: meta=1.0;ov=2026.4.1;isa=Intel AVX-512 with Intel DL Boost and bfloat16 support
EXECUTION_DEVICES:
 CPU: AMD RYZEN AI MAX+ PRO 395 w/ Radeon 8060S      
[cell 12 DONE  +  108.1s]
[cell 13 START +  108.1s] ### Audio transcription | [back to top ⬆️](#Table-of-contents:) |  | Let's s
[cell 14 START +  108.1s] from notebook_utils import download_file |  | en_example_short = Path("dat
[cell 14 DONE  +  110.7s]
[cell 15 START +  110.7s] import librosa | import IPython.display as ipd |  | en_raw_speech, samplerat
[cell 15 DONE  +  110.8s]
NBEXEC_RESULT={"ok": false, "n_cells": 21, "n_skipped": 1, "n_substituted": 1, "stopped_after": null, "error_cell": null, "error_type": "CellExecutionError", "error_head": "\u001b[31mModuleNotFoundError\u001b[39m: No module named 'librosa'", "duration_s": 113.43, "patch_notes": ["substituted 1 occurrence(s) in cell 14", "skipped cell 30: matched skip pattern"]}
