[cell 0 START +    0.4s] # Text-to-speech (TTS) with Parler-TTS and OpenVINO |  | Parler-TTS is a l
[cell 1 START +    0.4s] ## Prerequisites | [back to top ⬆️](#Table-of-contents:)
[cell 2 START +    0.4s] import os | import requests | from pathlib import Path |  | os.environ["GIT_CL
[cell 2 DONE  +   43.9s]
[cell 3 START +   43.9s] ## Load the original model and inference | [back to top ⬆️](#Table-of-co
[cell 4 START +   43.9s] import torch | from parler_tts import ParlerTTSForConditionalGeneration | 
[cell 4 DONE  +   64.5s]
[cell 5 START +   64.5s] import IPython.display as ipd |  | ipd.Audio("parler_tts_out.wav")
[cell 5 DONE  +   64.5s]
[cell 6 START +   64.5s] ## Convert the model to OpenVINO IR | [back to top ⬆️](#Table-of-content
[cell 7 START +   64.5s] import openvino as ov | from pathlib import Path |  |  | def convert(model: to
[cell 7 DONE  +   64.5s]
[cell 8 START +   64.5s] In the pipeline two models are used: Text Encoder (`T5EncoderModel`) a
[cell 9 START +   64.5s] TEXT_ENCODER_OV_PATH = Path("models/text_encoder_ir.xml") |  |  | example_in
[cell 9 DONE  +   64.5s]
[cell 10 START +   64.5s] The Decoder Model performs in generation pipeline and we can separate 
[cell 11 START +   64.5s] DECODER_STAGE_1_OV_PATH = Path("models/decoder_stage_1_ir.xml") |  |  | clas
[cell 11 DONE  +   64.5s]
[cell 12 START +   64.5s] DECODER_STAGE_2_OV_PATH = Path("models/decoder_stage_2_ir.xml") |  |  | clas
[cell 12 DONE  +   64.5s]
[cell 13 START +   64.5s] ## Compiling models and inference | [back to top ⬆️](#Table-of-contents:
[cell 14 START +   64.5s] import requests |  | if not Path("notebook_utils.py").exists(): |     r = re
[cell 14 DONE  +   64.7s]
[cell 15 START +   64.7s] Let's create callable wrapper classes for compiled models to allow int
[cell 16 START +   64.7s] from collections import namedtuple |  | import torch.nn as nn |  | EncoderOutp
[cell 16 DONE  +   64.7s]
[cell 17 START +   64.7s] Now we can replace the original models by our wrapped OpenVINO models 
[cell 18 START +   64.7s] model.text_encoder = TextEncoderModelWrapper(TEXT_ENCODER_OV_PATH, mod
[cell 18 DONE  +   66.0s]
NBEXEC_RESULT={"ok": false, "n_cells": 15, "n_skipped": 1, "n_substituted": 0, "stopped_after": null, "error_cell": null, "error_type": "CellExecutionError", "error_head": "BrgemmCPU node has incompatible input element types: f32 and bf16", "duration_s": 67.18, "patch_notes": ["skipped cell 23: matched skip pattern"]}
