[IPKernelApp] WARNING | Kernel is running over TCP without encryption. All communication (including code and outputs) is sent in plain text and is susceptible to eavesdropping. Use IPC transport or launch with kernel manager-provisioned CurveZMQ keys to enable transport encryption.
Traceback (most recent call last):
  File "/home/amd/Desktop/OpenVINO-Notebooks-on-AMD/ov_amd/_nbexec.py", line 144, in main
    client.execute()
  File "/home/amd/Desktop/OpenVINO-Notebooks-on-AMD/.venvs/cpu/a8f7f7470a0ae6d1/lib/python3.12/site-packages/jupyter_core/utils/__init__.py", line 165, in wrapped
    return loop.run_until_complete(inner)
           ^^^^^^^^^^^^^^^^^^^^^^^^^^^^^^
  File "/usr/lib/python3.12/asyncio/base_events.py", line 687, in run_until_complete
    return future.result()
           ^^^^^^^^^^^^^^^
  File "/home/amd/Desktop/OpenVINO-Notebooks-on-AMD/.venvs/cpu/a8f7f7470a0ae6d1/lib/python3.12/site-packages/nbclient/client.py", line 709, in async_execute
    await self.async_execute_cell(
  File "/home/amd/Desktop/OpenVINO-Notebooks-on-AMD/.venvs/cpu/a8f7f7470a0ae6d1/lib/python3.12/site-packages/nbclient/client.py", line 1062, in async_execute_cell
    await self._check_raise_for_error(cell, cell_index, exec_reply)
  File "/home/amd/Desktop/OpenVINO-Notebooks-on-AMD/.venvs/cpu/a8f7f7470a0ae6d1/lib/python3.12/site-packages/nbclient/client.py", line 918, in _check_raise_for_error
    raise CellExecutionError.from_cell_and_msg(cell, exec_reply_content)
nbclient.exceptions.CellExecutionError: An error occurred while executing the following cell:
------------------
%%skip not $to_quantize.value

import nncf

from zipfile import ZipFile

from notebook_utils import use_local_ultralytics_datasets
from ultralytics.utils import DEFAULT_CFG
from ultralytics.cfg import get_cfg
from ultralytics.data.utils import check_det_dataset
from ultralytics.models.yolo.pose import PoseValidator
from ultralytics.utils.metrics import OKS_SIGMA

if not int8_model_pose_path.exists():

    DATA_URL = "https://ultralytics.com/assets/coco8-pose.zip"
    CFG_URL = "https://raw.githubusercontent.com/ultralytics/ultralytics/v8.1.0/ultralytics/cfg/datasets/coco8-pose.yaml"

    OUT_DIR = use_local_ultralytics_datasets()

    DATA_PATH = OUT_DIR / "val2017.zip"
    CFG_PATH = OUT_DIR / "coco8-pose.yaml"

    if not (OUT_DIR / "coco8-pose/labels").exists():
        download_file(DATA_URL, DATA_PATH.name, DATA_PATH.parent)
        download_file(CFG_URL, CFG_PATH.name, CFG_PATH.parent)
        with ZipFile(DATA_PATH, "r") as zip_ref:
            zip_ref.extractall(OUT_DIR)

    args = get_cfg(cfg=DEFAULT_CFG)
    args.data = "coco8-pose.yaml"

    pose_validator = PoseValidator(args=args)
    pose_validator.data = check_det_dataset(args.data)
    pose_validator.stride = 32
    pose_data_loader = pose_validator.get_dataloader(OUT_DIR / "coco8-pose", 1)

    pose_validator.is_coco = True
    pose_validator.names = label_map
    pose_validator.metrics.names = pose_validator.names
    pose_validator.nc = 1
    pose_validator.sigma = OKS_SIGMA


    def transform_fn(data_item:dict):
        """
        Quantization transform function. Extracts and preprocess input data from dataloader item for quantization.
        Parameters:
           data_item: Dict with data item produced by DataLoader during iteration
        Returns:
            input_tensor: Input data for quantization
        """
        input_tensor = pose_validator.preprocess(data_item)['img'].numpy()
        return input_tensor


    quantization_dataset = nncf.Dataset(pose_data_loader, transform_fn)
------------------


[31m---------------------------------------------------------------------------[39m
[31mException[39m                                 Traceback (most recent call last)
[36mCell[39m[36m [39m[32mIn[11][39m[32m, line 1[39m
[32m----> [39m[32m1[39m get_ipython().run_cell_magic([33m'skip'[39m, [33m'not $to_quantize.value'[39m, [33m'\nimport nncf\n\nfrom zipfile import ZipFile\n\nfrom notebook_utils import use_local_ultralytics_datasets\nfrom ultralytics.utils import DEFAULT_CFG\nfrom ultralytics.cfg import get_cfg\nfrom ultralytics.data.utils import check_det_dataset\nfrom ultralytics.models.yolo.pose import PoseValidator\nfrom ultralytics.utils.metrics import OKS_SIGMA\n\nif not int8_model_pose_path.exists():\n\n    DATA_URL = "https://ultralytics.com/assets/coco8-pose.zip"\n    CFG_URL = "https://raw.githubusercontent.com/ultralytics/ultralytics/v8.1.0/ultralytics/cfg/datasets/coco8-pose.yaml"\n\n    OUT_DIR = use_local_ultralytics_datasets()\n\n    DATA_PATH = OUT_DIR / "val2017.zip"\n    CFG_PATH = OUT_DIR / "coco8-pose.yaml"\n\n    if not (OUT_DIR / "coco8-pose/labels").exists():\n        download_file(DATA_URL, DATA_PATH.name, DATA_PATH.parent)\n        download_file(CFG_URL, CFG_PATH.name, CFG_PATH.parent)\n        with ZipFile(DATA_PATH, "r") as zip_ref:\n            zip_ref.extractall(OUT_DIR)\n\n    args = get_cfg(cfg=DEFAULT_CFG)\n    args.data = "coco8-pose.yaml"\n\n    pose_validator = PoseValidator(args=args)\n    pose_validator.data = check_det_dataset(args.data)\n    pose_validator.stride = 32\n    pose_data_loader = pose_validator.get_dataloader(OUT_DIR / "coco8-pose", 1)\n\n    pose_validator.is_coco = True\n    pose_validator.names = label_map\n    pose_validator.metrics.names = pose_validator.names\n    pose_validator.nc = 1\n    pose_validator.sigma = OKS_SIGMA\n\n\n    def transform_fn(data_item:dict):\n        """\n        Quantization transform function. Extracts and preprocess input data from dataloader item for quantization.\n        Parameters:\n           data_item: Dict with data item produced by DataLoader during iteration\n        Returns:\n            input_tensor: Input data for quantization\n        """\n        input_tensor = pose_validator.preprocess(data_item)[\'img\'].numpy()\n        return input_tensor\n\n\n    quantization_dataset = nncf.Dataset(pose_data_loader, transform_fn)\n'[39m)

[36mFile [39m[32m~/Desktop/OpenVINO-Notebooks-on-AMD/results/yolov11-keypoint-detection/workdir-cpu/skip_kernel_extension.py:9[39m, in [36mskip[39m[34m(line, cell)[39m
[32m      6[39m [38;5;28;01mif[39;00m [38;5;28meval[39m(line):
[32m      7[39m     [38;5;28;01mreturn[39;00m
[32m----> [39m[32m9[39m [30;43mget_ipython[39;49m[30;43m([39;49m[30;43m)[39;49m[30;43m.[39;49m[30;43mex[39;49m[30;43m([39;49m[30;43mcell[39;49m[30;43m)[39;49m

[36mFile [39m[32m<string>:24[39m

[36mFile [39m[32m~/Desktop/OpenVINO-Notebooks-on-AMD/results/yolov11-keypoint-detection/workdir-cpu/notebook_utils.py:149[39m, in [36mdownload_file[39m[34m(url, filename, directory, show_progress)[39m
[32m    147[39m     [38;5;28;01mraise[39;00m [38;5;167;01mException[39;00m(error) [38;5;28;01mfrom[39;00m[38;5;250m [39m[38;5;28;01mNone[39;00m
[32m    148[39m [38;5;28;01mexcept[39;00m requests.exceptions.Timeout:
[32m--> [39m[32m149[39m     [38;5;28;01mraise[39;00m [38;5;167;01mException[39;00m(
[32m    150[39m         [33m"[39m[33mConnection timed out. If you access the internet through a proxy server, please [39m[33m"[39m
[32m    151[39m         [33m"[39m[33mmake sure the proxy is set in the shell from where you launched Jupyter.[39m[33m"[39m
[32m    152[39m     ) [38;5;28;01mfrom[39;00m[38;5;250m [39m[38;5;28;01mNone[39;00m
[32m    153[39m [38;5;28;01mexcept[39;00m requests.exceptions.RequestException [38;5;28;01mas[39;00m error:
[32m    154[39m     [38;5;28;01mraise[39;00m [38;5;167;01mException[39;00m([33mf[39m[33m"[39m[33mFile downloading failed with error: [39m[38;5;132;01m{[39;00merror[38;5;132;01m}[39;00m[33m"[39m) [38;5;28;01mfrom[39;00m[38;5;250m [39m[38;5;28;01mNone[39;00m

[31mException[39m: Connection timed out. If you access the internet through a proxy server, please make sure the proxy is set in the shell from where you launched Jupyter.

