/opt/venv/lib/python3.12/site-packages/transformers/utils/hub.py:110: FutureWarning: Using `TRANSFORMERS_CACHE` is deprecated and will be removed in v5 of Transformers. Use `HF_HOME` instead.
  warnings.warn(
/opt/venv/lib/python3.12/site-packages/transformers/loss/loss_for_object_detection.py:28: UserWarning: A NumPy version >=1.23.5 and <2.3.0 is required for this version of SciPy (detected version 2.5.3)
  from scipy.optimize import linear_sum_assignment
/opt/venv/lib/python3.12/site-packages/torch/nn/modules/rnn.py:123: UserWarning: dropout option adds dropout after all but last recurrent layer, so non-zero dropout expects num_layers greater than 1, but got dropout=0.2 and num_layers=1
  warnings.warn(
/opt/venv/lib/python3.12/site-packages/torch/nn/utils/weight_norm.py:144: FutureWarning: `torch.nn.utils.weight_norm` is deprecated in favor of `torch.nn.utils.parametrizations.weight_norm`.
  WeightNorm.apply(module, name, dim)
/workspace/.venv-gpu/lib/python3.12/site-packages/spacy/util.py:971: UserWarning: [W095] Model 'en_core_web_sm' (3.7.1) was trained with spaCy v3.7.2 and may not be 100% compatible with the current version (3.8.16). If you see errors or degraded performance, download a newer compatible model or retrain your custom model with the current spaCy version. For more details and available updates, run: python -m spacy validate
  warnings.warn(warn_msg)
/opt/venv/lib/python3.12/site-packages/transformers/models/albert/modeling_albert.py:393: UserWarning: Using AOTriton backend for Efficient Attention forward... (Triggered internally at /app/pytorch/aten/src/ATen/native/transformers/hip/attention.hip:1452.)
  attention_output = torch.nn.functional.scaled_dot_product_attention(
MIOpen(HIP): Warning [IsEnoughWorkspace] [GetSolutionsFallback WTI] Solver <GemmFwdRest>, workspace required: 18636800, provided ptr: 0 size: 0
MIOpen(HIP): Warning [IsEnoughWorkspace] [EvaluateInvokers] Solver <GemmFwdRest>, workspace required: 18636800, provided ptr: 0 size: 0
MIOpen(HIP): Warning [IsEnoughWorkspace] [GetSolutionsFallback WTI] Solver <GemmFwdRest>, workspace required: 18636800, provided ptr: 0 size: 0
MIOpen(HIP): Warning [IsEnoughWorkspace] [EvaluateInvokers] Solver <GemmFwdRest>, workspace required: 18636800, provided ptr: 0 size: 0
MIOpen(HIP): Warning [IsEnoughWorkspace] [GetSolutionsFallback WTI] Solver <GemmFwdRest>, workspace required: 7987200, provided ptr: 0 size: 0
MIOpen(HIP): Warning [IsEnoughWorkspace] [EvaluateInvokers] Solver <GemmFwdRest>, workspace required: 7987200, provided ptr: 0 size: 0
MIOpen(HIP): Warning [IsEnoughWorkspace] [GetSolutionsFallback WTI] Solver <GemmFwdRest>, workspace required: 7987200, provided ptr: 0 size: 0
MIOpen(HIP): Warning [IsEnoughWorkspace] [EvaluateInvokers] Solver <GemmFwdRest>, workspace required: 7987200, provided ptr: 0 size: 0
MIOpen(HIP): Warning [IsEnoughWorkspace] [GetSolutionsFallback WTI] Solver <GemmFwdRest>, workspace required: 29286400, provided ptr: 0 size: 0
MIOpen(HIP): Warning [IsEnoughWorkspace] [EvaluateInvokers] Solver <GemmFwdRest>, workspace required: 29286400, provided ptr: 0 size: 0
MIOpen(HIP): Warning [IsEnoughWorkspace] [GetSolutionsFallback WTI] Solver <GemmFwdRest>, workspace required: 29286400, provided ptr: 0 size: 0
MIOpen(HIP): Warning [IsEnoughWorkspace] [EvaluateInvokers] Solver <GemmFwdRest>, workspace required: 29286400, provided ptr: 0 size: 0
MIOpen(HIP): Warning [IsEnoughWorkspace] [GetSolutionsFallback WTI] Solver <GemmFwdRest>, workspace required: 87864832, provided ptr: 0 size: 0
MIOpen(HIP): Warning [IsEnoughWorkspace] [EvaluateInvokers] Solver <GemmFwdRest>, workspace required: 87864832, provided ptr: 0 size: 0
MIOpen(HIP): Warning [IsEnoughWorkspace] [GetSolutionsFallback WTI] Solver <GemmFwdRest>, workspace required: 87864832, provided ptr: 0 size: 0
MIOpen(HIP): Warning [IsEnoughWorkspace] [EvaluateInvokers] Solver <GemmFwdRest>, workspace required: 87864832, provided ptr: 0 size: 0
MIOpen(HIP): Warning [IsEnoughWorkspace] [GetSolutionsFallback WTI] Solver <GemmFwdRest>, workspace required: 23963136, provided ptr: 0 size: 0
MIOpen(HIP): Warning [IsEnoughWorkspace] [EvaluateInvokers] Solver <GemmFwdRest>, workspace required: 23963136, provided ptr: 0 size: 0
MIOpen(HIP): Warning [IsEnoughWorkspace] [GetSolutionsFallback WTI] Solver <GemmFwdRest>, workspace required: 23963136, provided ptr: 0 size: 0
MIOpen(HIP): Warning [IsEnoughWorkspace] [EvaluateInvokers] Solver <GemmFwdRest>, workspace required: 23963136, provided ptr: 0 size: 0
MIOpen(HIP): Warning [IsEnoughWorkspace] [GetSolutionsFallback WTI] Solver <GemmFwdRest>, workspace required: 55913984, provided ptr: 0 size: 0
MIOpen(HIP): Warning [IsEnoughWorkspace] [EvaluateInvokers] Solver <GemmFwdRest>, workspace required: 55913984, provided ptr: 0 size: 0
MIOpen(HIP): Warning [IsEnoughWorkspace] [GetSolutionsFallback WTI] Solver <GemmFwdRest>, workspace required: 55913984, provided ptr: 0 size: 0
MIOpen(HIP): Warning [IsEnoughWorkspace] [EvaluateInvokers] Solver <GemmFwdRest>, workspace required: 55913984, provided ptr: 0 size: 0
