[transformers] `PaddleOCRVLProcessor` defines `image_processor_class = 'AutoImageProcessor'`, which is deprecated. Register the correct mapping in `AutoImageProcessor` instead.
[transformers] Unrecognized keys in `rope_parameters` for 'rope_type'='default': {'mrope_section'}
[transformers] Unrecognized keys in `rope_parameters` for 'rope_type'='default': {'mrope_section'}
Loading weights:   0%|          | 0/608 [00:00<?, ?it/s]Loading weights:   0%|          | 1/608 [00:00<01:14,  8.18it/s]Loading weights:   1%|▏         | 8/608 [00:00<00:18, 31.71it/s]Loading weights:   9%|▉         | 56/608 [00:00<00:02, 196.30it/s]Loading weights:  17%|█▋        | 106/608 [00:00<00:01, 297.43it/s]Loading weights:  25%|██▌       | 154/608 [00:00<00:01, 351.06it/s]Loading weights:  32%|███▏      | 192/608 [00:00<00:01, 327.84it/s]Loading weights:  44%|████▍     | 266/608 [00:00<00:00, 446.33it/s]Loading weights:  56%|█████▋    | 342/608 [00:00<00:00, 538.04it/s]Loading weights:  69%|██████▉   | 422/608 [00:01<00:00, 607.41it/s]Loading weights:  82%|████████▏ | 498/608 [00:01<00:00, 645.80it/s]Loading weights:  94%|█████████▍| 570/608 [00:01<00:00, 665.62it/s]Loading weights: 100%|██████████| 608/608 [00:01<00:00, 475.22it/s]
[transformers] The tied weights mapping and config for this model specifies to tie model.language_model.embed_tokens.weight to lm_head.weight, but both are present in the checkpoints with different values, so we will NOT tie them. You should update the config with `tie_word_embeddings=False` to silence this warning.
Traceback (most recent call last):
  File "/workspace/workloads/paddleocr_vl/rocm/run.py", line 94, in <module>
    raise SystemExit(main())
                     ^^^^^^
  File "/workspace/workloads/paddleocr_vl/rocm/run.py", line 58, in main
    _gen()  # warmup
    ^^^^^^
  File "/workspace/workloads/paddleocr_vl/rocm/run.py", line 53, in _gen
    inputs = processor(images=[image], text=text, return_tensors="pt").to("cuda:0", torch.bfloat16)
             ^^^^^^^^^^^^^^^^^^^^^^^^^^^^^^^^^^^^^^^^^^^^^^^^^^^^^^^^^
  File "/workspace/.venv-gpu/lib/python3.12/site-packages/transformers/processing_utils.py", line 693, in __call__
    text, text_replacement_offsets = self.get_text_with_replacements(
                                     ^^^^^^^^^^^^^^^^^^^^^^^^^^^^^^^^
  File "/workspace/.venv-gpu/lib/python3.12/site-packages/transformers/processing_utils.py", line 897, in get_text_with_replacements
    for m in re.finditer(regex_special_mm_tokens, text[batch_idx]):
             ^^^^^^^^^^^^^^^^^^^^^^^^^^^^^^^^^^^^^^^^^^^^^^^^^^^^^
  File "/usr/lib/python3.12/re/__init__.py", line 224, in finditer
    return _compile(pattern, flags).finditer(string)
           ^^^^^^^^^^^^^^^^^^^^^^^^^^^^^^^^^^^^^^^^^
TypeError: expected string or bytes-like object, got 'list'
