[cell 0 START +    0.5s] # YOLO26 Oriented Bounding Boxes Object Detection with OpenVINO™ |  | [YOL
[cell 1 START +    0.5s] ### Prerequisites | [back to top ⬆️](#Table-of-contents:)
[cell 2 START +    0.5s] %pip install -qU "openvino>=2026.0.0" "nncf>=3.0.0" | %pip install -q "t
[cell 2 DONE  +    1.9s]
[cell 3 START +    1.9s] Import required utility functions. The lower cell will download the `n
[cell 4 START +    1.9s] from pathlib import Path | import requests |  | if not Path("notebook_utils.
[cell 4 DONE  +    1.9s]
[cell 5 START +    1.9s] ### Get PyTorch model | [back to top ⬆️](#Table-of-contents:) |  | Generally
[cell 6 START +    1.9s] import ipywidgets as widgets |  | model_id = ["yolo26n-obb", "yolo26s-obb"
[cell 6 DONE  +    2.0s]
[cell 7 START +    2.0s] from ultralytics import YOLO |  | OBB_MODEL_NAME = model_name.value |  | model
[cell 7 DONE  +    3.2s]
[cell 8 START +    3.2s] ### Prepare dataset and dataloader | [back to top ⬆️](#Table-of-contents
[cell 9 START +    3.2s] from ultralytics.cfg import get_cfg | from ultralytics.data.utils import
[cell 9 DONE  +    3.4s]
[cell 10 START +    3.4s] ### Run PyTorch inference | [back to top ⬆️](#Table-of-contents:)
[cell 11 START +    3.4s] from PIL import Image |  | res = model(example_image_path, device="cpu") | I
[cell 11 DONE  +    3.6s]
[cell 12 START +    3.6s] ### Convert PyTorch model to OpenVINO IR | [back to top ⬆️](#Table-of-co
[cell 13 START +    3.6s] OV_MODEL_PATH = Path(f"{OBB_MODEL_NAME}_openvino_model/{OBB_MODEL_NAME
[cell 13 DONE  +    3.6s]
[cell 14 START +    3.6s] #### Select inference device | [back to top ⬆️](#Table-of-contents:) |  | Se
[cell 15 START +    3.6s] device = device_widget() |  | device
[cell 15 DONE  +    3.7s]
[cell 16 START +    3.7s] #### Run OpenVINO inference | [back to top ⬆️](#Table-of-contents:) |  | We 
[cell 17 START +    3.7s] ov_obb_model = YOLO(OV_MODEL_PATH.parent, task="obb") |  | res = ov_obb_mo
[cell 17 DONE  +    4.0s]
[cell 18 START +    4.0s] ### Quantization | [back to top ⬆️](#Table-of-contents:) |  | [NNCF](https:/
[cell 19 START +    4.0s] INT8_OV_PATH = Path(f"{OBB_MODEL_NAME}_openvino_model_int8/{OBB_MODEL_
[cell 19 DONE  +    4.0s]
[cell 20 START +    4.0s] Let's load `skip magic` extension to skip quantization if `to_quantize
[cell 21 START +    4.0s] # Fetch skip_kernel_extension module | if not Path("skip_kernel_extensio
[cell 21 DONE  +    4.0s]
[cell 22 START +    4.0s] %%skip not $to_quantize.value |  | import nncf | import torch |  |  | if validator
[cell 22 DONE  +    4.3s]
[cell 23 START +    4.3s] Create a quantized model from the pre-trained converted OpenVINO model
[cell 24 START +    4.3s] The `nncf.quantize` function provides an interface for model quantizat
[cell 25 START +    4.3s] %%skip not $to_quantize.value |  | import shutil | import openvino as ov |  | co
[cell 25 DONE  +    4.3s]
[cell 26 START +    4.3s] ### Validate Quantized Model | [back to top ⬆️](#Table-of-contents:) |  | Le
[cell 27 START +    4.3s] %%skip not $to_quantize.value |  | int8_obb_model = YOLO(INT8_OV_PATH.pare
[cell 27 DONE  +    4.8s]
[cell 28 START +    4.8s] ### Compare inference time and model sizes | [back to top ⬆️](#Table-of-
[cell 29 START +    4.8s] %%skip not $to_quantize.value |  | fp16_ir_model_size = OV_MODEL_PATH.with
[cell 29 DONE  +    4.8s]
[cell 30 START +    4.8s] # Inference FP16 model (OpenVINO IR) | !benchmark_app -m $OV_MODEL_PATH 
[cell 30 DONE  +   20.5s]
[cell 31 START +   20.5s] if INT8_OV_PATH.exists(): |     # Inference INT8 model (Quantized model)
[cell 31 DONE  +   36.4s]
NBEXEC_RESULT={"ok": true, "n_cells": 17, "n_skipped": 0, "n_substituted": 0, "stopped_after": null, "error_cell": null, "error_type": null, "error_head": null, "duration_s": 39.08, "patch_notes": []}
