[IPKernelApp] WARNING | Kernel is running over TCP without encryption. All communication (including code and outputs) is sent in plain text and is susceptible to eavesdropping. Use IPC transport or launch with kernel manager-provisioned CurveZMQ keys to enable transport encryption.
[31mERROR: pip's dependency resolver does not currently take into account all the packages that are installed. This behaviour is the source of the following dependency conflicts.
parler-tts 0.2.2 requires transformers<=4.46.1,>=4.46.1, which is not installed.
easyocr 1.7.2 requires opencv-python-headless, which is not installed.
easyocr 1.7.2 requires torchvision>=0.5, which is not installed.
ace-step 0.2.0 requires torchvision, which is not installed.
ace-step 0.2.0 requires transformers==4.50.0, which is not installed.
peft 0.18.1 requires transformers, which is not installed.
omnivoice 0.2.1 requires transformers>=5.3.0, which is not installed.
timm 1.0.30 requires torchvision, which is not installed.
bert-score 0.3.13 requires transformers>=3.0.0, which is not installed.
optimum-intel 2.1.0.dev0 requires transformers<5.14,>=4.45, which is not installed.
ultralytics 8.3.236 requires torchvision>=0.9.0, which is not installed.
optimum 2.2.0 requires transformers>=4.29, which is not installed.
sentence-transformers 5.1.2 requires transformers<5.0.0,>=4.41.0, which is not installed.
ace-step 0.2.0 requires accelerate==1.6.0, but you have accelerate 1.15.0 which is incompatible.
ace-step 0.2.0 requires datasets==3.4.1, but you have datasets 3.6.0 which is incompatible.
ace-step 0.2.0 requires diffusers>=0.33.0, but you have diffusers 0.29.0 which is incompatible.
ace-step 0.2.0 requires librosa==0.11.0, but you have librosa 0.10.2 which is incompatible.
ace-step 0.2.0 requires matplotlib==3.10.1, but you have matplotlib 3.7.5 which is incompatible.
ace-step 0.2.0 requires soundfile==0.13.1, but you have soundfile 0.12.1 which is incompatible.
descript-audiotools 0.7.4 requires protobuf!=4.24.0,<5.0.0,>=3.19.6, but you have protobuf 6.33.5 which is incompatible.[0m[31m
[0mNote: switching to '1ab0dd75353392f28a0d05d9ca960c9954b13c83'.

You are in 'detached HEAD' state. You can look around, make experimental
changes and commit them, and you can discard any commits you make in this
state without impacting any branches by switching back to a branch.

If you want to create a new branch to retain commits you create, you may
do so (now or later) by using -c with the switch command. Example:

  git switch -c <new-branch-name>

Or undo this operation with:

  git switch -

Turn off this advice by setting config variable advice.detachedHead to false

HEAD is now at 1ab0dd7 update: update readme
[31mERROR: pip's dependency resolver does not currently take into account all the packages that are installed. This behaviour is the source of the following dependency conflicts.
ace-step 0.2.0 requires torchvision, which is not installed.
timm 1.0.30 requires torchvision, which is not installed.
parler-tts 0.2.2 requires transformers<=4.46.1,>=4.46.1, but you have transformers 4.57.3 which is incompatible.
ace-step 0.2.0 requires accelerate==1.6.0, but you have accelerate 1.12.0 which is incompatible.
ace-step 0.2.0 requires datasets==3.4.1, but you have datasets 3.6.0 which is incompatible.
ace-step 0.2.0 requires diffusers>=0.33.0, but you have diffusers 0.29.0 which is incompatible.
ace-step 0.2.0 requires librosa==0.11.0, but you have librosa 0.10.2 which is incompatible.
ace-step 0.2.0 requires matplotlib==3.10.1, but you have matplotlib 3.7.5 which is incompatible.
ace-step 0.2.0 requires soundfile==0.13.1, but you have soundfile 0.12.1 which is incompatible.
ace-step 0.2.0 requires transformers==4.50.0, but you have transformers 4.57.3 which is incompatible.
omnivoice 0.2.1 requires transformers>=5.3.0, but you have transformers 4.57.3 which is incompatible.[0m[31m
[0m/bin/sh: 1: sox: not found
