[IPKernelApp] WARNING | Kernel is running over TCP without encryption. All communication (including code and outputs) is sent in plain text and is susceptible to eavesdropping. Use IPC transport or launch with kernel manager-provisioned CurveZMQ keys to enable transport encryption.
[31mERROR: pip's dependency resolver does not currently take into account all the packages that are installed. This behaviour is the source of the following dependency conflicts.
hf-gradio 0.4.1 requires gradio-client<3.0,>=2.0, but you have gradio-client 1.14.0 which is incompatible.[0m[31m
[0mvenvs/cpu/0e3c03443623f289/lib/python3.12/site-packages/transformers/__init__.py)

The above exception was the direct cause of the following exception:

Traceback (most recent call last):
  File "/workspace/.venvs/cpu/0e3c03443623f289/lib/python3.12/site-packages/diffusers/utils/import_utils.py", line 1016, in _get_module
    return importlib.import_module("." + module_name, self.__name__)
           ^^^^^^^^^^^^^^^^^^^^^^^^^^^^^^^^^^^^^^^^^^^^^^^^^^^^^^^^^
  File "/usr/lib/python3.12/importlib/__init__.py", line 90, in import_module
    return _bootstrap._gcd_import(name[level:], package, level)
           ^^^^^^^^^^^^^^^^^^^^^^^^^^^^^^^^^^^^^^^^^^^^^^^^^^^^
  File "<frozen importlib._bootstrap>", line 1387, in _gcd_import
  File "<frozen importlib._bootstrap>", line 1360, in _find_and_load
  File "<frozen importlib._bootstrap>", line 1331, in _find_and_load_unlocked
  File "<frozen importlib._bootstrap>", line 935, in _load_unlocked
  File "<frozen importlib._bootstrap_external>", line 995, in exec_module
  File "<frozen importlib._bootstrap>", line 488, in _call_with_frames_removed
  File "/workspace/.venvs/cpu/0e3c03443623f289/lib/python3.12/site-packages/diffusers/pipelines/auto_pipeline.py", line 55, in <module>
    from .hunyuandit import HunyuanDiTPipeline
  File "<frozen importlib._bootstrap>", line 1412, in _handle_fromlist
  File "/workspace/.venvs/cpu/0e3c03443623f289/lib/python3.12/site-packages/diffusers/utils/import_utils.py", line 1006, in __getattr__
    module = self._get_module(self._class_to_module[name])
             ^^^^^^^^^^^^^^^^^^^^^^^^^^^^^^^^^^^^^^^^^^^^^
  File "/workspace/.venvs/cpu/0e3c03443623f289/lib/python3.12/site-packages/diffusers/utils/import_utils.py", line 1018, in _get_module
    raise RuntimeError(
RuntimeError: Failed to import diffusers.pipelines.hunyuandit.pipeline_hunyuandit because of the following error (look up to see its traceback):
cannot import name 'MT5Tokenizer' from 'transformers' (/workspace/.venvs/cpu/0e3c03443623f289/lib/python3.12/site-packages/transformers/__init__.py)

The above exception was the direct cause of the following exception:

Traceback (most recent call last):
  File "/workspace/.venvs/cpu/0e3c03443623f289/bin/optimum-cli", line 6, in <module>
    sys.exit(main())
             ^^^^^^
  File "/workspace/.venvs/cpu/0e3c03443623f289/lib/python3.12/site-packages/optimum/commands/optimum_cli.py", line 219, in main
    service.run()
  File "/workspace/.venvs/cpu/0e3c03443623f289/lib/python3.12/site-packages/optimum/commands/export/openvino.py", line 345, in run
    from ...intel.openvino.configuration import (
  File "/workspace/.venvs/cpu/0e3c03443623f289/lib/python3.12/site-packages/optimum/intel/openvino/__init__.py", line 66, in <module>
    from .quantization import OVCalibrationDataset, OVQuantizer
  File "/workspace/.venvs/cpu/0e3c03443623f289/lib/python3.12/site-packages/optimum/intel/openvino/quantization.py", line 79, in <module>
    from optimum.intel.openvino.modeling_diffusion import OVDiffusionPipeline
  File "/workspace/.venvs/cpu/0e3c03443623f289/lib/python3.12/site-packages/optimum/intel/openvino/modeling_diffusion.py", line 30, in <module>
    from diffusers import (
  File "<frozen importlib._bootstrap>", line 1412, in _handle_fromlist
  File "/workspace/.venvs/cpu/0e3c03443623f289/lib/python3.12/site-packages/diffusers/utils/import_utils.py", line 1007, in __getattr__
    value = getattr(module, name)
            ^^^^^^^^^^^^^^^^^^^^^
  File "/workspace/.venvs/cpu/0e3c03443623f289/lib/python3.12/site-packages/diffusers/utils/import_utils.py", line 1006, in __getattr__
    module = self._get_module(self._class_to_module[name])
             ^^^^^^^^^^^^^^^^^^^^^^^^^^^^^^^^^^^^^^^^^^^^^
  File "/workspace/.venvs/cpu/0e3c03443623f289/lib/python3.12/site-packages/diffusers/utils/import_utils.py", line 1018, in _get_module
    raise RuntimeError(
RuntimeError: Failed to import diffusers.pipelines.auto_pipeline because of the following error (look up to see its traceback):
Failed to import diffusers.pipelines.hunyuandit.pipeline_hunyuandit because of the following error (look up to see its traceback):
cannot import name 'MT5Tokenizer' from 'transformers' (/workspace/.venvs/cpu/0e3c03443623f289/lib/python3.12/site-packages/transformers/__init__.py)
------------------

[31m---------------------------------------------------------------------------[39m
[31mCalledProcessError[39m                        Traceback (most recent call last)
[36mCell[39m[36m [39m[32mIn[5][39m[32m, line 17[39m
[32m     13[39m [38;5;66;03m# We therefore export every sub-model in FP32 first and then - for the INT8 preset - weight-compress[39;00m
[32m     14[39m [38;5;66;03m# ONLY the language model and token-embedding sub-models to INT8. The language model dominates the[39;00m
[32m     15[39m [38;5;66;03m# footprint, so this keeps most of the size benefit while preserving OCR accuracy.[39;00m
[32m     16[39m [38;5;28;01mif[39;00m [38;5;28;01mnot[39;00m model_dir.exists():
[32m---> [39m[32m17[39m     optimum_cli(
[32m     18[39m         model_id,
[32m     19[39m         model_dir,
[32m     20[39m         additional_args={[33m"task"[39m: [33m"image-text-to-text"[39m, [33m"weight-format"[39m: [33m"fp32"[39m},

[36mFile [39m[32m/workspace/results/hunyuan-ocr/workdir-cpu/cmd_helper.py:62[39m, in [36moptimum_cli[39m[34m(model_id, output_dir, show_command, additional_args, debug_logs)[39m
[32m     60[39m     [38;5;28;01mif[39;00m transofrmers_loglevel [38;5;129;01mis[39;00m [38;5;129;01mnot[39;00m [38;5;28;01mNone[39;00m:
[32m     61[39m         os.environ[[33m"[39m[33mTRANSFORMERS_VERBOSITY[39m[33m"[39m] = transofrmers_loglevel
[32m---> [39m[32m62[39m     [38;5;28;01mraise[39;00m exc
[32m     63[39m [38;5;28;01mfinally[39;00m:
[32m     64[39m     [38;5;28;01mif[39;00m transofrmers_loglevel [38;5;129;01mis[39;00m [38;5;129;01mnot[39;00m [38;5;28;01mNone[39;00m:

[36mFile [39m[32m/workspace/results/hunyuan-ocr/workdir-cpu/cmd_helper.py:49[39m, in [36moptimum_cli[39m[34m(model_id, output_dir, show_command, additional_args, debug_logs)[39m
[32m     46[39m     os.environ[[33m"[39m[33mTRANSFORMERS_VERBOSITY[39m[33m"[39m] = [33m"[39m[33mdebug[39m[33m"[39m
[32m     48[39m [38;5;28;01mtry[39;00m:
[32m---> [39m[32m49[39m     [30;43msubprocess[39;49m[30;43m.[39;49m[30;43mrun[39;49m[30;43m([39;49m[30;43mexport_command[39;49m[30;43m,[39;49m[30;43m [39;49m[30;43mshell[39;49m[30;43m=[39;49m[30;43m([39;49m[30;43mplatform[39;49m[30;43m.[39;49m[30;43msystem[39;49m[30;43m([39;49m[30;43m)[39;49m[30;43m [39;49m[30;43m==[39;49m[30;43m [39;49m[30;43m"[39;49m[30;43mWindows[39;49m[30;43m"[39;49m[30;43m)[39;49m[30;43m,[39;49m[30;43m [39;49m[30;43mcheck[39;49m[30;43m=[39;49m[30;43;01mTrue[39;49;00m[30;43m,[39;49m[30;43m [39;49m[30;43mcapture_output[39;49m[30;43m=[39;49m[30;43;01mTrue[39;49;00m[30;43m)[39;49m
[32m     50[39m [38;5;28;01mexcept[39;00m subprocess.CalledProcessError [38;5;28;01mas[39;00m exc:
[32m     51[39m     logger = logging.getLogger()

[36mFile [39m[32m/usr/lib/python3.12/subprocess.py:571[39m, in [36mrun[39m[34m(input, capture_output, timeout, check, *popenargs, **kwargs)[39m
[32m    569[39m     retcode = process.poll()
[32m    570[39m     [38;5;28;01mif[39;00m check [38;5;129;01mand[39;00m retcode:
[32m--> [39m[32m571[39m         [38;5;28;01mraise[39;00m CalledProcessError(retcode, process.args,
[32m    572[39m                                  output=stdout, stderr=stderr)
[32m    573[39m [38;5;28;01mreturn[39;00m CompletedProcess(process.args, retcode, stdout, stderr)

[31mCalledProcessError[39m: Command '['optimum-cli', 'export', 'openvino', '--model', 'tencent/HunyuanOCR', 'HunyuanOCR/INT8', '--task', 'image-text-to-text', '--weight-format', 'fp32']' returned non-zero exit status 1.

