[IPKernelApp] WARNING | Kernel is running over TCP without encryption. All communication (including code and outputs) is sent in plain text and is susceptible to eavesdropping. Use IPC transport or launch with kernel manager-provisioned CurveZMQ keys to enable transport encryption.
[31mERROR: pip's dependency resolver does not currently take into account all the packages that are installed. This behaviour is the source of the following dependency conflicts.
torchaudio 2.3.1+cpu requires torch==2.3.1, but you have torch 2.14.1+cpu which is incompatible.
ace-step 0.2.0 requires diffusers>=0.33.0, but you have diffusers 0.29.0 which is incompatible.
ace-step 0.2.0 requires librosa==0.11.0, but you have librosa 0.10.2 which is incompatible.
ace-step 0.2.0 requires soundfile==0.13.1, but you have soundfile 0.12.1 which is incompatible.
ace-step 0.2.0 requires transformers==4.50.0, but you have transformers 4.51.3 which is incompatible.[0m[31m
[0mNote: switching to '4085f5e80fb92c6c0eecd0c7f09bcb9d5fe07b14'.

You are in 'detached HEAD' state. You can look around, make experimental
changes and commit them, and you can discard any commits you make in this
state without impacting any branches by switching back to a branch.

If you want to create a new branch to retain commits you create, you may
do so (now or later) by using -c with the switch command. Example:

  git switch -c <new-branch-name>

Or undo this operation with:

  git switch -

Turn off this advice by setting config variable advice.detachedHead to false

HEAD is now at 4085f5e8 Fix HunYuanVL OV generate: add no-op get_experts_implementation
Traceback (most recent call last):
  File "/home/amd/Desktop/OpenVINO-Notebooks-on-AMD/ov_amd/_nbexec.py", line 144, in main
    client.execute()
  File "/home/amd/Desktop/OpenVINO-Notebooks-on-AMD/.venvs/cpu/61f5a7307753eddf/lib/python3.12/site-packages/jupyter_core/utils/__init__.py", line 165, in wrapped
    return loop.run_until_complete(inner)
           ^^^^^^^^^^^^^^^^^^^^^^^^^^^^^^
  File "/usr/lib/python3.12/asyncio/base_events.py", line 687, in run_until_complete
    return future.result()
           ^^^^^^^^^^^^^^^
  File "/home/amd/Desktop/OpenVINO-Notebooks-on-AMD/.venvs/cpu/61f5a7307753eddf/lib/python3.12/site-packages/nbclient/client.py", line 709, in async_execute
    await self.async_execute_cell(
  File "/home/amd/Desktop/OpenVINO-Notebooks-on-AMD/.venvs/cpu/61f5a7307753eddf/lib/python3.12/site-packages/nbclient/client.py", line 1062, in async_execute_cell
    await self._check_raise_for_error(cell, cell_index, exec_reply)
  File "/home/amd/Desktop/OpenVINO-Notebooks-on-AMD/.venvs/cpu/61f5a7307753eddf/lib/python3.12/site-packages/nbclient/client.py", line 918, in _check_raise_for_error
    raise CellExecutionError.from_cell_and_msg(cell, exec_reply_content)
nbclient.exceptions.CellExecutionError: An error occurred while executing the following cell:
------------------
%pip uninstall -q -y optimum optimum-intel optimum-onnx

import subprocess
import sys

from notebook_utils import pip_install
from cmd_helper import clone_repo

pip_install("-q", "torch>=2.8", "torchvision", "--extra-index-url", "https://download.pytorch.org/whl/cpu")
fork_revision = "4085f5e80fb92c6c0eecd0c7f09bcb9d5fe07b14"
fork_dir = clone_repo("https://github.com/openvino-dev-samples/optimum-intel.git", fork_revision, add_to_sys_path=False)
actual_revision = subprocess.check_output(["git", "-C", str(fork_dir), "rev-parse", "HEAD"], text=True).strip()
if actual_revision != fork_revision:
    raise RuntimeError(f"Expected {fork_revision} in {fork_dir}, got {actual_revision}")
setup_path = fork_dir / "setup.py"
setup_text = setup_path.read_text(encoding="utf-8")
# Pin Optimum before its Hub requirement changed; allow safetensors 0.8 for hunyuan_vl.
dependencies = {
    '"optimum@https://codeload.github.com/huggingface/optimum/tar.gz/HEAD"': '"optimum@https://codeload.github.com/huggingface/optimum/tar.gz/52367da7f2d227d82db26d0de10f44c297b8c1eb"',
    '"safetensors<0.8.0"': '"safetensors>=0.8.0,<0.9.0"',
}
for original, pinned in dependencies.items():
    if setup_text.count(original) == 1:
        setup_text = setup_text.replace(original, pinned)
    elif setup_text.count(pinned) != 1:
        raise ValueError(f"Unexpected dependency in {setup_path}: {original}")
setup_path.write_text(setup_text, encoding="utf-8")
# The fork supports transformers<5.14; this revision adds hunyuan_vl and still satisfies that bound.
subprocess.run(
    [
        sys.executable,
        "-m",
        "pip",
        "install",
        "-q",
        str(fork_dir.resolve()),
        "https://codeload.github.com/huggingface/transformers/tar.gz/5d063058dc2ddae5e31e4fab1985701d5cf50133",
    ],
    check=True,
)
pip_install("-q", "openvino>=2026.2.0", "nncf>=2.17.0")
pip_install("-q", "gradio>=5.25.0", "Pillow>=10")
------------------

----- stdout -----
[33mWARNING: Skipping optimum as it is not installed.[0m[33m
[0m[33mWARNING: Skipping optimum-intel as it is not installed.[0m[33m
[0m[33mWARNING: Skipping optimum-onnx as it is not installed.[0m[33m
[0m
----- stdout -----
Note: you may need to restart the kernel to use updated packages.
----- stderr -----
[31mERROR: pip's dependency resolver does not currently take into account all the packages that are installed. This behaviour is the source of the following dependency conflicts.
torchaudio 2.3.1+cpu requires torch==2.3.1, but you have torch 2.14.1+cpu which is incompatible.
ace-step 0.2.0 requires diffusers>=0.33.0, but you have diffusers 0.29.0 which is incompatible.
ace-step 0.2.0 requires librosa==0.11.0, but you have librosa 0.10.2 which is incompatible.
ace-step 0.2.0 requires soundfile==0.13.1, but you have soundfile 0.12.1 which is incompatible.
ace-step 0.2.0 requires transformers==4.50.0, but you have transformers 4.51.3 which is incompatible.[0m[31m
[0m
----- stderr -----
Note: switching to '4085f5e80fb92c6c0eecd0c7f09bcb9d5fe07b14'.

You are in 'detached HEAD' state. You can look around, make experimental
changes and commit them, and you can discard any commits you make in this
state without impacting any branches by switching back to a branch.

If you want to create a new branch to retain commits you create, you may
do so (now or later) by using -c with the switch command. Example:

  git switch -c <new-branch-name>

Or undo this operation with:

  git switch -

Turn off this advice by setting config variable advice.detachedHead to false

HEAD is now at 4085f5e8 Fix HunYuanVL OV generate: add no-op get_experts_implementation
------------------

[31m---------------------------------------------------------------------------[39m
[31mValueError[39m                                Traceback (most recent call last)
[36mCell[39m[36m [39m[32mIn[2][39m[32m, line 26[39m
[32m     22[39m [38;5;28;01mfor[39;00m original, pinned [38;5;28;01min[39;00m dependencies.items():
[32m     23[39m     [38;5;28;01mif[39;00m setup_text.count(original) == [32m1[39m:
[32m     24[39m         setup_text = setup_text.replace(original, pinned)
[32m     25[39m     [38;5;28;01melif[39;00m setup_text.count(pinned) != [32m1[39m:
[32m---> [39m[32m26[39m         [38;5;28;01mraise[39;00m ValueError(f"Unexpected dependency in {setup_path}: {original}")
[32m     27[39m setup_path.write_text(setup_text, encoding=[33m"utf-8"[39m)
[32m     28[39m [38;5;66;03m# The fork supports transformers<5.14; this revision adds hunyuan_vl and still satisfies that bound.[39;00m
[32m     29[39m subprocess.run(

[31mValueError[39m: Unexpected dependency in optimum-intel/setup.py: "optimum@https://codeload.github.com/huggingface/optimum/tar.gz/HEAD"

