[cell 0 START +    0.4s] # Automatic Device Selection with OpenVINO™ |  | The [Auto device](https:/
[cell 1 START +    0.4s] ## Import modules and create Core | [back to top ⬆️](#Table-of-contents:
[cell 2 START +    0.4s] # Install required packages | %pip install -q "openvino>=2023.1.0" "matp
[cell 2 DONE  +    0.8s]
[cell 3 START +    0.8s] import time | import sys |  | import openvino as ov |  | from IPython.display im
[cell 3 DONE  +    0.9s]
[cell 4 START +    0.9s] ## Convert the model to OpenVINO IR format | [back to top ⬆️](#Table-of-
[cell 5 START +    0.9s] import torchvision | from pathlib import Path |  | base_model_dir = Path("./
[cell 5 DONE  +    1.9s]
[cell 6 START +    1.9s] ## (1) Simplify selection logic | [back to top ⬆️](#Table-of-contents:) | 
[cell 7 START +    1.9s] import openvino.properties.log as log |  | # Set LOG_LEVEL to LOG_INFO. | co
[03:18:33.9131]I[plugin.cpp:479][AUTO] device:CPU, config:LOG_LEVEL=LOG_INFO
[03:18:33.9131]I[plugin.cpp:479][AUTO] device:CPU, config:PERFORMANCE_HINT=LATENCY
[03:18:33.9131]I[plugin.cpp:479][AUTO] device:CPU, config:PERFORMANCE_HINT_NUM_REQUESTS=0
[03:18:33.9131]I[plugin.cpp:479][AUTO] device:CPU, config:PERF_COUNT=NO
[03:18:33.9131]I[plugin.cpp:484][AUTO] device:CPU, priority:0
[03:18:33.9131]I[plugin.cpp:510][AUTO] Original device list() size to load the model: 0
[03:18:33.9132]I[schedule.cpp:17][AUTO] scheduler starting
[03:18:33.9132]I[auto_schedule.cpp:163][AUTO] select device:CPU
[03:18:33.9137]I[auto_schedule.cpp:284][AUTO] Only one device or multiple devices of the same type will use passthrough compiled model
[03:18:33.9777]I[auto_schedule.cpp:341][AUTO] Device: [CPU]: Compile model took 64.006415 ms
[03:18:33.9778]I[auto_schedule.cpp:118][AUTO] device:CPU compiling model finished
[03:18:33.9779]I[plugin.cpp:534][AUTO] underlying hardware does not support hardware context
[cell 7 DONE  +    2.0s]
[cell 8 START +    2.0s] # Deleted model will wait until compiling on the selected device is co
[03:18:33.9823]I[schedule.cpp:312][AUTO] scheduler ending
[cell 8 DONE  +    2.0s]
[cell 9 START +    2.0s] ### Explicitly pass AUTO as device_name to Core::compile_model API | [ba
[cell 10 START +    2.0s] # Set LOG_LEVEL to LOG_NONE. | core.set_property("AUTO", {log.level(): l
[cell 10 DONE  +    2.0s]
[cell 11 START +    2.0s] # Deleted model will wait until compiling on the selected device is co
[cell 11 DONE  +    2.0s]
[cell 12 START +    2.0s] ## (2) Improve the first inference latency | [back to top ⬆️](#Table-of-
[cell 13 START +    2.0s] # Fetch `notebook_utils` module | import requests |  | if not Path("notebook
[cell 13 DONE  +    2.1s]
[cell 14 START +    2.1s] from PIL import Image |  | image_filename = Path("data/coco.jpg") |  | if not 
[cell 14 DONE  +    2.1s]
[cell 15 START +    2.1s] ### Load the model to GPU device and perform inference | [back to top ⬆️
[cell 16 START +    2.1s] if not any("GPU" in device for device in core.available_devices): |     
[cell 16 DONE  +    2.6s]
[cell 17 START +    2.6s] ### Load the model using AUTO device and do inference | [back to top ⬆️]
[cell 18 START +    2.6s] # Start time. | auto_load_start_time = time.perf_counter() | compiled_mode
[cell 18 DONE  +    2.6s]
[cell 19 START +    2.6s] # Deleted model will wait for compiling on the selected device to comp
[cell 19 DONE  +    2.6s]
[cell 20 START +    2.6s] ## (3) Achieve different performance for different targets | [back to to
[cell 21 START +    2.6s] class PerformanceMetrics: |     """ |     Record the latest performance me
[cell 21 DONE  +    2.6s]
[cell 22 START +    2.6s] ### Inference with THROUGHPUT hint | [back to top ⬆️](#Table-of-contents
[cell 23 START +    2.6s] import openvino.properties.hint as hints |  | THROUGHPUT_hint_context = In
[cell 23 DONE  +   62.7s]
[cell 24 START +   62.7s] ### Inference with LATENCY hint | [back to top ⬆️](#Table-of-contents:) | 
[cell 25 START +   62.7s] LATENCY_hint_context = InferContext(metrics_update_interval, metrics_u
[cell 25 DONE  +  122.7s]
[cell 26 START +  122.7s] ### Difference in FPS and latency | [back to top ⬆️](#Table-of-contents:
[cell 27 START +  122.7s] import matplotlib.pyplot as plt |  | TPUT = 0 | LAT = 1 | labels = ["THROUGHPU
[cell 27 DONE  +  123.0s]
[cell 28 START +  123.0s] # Output the difference. | width = 0.4 | fontsize = 14 |  | plt.rc("font", siz
[cell 28 DONE  +  123.1s]
NBEXEC_RESULT={"ok": true, "n_cells": 17, "n_skipped": 0, "n_substituted": 0, "stopped_after": null, "error_cell": null, "error_type": null, "error_head": null, "duration_s": 123.91, "patch_notes": []}
