[cell 0 START +    0.6s] # 🤗 Hugging Face Model Hub with OpenVINO™ |  | The Hugging Face (HF) [Mode
[cell 1 START +    0.6s] ## Converting a Model from the HF Transformers Package | [back to top ⬆️
[cell 2 START +    0.6s] ### Installing Requirements | [back to top ⬆️](#Table-of-contents:) | 
[cell 3 START +    0.6s] %pip uninstall -q -y optimum optimum-intel optimum-onnx | %pip install -
[cell 3 DONE  +    5.0s]
[cell 4 START +    5.0s] ### Imports | [back to top ⬆️](#Table-of-contents:) | 
[cell 5 START +    5.0s] from pathlib import Path |  | import numpy as np | import torch |  | from transf
[cell 5 DONE  +   10.3s]
[cell 6 START +   10.3s] ### Initializing a Model Using the HF Transformers Package | [back to to
[cell 7 START +   10.3s] MODEL = "distilbert/distilbert-base-uncased-finetuned-sst-2-english" |  | 
[cell 7 DONE  +   37.3s]
[cell 8 START +   37.3s] ### Original Model inference | [back to top ⬆️](#Table-of-contents:) |  | Le
[cell 9 START +   37.3s] text = "HF models run perfectly with OpenVINO!" |  | encoded_input = token
[cell 9 DONE  +   37.4s]
[cell 10 START +   37.4s] ### Converting the Model to OpenVINO IR format | [back to top ⬆️](#Table
[cell 11 START +   37.4s] import openvino as ov |  | save_model_path = Path("./models/model.xml") |  | i
[cell 11 DONE  +   38.4s]
[cell 12 START +   38.4s] ### Converted Model Inference | [back to top ⬆️](#Table-of-contents:) | 
[cell 13 START +   38.4s] First, we pick a device to do the model inference
[cell 14 START +   38.4s] from notebook_utils import device_widget |  | device = device_widget(exclu
[cell 14 DONE  +   38.6s]
[cell 15 START +   38.6s] OpenVINO model IR must be compiled for a specific device prior to the 
[cell 16 START +   38.6s] import openvino as ov |  | core = ov.Core() |  | compiled_model = core.compile
[cell 16 DONE  +   38.7s]
[cell 17 START +   38.7s] Note the prediction of the converted model match exactly the one of th
[cell 18 START +   38.7s] ## Converting a Model Using the Optimum Intel Package | [back to top ⬆️]
[cell 19 START +   38.7s] ### Install Requirements for Optimum | [back to top ⬆️](#Table-of-conten
[cell 20 START +   38.7s] %pip install -q --upgrade-strategy eager "optimum[openvino,nncf,onnxru
[cell 20 DONE  +   46.8s]
[cell 21 START +   46.8s] ### Import Optimum | [back to top ⬆️](#Table-of-contents:) |  | Documentatio
[cell 22 START +   46.8s] from optimum.intel.openvino import OVModelForSequenceClassification
[cell 22 DONE  +   47.7s]
[cell 23 START +   47.7s] ### Initialize and Convert the Model Automatically using OVModel class
[cell 24 START +   47.7s] model = OVModelForSequenceClassification.from_pretrained(MODEL, export
[cell 24 DONE  +   61.6s]
[cell 25 START +   61.6s] ### Convert model using Optimum CLI interface | [back to top ⬆️](#Table-
[cell 26 START +   61.6s] !optimum-cli export openvino --help
[cell 26 DONE  +   61.8s]
[cell 27 START +   61.8s] The command line export for model from example above with FP16 weights
[cell 28 START +   61.8s] # !optimum-cli export openvino --model $MODEL --task text-classificati
[cell 28 DONE  +   79.3s]
[cell 29 START +   79.3s] After export, model will be available in the specified directory and c
[cell 30 START +   79.3s] model = OVModelForSequenceClassification.from_pretrained("models/optim
[cell 30 DONE  +   79.4s]
[cell 31 START +   79.4s] There are some models in the Hugging Face Models Hub, that are already
[cell 32 START +   79.4s] ### The Optimum Model Inference | [back to top ⬆️](#Table-of-contents:) | 
[cell 33 START +   79.4s] output = model(**encoded_input) | scores = output[0][0] | scores = torch.s
[cell 33 DONE  +   79.4s]
[cell 34 START +   79.4s] You can find more examples of using Optimum Intel here: | 1. [Accelerate
NBEXEC_RESULT={"ok": true, "n_cells": 14, "n_skipped": 0, "n_substituted": 0, "stopped_after": null, "error_cell": null, "error_type": null, "error_head": null, "duration_s": 82.07, "patch_notes": []}
