[IPKernelApp] WARNING | Kernel is running over TCP without encryption. All communication (including code and outputs) is sent in plain text and is susceptible to eavesdropping. Use IPC transport or launch with kernel manager-provisioned CurveZMQ keys to enable transport encryption.
[31mERROR: pip's dependency resolver does not currently take into account all the packages that are installed. This behaviour is the source of the following dependency conflicts.
ace-step 0.2.0 requires transformers==4.50.0, but you have transformers 4.51.3 which is incompatible.[0m[31m
[0mTraceback (most recent call last):
  File "/home/amd/Desktop/OpenVINO-Notebooks-on-AMD/ov_amd/_nbexec.py", line 144, in main
    client.execute()
  File "/home/amd/Desktop/OpenVINO-Notebooks-on-AMD/.venvs/cpu/0e02466db943f1d6/lib/python3.12/site-packages/jupyter_core/utils/__init__.py", line 165, in wrapped
    return loop.run_until_complete(inner)
           ^^^^^^^^^^^^^^^^^^^^^^^^^^^^^^
  File "/usr/lib/python3.12/asyncio/base_events.py", line 687, in run_until_complete
    return future.result()
           ^^^^^^^^^^^^^^^
  File "/home/amd/Desktop/OpenVINO-Notebooks-on-AMD/.venvs/cpu/0e02466db943f1d6/lib/python3.12/site-packages/nbclient/client.py", line 709, in async_execute
    await self.async_execute_cell(
  File "/home/amd/Desktop/OpenVINO-Notebooks-on-AMD/.venvs/cpu/0e02466db943f1d6/lib/python3.12/site-packages/nbclient/client.py", line 1062, in async_execute_cell
    await self._check_raise_for_error(cell, cell_index, exec_reply)
  File "/home/amd/Desktop/OpenVINO-Notebooks-on-AMD/.venvs/cpu/0e02466db943f1d6/lib/python3.12/site-packages/nbclient/client.py", line 918, in _check_raise_for_error
    raise CellExecutionError.from_cell_and_msg(cell, exec_reply_content)
nbclient.exceptions.CellExecutionError: An error occurred while executing the following cell:
------------------
from ov_omniparser_helper import download_omniparser_icon_detector

icon_detector_dir = download_omniparser_icon_detector()
------------------

----- stderr -----
WARNING:torchao.kernel.intmm:Warning: Detected no triton, on systems without Triton certain kernels will not work
------------------

[31m---------------------------------------------------------------------------[39m
[31mException[39m                                 Traceback (most recent call last)
[36mCell[39m[36m [39m[32mIn[3][39m[32m, line 3[39m
[32m      1[39m [38;5;28;01mfrom[39;00m ov_omniparser_helper [38;5;28;01mimport[39;00m download_omniparser_icon_detector
[32m      2[39m 
[32m----> [39m[32m3[39m icon_detector_dir = download_omniparser_icon_detector()

[36mFile [39m[32m~/Desktop/OpenVINO-Notebooks-on-AMD/results/omniparser/workdir-cpu/ov_omniparser_helper.py:77[39m, in [36mdownload_omniparser_icon_detector[39m[34m()[39m
[32m     73[39m [38;5;28;01mfrom[39;00m[38;5;250m [39m[34;01mnotebook_utils[39;00m[38;5;250m [39m[38;5;28;01mimport[39;00m download_file
[32m     75[39m icon_detector_dir = Path([33m"[39m[33mweights/icon_detect[39m[33m"[39m)
[32m---> [39m[32m77[39m [30;43mdownload_file[39;49m[30;43m([39;49m[30;43m"[39;49m[30;43mhttps://huggingface.co/microsoft/OmniParser-v2.0/resolve/main/icon_detect/model.pt[39;49m[30;43m"[39;49m[30;43m,[39;49m[30;43m [39;49m[30;43mdirectory[39;49m[30;43m=[39;49m[30;43m"[39;49m[30;43mweights/icon_detect[39;49m[30;43m"[39;49m[30;43m)[39;49m
[32m     78[39m download_file([33m"[39m[33mhttps://huggingface.co/microsoft/OmniParser-v2.0/resolve/main/icon_detect/model.yaml[39m[33m"[39m, directory=[33m"[39m[33mweights/icon_detect[39m[33m"[39m)
[32m     80[39m [38;5;28;01mreturn[39;00m icon_detector_dir

[36mFile [39m[32m~/Desktop/OpenVINO-Notebooks-on-AMD/results/omniparser/workdir-cpu/notebook_utils.py:149[39m, in [36mdownload_file[39m[34m(url, filename, directory, show_progress)[39m
[32m    147[39m     [38;5;28;01mraise[39;00m [38;5;167;01mException[39;00m(error) [38;5;28;01mfrom[39;00m[38;5;250m [39m[38;5;28;01mNone[39;00m
[32m    148[39m [38;5;28;01mexcept[39;00m requests.exceptions.Timeout:
[32m--> [39m[32m149[39m     [38;5;28;01mraise[39;00m [38;5;167;01mException[39;00m(
[32m    150[39m         [33m"[39m[33mConnection timed out. If you access the internet through a proxy server, please [39m[33m"[39m
[32m    151[39m         [33m"[39m[33mmake sure the proxy is set in the shell from where you launched Jupyter.[39m[33m"[39m
[32m    152[39m     ) [38;5;28;01mfrom[39;00m[38;5;250m [39m[38;5;28;01mNone[39;00m
[32m    153[39m [38;5;28;01mexcept[39;00m requests.exceptions.RequestException [38;5;28;01mas[39;00m error:
[32m    154[39m     [38;5;28;01mraise[39;00m [38;5;167;01mException[39;00m([33mf[39m[33m"[39m[33mFile downloading failed with error: [39m[38;5;132;01m{[39;00merror[38;5;132;01m}[39;00m[33m"[39m) [38;5;28;01mfrom[39;00m[38;5;250m [39m[38;5;28;01mNone[39;00m

[31mException[39m: Connection timed out. If you access the internet through a proxy server, please make sure the proxy is set in the shell from where you launched Jupyter.

