[cell 0 START +    0.4s] # Create a RAG system using OpenVINO and LlamaIndex |  | **Retrieval-augme
[cell 1 START +    0.4s] ## Prerequisites |  | [back to top ⬆️](#Table-of-contents:) |  | Install requi
[cell 2 START +    0.4s] import os | import requests | from pathlib import Path |  | os.environ["GIT_CL
Looking in indexes: https://pypi.org/simple, https://storage.openvinotoolkit.org/simple/wheels/nightly
Requirement already satisfied: openvino>=2025.2 in /home/amd/Desktop/OpenVINO-Notebooks-on-AMD/.venvs/cpu/14c79f40de9d556c/lib/python3.12/site-packages (2026.5.0.dev20261005)
Requirement already satisfied: numpy<2.6.0,>=1.16.6 in /home/amd/Desktop/OpenVINO-Notebooks-on-AMD/.venvs/cpu/14c79f40de9d556c/lib/python3.12/site-packages (from openvino>=2025.2) (2.2.6)
Requirement already satisfied: openvino-telemetry>=2023.2.1 in /home/amd/Desktop/OpenVINO-Notebooks-on-AMD/.venvs/cpu/14c79f40de9d556c/lib/python3.12/site-packages (from openvino>=2025.2) (2025.2.0)
Looking in indexes: https://pypi.org/simple, https://storage.openvinotoolkit.org/simple/wheels/nightly
Requirement already satisfied: huggingface-hub<1.0,>=0.26.5 in /home/amd/Desktop/OpenVINO-Notebooks-on-AMD/.venvs/cpu/14c79f40de9d556c/lib/python3.12/site-packages (0.36.2)
Requirement already satisfied: openvino-tokenizers>=2025.2 in /home/amd/Desktop/OpenVINO-Notebooks-on-AMD/.venvs/cpu/14c79f40de9d556c/lib/python3.12/site-packages (from openvino-tokenizers[transformers]>=2025.2) (2026.5.0.0.dev20261005)
Requirement already satisfied: openvino-genai>=2025.2 in /home/amd/Desktop/OpenVINO-Notebooks-on-AMD/.venvs/cpu/14c79f40de9d556c/lib/python3.12/site-packages (2026.5.0.0.dev20261005)
Requirement already satisfied: filelock in /home/amd/Desktop/OpenVINO-Notebooks-on-AMD/.venvs/cpu/14c79f40de9d556c/lib/python3.12/site-packages (from huggingface-hub<1.0,>=0.26.5) (3.32.7)
Requirement already satisfied: fsspec>=2023.5.0 in /home/amd/Desktop/OpenVINO-Notebooks-on-AMD/.venvs/cpu/14c79f40de9d556c/lib/python3.12/site-packages (from huggingface-hub<1.0,>=0.26.5) (2024.6.1)
Requirement already satisfied: hf-xet<2.0.0,>=1.1.3 in /home/amd/Desktop/OpenVINO-Notebooks-on-AMD/.venvs/cpu/14c79f40de9d556c/lib/python3.12/site-packages (from huggingface-hub<1.0,>=0.26.5) (1.6.0)
Requirement already satisfied: packaging>=20.9 in /home/amd/Desktop/OpenVINO-Notebooks-on-AMD/.venvs/cpu/14c79f40de9d556c/lib/python3.12/site-packages (from huggingface-hub<1.0,>=0.26.5) (24.2)
Requirement already satisfied: pyyaml>=5.1 in /home/amd/Desktop/OpenVINO-Notebooks-on-AMD/.venvs/cpu/14c79f40de9d556c/lib/python3.12/site-packages (from huggingface-hub<1.0,>=0.26.5) (6.0.3)
Requirement already satisfied: requests in /home/amd/Desktop/OpenVINO-Notebooks-on-AMD/.venvs/cpu/14c79f40de9d556c/lib/python3.12/site-packages (from huggingface-hub<1.0,>=0.26.5) (2.34.2)
Requirement already satisfied: tqdm>=4.42.1 in /home/amd/Desktop/OpenVINO-Notebooks-on-AMD/.venvs/cpu/14c79f40de9d556c/lib/python3.12/site-packages (from huggingface-hub<1.0,>=0.26.5) (4.70.1)
Requirement already satisfied: typing-extensions>=3.7.4.3 in /home/amd/Desktop/OpenVINO-Notebooks-on-AMD/.venvs/cpu/14c79f40de9d556c/lib/python3.12/site-packages (from huggingface-hub<1.0,>=0.26.5) (4.16.0)
Requirement already satisfied: openvino~=2026.5.0.dev in /home/amd/Desktop/OpenVINO-Notebooks-on-AMD/.venvs/cpu/14c79f40de9d556c/lib/python3.12/site-packages (from openvino-tokenizers>=2025.2->openvino-tokenizers[transformers]>=2025.2) (2026.5.0.dev20261005)
Requirement already satisfied: numpy<2.6.0,>=1.16.6 in /home/amd/Desktop/OpenVINO-Notebooks-on-AMD/.venvs/cpu/14c79f40de9d556c/lib/python3.12/site-packages (from openvino~=2026.5.0.dev->openvino-tokenizers>=2025.2->openvino-tokenizers[transformers]>=2025.2) (2.2.6)
Requirement already satisfied: openvino-telemetry>=2023.2.1 in /home/amd/Desktop/OpenVINO-Notebooks-on-AMD/.venvs/cpu/14c79f40de9d556c/lib/python3.12/site-packages (from openvino~=2026.5.0.dev->openvino-tokenizers>=2025.2->openvino-tokenizers[transformers]>=2025.2) (2025.2.0)
Requirement already satisfied: transformers>=4.36.0 in /home/amd/Desktop/OpenVINO-Notebooks-on-AMD/.venvs/cpu/14c79f40de9d556c/lib/python3.12/site-packages (from transformers[sentencepiece]>=4.36.0; extra == "transformers"->openvino-tokenizers[transformers]>=2025.2) (4.57.6)
Requirement already satisfied: tiktoken>=0.3.0 in /home/amd/Desktop/OpenVINO-Notebooks-on-AMD/.venvs/cpu/14c79f40de9d556c/lib/python3.12/site-packages (from openvino-tokenizers[transformers]>=2025.2) (0.14.0)
Requirement already satisfied: regex in /home/amd/Desktop/OpenVINO-Notebooks-on-AMD/.venvs/cpu/14c79f40de9d556c/lib/python3.12/site-packages (from tiktoken>=0.3.0->openvino-tokenizers[transformers]>=2025.2) (2026.9.29)
Requirement already satisfied: tokenizers<=0.23.0,>=0.22.0 in /home/amd/Desktop/OpenVINO-Notebooks-on-AMD/.venvs/cpu/14c79f40de9d556c/lib/python3.12/site-packages (from transformers>=4.36.0->transformers[sentencepiece]>=4.36.0; extra == "transformers"->openvino-tokenizers[transformers]>=2025.2) (0.22.2)
Requirement already satisfied: safetensors>=0.4.3 in /home/amd/Desktop/OpenVINO-Notebooks-on-AMD/.venvs/cpu/14c79f40de9d556c/lib/python3.12/site-packages (from transformers>=4.36.0->transformers[sentencepiece]>=4.36.0; extra == "transformers"->openvino-tokenizers[transformers]>=2025.2) (0.7.0)
Requirement already satisfied: sentencepiece!=0.1.92,>=0.1.91 in /home/amd/Desktop/OpenVINO-Notebooks-on-AMD/.venvs/cpu/14c79f40de9d556c/lib/python3.12/site-packages (from transformers[sentencepiece]>=4.36.0; extra == "transformers"->openvino-tokenizers[transformers]>=2025.2) (0.2.2)
Requirement already satisfied: protobuf in /home/amd/Desktop/OpenVINO-Notebooks-on-AMD/.venvs/cpu/14c79f40de9d556c/lib/python3.12/site-packages (from transformers[sentencepiece]>=4.36.0; extra == "transformers"->openvino-tokenizers[transformers]>=2025.2) (7.36.2)
Requirement already satisfied: charset_normalizer<4,>=2 in /home/amd/Desktop/OpenVINO-Notebooks-on-AMD/.venvs/cpu/14c79f40de9d556c/lib/python3.12/site-packages (from requests->huggingface-hub<1.0,>=0.26.5) (3.5.2)
Requirement already satisfied: idna<4,>=2.5 in /home/amd/Desktop/OpenVINO-Notebooks-on-AMD/.venvs/cpu/14c79f40de9d556c/lib/python3.12/site-packages (from requests->huggingface-hub<1.0,>=0.26.5) (3.20)
Requirement already satisfied: urllib3<3,>=1.26 in /home/amd/Desktop/OpenVINO-Notebooks-on-AMD/.venvs/cpu/14c79f40de9d556c/lib/python3.12/site-packages (from requests->huggingface-hub<1.0,>=0.26.5) (2.8.0)
Requirement already satisfied: certifi>=2023.5.7 in /home/amd/Desktop/OpenVINO-Notebooks-on-AMD/.venvs/cpu/14c79f40de9d556c/lib/python3.12/site-packages (from requests->huggingface-hub<1.0,>=0.26.5) (2026.7.22)
[cell 2 DONE  +  220.9s]
[cell 3 START +  220.9s] import os | from pathlib import Path | import requests | import shutil | impor
[cell 3 DONE  +  313.4s]
NBEXEC_RESULT={"ok": false, "n_cells": 32, "n_skipped": 1, "n_substituted": 0, "stopped_after": null, "error_cell": null, "error_type": "CellExecutionError", "error_head": "\u001b[31mConnectionError\u001b[39m: ('Connection aborted.', RemoteDisconnected('Remote end closed connection without response'))", "duration_s": 313.61, "patch_notes": ["skipped cell 54: matched skip pattern"]}
