[transformers] Model config: pad_token_id must be `None` or an integer within the vocabulary (between 0 and 31999), got 128002. This may result in unexpected behavior.
[transformers] `torch_dtype` is deprecated! Use `dtype` instead!
Fetching 2 files:   0%|          | 0/2 [00:00<?, ?it/s]Fetching 2 files:   0%|          | 0/2 [00:01<?, ?it/s]
Traceback (most recent call last):
  File "/home/amd/Desktop/OpenVINO-Notebooks-on-AMD/workloads/smolvlm2/rocm/run.py", line 86, in <module>
    raise SystemExit(main())
                     ^^^^^^
  File "/home/amd/Desktop/OpenVINO-Notebooks-on-AMD/workloads/smolvlm2/rocm/run.py", line 41, in main
    model = AutoModelForImageTextToText.from_pretrained(MODEL, torch_dtype=torch.bfloat16, device_map="cuda:0").eval()
            ^^^^^^^^^^^^^^^^^^^^^^^^^^^^^^^^^^^^^^^^^^^^^^^^^^^^^^^^^^^^^^^^^^^^^^^^^^^^^^^^^^^^^^^^^^^^^^^^^^^
  File "/home/amd/Desktop/OpenVINO-Notebooks-on-AMD/.venv-gpu/lib/python3.12/site-packages/transformers/models/auto/auto_factory.py", line 409, in from_pretrained
    return model_class.from_pretrained(
           ^^^^^^^^^^^^^^^^^^^^^^^^^^^^
  File "/home/amd/Desktop/OpenVINO-Notebooks-on-AMD/.venv-gpu/lib/python3.12/site-packages/transformers/modeling_utils.py", line 4243, in from_pretrained
    checkpoint_files, sharded_metadata = _get_resolved_checkpoint_files(
                                         ^^^^^^^^^^^^^^^^^^^^^^^^^^^^^^^
  File "/home/amd/Desktop/OpenVINO-Notebooks-on-AMD/.venv-gpu/lib/python3.12/site-packages/transformers/modeling_utils.py", line 796, in _get_resolved_checkpoint_files
    checkpoint_files, sharded_metadata = get_checkpoint_shard_files(
                                         ^^^^^^^^^^^^^^^^^^^^^^^^^^^
  File "/home/amd/Desktop/OpenVINO-Notebooks-on-AMD/.venv-gpu/lib/python3.12/site-packages/transformers/utils/hub.py", line 980, in get_checkpoint_shard_files
    cached_filenames = cached_files(
                       ^^^^^^^^^^^^^
  File "/home/amd/Desktop/OpenVINO-Notebooks-on-AMD/.venv-gpu/lib/python3.12/site-packages/transformers/utils/hub.py", line 634, in cached_files
    raise e
  File "/home/amd/Desktop/OpenVINO-Notebooks-on-AMD/.venv-gpu/lib/python3.12/site-packages/transformers/utils/hub.py", line 552, in cached_files
    snapshot_download(
  File "/home/amd/Desktop/OpenVINO-Notebooks-on-AMD/.venv-gpu/lib/python3.12/site-packages/huggingface_hub/utils/_validators.py", line 89, in _inner_fn
    return fn(*args, **kwargs)
           ^^^^^^^^^^^^^^^^^^^
  File "/home/amd/Desktop/OpenVINO-Notebooks-on-AMD/.venv-gpu/lib/python3.12/site-packages/huggingface_hub/utils/_http.py", line 266, in _inner
    return fn(*args, **kwargs)
           ^^^^^^^^^^^^^^^^^^^
  File "/home/amd/Desktop/OpenVINO-Notebooks-on-AMD/.venv-gpu/lib/python3.12/site-packages/huggingface_hub/_snapshot_download.py", line 532, in snapshot_download
    hf_thread_map(
  File "/home/amd/Desktop/OpenVINO-Notebooks-on-AMD/.venv-gpu/lib/python3.12/site-packages/huggingface_hub/utils/tqdm.py", line 441, in hf_thread_map
    results[future_to_index[future]] = future.result()
                                       ^^^^^^^^^^^^^^^
  File "/usr/lib/python3.12/concurrent/futures/_base.py", line 449, in result
    return self.__get_result()
           ^^^^^^^^^^^^^^^^^^^
  File "/usr/lib/python3.12/concurrent/futures/_base.py", line 401, in __get_result
    raise self._exception
  File "/usr/lib/python3.12/concurrent/futures/thread.py", line 58, in run
    result = self.fn(*self.args, **self.kwargs)
             ^^^^^^^^^^^^^^^^^^^^^^^^^^^^^^^^^^
  File "/home/amd/Desktop/OpenVINO-Notebooks-on-AMD/.venv-gpu/lib/python3.12/site-packages/huggingface_hub/_snapshot_download.py", line 512, in _inner_hf_hub_download
    hf_hub_download(  # type: ignore
  File "/home/amd/Desktop/OpenVINO-Notebooks-on-AMD/.venv-gpu/lib/python3.12/site-packages/huggingface_hub/utils/_validators.py", line 89, in _inner_fn
    return fn(*args, **kwargs)
           ^^^^^^^^^^^^^^^^^^^
  File "/home/amd/Desktop/OpenVINO-Notebooks-on-AMD/.venv-gpu/lib/python3.12/site-packages/huggingface_hub/utils/_http.py", line 266, in _inner
    return fn(*args, **kwargs)
           ^^^^^^^^^^^^^^^^^^^
  File "/home/amd/Desktop/OpenVINO-Notebooks-on-AMD/.venv-gpu/lib/python3.12/site-packages/huggingface_hub/file_download.py", line 1047, in hf_hub_download
    return _hf_hub_download_to_cache_dir(
           ^^^^^^^^^^^^^^^^^^^^^^^^^^^^^^
  File "/home/amd/Desktop/OpenVINO-Notebooks-on-AMD/.venv-gpu/lib/python3.12/site-packages/huggingface_hub/file_download.py", line 1285, in _hf_hub_download_to_cache_dir
    _download_to_tmp_and_move(
  File "/home/amd/Desktop/OpenVINO-Notebooks-on-AMD/.venv-gpu/lib/python3.12/site-packages/huggingface_hub/file_download.py", line 2016, in _download_to_tmp_and_move
    xet_get(
  File "/home/amd/Desktop/OpenVINO-Notebooks-on-AMD/.venv-gpu/lib/python3.12/site-packages/huggingface_hub/file_download.py", line 589, in xet_get
    with session.new_file_download_group(
RuntimeError: Task error: File reconstruction error: CAS Client Error: Request error: HTTP status client error (401 Unauthorized), domain: https://cas-server.xethub.hf.co/v2/reconstructions/7f8a916da9b26cade73d7b89d3b29dbb476a5da55d85632da9017d173760e37b
