[cell 0 START +    0.5s] # Image generation with universal control using Flex.2 and OpenVINO |  | <
[cell 1 START +    0.5s] ## Prerequisites | [back to top ⬆️](#Table-of-contents:)
[cell 2 START +    0.5s] %pip install -q "transformers==4.57.6" "diffusers>=0.33.0,<0.38.0" "gr
[cell 2 DONE  +   10.0s]
[cell 3 START +   10.0s] from pathlib import Path | import requests |  | if not Path("notebook_utils.
[cell 3 DONE  +   10.0s]
[cell 4 START +   10.0s] ## Convert model with OpenVINO | [back to top ⬆️](#Table-of-contents:) |  | 
[cell 5 START +   10.0s] import ipywidgets as widgets |  | model_id = "ostris/Flex.2-preview" | model
[cell 5 DONE  +   10.1s]
[cell 6 START +   10.1s] # Read more about telemetry collection at https://github.com/openvinot
[cell 6 DONE  +  721.4s]
[cell 7 START +  721.4s] ## Run OpenVINO model inference | [back to top ⬆️](#Table-of-contents:) | 
[cell 8 START +  721.4s] from notebook_utils import device_widget |  | device = device_widget(exclu
[cell 8 DONE  +  721.8s]
[cell 9 START +  721.8s] from ov_flex2_helper import OVFlex2Pipeline |  | ov_pipe = OVFlex2Pipeline
[cell 9 DONE  +  729.1s]
[cell 10 START +  729.1s] Let's check model inference result. In this example, we will provide i
[cell 11 START +  729.1s] from diffusers.utils import load_image, make_image_grid |  | image_path = 
[cell 11 DONE  +  730.6s]
NBEXEC_RESULT={"ok": false, "n_cells": 9, "n_skipped": 1, "n_substituted": 2, "stopped_after": null, "error_cell": null, "error_type": "CellExecutionError", "error_head": "\u001b[31mUnidentifiedImageError\u001b[39m: cannot identify image file <_io.BytesIO object at 0x7b73e4067560>", "duration_s": 733.21, "patch_notes": ["substituted 1 occurrence(s) in cell 2", "substituted 1 occurrence(s) in cell 3", "skipped cell 14: matched skip pattern"]}
