[cell 0 START +    0.7s] # Zero-shot Image Classification with SigLIP2 |  | [![Colab](https://colab
[cell 1 START +    0.7s] ## Prerequisites | [back to top ⬆️](#Table-of-contents:)
[cell 2 START +    0.7s] %pip install -q --extra-index-url https://download.pytorch.org/whl/cpu
[cell 2 DONE  +   65.8s]
[cell 3 START +   65.8s] ## Instantiate model | [back to top ⬆️](#Table-of-contents:) |  | The SigLIP
[cell 4 START +   65.8s] import ipywidgets as widgets |  | supported_model_ids = [ |     # SigLIP2 |   
[cell 4 DONE  +   65.8s]
[cell 5 START +   65.8s] from transformers import AutoProcessor, AutoModel | import requests | from
[cell 5 DONE  +   72.8s]
[cell 6 START +   72.8s] ## Run PyTorch model inference | [back to top ⬆️](#Table-of-contents:) |  | 
[cell 7 START +   72.8s] # Results visualization function | import matplotlib.pyplot as plt | impor
[cell 7 DONE  +   73.0s]
[cell 8 START +   73.0s] import requests | from pathlib import Path | import torch | from PIL import 
[cell 8 DONE  +   73.5s]
[cell 9 START +   73.5s] ## Convert model to OpenVINO Intermediate Representation (IR) format | [
[cell 10 START +   73.5s] import openvino as ov |  | fp16_model_path = Path(model_id.split("/")[-1] 
[cell 10 DONE  +   76.9s]
[cell 11 START +   76.9s] ## Run OpenVINO model | [back to top ⬆️](#Table-of-contents:) |  | The steps
[cell 12 START +   76.9s] Select device from dropdown list for running inference using OpenVINO
[cell 13 START +   76.9s] from notebook_utils import device_widget |  | device = device_widget(exclu
[cell 13 DONE  +   77.1s]
[cell 14 START +   77.1s] Run OpenVINO model
[cell 15 START +   77.1s] from scipy.special import softmax |  | core = ov.Core() | # compile model fo
[cell 15 DONE  +   77.8s]
[cell 16 START +   77.8s] Great! Looks like we got the same result.
[cell 17 START +   77.8s] ## Apply post-training quantization using NNCF | [back to top ⬆️](#Table
[cell 18 START +   77.8s] ### Prepare dataset | [back to top ⬆️](#Table-of-contents:) |  | The [Concep
[cell 19 START +   77.8s] import requests | from io import BytesIO | from PIL import Image | from requ
[cell 19 DONE  +   77.8s]
[cell 20 START +   77.8s] import torch | from datasets import load_dataset | from tqdm.notebook impo
[cell 20 DONE  +   77.9s]
[cell 21 START +   77.9s] ### Quantize model | [back to top ⬆️](#Table-of-contents:) |  | Create a qua
[cell 22 START +   77.9s] import nncf | import logging |  | nncf.set_log_level(logging.ERROR) |  | int8_mo
