[IPKernelApp] WARNING | Kernel is running over TCP without encryption. All communication (including code and outputs) is sent in plain text and is susceptible to eavesdropping. Use IPC transport or launch with kernel manager-provisioned CurveZMQ keys to enable transport encryption.
type: i64>
<Output: names[token_type_ids] shape[?,?] type: i64>

Combined OpenVINO model inputs:
<Output: names[Parameter_5512] shape[?] type: string>
[16:31:35.2918]D[plugin.cpp:289][AUTO] deviceNameWithID:CPU, defaultDeviceID:, uniqueName:CPU_
[16:31:35.2919]I[plugin.cpp:479][AUTO] device:CPU, config:LOG_LEVEL=LOG_NONE
[16:31:35.2919]I[plugin.cpp:479][AUTO] device:CPU, config:PERFORMANCE_HINT=LATENCY
[16:31:35.2919]I[plugin.cpp:479][AUTO] device:CPU, config:PERFORMANCE_HINT_NUM_REQUESTS=0
[16:31:35.2919]I[plugin.cpp:479][AUTO] device:CPU, config:PERF_COUNT=NO
[16:31:35.2919]I[plugin.cpp:484][AUTO] device:CPU, priority:0
[16:31:35.2919]I[plugin.cpp:510][AUTO] Original device list() size to load the model: 0
[16:31:35.2919]I[schedule.cpp:17][AUTO] scheduler starting
[16:31:35.2920]I[auto_schedule.cpp:163][AUTO] select device:CPU
[16:31:35.2928]I[auto_schedule.cpp:284][AUTO] Only one device or multiple devices of the same type will use passthrough compiled model
[16:31:35.3586]I[auto_schedule.cpp:341][AUTO] Device: [CPU]: Compile model took 65.751713 ms
[16:31:35.3587]I[auto_schedule.cpp:118][AUTO] device:CPU compiling model finished
[16:31:35.3587]D[auto_schedule.cpp:124][AUTO] device:CPU, GetConfig:SUPPORTED_PROPERTIES=SUPPORTED_PROPERTIES NETWORK_NAME OPTIMAL_NUMBER_OF_INFER_REQUESTS NUM_STREAMS INFERENCE_NUM_THREADS PERF_COUNT INFERENCE_PRECISION_HINT PERFORMANCE_HINT EXECUTION_MODE_HINT PERFORMANCE_HINT_NUM_REQUESTS ENABLE_
[16:31:35.3587]D[auto_schedule.cpp:124][AUTO] device:CPU, GetConfig:NETWORK_NAME=Model23_with_Model25
[16:31:35.3587]D[auto_schedule.cpp:124][AUTO] device:CPU, GetConfig:OPTIMAL_NUMBER_OF_INFER_REQUESTS=1
[16:31:35.3587]D[auto_schedule.cpp:124][AUTO] device:CPU, GetConfig:NUM_STREAMS=1
[16:31:35.3587]D[auto_schedule.cpp:124][AUTO] device:CPU, GetConfig:INFERENCE_NUM_THREADS=32
[16:31:35.3587]D[auto_schedule.cpp:124][AUTO] device:CPU, GetConfig:PERF_COUNT=NO
[16:31:35.3588]D[auto_schedule.cpp:124][AUTO] device:CPU, GetConfig:INFERENCE_PRECISION_HINT=bf16
[16:31:35.3588]D[auto_schedule.cpp:124][AUTO] device:CPU, GetConfig:PERFORMANCE_HINT=LATENCY
[16:31:35.3588]D[auto_schedule.cpp:124][AUTO] device:CPU, GetConfig:EXECUTION_MODE_HINT=PERFORMANCE
[16:31:35.3588]D[auto_schedule.cpp:124][AUTO] device:CPU, GetConfig:PERFORMANCE_HINT_NUM_REQUESTS=0
[16:31:35.3588]D[auto_schedule.cpp:124][AUTO] device:CPU, GetConfig:ENABLE_CPU_PINNING=YES
[16:31:35.3588]D[auto_schedule.cpp:124][AUTO] device:CPU, GetConfig:ENABLE_CPU_RESERVATION=NO
[16:31:35.3588]D[auto_schedule.cpp:124][AUTO] device:CPU, GetConfig:SCHEDULING_CORE_TYPE=ANY_CORE
[16:31:35.3588]D[auto_schedule.cpp:124][AUTO] device:CPU, GetConfig:MODEL_DISTRIBUTION_POLICY=
[16:31:35.3588]D[auto_schedule.cpp:124][AUTO] device:CPU, GetConfig:ENABLE_HYPER_THREADING=NO
[16:31:35.3588]D[auto_schedule.cpp:124][AUTO] device:CPU, GetConfig:EXECUTION_DEVICES=CPU
[16:31:35.3588]D[auto_schedule.cpp:124][AUTO] device:CPU, GetConfig:CPU_DENORMALS_OPTIMIZATION=NO
[16:31:35.3588]D[auto_schedule.cpp:124][AUTO] device:CPU, GetConfig:LOG_LEVEL=LOG_NONE
[16:31:35.3588]D[auto_schedule.cpp:124][AUTO] device:CPU, GetConfig:CPU_SPARSE_WEIGHTS_DECOMPRESSION_RATE=1
[16:31:35.3588]D[auto_schedule.cpp:124][AUTO] device:CPU, GetConfig:ENABLE_TENSOR_PARALLEL=NO
[16:31:35.3588]D[auto_schedule.cpp:124][AUTO] device:CPU, GetConfig:TBB_PARTITIONER=STATIC
[16:31:35.3588]D[auto_schedule.cpp:124][AUTO] device:CPU, GetConfig:DYNAMIC_QUANTIZATION_GROUP_SIZE=32
[16:31:35.3588]D[auto_schedule.cpp:124][AUTO] device:CPU, GetConfig:KV_CACHE_PRECISION=u8
[16:31:35.3588]D[auto_schedule.cpp:124][AUTO] device:CPU, GetConfig:KEY_CACHE_PRECISION=u8
[16:31:35.3589]D[auto_schedule.cpp:124][AUTO] device:CPU, GetConfig:VALUE_CACHE_PRECISION=u8
[16:31:35.3589]D[auto_schedule.cpp:124][AUTO] device:CPU, GetConfig:KEY_CACHE_GROUP_SIZE=0
[16:31:35.3589]D[auto_schedule.cpp:124][AUTO] device:CPU, GetConfig:VALUE_CACHE_GROUP_SIZE=0
[16:31:35.3589]D[auto_schedule.cpp:124][AUTO] device:CPU, GetConfig:RUNTIME_REQUIREMENTS=meta=1.0;ov=2026.4.1;isa=Intel AVX-512 with Intel DL Boost and bfloat16 support
[16:31:35.3589]I[plugin.cpp:534][AUTO] underlying hardware does not support hardware context
------------------

[31m---------------------------------------------------------------------------[39m
[31mRuntimeError[39m                              Traceback (most recent call last)
[36mCell[39m[36m [39m[32mIn[14][39m[32m, line 20[39m
[32m     16[39m [38;5;28;01mfor[39;00m input [38;5;28;01min[39;00m combined_model.inputs:
[32m     17[39m     print(input)
[32m     18[39m 
[32m     19[39m compiled_combined_model = core.compile_model(combined_model)
[32m---> [39m[32m20[39m openvino_output = compiled_combined_model(text_input)
[32m     21[39m 
[32m     22[39m print(f"\nLogits: {openvino_output[[33m'logits'[39m]}")

[36mFile [39m[32m/workspace/.venvs/cpu/ec74fa9a5736664e/lib/python3.12/site-packages/openvino/_ov_api.py:470[39m, in [36mCompiledModel.__call__[39m[34m(self, inputs, share_inputs, share_outputs, decode_strings)[39m
[32m    467[39m [38;5;28;01mif[39;00m [38;5;28mself[39m._infer_request [38;5;129;01mis[39;00m [38;5;28;01mNone[39;00m:
[32m    468[39m     [38;5;28mself[39m._infer_request = [38;5;28mself[39m.create_infer_request()
[32m--> [39m[32m470[39m [38;5;28;01mreturn[39;00m [30;43mself[39;49m[30;43m.[39;49m[30;43m_infer_request[39;49m[30;43m.[39;49m[30;43minfer[39;49m[30;43m([39;49m
[32m    471[39m [30;43m    [39;49m[30;43minputs[39;49m[30;43m,[39;49m
[32m    472[39m [30;43m    [39;49m[30;43mshare_inputs[39;49m[30;43m=[39;49m[30;43mshare_inputs[39;49m[30;43m,[39;49m
[32m    473[39m [30;43m    [39;49m[30;43mshare_outputs[39;49m[30;43m=[39;49m[30;43mshare_outputs[39;49m[30;43m,[39;49m
[32m    474[39m [30;43m    [39;49m[30;43mdecode_strings[39;49m[30;43m=[39;49m[30;43mdecode_strings[39;49m[30;43m,[39;49m
[32m    475[39m [30;43m[39;49m[30;43m)[39;49m

[36mFile [39m[32m/workspace/.venvs/cpu/ec74fa9a5736664e/lib/python3.12/site-packages/openvino/_ov_api.py:202[39m, in [36mInferRequest.infer[39m[34m(self, inputs, share_inputs, share_outputs, decode_strings)[39m
[32m    119[39m [38;5;28;01mdef[39;00m[38;5;250m [39m[34minfer[39m(
[32m    120[39m     [38;5;28mself[39m,
[32m    121[39m     inputs: Any = [38;5;28;01mNone[39;00m,
[32m   (...)[39m[32m    125[39m     decode_strings: [38;5;28mbool[39m = [38;5;28;01mTrue[39;00m,
[32m    126[39m ) -> OVDict:
[32m    127[39m [38;5;250m    [39m[33;03m"""Infers specified input(s) in synchronous mode.[39;00m
[32m    128[39m 
[32m    129[39m [33;03m    Blocks all methods of InferRequest while request is running.[39;00m
[32m   (...)[39m[32m    200[39m [33;03m    :rtype: OVDict[39;00m
[32m    201[39m [33;03m    """[39;00m
[32m--> [39m[32m202[39m     [38;5;28;01mreturn[39;00m OVDict([30;43msuper[39;49m[30;43m([39;49m[30;43m)[39;49m[30;43m.[39;49m[30;43minfer[39;49m[30;43m([39;49m[30;43m_data_dispatch[39;49m[30;43m([39;49m
[32m    203[39m [30;43m        [39;49m[30;43mself[39;49m[30;43m,[39;49m
[32m    204[39m [30;43m        [39;49m[30;43minputs[39;49m[30;43m,[39;49m
[32m    205[39m [30;43m        [39;49m[30;43mis_shared[39;49m[30;43m=[39;49m[30;43mshare_inputs[39;49m[30;43m,[39;49m
[32m    206[39m [30;43m    [39;49m[30;43m)[39;49m[30;43m,[39;49m[30;43m [39;49m[30;43mshare_outputs[39;49m[30;43m=[39;49m[30;43mshare_outputs[39;49m[30;43m,[39;49m[30;43m [39;49m[30;43mdecode_strings[39;49m[30;43m=[39;49m[30;43mdecode_strings[39;49m[30;43m)[39;49m)

[31mRuntimeError[39m: Exception from src/inference/src/cpp/infer_request.cpp:224:
Exception from src/plugins/intel_cpu/src/graph.cpp:1628:
Node ReadValue_5627 of type ReadValue
Check 'outputNode' failed at src/plugins/intel_cpu/src/nodes/memory.cpp:487:
ReadValue node with name 'ReadValue_5627'  doesn't have sibling output




