/workspace/.venv-gpu-tf457/lib/python3.12/site-packages/transformers/utils/hub.py:110: FutureWarning: Using `TRANSFORMERS_CACHE` is deprecated and will be removed in v5 of Transformers. Use `HF_HOME` instead.
  warnings.warn(
`torch_dtype` is deprecated! Use `dtype` instead!
Fetching 4 files:   0%|                                                                                                            | 0/4 [00:00<?, ?it/s]Fetching 4 files: 100%|█████████████████████████████████████████████████████████████████████████████████████████████████| 4/4 [00:00<00:00, 56111.09it/s]
The following generation flags are not valid and may be ignored: ['temperature']. Set `TRANSFORMERS_VERBOSITY=info` for more details.
Setting `pad_token_id` to `eos_token_id`:2150 for open-end generation.
/workspace/.venv-gpu-tf457/lib/python3.12/site-packages/transformers/integrations/sdpa_attention.py:96: UserWarning: Using AOTriton backend for Efficient Attention forward... (Triggered internally at /app/pytorch/aten/src/ATen/native/transformers/hip/attention.hip:1452.)
  attn_output = torch.nn.functional.scaled_dot_product_attention(
MIOpen(HIP): Warning [IsEnoughWorkspace] [GetSolutionsFallback WTI] Solver <GemmFwdRest>, workspace required: 17805312, provided ptr: 0 size: 0
MIOpen(HIP): Warning [IsEnoughWorkspace] [EvaluateInvokers] Solver <GemmFwdRest>, workspace required: 17805312, provided ptr: 0 size: 0
MIOpen(HIP): Warning [IsEnoughWorkspace] [GetSolutionsFallback WTI] Solver <GemmFwdRest>, workspace required: 17805312, provided ptr: 0 size: 0
MIOpen(HIP): Warning [IsEnoughWorkspace] [EvaluateInvokers] Solver <GemmFwdRest>, workspace required: 17805312, provided ptr: 0 size: 0
MIOpen(HIP): Warning [IsEnoughWorkspace] [GetSolutionsFallback WTI] Solver <GemmFwdRest>, workspace required: 44486400, provided ptr: 0 size: 0
MIOpen(HIP): Warning [IsEnoughWorkspace] [EvaluateInvokers] Solver <GemmFwdRest>, workspace required: 44486400, provided ptr: 0 size: 0
MIOpen(HIP): Warning [IsEnoughWorkspace] [GetSolutionsFallback WTI] Solver <GemmFwdRest>, workspace required: 44486400, provided ptr: 0 size: 0
MIOpen(HIP): Warning [IsEnoughWorkspace] [EvaluateInvokers] Solver <GemmFwdRest>, workspace required: 44486400, provided ptr: 0 size: 0
MIOpen(HIP): Warning [IsEnoughWorkspace] [GetSolutionsFallback WTI] Solver <GemmFwdRest>, workspace required: 88962048, provided ptr: 0 size: 0
MIOpen(HIP): Warning [IsEnoughWorkspace] [EvaluateInvokers] Solver <GemmFwdRest>, workspace required: 88962048, provided ptr: 0 size: 0
MIOpen(HIP): Warning [IsEnoughWorkspace] [GetSolutionsFallback WTI] Solver <GemmFwdRest>, workspace required: 88962048, provided ptr: 0 size: 0
MIOpen(HIP): Warning [IsEnoughWorkspace] [EvaluateInvokers] Solver <GemmFwdRest>, workspace required: 88962048, provided ptr: 0 size: 0
MIOpen(HIP): Warning [IsEnoughWorkspace] [GetSolutionsFallback WTI] Solver <GemmFwdRest>, workspace required: 133439040, provided ptr: 0 size: 0
MIOpen(HIP): Warning [IsEnoughWorkspace] [EvaluateInvokers] Solver <GemmFwdRest>, workspace required: 133439040, provided ptr: 0 size: 0
MIOpen(HIP): Warning [IsEnoughWorkspace] [GetSolutionsFallback WTI] Solver <GemmFwdRest>, workspace required: 133439040, provided ptr: 0 size: 0
MIOpen(HIP): Warning [IsEnoughWorkspace] [EvaluateInvokers] Solver <GemmFwdRest>, workspace required: 133439040, provided ptr: 0 size: 0
Setting `pad_token_id` to `eos_token_id`:2150 for open-end generation.
MIOpen(HIP): Warning [IsEnoughWorkspace] [GetSolutionsFallback WTI] Solver <GemmFwdRest>, workspace required: 16084992, provided ptr: 0 size: 0
MIOpen(HIP): Warning [IsEnoughWorkspace] [EvaluateInvokers] Solver <GemmFwdRest>, workspace required: 16084992, provided ptr: 0 size: 0
MIOpen(HIP): Warning [IsEnoughWorkspace] [GetSolutionsFallback WTI] Solver <GemmFwdRest>, workspace required: 16084992, provided ptr: 0 size: 0
MIOpen(HIP): Warning [IsEnoughWorkspace] [EvaluateInvokers] Solver <GemmFwdRest>, workspace required: 16084992, provided ptr: 0 size: 0
MIOpen(HIP): Warning [IsEnoughWorkspace] [GetSolutionsFallback WTI] Solver <GemmFwdRest>, workspace required: 40185600, provided ptr: 0 size: 0
MIOpen(HIP): Warning [IsEnoughWorkspace] [EvaluateInvokers] Solver <GemmFwdRest>, workspace required: 40185600, provided ptr: 0 size: 0
MIOpen(HIP): Warning [IsEnoughWorkspace] [GetSolutionsFallback WTI] Solver <GemmFwdRest>, workspace required: 40185600, provided ptr: 0 size: 0
MIOpen(HIP): Warning [IsEnoughWorkspace] [EvaluateInvokers] Solver <GemmFwdRest>, workspace required: 40185600, provided ptr: 0 size: 0
MIOpen(HIP): Warning [IsEnoughWorkspace] [GetSolutionsFallback WTI] Solver <GemmFwdRest>, workspace required: 80360448, provided ptr: 0 size: 0
MIOpen(HIP): Warning [IsEnoughWorkspace] [EvaluateInvokers] Solver <GemmFwdRest>, workspace required: 80360448, provided ptr: 0 size: 0
MIOpen(HIP): Warning [IsEnoughWorkspace] [GetSolutionsFallback WTI] Solver <GemmFwdRest>, workspace required: 80360448, provided ptr: 0 size: 0
MIOpen(HIP): Warning [IsEnoughWorkspace] [EvaluateInvokers] Solver <GemmFwdRest>, workspace required: 80360448, provided ptr: 0 size: 0
MIOpen(HIP): Warning [IsEnoughWorkspace] [GetSolutionsFallback WTI] Solver <GemmFwdRest>, workspace required: 120536640, provided ptr: 0 size: 0
MIOpen(HIP): Warning [IsEnoughWorkspace] [EvaluateInvokers] Solver <GemmFwdRest>, workspace required: 120536640, provided ptr: 0 size: 0
MIOpen(HIP): Warning [IsEnoughWorkspace] [GetSolutionsFallback WTI] Solver <GemmFwdRest>, workspace required: 120536640, provided ptr: 0 size: 0
MIOpen(HIP): Warning [IsEnoughWorkspace] [EvaluateInvokers] Solver <GemmFwdRest>, workspace required: 120536640, provided ptr: 0 size: 0
Setting `pad_token_id` to `eos_token_id`:2150 for open-end generation.
Setting `pad_token_id` to `eos_token_id`:2150 for open-end generation.
