[IPKernelApp] WARNING | Kernel is running over TCP without encryption. All communication (including code and outputs) is sent in plain text and is susceptible to eavesdropping. Use IPC transport or launch with kernel manager-provisioned CurveZMQ keys to enable transport encryption.
Traceback (most recent call last):
  File "/home/amd/Desktop/OpenVINO-Notebooks-on-AMD/ov_amd/_nbexec.py", line 144, in main
    client.execute()
  File "/home/amd/Desktop/OpenVINO-Notebooks-on-AMD/.venvs/cpu/7ad92f584e4a9f2e/lib/python3.12/site-packages/jupyter_core/utils/__init__.py", line 165, in wrapped
    return loop.run_until_complete(inner)
           ^^^^^^^^^^^^^^^^^^^^^^^^^^^^^^
  File "/usr/lib/python3.12/asyncio/base_events.py", line 687, in run_until_complete
    return future.result()
           ^^^^^^^^^^^^^^^
  File "/home/amd/Desktop/OpenVINO-Notebooks-on-AMD/.venvs/cpu/7ad92f584e4a9f2e/lib/python3.12/site-packages/nbclient/client.py", line 709, in async_execute
    await self.async_execute_cell(
  File "/home/amd/Desktop/OpenVINO-Notebooks-on-AMD/.venvs/cpu/7ad92f584e4a9f2e/lib/python3.12/site-packages/nbclient/client.py", line 1062, in async_execute_cell
    await self._check_raise_for_error(cell, cell_index, exec_reply)
  File "/home/amd/Desktop/OpenVINO-Notebooks-on-AMD/.venvs/cpu/7ad92f584e4a9f2e/lib/python3.12/site-packages/nbclient/client.py", line 918, in _check_raise_for_error
    raise CellExecutionError.from_cell_and_msg(cell, exec_reply_content)
nbclient.exceptions.CellExecutionError: An error occurred while executing the following cell:
------------------
# Import local modules
import requests

if not Path("./notebook_utils.py").exists():
    # Fetch `notebook_utils` module

    r = requests.get(
        url="https://raw.githubusercontent.com/openvinotoolkit/openvino_notebooks/latest/utils/notebook_utils.py",
    )

    open("notebook_utils.py", "w").write(r.text)

import notebook_utils as utils
from deepsort_utils.tracker import Tracker
from deepsort_utils.nn_matching import NearestNeighborDistanceMetric
from deepsort_utils.detection import (
    Detection,
    compute_color_for_labels,
    xywh_to_xyxy,
    xywh_to_tlwh,
    tlwh_to_xyxy,
)

# Read more about telemetry collection at https://github.com/openvinotoolkit/openvino_notebooks?tab=readme-ov-file#-telemetry
from notebook_utils import collect_telemetry

collect_telemetry("person-tracking.ipynb")
------------------


[31m---------------------------------------------------------------------------[39m
[31mModuleNotFoundError[39m                       Traceback (most recent call last)
[36mCell[39m[36m [39m[32mIn[3][39m[32m, line 14[39m
[32m     10[39m 
[32m     11[39m     open([33m"notebook_utils.py"[39m, [33m"w"[39m).write(r.text)
[32m     12[39m 
[32m     13[39m [38;5;28;01mimport[39;00m notebook_utils [38;5;28;01mas[39;00m utils
[32m---> [39m[32m14[39m [38;5;28;01mfrom[39;00m deepsort_utils.tracker [38;5;28;01mimport[39;00m Tracker
[32m     15[39m [38;5;28;01mfrom[39;00m deepsort_utils.nn_matching [38;5;28;01mimport[39;00m NearestNeighborDistanceMetric
[32m     16[39m from deepsort_utils.detection import (
[32m     17[39m     Detection,

[31mModuleNotFoundError[39m: No module named 'deepsort_utils'

