[IPKernelApp] WARNING | Kernel is running over TCP without encryption. All communication (including code and outputs) is sent in plain text and is susceptible to eavesdropping. Use IPC transport or launch with kernel manager-provisioned CurveZMQ keys to enable transport encryption.
[31mERROR: pip's dependency resolver does not currently take into account all the packages that are installed. This behaviour is the source of the following dependency conflicts.
ace-step 0.2.0 requires transformers==4.50.0, but you have transformers 5.0.0 which is incompatible.[0m[31m
[0m[31mERROR: pip's dependency resolver does not currently take into account all the packages that are installed. This behaviour is the source of the following dependency conflicts.
ace-step 0.2.0 requires transformers==4.50.0, but you have transformers 5.5.4 which is incompatible.
optimum-intel 1.27.0.dev0 requires transformers<5.1,>=4.45, but you have transformers 5.5.4 which is incompatible.[0m[31m
[0minit__.py", line 25, in <module>
    from .layerwise_casting import apply_layerwise_casting, apply_layerwise_casting_hook
  File "/home/amd/Desktop/OpenVINO-Notebooks-on-AMD/.venvs/cpu/0e02466db943f1d6/lib/python3.12/site-packages/diffusers/hooks/layerwise_casting.py", line 36, in <module>
    from peft.helpers import disable_input_dtype_casting
  File "/home/amd/Desktop/OpenVINO-Notebooks-on-AMD/.venvs/cpu/0e02466db943f1d6/lib/python3.12/site-packages/peft/__init__.py", line 17, in <module>
    from .auto import (
  File "/home/amd/Desktop/OpenVINO-Notebooks-on-AMD/.venvs/cpu/0e02466db943f1d6/lib/python3.12/site-packages/peft/auto.py", line 32, in <module>
    from .peft_model import (
  File "/home/amd/Desktop/OpenVINO-Notebooks-on-AMD/.venvs/cpu/0e02466db943f1d6/lib/python3.12/site-packages/peft/peft_model.py", line 37, in <module>
    from transformers import Cache, DynamicCache, EncoderDecoderCache, HybridCache, PreTrainedModel
ImportError: cannot import name 'HybridCache' from 'transformers' (/home/amd/Desktop/OpenVINO-Notebooks-on-AMD/.venvs/cpu/0e02466db943f1d6/lib/python3.12/site-packages/transformers/__init__.py)

The above exception was the direct cause of the following exception:

Traceback (most recent call last):
  File "/home/amd/Desktop/OpenVINO-Notebooks-on-AMD/.venvs/cpu/0e02466db943f1d6/bin/optimum-cli", line 6, in <module>
    sys.exit(main())
             ^^^^^^
  File "/home/amd/Desktop/OpenVINO-Notebooks-on-AMD/.venvs/cpu/0e02466db943f1d6/lib/python3.12/site-packages/optimum/commands/optimum_cli.py", line 219, in main
    service.run()
  File "/home/amd/Desktop/OpenVINO-Notebooks-on-AMD/.venvs/cpu/0e02466db943f1d6/lib/python3.12/site-packages/optimum/commands/export/openvino.py", line 344, in run
    from ...exporters.openvino.__main__ import _main_quantize, _merge_move, main_export
  File "/home/amd/Desktop/OpenVINO-Notebooks-on-AMD/.venvs/cpu/0e02466db943f1d6/lib/python3.12/site-packages/optimum/exporters/openvino/__init__.py", line 15, in <module>
    import optimum.exporters.openvino.model_configs
  File "/home/amd/Desktop/OpenVINO-Notebooks-on-AMD/.venvs/cpu/0e02466db943f1d6/lib/python3.12/site-packages/optimum/exporters/openvino/model_configs.py", line 22, in <module>
    from optimum.exporters.onnx.config import OnnxConfig, TextDecoderOnnxConfig, TextDecoderWithPositionIdsOnnxConfig
  File "/home/amd/Desktop/OpenVINO-Notebooks-on-AMD/.venvs/cpu/0e02466db943f1d6/lib/python3.12/site-packages/optimum/exporters/onnx/config.py", line 23, in <module>
    from optimum.exporters.onnx.base import ConfigBehavior, OnnxConfig, OnnxConfigWithPast, OnnxSeq2SeqConfigWithPast
  File "/home/amd/Desktop/OpenVINO-Notebooks-on-AMD/.venvs/cpu/0e02466db943f1d6/lib/python3.12/site-packages/optimum/exporters/onnx/base.py", line 39, in <module>
    from optimum.exporters.onnx.model_patcher import ModelPatcher
  File "/home/amd/Desktop/OpenVINO-Notebooks-on-AMD/.venvs/cpu/0e02466db943f1d6/lib/python3.12/site-packages/optimum/exporters/onnx/model_patcher.py", line 61, in <module>
    import diffusers.models.transformers.transformer_flux
  File "/home/amd/Desktop/OpenVINO-Notebooks-on-AMD/.venvs/cpu/0e02466db943f1d6/lib/python3.12/site-packages/diffusers/models/transformers/__init__.py", line 5, in <module>
    from .auraflow_transformer_2d import AuraFlowTransformer2DModel
  File "/home/amd/Desktop/OpenVINO-Notebooks-on-AMD/.venvs/cpu/0e02466db943f1d6/lib/python3.12/site-packages/diffusers/models/transformers/auraflow_transformer_2d.py", line 23, in <module>
    from ...loaders import FromOriginalModelMixin, PeftAdapterMixin
  File "<frozen importlib._bootstrap>", line 1412, in _handle_fromlist
  File "/home/amd/Desktop/OpenVINO-Notebooks-on-AMD/.venvs/cpu/0e02466db943f1d6/lib/python3.12/site-packages/diffusers/utils/import_utils.py", line 1005, in __getattr__
    module = self._get_module(self._class_to_module[name])
             ^^^^^^^^^^^^^^^^^^^^^^^^^^^^^^^^^^^^^^^^^^^^^
  File "/home/amd/Desktop/OpenVINO-Notebooks-on-AMD/.venvs/cpu/0e02466db943f1d6/lib/python3.12/site-packages/diffusers/utils/import_utils.py", line 1017, in _get_module
    raise RuntimeError(
RuntimeError: Failed to import diffusers.loaders.peft because of the following error (look up to see its traceback):
cannot import name 'HybridCache' from 'transformers' (/home/amd/Desktop/OpenVINO-Notebooks-on-AMD/.venvs/cpu/0e02466db943f1d6/lib/python3.12/site-packages/transformers/__init__.py)
------------------

[31m---------------------------------------------------------------------------[39m
[31mCalledProcessError[39m                        Traceback (most recent call last)
[36mCell[39m[36m [39m[32mIn[4][39m[32m, line 16[39m
[32m     12[39m 
[32m     13[39m [38;5;28;01mfrom[39;00m cmd_helper [38;5;28;01mimport[39;00m optimum_cli
[32m     14[39m 
[32m     15[39m [38;5;28;01mif[39;00m [38;5;28;01mnot[39;00m model_dir.exists():
[32m---> [39m[32m16[39m     optimum_cli(model_id, model_dir, additional_args=additional_args)
[32m     17[39m 
[32m     18[39m print([33m"OpenVINO IR ready at:"[39m, model_dir)

[36mFile [39m[32m~/Desktop/OpenVINO-Notebooks-on-AMD/results/glm-ocr/workdir-cpu/cmd_helper.py:62[39m, in [36moptimum_cli[39m[34m(model_id, output_dir, show_command, additional_args, debug_logs)[39m
[32m     60[39m     [38;5;28;01mif[39;00m transofrmers_loglevel [38;5;129;01mis[39;00m [38;5;129;01mnot[39;00m [38;5;28;01mNone[39;00m:
[32m     61[39m         os.environ[[33m"[39m[33mTRANSFORMERS_VERBOSITY[39m[33m"[39m] = transofrmers_loglevel
[32m---> [39m[32m62[39m     [38;5;28;01mraise[39;00m exc
[32m     63[39m [38;5;28;01mfinally[39;00m:
[32m     64[39m     [38;5;28;01mif[39;00m transofrmers_loglevel [38;5;129;01mis[39;00m [38;5;129;01mnot[39;00m [38;5;28;01mNone[39;00m:

[36mFile [39m[32m~/Desktop/OpenVINO-Notebooks-on-AMD/results/glm-ocr/workdir-cpu/cmd_helper.py:49[39m, in [36moptimum_cli[39m[34m(model_id, output_dir, show_command, additional_args, debug_logs)[39m
[32m     46[39m     os.environ[[33m"[39m[33mTRANSFORMERS_VERBOSITY[39m[33m"[39m] = [33m"[39m[33mdebug[39m[33m"[39m
[32m     48[39m [38;5;28;01mtry[39;00m:
[32m---> [39m[32m49[39m     [30;43msubprocess[39;49m[30;43m.[39;49m[30;43mrun[39;49m[30;43m([39;49m[30;43mexport_command[39;49m[30;43m.[39;49m[30;43msplit[39;49m[30;43m([39;49m[30;43m"[39;49m[30;43m [39;49m[30;43m"[39;49m[30;43m)[39;49m[30;43m,[39;49m[30;43m [39;49m[30;43mshell[39;49m[30;43m=[39;49m[30;43m([39;49m[30;43mplatform[39;49m[30;43m.[39;49m[30;43msystem[39;49m[30;43m([39;49m[30;43m)[39;49m[30;43m [39;49m[30;43m==[39;49m[30;43m [39;49m[30;43m"[39;49m[30;43mWindows[39;49m[30;43m"[39;49m[30;43m)[39;49m[30;43m,[39;49m[30;43m [39;49m[30;43mcheck[39;49m[30;43m=[39;49m[30;43;01mTrue[39;49;00m[30;43m,[39;49m[30;43m [39;49m[30;43mcapture_output[39;49m[30;43m=[39;49m[30;43;01mTrue[39;49;00m[30;43m)[39;49m
[32m     50[39m [38;5;28;01mexcept[39;00m subprocess.CalledProcessError [38;5;28;01mas[39;00m exc:
[32m     51[39m     logger = logging.getLogger()

[36mFile [39m[32m/usr/lib/python3.12/subprocess.py:571[39m, in [36mrun[39m[34m(input, capture_output, timeout, check, *popenargs, **kwargs)[39m
[32m    569[39m     retcode = process.poll()
[32m    570[39m     [38;5;28;01mif[39;00m check [38;5;129;01mand[39;00m retcode:
[32m--> [39m[32m571[39m         [38;5;28;01mraise[39;00m CalledProcessError(retcode, process.args,
[32m    572[39m                                  output=stdout, stderr=stderr)
[32m    573[39m [38;5;28;01mreturn[39;00m CompletedProcess(process.args, retcode, stdout, stderr)

[31mCalledProcessError[39m: Command '['optimum-cli', 'export', 'openvino', '--model', 'zai-org/GLM-OCR', 'GLM-OCR/INT4', '--task', 'image-text-to-text', '--weight-format', 'int4', '--group-size', '128', '--ratio', '1.0']' returned non-zero exit status 1.

