/workspace/.venv-gpu-tf457/lib/python3.12/site-packages/transformers/utils/hub.py:110: FutureWarning: Using `TRANSFORMERS_CACHE` is deprecated and will be removed in v5 of Transformers. Use `HF_HOME` instead.
  warnings.warn(
`torch_dtype` is deprecated! Use `dtype` instead!
Fetching 4 files:   0%|                                                                                                            | 0/4 [00:00<?, ?it/s]Fetching 4 files: 100%|█████████████████████████████████████████████████████████████████████████████████████████████████| 4/4 [00:00<00:00, 73908.44it/s]
The following generation flags are not valid and may be ignored: ['temperature']. Set `TRANSFORMERS_VERBOSITY=info` for more details.
Setting `pad_token_id` to `eos_token_id`:2150 for open-end generation.
/workspace/.venv-gpu-tf457/lib/python3.12/site-packages/transformers/integrations/sdpa_attention.py:96: UserWarning: Using AOTriton backend for Efficient Attention forward... (Triggered internally at /app/pytorch/aten/src/ATen/native/transformers/hip/attention.hip:1452.)
  attn_output = torch.nn.functional.scaled_dot_product_attention(
MIOpen(HIP): Warning [IsEnoughWorkspace] [GetSolutionsFallback WTI] Solver <GemmFwdRest>, workspace required: 18149376, provided ptr: 0 size: 0
MIOpen(HIP): Warning [IsEnoughWorkspace] [EvaluateInvokers] Solver <GemmFwdRest>, workspace required: 18149376, provided ptr: 0 size: 0
MIOpen(HIP): Warning [IsEnoughWorkspace] [GetSolutionsFallback WTI] Solver <GemmFwdRest>, workspace required: 18149376, provided ptr: 0 size: 0
MIOpen(HIP): Warning [IsEnoughWorkspace] [EvaluateInvokers] Solver <GemmFwdRest>, workspace required: 18149376, provided ptr: 0 size: 0
MIOpen(HIP): Warning [IsEnoughWorkspace] [GetSolutionsFallback WTI] Solver <GemmFwdRest>, workspace required: 45346560, provided ptr: 0 size: 0
MIOpen(HIP): Warning [IsEnoughWorkspace] [EvaluateInvokers] Solver <GemmFwdRest>, workspace required: 45346560, provided ptr: 0 size: 0
MIOpen(HIP): Warning [IsEnoughWorkspace] [GetSolutionsFallback WTI] Solver <GemmFwdRest>, workspace required: 45346560, provided ptr: 0 size: 0
MIOpen(HIP): Warning [IsEnoughWorkspace] [EvaluateInvokers] Solver <GemmFwdRest>, workspace required: 45346560, provided ptr: 0 size: 0
MIOpen(HIP): Warning [IsEnoughWorkspace] [GetSolutionsFallback WTI] Solver <GemmFwdRest>, workspace required: 90682368, provided ptr: 0 size: 0
MIOpen(HIP): Warning [IsEnoughWorkspace] [EvaluateInvokers] Solver <GemmFwdRest>, workspace required: 90682368, provided ptr: 0 size: 0
MIOpen(HIP): Warning [IsEnoughWorkspace] [GetSolutionsFallback WTI] Solver <GemmFwdRest>, workspace required: 90682368, provided ptr: 0 size: 0
MIOpen(HIP): Warning [IsEnoughWorkspace] [EvaluateInvokers] Solver <GemmFwdRest>, workspace required: 90682368, provided ptr: 0 size: 0
MIOpen(HIP): Warning [IsEnoughWorkspace] [GetSolutionsFallback WTI] Solver <GemmFwdRest>, workspace required: 136019520, provided ptr: 0 size: 0
MIOpen(HIP): Warning [IsEnoughWorkspace] [EvaluateInvokers] Solver <GemmFwdRest>, workspace required: 136019520, provided ptr: 0 size: 0
MIOpen(HIP): Warning [IsEnoughWorkspace] [GetSolutionsFallback WTI] Solver <GemmFwdRest>, workspace required: 136019520, provided ptr: 0 size: 0
MIOpen(HIP): Warning [IsEnoughWorkspace] [EvaluateInvokers] Solver <GemmFwdRest>, workspace required: 136019520, provided ptr: 0 size: 0
Setting `pad_token_id` to `eos_token_id`:2150 for open-end generation.
MIOpen(HIP): Warning [IsEnoughWorkspace] [GetSolutionsFallback WTI] Solver <GemmFwdRest>, workspace required: 15740928, provided ptr: 0 size: 0
MIOpen(HIP): Warning [IsEnoughWorkspace] [EvaluateInvokers] Solver <GemmFwdRest>, workspace required: 15740928, provided ptr: 0 size: 0
MIOpen(HIP): Warning [IsEnoughWorkspace] [GetSolutionsFallback WTI] Solver <GemmFwdRest>, workspace required: 15740928, provided ptr: 0 size: 0
MIOpen(HIP): Warning [IsEnoughWorkspace] [EvaluateInvokers] Solver <GemmFwdRest>, workspace required: 15740928, provided ptr: 0 size: 0
MIOpen(HIP): Warning [IsEnoughWorkspace] [GetSolutionsFallback WTI] Solver <GemmFwdRest>, workspace required: 39325440, provided ptr: 0 size: 0
MIOpen(HIP): Warning [IsEnoughWorkspace] [EvaluateInvokers] Solver <GemmFwdRest>, workspace required: 39325440, provided ptr: 0 size: 0
MIOpen(HIP): Warning [IsEnoughWorkspace] [GetSolutionsFallback WTI] Solver <GemmFwdRest>, workspace required: 39325440, provided ptr: 0 size: 0
MIOpen(HIP): Warning [IsEnoughWorkspace] [EvaluateInvokers] Solver <GemmFwdRest>, workspace required: 39325440, provided ptr: 0 size: 0
MIOpen(HIP): Warning [IsEnoughWorkspace] [GetSolutionsFallback WTI] Solver <GemmFwdRest>, workspace required: 78640128, provided ptr: 0 size: 0
MIOpen(HIP): Warning [IsEnoughWorkspace] [EvaluateInvokers] Solver <GemmFwdRest>, workspace required: 78640128, provided ptr: 0 size: 0
MIOpen(HIP): Warning [IsEnoughWorkspace] [GetSolutionsFallback WTI] Solver <GemmFwdRest>, workspace required: 78640128, provided ptr: 0 size: 0
MIOpen(HIP): Warning [IsEnoughWorkspace] [EvaluateInvokers] Solver <GemmFwdRest>, workspace required: 78640128, provided ptr: 0 size: 0
MIOpen(HIP): Warning [IsEnoughWorkspace] [GetSolutionsFallback WTI] Solver <GemmFwdRest>, workspace required: 117956160, provided ptr: 0 size: 0
MIOpen(HIP): Warning [IsEnoughWorkspace] [EvaluateInvokers] Solver <GemmFwdRest>, workspace required: 117956160, provided ptr: 0 size: 0
MIOpen(HIP): Warning [IsEnoughWorkspace] [GetSolutionsFallback WTI] Solver <GemmFwdRest>, workspace required: 117956160, provided ptr: 0 size: 0
MIOpen(HIP): Warning [IsEnoughWorkspace] [EvaluateInvokers] Solver <GemmFwdRest>, workspace required: 117956160, provided ptr: 0 size: 0
Setting `pad_token_id` to `eos_token_id`:2150 for open-end generation.
MIOpen(HIP): Warning [IsEnoughWorkspace] [GetSolutionsFallback WTI] Solver <GemmFwdRest>, workspace required: 22278144, provided ptr: 0 size: 0
MIOpen(HIP): Warning [IsEnoughWorkspace] [EvaluateInvokers] Solver <GemmFwdRest>, workspace required: 22278144, provided ptr: 0 size: 0
MIOpen(HIP): Warning [IsEnoughWorkspace] [GetSolutionsFallback WTI] Solver <GemmFwdRest>, workspace required: 22278144, provided ptr: 0 size: 0
MIOpen(HIP): Warning [IsEnoughWorkspace] [EvaluateInvokers] Solver <GemmFwdRest>, workspace required: 22278144, provided ptr: 0 size: 0
MIOpen(HIP): Warning [IsEnoughWorkspace] [GetSolutionsFallback WTI] Solver <GemmFwdRest>, workspace required: 55668480, provided ptr: 0 size: 0
MIOpen(HIP): Warning [IsEnoughWorkspace] [EvaluateInvokers] Solver <GemmFwdRest>, workspace required: 55668480, provided ptr: 0 size: 0
MIOpen(HIP): Warning [IsEnoughWorkspace] [GetSolutionsFallback WTI] Solver <GemmFwdRest>, workspace required: 55668480, provided ptr: 0 size: 0
MIOpen(HIP): Warning [IsEnoughWorkspace] [EvaluateInvokers] Solver <GemmFwdRest>, workspace required: 55668480, provided ptr: 0 size: 0
MIOpen(HIP): Warning [IsEnoughWorkspace] [GetSolutionsFallback WTI] Solver <GemmFwdRest>, workspace required: 111326208, provided ptr: 0 size: 0
MIOpen(HIP): Warning [IsEnoughWorkspace] [EvaluateInvokers] Solver <GemmFwdRest>, workspace required: 111326208, provided ptr: 0 size: 0
MIOpen(HIP): Warning [IsEnoughWorkspace] [GetSolutionsFallback WTI] Solver <GemmFwdRest>, workspace required: 111326208, provided ptr: 0 size: 0
MIOpen(HIP): Warning [IsEnoughWorkspace] [EvaluateInvokers] Solver <GemmFwdRest>, workspace required: 111326208, provided ptr: 0 size: 0
MIOpen(HIP): Warning [IsEnoughWorkspace] [GetSolutionsFallback WTI] Solver <GemmFwdRest>, workspace required: 166985280, provided ptr: 0 size: 0
MIOpen(HIP): Warning [IsEnoughWorkspace] [EvaluateInvokers] Solver <GemmFwdRest>, workspace required: 166985280, provided ptr: 0 size: 0
MIOpen(HIP): Warning [IsEnoughWorkspace] [GetSolutionsFallback WTI] Solver <GemmFwdRest>, workspace required: 166985280, provided ptr: 0 size: 0
MIOpen(HIP): Warning [IsEnoughWorkspace] [EvaluateInvokers] Solver <GemmFwdRest>, workspace required: 166985280, provided ptr: 0 size: 0
Setting `pad_token_id` to `eos_token_id`:2150 for open-end generation.
MIOpen(HIP): Warning [IsEnoughWorkspace] [GetSolutionsFallback WTI] Solver <GemmFwdRest>, workspace required: 19525632, provided ptr: 0 size: 0
MIOpen(HIP): Warning [IsEnoughWorkspace] [EvaluateInvokers] Solver <GemmFwdRest>, workspace required: 19525632, provided ptr: 0 size: 0
MIOpen(HIP): Warning [IsEnoughWorkspace] [GetSolutionsFallback WTI] Solver <GemmFwdRest>, workspace required: 19525632, provided ptr: 0 size: 0
MIOpen(HIP): Warning [IsEnoughWorkspace] [EvaluateInvokers] Solver <GemmFwdRest>, workspace required: 19525632, provided ptr: 0 size: 0
MIOpen(HIP): Warning [IsEnoughWorkspace] [GetSolutionsFallback WTI] Solver <GemmFwdRest>, workspace required: 48787200, provided ptr: 0 size: 0
MIOpen(HIP): Warning [IsEnoughWorkspace] [EvaluateInvokers] Solver <GemmFwdRest>, workspace required: 48787200, provided ptr: 0 size: 0
MIOpen(HIP): Warning [IsEnoughWorkspace] [GetSolutionsFallback WTI] Solver <GemmFwdRest>, workspace required: 48787200, provided ptr: 0 size: 0
MIOpen(HIP): Warning [IsEnoughWorkspace] [EvaluateInvokers] Solver <GemmFwdRest>, workspace required: 48787200, provided ptr: 0 size: 0
MIOpen(HIP): Warning [IsEnoughWorkspace] [GetSolutionsFallback WTI] Solver <GemmFwdRest>, workspace required: 97563648, provided ptr: 0 size: 0
MIOpen(HIP): Warning [IsEnoughWorkspace] [EvaluateInvokers] Solver <GemmFwdRest>, workspace required: 97563648, provided ptr: 0 size: 0
MIOpen(HIP): Warning [IsEnoughWorkspace] [GetSolutionsFallback WTI] Solver <GemmFwdRest>, workspace required: 97563648, provided ptr: 0 size: 0
MIOpen(HIP): Warning [IsEnoughWorkspace] [EvaluateInvokers] Solver <GemmFwdRest>, workspace required: 97563648, provided ptr: 0 size: 0
MIOpen(HIP): Warning [IsEnoughWorkspace] [GetSolutionsFallback WTI] Solver <GemmFwdRest>, workspace required: 146341440, provided ptr: 0 size: 0
MIOpen(HIP): Warning [IsEnoughWorkspace] [EvaluateInvokers] Solver <GemmFwdRest>, workspace required: 146341440, provided ptr: 0 size: 0
MIOpen(HIP): Warning [IsEnoughWorkspace] [GetSolutionsFallback WTI] Solver <GemmFwdRest>, workspace required: 146341440, provided ptr: 0 size: 0
MIOpen(HIP): Warning [IsEnoughWorkspace] [EvaluateInvokers] Solver <GemmFwdRest>, workspace required: 146341440, provided ptr: 0 size: 0
