[IPKernelApp] WARNING | Kernel is running over TCP without encryption. All communication (including code and outputs) is sent in plain text and is susceptible to eavesdropping. Use IPC transport or launch with kernel manager-provisioned CurveZMQ keys to enable transport encryption.
Traceback (most recent call last):
  File "/home/amd/Desktop/OpenVINO-Notebooks-on-AMD/ov_amd/_nbexec.py", line 122, in main
    client.execute()
  File "/home/amd/Desktop/OpenVINO-Notebooks-on-AMD/.venv-cpu/lib/python3.12/site-packages/jupyter_core/utils/__init__.py", line 165, in wrapped
    return loop.run_until_complete(inner)
           ^^^^^^^^^^^^^^^^^^^^^^^^^^^^^^
  File "/usr/lib/python3.12/asyncio/base_events.py", line 687, in run_until_complete
    return future.result()
           ^^^^^^^^^^^^^^^
  File "/home/amd/Desktop/OpenVINO-Notebooks-on-AMD/.venv-cpu/lib/python3.12/site-packages/nbclient/client.py", line 709, in async_execute
    await self.async_execute_cell(
  File "/home/amd/Desktop/OpenVINO-Notebooks-on-AMD/.venv-cpu/lib/python3.12/site-packages/nbclient/client.py", line 1062, in async_execute_cell
    await self._check_raise_for_error(cell, cell_index, exec_reply)
  File "/home/amd/Desktop/OpenVINO-Notebooks-on-AMD/.venv-cpu/lib/python3.12/site-packages/nbclient/client.py", line 918, in _check_raise_for_error
    raise CellExecutionError.from_cell_and_msg(cell, exec_reply_content)
nbclient.exceptions.CellExecutionError: An error occurred while executing the following cell:
------------------
from datetime import datetime
from typing import Optional, Union, Callable
import math

from PIL import Image
import openvino as ov
from torchvision import transforms
from einops import repeat
from tqdm.auto import tqdm
from einops import rearrange
from omegaconf import OmegaConf
from diffusers import DDIMScheduler
from diffusers.image_processor import VaeImageProcessor
from transformers import CLIPImageProcessor
import torch

from src.pipelines.pipeline_pose2vid_long import Pose2VideoPipeline
from src.utils.util import get_fps, read_frames
from src.utils.util import save_videos_grid
from src.pipelines.context import get_context_scheduler
------------------


[31m---------------------------------------------------------------------------[39m
[31mModuleNotFoundError[39m                       Traceback (most recent call last)
[36mCell[39m[36m [39m[32mIn[3][39m[32m, line 7[39m
[32m      3[39m [38;5;28;01mimport[39;00m math
[32m      4[39m 
[32m      5[39m [38;5;28;01mfrom[39;00m PIL [38;5;28;01mimport[39;00m Image
[32m      6[39m [38;5;28;01mimport[39;00m openvino [38;5;28;01mas[39;00m ov
[32m----> [39m[32m7[39m [38;5;28;01mfrom[39;00m torchvision [38;5;28;01mimport[39;00m transforms
[32m      8[39m [38;5;28;01mfrom[39;00m einops [38;5;28;01mimport[39;00m repeat
[32m      9[39m [38;5;28;01mfrom[39;00m tqdm.auto [38;5;28;01mimport[39;00m tqdm
[32m     10[39m [38;5;28;01mfrom[39;00m einops [38;5;28;01mimport[39;00m rearrange

[31mModuleNotFoundError[39m: No module named 'torchvision'

