/home/amd/Desktop/OpenVINO-Notebooks-on-AMD/.venv-gpu/lib/python3.12/site-packages/diffusers/utils/deprecation_utils.py:23: FutureWarning: `torch_dtype` is deprecated and will be removed in version 1.0.0. Please use `dtype` instead.
  deprecate("torch_dtype", "1.0.0", _TORCH_DTYPE_DEPRECATION_MESSAGE)
Couldn't connect to the Hub: 401 Client Error. (Request ID: Root=1-6abe377e-756f29004be9de401c097694;f2351209-ef45-4cbe-ba0e-93af1e2259dd)

Repository Not Found for url: https://hf-mirror.com/api/models/stabilityai/stable-diffusion-2-1.
Please make sure you specified the correct `repo_id` and `repo_type`.
If you are trying to access a private or gated repo, make sure you are authenticated and your token has the required permissions.
For more details, see https://huggingface.co/docs/huggingface_hub/authentication
Invalid username or password..
Will try to load from local cache.
Traceback (most recent call last):
  File "/home/amd/Desktop/OpenVINO-Notebooks-on-AMD/.venv-gpu/lib/python3.12/site-packages/huggingface_hub/utils/_http.py", line 836, in hf_raise_for_status
    response.raise_for_status()
  File "/home/amd/Desktop/OpenVINO-Notebooks-on-AMD/.venv-gpu/lib/python3.12/site-packages/httpx/_models.py", line 829, in raise_for_status
    raise HTTPStatusError(message, request=request, response=self)
httpx.HTTPStatusError: Client error '401 Unauthorized' for url 'https://hf-mirror.com/api/models/stabilityai/stable-diffusion-2-1'
For more information check: https://developer.mozilla.org/en-US/docs/Web/HTTP/Status/401

The above exception was the direct cause of the following exception:

Traceback (most recent call last):
  File "/home/amd/Desktop/OpenVINO-Notebooks-on-AMD/.venv-gpu/lib/python3.12/site-packages/diffusers/pipelines/pipeline_utils.py", line 1649, in download
    info = model_info(pretrained_model_name, token=token, revision=revision)
           ^^^^^^^^^^^^^^^^^^^^^^^^^^^^^^^^^^^^^^^^^^^^^^^^^^^^^^^^^^^^^^^^^
  File "/home/amd/Desktop/OpenVINO-Notebooks-on-AMD/.venv-gpu/lib/python3.12/site-packages/huggingface_hub/utils/_validators.py", line 89, in _inner_fn
    return fn(*args, **kwargs)
           ^^^^^^^^^^^^^^^^^^^
  File "/home/amd/Desktop/OpenVINO-Notebooks-on-AMD/.venv-gpu/lib/python3.12/site-packages/huggingface_hub/hf_api.py", line 3323, in model_info
    hf_raise_for_status(r)
  File "/home/amd/Desktop/OpenVINO-Notebooks-on-AMD/.venv-gpu/lib/python3.12/site-packages/huggingface_hub/utils/_http.py", line 923, in hf_raise_for_status
    raise _format(RepositoryNotFoundError, message, response, repo_type=repo_type, repo_id=repo_id) from e
huggingface_hub.errors.RepositoryNotFoundError: 401 Client Error. (Request ID: Root=1-6abe377e-756f29004be9de401c097694;f2351209-ef45-4cbe-ba0e-93af1e2259dd)

Repository Not Found for url: https://hf-mirror.com/api/models/stabilityai/stable-diffusion-2-1.
Please make sure you specified the correct `repo_id` and `repo_type`.
If you are trying to access a private or gated repo, make sure you are authenticated and your token has the required permissions.
For more details, see https://huggingface.co/docs/huggingface_hub/authentication
Invalid username or password.

The above exception was the direct cause of the following exception:

Traceback (most recent call last):
  File "/home/amd/Desktop/OpenVINO-Notebooks-on-AMD/workloads/stable-diffusion-text-to-image/rocm/run.py", line 81, in <module>
    raise SystemExit(main())
                     ^^^^^^
  File "/home/amd/Desktop/OpenVINO-Notebooks-on-AMD/workloads/stable-diffusion-text-to-image/rocm/run.py", line 36, in main
    pipe = StableDiffusionPipeline.from_pretrained(MODEL, torch_dtype=torch.float16)
           ^^^^^^^^^^^^^^^^^^^^^^^^^^^^^^^^^^^^^^^^^^^^^^^^^^^^^^^^^^^^^^^^^^^^^^^^^
  File "/home/amd/Desktop/OpenVINO-Notebooks-on-AMD/.venv-gpu/lib/python3.12/site-packages/huggingface_hub/utils/_validators.py", line 89, in _inner_fn
    return fn(*args, **kwargs)
           ^^^^^^^^^^^^^^^^^^^
  File "/home/amd/Desktop/OpenVINO-Notebooks-on-AMD/.venv-gpu/lib/python3.12/site-packages/diffusers/pipelines/pipeline_utils.py", line 880, in from_pretrained
    cached_folder = cls.download(
                    ^^^^^^^^^^^^^
  File "/home/amd/Desktop/OpenVINO-Notebooks-on-AMD/.venv-gpu/lib/python3.12/site-packages/huggingface_hub/utils/_validators.py", line 89, in _inner_fn
    return fn(*args, **kwargs)
           ^^^^^^^^^^^^^^^^^^^
  File "/home/amd/Desktop/OpenVINO-Notebooks-on-AMD/.venv-gpu/lib/python3.12/site-packages/diffusers/pipelines/pipeline_utils.py", line 1859, in download
    raise EnvironmentError(
OSError: Cannot load model stabilityai/stable-diffusion-2-1: the model is not fully cached locally (Cannot find an appropriate cached snapshot folder for the specified revision on the local disk and outgoing traffic has been disabled. To enable repo look-ups and downloads online, pass 'local_files_only=False' as input.) and an error occurred while trying to fetch metadata from the Hub. Please check out the root cause in the stacktrace above.
