[cell 0 START +    0.5s] # RF-DETR Object Detection with OpenVINO |  | RF-DETR is a real-time trans
[cell 1 START +    0.5s] ## Prerequisites | [back to top](#Table-of-contents) |  | Install the offici
[cell 2 START +    0.5s] from pathlib import Path |  | import requests |  | for helper_name in ("notebo
[cell 2 DONE  +    1.5s]
[cell 3 START +    1.5s] from importlib.metadata import version |  | from notebook_utils import dev
[cell 3 DONE  +    1.5s]
[cell 4 START +    1.5s] ## Select a model | [back to top](#Table-of-contents) |  | The official RF-D
[cell 5 START +    1.5s] import ipywidgets as widgets | from IPython.display import display |  | MODE
[cell 5 DONE  +    1.7s]
[cell 6 START +    1.7s] ## Convert the model | [back to top](#Table-of-contents) |  | `rfdetr` loads
[cell 7 START +    1.7s] import gc |  | import openvino as ov | from rfdetr import RFDETRBase, RFDETR
[cell 7 DONE  +    5.2s]
[cell 8 START +    5.2s] ## Run object detection | [back to top](#Table-of-contents) |  | Preprocessi
[cell 9 START +    5.2s] confidence_threshold = widgets.FloatSlider( |     value=0.4, |     min=0.0
[cell 9 DONE  +    5.2s]
[cell 10 START +    5.2s] from gradio_helper import run_object_detection | from PIL import Image |  | 
[cell 10 DONE  +    6.2s]
[cell 11 START +    6.2s] ## Interactive demo | [back to top](#Table-of-contents) |  | Upload an image
[cell 12 START +    6.2s] from gradio_helper import make_demo |  | demo = make_demo(ov_model, IMAGE_
NBEXEC_RESULT={"ok": true, "n_cells": 7, "n_skipped": 1, "n_substituted": 0, "stopped_after": null, "error_cell": null, "error_type": null, "error_head": null, "duration_s": 9.08, "patch_notes": ["skipped cell 12: matched skip pattern"]}
