[IPKernelApp] WARNING | Kernel is running over TCP without encryption. All communication (including code and outputs) is sent in plain text and is susceptible to eavesdropping. Use IPC transport or launch with kernel manager-provisioned CurveZMQ keys to enable transport encryption.
Note: switching to '3b795364a4d2f3b5adb365f39cdea376d20bc53c'.

You are in 'detached HEAD' state. You can look around, make experimental
changes and commit them, and you can discard any commits you make in this
state without impacting any branches by switching back to a branch.

If you want to create a new branch to retain commits you create, you may
do so (now or later) by using -c with the switch command. Example:

  git switch -c <new-branch-name>

Or undo this operation with:

  git switch -

Turn off this advice by setting config variable advice.detachedHead to false

HEAD is now at 3b79536 Update default base model path
Traceback (most recent call last):
  File "/home/amd/Desktop/OpenVINO-Notebooks-on-AMD/ov_amd/_nbexec.py", line 122, in main
    client.execute()
  File "/home/amd/Desktop/OpenVINO-Notebooks-on-AMD/.venv-cpu/lib/python3.12/site-packages/jupyter_core/utils/__init__.py", line 165, in wrapped
    return loop.run_until_complete(inner)
           ^^^^^^^^^^^^^^^^^^^^^^^^^^^^^^
  File "/usr/lib/python3.12/asyncio/base_events.py", line 687, in run_until_complete
    return future.result()
           ^^^^^^^^^^^^^^^
  File "/home/amd/Desktop/OpenVINO-Notebooks-on-AMD/.venv-cpu/lib/python3.12/site-packages/nbclient/client.py", line 709, in async_execute
    await self.async_execute_cell(
  File "/home/amd/Desktop/OpenVINO-Notebooks-on-AMD/.venv-cpu/lib/python3.12/site-packages/nbclient/client.py", line 1062, in async_execute_cell
    await self._check_raise_for_error(cell, cell_index, exec_reply)
  File "/home/amd/Desktop/OpenVINO-Notebooks-on-AMD/.venv-cpu/lib/python3.12/site-packages/nbclient/client.py", line 918, in _check_raise_for_error
    raise CellExecutionError.from_cell_and_msg(cell, exec_reply_content)
nbclient.exceptions.CellExecutionError: An error occurred while executing the following cell:
------------------
from ov_catvton_helper import download_models, convert_pipeline_models, convert_automasker_models

pipeline, mask_processor, automasker = download_models()
vae_scaling_factor = pipeline.vae.config.scaling_factor
convert_pipeline_models(pipeline)
convert_automasker_models(automasker)
------------------


[31m---------------------------------------------------------------------------[39m
[31mModuleNotFoundError[39m                       Traceback (most recent call last)
[36mCell[39m[36m [39m[32mIn[4][39m[32m, line 1[39m
[32m----> [39m[32m1[39m [38;5;28;01mfrom[39;00m ov_catvton_helper [38;5;28;01mimport[39;00m download_models, convert_pipeline_models, convert_automasker_models
[32m      2[39m 
[32m      3[39m pipeline, mask_processor, automasker = download_models()
[32m      4[39m vae_scaling_factor = pipeline.vae.config.scaling_factor

[31mModuleNotFoundError[39m: No module named 'ov_catvton_helper'

