[IPKernelApp] WARNING | Kernel is running over TCP without encryption. All communication (including code and outputs) is sent in plain text and is susceptible to eavesdropping. Use IPC transport or launch with kernel manager-provisioned CurveZMQ keys to enable transport encryption.
Traceback (most recent call last):
  File "/workspace/ov_amd/_nbexec.py", line 144, in main
    client.execute()
  File "/workspace/.venvs/cpu/0e3c03443623f289/lib/python3.12/site-packages/jupyter_core/utils/__init__.py", line 165, in wrapped
    return loop.run_until_complete(inner)
           ^^^^^^^^^^^^^^^^^^^^^^^^^^^^^^
  File "/usr/lib/python3.12/asyncio/base_events.py", line 687, in run_until_complete
    return future.result()
           ^^^^^^^^^^^^^^^
  File "/workspace/.venvs/cpu/0e3c03443623f289/lib/python3.12/site-packages/nbclient/client.py", line 709, in async_execute
    await self.async_execute_cell(
  File "/workspace/.venvs/cpu/0e3c03443623f289/lib/python3.12/site-packages/nbclient/client.py", line 1062, in async_execute_cell
    await self._check_raise_for_error(cell, cell_index, exec_reply)
  File "/workspace/.venvs/cpu/0e3c03443623f289/lib/python3.12/site-packages/nbclient/client.py", line 918, in _check_raise_for_error
    raise CellExecutionError.from_cell_and_msg(cell, exec_reply_content)
nbclient.exceptions.CellExecutionError: An error occurred while executing the following cell:
------------------
%pip uninstall -q -y optimum optimum-intel optimum-onnx

import subprocess
import sys

from notebook_utils import pip_install
from cmd_helper import clone_repo

pip_install("-q", "torch>=2.8", "torchvision", "--extra-index-url", "https://download.pytorch.org/whl/cpu")
fork_revision = "4085f5e80fb92c6c0eecd0c7f09bcb9d5fe07b14"
fork_dir = clone_repo("https://github.com/openvino-dev-samples/optimum-intel.git", fork_revision, add_to_sys_path=False)
actual_revision = subprocess.check_output(["git", "-C", str(fork_dir), "rev-parse", "HEAD"], text=True).strip()
if actual_revision != fork_revision:
    raise RuntimeError(f"Expected {fork_revision} in {fork_dir}, got {actual_revision}")
setup_path = fork_dir / "setup.py"
setup_text = setup_path.read_text(encoding="utf-8")
# Pin Optimum before its Hub requirement changed; allow safetensors 0.8 for hunyuan_vl.
dependencies = {
    '"optimum@https://codeload.github.com/huggingface/optimum/tar.gz/HEAD"': '"optimum@https://codeload.github.com/huggingface/optimum/tar.gz/52367da7f2d227d82db26d0de10f44c297b8c1eb"',
    '"safetensors<0.8.0"': '"safetensors>=0.8.0,<0.9.0"',
}
for original, pinned in dependencies.items():
    if setup_text.count(original) == 1:
        setup_text = setup_text.replace(original, pinned)
    elif setup_text.count(pinned) != 1:
        raise ValueError(f"Unexpected dependency in {setup_path}: {original}")
setup_path.write_text(setup_text, encoding="utf-8")
# The fork supports transformers<5.14; this revision adds hunyuan_vl and still satisfies that bound.
subprocess.run(
    [
        sys.executable,
        "-m",
        "pip",
        "install",
        "-q",
        str(fork_dir.resolve()),
        "https://codeload.github.com/huggingface/transformers/tar.gz/5d063058dc2ddae5e31e4fab1985701d5cf50133",
    ],
    check=True,
)
pip_install("-q", "openvino>=2026.2.0", "nncf>=2.17.0")
pip_install("-q", "gradio>=5.25.0", "Pillow>=10")
------------------

----- stdout -----
[33mWARNING: Skipping optimum-intel as it is not installed.[0m[33m
[0m
----- stdout -----
Note: you may need to restart the kernel to use updated packages.
----- stdout -----
Failed to clone the repository: [git-wrapper] cloning GitHub repo via gh-proxy.org
Cloning into 'optimum-intel'...
fatal: unable to access 'https://gh-proxy.org/https://github.com/openvino-dev-samples/optimum-intel.git/': CONNECT tunnel failed, response 403
[git-wrapper] gh-proxy clone failed, retrying via http://github.com
Cloning into 'optimum-intel'...
fatal: unable to access 'http://github.com/openvino-dev-samples/optimum-intel.git/': CONNECT tunnel failed, response 503
------------------

[31m---------------------------------------------------------------------------[39m
[31mCalledProcessError[39m                        Traceback (most recent call last)
[36mCell[39m[36m [39m[32mIn[2][39m[32m, line 11[39m
[32m      7[39m [38;5;28;01mfrom[39;00m cmd_helper [38;5;28;01mimport[39;00m clone_repo
[32m      8[39m 
[32m      9[39m pip_install([33m"-q"[39m, [33m"torch>=2.8"[39m, [33m"torchvision"[39m, [33m"--extra-index-url"[39m, [33m"https://download.pytorch.org/whl/cpu"[39m)
[32m     10[39m fork_revision = [33m"4085f5e80fb92c6c0eecd0c7f09bcb9d5fe07b14"[39m
[32m---> [39m[32m11[39m fork_dir = clone_repo([33m"https://github.com/openvino-dev-samples/optimum-intel.git"[39m, fork_revision, add_to_sys_path=[38;5;28;01mFalse[39;00m)
[32m     12[39m actual_revision = subprocess.check_output([[33m"git"[39m, [33m"-C"[39m, str(fork_dir), [33m"rev-parse"[39m, [33m"HEAD"[39m], text=[38;5;28;01mTrue[39;00m).strip()
[32m     13[39m [38;5;28;01mif[39;00m actual_revision != fork_revision:
[32m     14[39m     [38;5;28;01mraise[39;00m RuntimeError(f"Expected {fork_revision} in {fork_dir}, got {actual_revision}")

[36mFile [39m[32m/workspace/results/hunyuan-ocr/workdir-cpu/cmd_helper.py:14[39m, in [36mclone_repo[39m[34m(repo_url, revision, add_to_sys_path)[39m
[32m     12[39m [38;5;28;01mif[39;00m [38;5;129;01mnot[39;00m repo_path.exists():
[32m     13[39m     [38;5;28;01mtry[39;00m:
[32m---> [39m[32m14[39m         [30;43msubprocess[39;49m[30;43m.[39;49m[30;43mrun[39;49m[30;43m([39;49m
[32m     15[39m [30;43m            [39;49m[30;43m[[39;49m[30;43m"[39;49m[30;43mgit[39;49m[30;43m"[39;49m[30;43m,[39;49m[30;43m [39;49m[30;43m"[39;49m[30;43mclone[39;49m[30;43m"[39;49m[30;43m,[39;49m[30;43m [39;49m[30;43mrepo_url[39;49m[30;43m][39;49m[30;43m,[39;49m[30;43m [39;49m[30;43mcheck[39;49m[30;43m=[39;49m[30;43;01mTrue[39;49;00m[30;43m,[39;49m[30;43m [39;49m[30;43mstdout[39;49m[30;43m=[39;49m[30;43msubprocess[39;49m[30;43m.[39;49m[30;43mPIPE[39;49m[30;43m,[39;49m[30;43m [39;49m[30;43mstderr[39;49m[30;43m=[39;49m[30;43msubprocess[39;49m[30;43m.[39;49m[30;43mPIPE[39;49m[30;43m,[39;49m[30;43m [39;49m[30;43mtext[39;49m[30;43m=[39;49m[30;43;01mTrue[39;49;00m
[32m     16[39m [30;43m        [39;49m[30;43m)[39;49m  [38;5;66;03m# nosec B603 B607 - hardcoded git command[39;00m
[32m     17[39m     [38;5;28;01mexcept[39;00m [38;5;167;01mException[39;00m [38;5;28;01mas[39;00m exc:
[32m     18[39m         [38;5;28mprint[39m([33mf[39m[33m"[39m[33mFailed to clone the repository: [39m[38;5;132;01m{[39;00mexc.stderr[38;5;132;01m}[39;00m[33m"[39m)

[36mFile [39m[32m/usr/lib/python3.12/subprocess.py:571[39m, in [36mrun[39m[34m(input, capture_output, timeout, check, *popenargs, **kwargs)[39m
[32m    569[39m     retcode = process.poll()
[32m    570[39m     [38;5;28;01mif[39;00m check [38;5;129;01mand[39;00m retcode:
[32m--> [39m[32m571[39m         [38;5;28;01mraise[39;00m CalledProcessError(retcode, process.args,
[32m    572[39m                                  output=stdout, stderr=stderr)
[32m    573[39m [38;5;28;01mreturn[39;00m CompletedProcess(process.args, retcode, stdout, stderr)

[31mCalledProcessError[39m: Command '['git', 'clone', 'https://github.com/openvino-dev-samples/optimum-intel.git']' returned non-zero exit status 128.

