[IPKernelApp] WARNING | Kernel is running over TCP without encryption. All communication (including code and outputs) is sent in plain text and is susceptible to eavesdropping. Use IPC transport or launch with kernel manager-provisioned CurveZMQ keys to enable transport encryption.
[31mERROR: Invalid requirement: ':https://hf-mirror.com://download.pytorch.org/whl/cpu': Expected package name at the start of dependency specifier
    :https://hf-mirror.com://download.pytorch.org/whl/cpu
    ^
Hint: It looks like a path. File ':https://hf-mirror.com://download.pytorch.org/whl/cpu' does not exist.[0m[31m
[0mTraceback (most recent call last):
  File "/home/amd/Desktop/OpenVINO-Notebooks-on-AMD/ov_amd/_nbexec.py", line 122, in main
    client.execute()
  File "/home/amd/Desktop/OpenVINO-Notebooks-on-AMD/.venv-cpu/lib/python3.12/site-packages/jupyter_core/utils/__init__.py", line 165, in wrapped
    return loop.run_until_complete(inner)
           ^^^^^^^^^^^^^^^^^^^^^^^^^^^^^^
  File "/usr/lib/python3.12/asyncio/base_events.py", line 687, in run_until_complete
    return future.result()
           ^^^^^^^^^^^^^^^
  File "/home/amd/Desktop/OpenVINO-Notebooks-on-AMD/.venv-cpu/lib/python3.12/site-packages/nbclient/client.py", line 709, in async_execute
    await self.async_execute_cell(
  File "/home/amd/Desktop/OpenVINO-Notebooks-on-AMD/.venv-cpu/lib/python3.12/site-packages/nbclient/client.py", line 1062, in async_execute_cell
    await self._check_raise_for_error(cell, cell_index, exec_reply)
  File "/home/amd/Desktop/OpenVINO-Notebooks-on-AMD/.venv-cpu/lib/python3.12/site-packages/nbclient/client.py", line 918, in _check_raise_for_error
    raise CellExecutionError.from_cell_and_msg(cell, exec_reply_content)
nbclient.exceptions.CellExecutionError: An error occurred while executing the following cell:
------------------
import requests
from pathlib import Path

if not Path("cmd_helper.py").exists():
    r = requests.get(url="//huggingface\.co :https://hf-mirror.com://raw.githubusercontent.com/openvinotoolkit/openvino_notebooks/latest/utils/cmd_helper.py")
    open("cmd_helper.py", "w").write(r.text)

if not Path("notebook_utils.py").exists():
    r = requests.get(url="//huggingface\.co :https://hf-mirror.com://raw.githubusercontent.com/openvinotoolkit/openvino_notebooks/latest/utils/notebook_utils.py")
    open("notebook_utils.py", "w").write(r.text)

if not Path("pip_helper.py").exists():
    r = requests.get(url="//huggingface\.co :https://hf-mirror.com://raw.githubusercontent.com/openvinotoolkit/openvino_notebooks/latest/utils/pip_helper.py")
    open("pip_helper.py", "w").write(r.text)

from pip_helper import pip_install

%pip uninstall -q -y diffusers optimum-intel

pip_install(
    "-q",
    "gradio>=4.19,<6",
    "torch>=2.8",
    "nncf>=2.15.0",
    "accelerate",
    "--extra-index-url",
    "//huggingface\.co :https://hf-mirror.com://download.pytorch.org/whl/cpu",
)
pip_install("-q", "git+//huggingface\.co :https://hf-mirror.com://github.com/huggingface/diffusers.git@6a339ce637db184c2e1a10ec90ac0e292beb76ac")
pip_install("-q", "git+//huggingface\.co :https://hf-mirror.com://github.com/openvino-dev-samples/optimum-intel.git@d643a5d8ceaff200654e212eca21ec1b4dbea507")
pip_install("-qU", "openvino>=2026.1")


# Read more about telemetry collection at //huggingface\.co :https://hf-mirror.com://github.com/openvinotoolkit/openvino_notebooks?tab=readme-ov-file#-telemetry
from notebook_utils import collect_telemetry

collect_telemetry("ernie-image.ipynb")
------------------

----- stderr -----
<>:5: SyntaxWarning: invalid escape sequence '\.'
<>:9: SyntaxWarning: invalid escape sequence '\.'
<>:13: SyntaxWarning: invalid escape sequence '\.'
<>:27: SyntaxWarning: invalid escape sequence '\.'
<>:29: SyntaxWarning: invalid escape sequence '\.'
<>:30: SyntaxWarning: invalid escape sequence '\.'
<>:5: SyntaxWarning: invalid escape sequence '\.'
<>:9: SyntaxWarning: invalid escape sequence '\.'
<>:13: SyntaxWarning: invalid escape sequence '\.'
<>:27: SyntaxWarning: invalid escape sequence '\.'
<>:29: SyntaxWarning: invalid escape sequence '\.'
<>:30: SyntaxWarning: invalid escape sequence '\.'
/tmp/ipykernel_89891/2564068259.py:5: SyntaxWarning: invalid escape sequence '\.'
  r = requests.get(url="//huggingface\.co :https://hf-mirror.com://raw.githubusercontent.com/openvinotoolkit/openvino_notebooks/latest/utils/cmd_helper.py")
/tmp/ipykernel_89891/2564068259.py:9: SyntaxWarning: invalid escape sequence '\.'
  r = requests.get(url="//huggingface\.co :https://hf-mirror.com://raw.githubusercontent.com/openvinotoolkit/openvino_notebooks/latest/utils/notebook_utils.py")
/tmp/ipykernel_89891/2564068259.py:13: SyntaxWarning: invalid escape sequence '\.'
  r = requests.get(url="//huggingface\.co :https://hf-mirror.com://raw.githubusercontent.com/openvinotoolkit/openvino_notebooks/latest/utils/pip_helper.py")
/tmp/ipykernel_89891/2564068259.py:27: SyntaxWarning: invalid escape sequence '\.'
  "//huggingface\.co :https://hf-mirror.com://download.pytorch.org/whl/cpu",
/tmp/ipykernel_89891/2564068259.py:29: SyntaxWarning: invalid escape sequence '\.'
  pip_install("-q", "git+//huggingface\.co :https://hf-mirror.com://github.com/huggingface/diffusers.git@6a339ce637db184c2e1a10ec90ac0e292beb76ac")
/tmp/ipykernel_89891/2564068259.py:30: SyntaxWarning: invalid escape sequence '\.'
  pip_install("-q", "git+//huggingface\.co :https://hf-mirror.com://github.com/openvino-dev-samples/optimum-intel.git@d643a5d8ceaff200654e212eca21ec1b4dbea507")
----- stdout -----
Note: you may need to restart the kernel to use updated packages.
----- stderr -----
[31mERROR: Invalid requirement: ':https://hf-mirror.com://download.pytorch.org/whl/cpu': Expected package name at the start of dependency specifier
    :https://hf-mirror.com://download.pytorch.org/whl/cpu
    ^
Hint: It looks like a path. File ':https://hf-mirror.com://download.pytorch.org/whl/cpu' does not exist.[0m[31m
[0m
------------------

[31m---------------------------------------------------------------------------[39m
[31mCalledProcessError[39m                        Traceback (most recent call last)
[36mCell[39m[36m [39m[32mIn[1][39m[32m, line 20[39m
[32m     16[39m [38;5;28;01mfrom[39;00m pip_helper [38;5;28;01mimport[39;00m pip_install
[32m     17[39m 
[32m     18[39m get_ipython().run_line_magic([33m'pip'[39m, [33m'uninstall -q -y diffusers optimum-intel'[39m)
[32m     19[39m 
[32m---> [39m[32m20[39m pip_install(
[32m     21[39m     [33m"-q"[39m,
[32m     22[39m     [33m"gradio>=4.19,<6"[39m,
[32m     23[39m     [33m"torch>=2.8"[39m,

[36mFile [39m[32m~/Desktop/OpenVINO-Notebooks-on-AMD/results/ernie-image/workdir-cpu/pip_helper.py:10[39m, in [36mpip_install[39m[34m(*args)[39m
[32m      8[39m [38;5;28;01mfor[39;00m arg [38;5;129;01min[39;00m args:
[32m      9[39m     cli_args.extend([38;5;28mstr[39m(arg).split([33m"[39m[33m [39m[33m"[39m))
[32m---> [39m[32m10[39m [30;43msubprocess[39;49m[30;43m.[39;49m[30;43mrun[39;49m[30;43m([39;49m[30;43m[[39;49m[30;43msys[39;49m[30;43m.[39;49m[30;43mexecutable[39;49m[30;43m,[39;49m[30;43m [39;49m[30;43m"[39;49m[30;43m-m[39;49m[30;43m"[39;49m[30;43m,[39;49m[30;43m [39;49m[30;43m"[39;49m[30;43mpip[39;49m[30;43m"[39;49m[30;43m,[39;49m[30;43m [39;49m[30;43m"[39;49m[30;43minstall[39;49m[30;43m"[39;49m[30;43m,[39;49m[30;43m [39;49m[30;43m*[39;49m[30;43mcli_args[39;49m[30;43m][39;49m[30;43m,[39;49m[30;43m [39;49m[30;43mcheck[39;49m[30;43m=[39;49m[30;43;01mTrue[39;49;00m[30;43m)[39;49m

[36mFile [39m[32m/usr/lib/python3.12/subprocess.py:571[39m, in [36mrun[39m[34m(input, capture_output, timeout, check, *popenargs, **kwargs)[39m
[32m    569[39m     retcode = process.poll()
[32m    570[39m     [38;5;28;01mif[39;00m check [38;5;129;01mand[39;00m retcode:
[32m--> [39m[32m571[39m         [38;5;28;01mraise[39;00m CalledProcessError(retcode, process.args,
[32m    572[39m                                  output=stdout, stderr=stderr)
[32m    573[39m [38;5;28;01mreturn[39;00m CompletedProcess(process.args, retcode, stdout, stderr)

[31mCalledProcessError[39m: Command '['/home/amd/Desktop/OpenVINO-Notebooks-on-AMD/.venv-cpu/bin/python', '-m', 'pip', 'install', '-q', 'gradio>=4.19,<6', 'torch>=2.8', 'nncf>=2.15.0', 'accelerate', '--extra-index-url', '//huggingface\\.co', ':https://hf-mirror.com://download.pytorch.org/whl/cpu']' returned non-zero exit status 1.

