[IPKernelApp] WARNING | Kernel is running over TCP without encryption. All communication (including code and outputs) is sent in plain text and is susceptible to eavesdropping. Use IPC transport or launch with kernel manager-provisioned CurveZMQ keys to enable transport encryption.
[31mERROR: pip's dependency resolver does not currently take into account all the packages that are installed. This behaviour is the source of the following dependency conflicts.
descript-audio-codec 1.0.0 requires torchaudio, which is not installed.
descript-audiotools 0.7.4 requires torchaudio, which is not installed.
torch-stoi 0.2.3 requires torchaudio, which is not installed.[0m[31m
[0m[33mWARNING: Ignoring invalid distribution ~orch (/workspace/.venvs/cpu/b5474a66a7540a14/lib/python3.12/site-packages)[0m[33m
[0m[33mWARNING: Ignoring invalid distribution ~orch (/workspace/.venvs/cpu/b5474a66a7540a14/lib/python3.12/site-packages)[0m[33m
[0mly_delay_pattern_mask,
[32m     12[39m     build_delay_pattern_mask,
[32m     13[39m )
[32m     15[39m [38;5;28;01mfrom[39;00m[38;5;250m [39m[34;01m.[39;00m[34;01mstreamer[39;00m[38;5;250m [39m[38;5;28;01mimport[39;00m ParlerTTSStreamer

[36mFile [39m[32m/workspace/.venvs/cpu/b5474a66a7540a14/lib/python3.12/site-packages/parler_tts/dac_wrapper/__init__.py:2[39m
[32m      1[39m [38;5;28;01mfrom[39;00m[38;5;250m [39m[34;01m.[39;00m[34;01mconfiguration_dac[39;00m[38;5;250m [39m[38;5;28;01mimport[39;00m DACConfig
[32m----> [39m[32m2[39m [38;5;28;01mfrom[39;00m[38;5;250m [39m[34;01m.[39;00m[34;01mmodeling_dac[39;00m[38;5;250m [39m[38;5;28;01mimport[39;00m DACModel

[36mFile [39m[32m/workspace/.venvs/cpu/b5474a66a7540a14/lib/python3.12/site-packages/parler_tts/dac_wrapper/modeling_dac.py:2[39m
[32m      1[39m [38;5;28;01mimport[39;00m[38;5;250m [39m[34;01mtorch[39;00m
[32m----> [39m[32m2[39m [38;5;28;01mfrom[39;00m[38;5;250m [39m[34;01mdac[39;00m[34;01m.[39;00m[34;01mmodel[39;00m[38;5;250m [39m[38;5;28;01mimport[39;00m DAC
[32m      3[39m [38;5;28;01mfrom[39;00m[38;5;250m [39m[34;01mtorch[39;00m[38;5;250m [39m[38;5;28;01mimport[39;00m nn
[32m      5[39m [38;5;28;01mfrom[39;00m[38;5;250m [39m[34;01mtransformers[39;00m[38;5;250m [39m[38;5;28;01mimport[39;00m PreTrainedModel

[36mFile [39m[32m/workspace/.venvs/cpu/b5474a66a7540a14/lib/python3.12/site-packages/dac/__init__.py:6[39m
[32m      3[39m [38;5;66;03m# preserved here for legacy reasons[39;00m
[32m      4[39m __model_version__ = [33m"[39m[33mlatest[39m[33m"[39m
[32m----> [39m[32m6[39m [38;5;28;01mimport[39;00m[38;5;250m [39m[34;01maudiotools[39;00m
[32m      8[39m audiotools.ml.BaseModel.INTERN += [[33m"[39m[33mdac.**[39m[33m"[39m]
[32m      9[39m audiotools.ml.BaseModel.EXTERN += [[33m"[39m[33meinops[39m[33m"[39m]

[36mFile [39m[32m/workspace/.venvs/cpu/b5474a66a7540a14/lib/python3.12/site-packages/audiotools/__init__.py:2[39m
[32m      1[39m __version__ = [33m"[39m[33m0.7.4[39m[33m"[39m
[32m----> [39m[32m2[39m [38;5;28;01mfrom[39;00m[38;5;250m [39m[34;01m.[39;00m[34;01mcore[39;00m[38;5;250m [39m[38;5;28;01mimport[39;00m AudioSignal
[32m      3[39m [38;5;28;01mfrom[39;00m[38;5;250m [39m[34;01m.[39;00m[34;01mcore[39;00m[38;5;250m [39m[38;5;28;01mimport[39;00m STFTParams
[32m      4[39m [38;5;28;01mfrom[39;00m[38;5;250m [39m[34;01m.[39;00m[34;01mcore[39;00m[38;5;250m [39m[38;5;28;01mimport[39;00m Meter

[36mFile [39m[32m/workspace/.venvs/cpu/b5474a66a7540a14/lib/python3.12/site-packages/audiotools/core/__init__.py:1[39m
[32m----> [39m[32m1[39m [38;5;28;01mfrom[39;00m[38;5;250m [39m[34;01m.[39;00m[38;5;250m [39m[38;5;28;01mimport[39;00m util
[32m      2[39m [38;5;28;01mfrom[39;00m[38;5;250m [39m[34;01m.[39;00m[34;01maudio_signal[39;00m[38;5;250m [39m[38;5;28;01mimport[39;00m AudioSignal
[32m      3[39m [38;5;28;01mfrom[39;00m[38;5;250m [39m[34;01m.[39;00m[34;01maudio_signal[39;00m[38;5;250m [39m[38;5;28;01mimport[39;00m STFTParams

[36mFile [39m[32m/workspace/.venvs/cpu/b5474a66a7540a14/lib/python3.12/site-packages/audiotools/core/util.py:16[39m
[32m     14[39m [38;5;28;01mimport[39;00m[38;5;250m [39m[34;01mnumpy[39;00m[38;5;250m [39m[38;5;28;01mas[39;00m[38;5;250m [39m[34;01mnp[39;00m
[32m     15[39m [38;5;28;01mimport[39;00m[38;5;250m [39m[34;01mtorch[39;00m
[32m---> [39m[32m16[39m [38;5;28;01mimport[39;00m[38;5;250m [39m[34;01mtorchaudio[39;00m
[32m     17[39m [38;5;28;01mfrom[39;00m[38;5;250m [39m[34;01mflatten_dict[39;00m[38;5;250m [39m[38;5;28;01mimport[39;00m flatten
[32m     18[39m [38;5;28;01mfrom[39;00m[38;5;250m [39m[34;01mflatten_dict[39;00m[38;5;250m [39m[38;5;28;01mimport[39;00m unflatten

[36mFile [39m[32m/workspace/.venvs/cpu/b5474a66a7540a14/lib/python3.12/site-packages/torchaudio/__init__.py:7[39m
[32m      4[39m [38;5;28;01mimport[39;00m[38;5;250m [39m[34;01mtorch[39;00m
[32m      6[39m [38;5;66;03m# Initialize extension and backend first[39;00m
[32m----> [39m[32m7[39m [38;5;28;01mfrom[39;00m[38;5;250m [39m[34;01m.[39;00m[38;5;250m [39m[38;5;28;01mimport[39;00m _extension  [38;5;66;03m# noqa  # usort: skip[39;00m
[32m      8[39m [38;5;28;01mfrom[39;00m[38;5;250m [39m[34;01m.[39;00m[38;5;250m [39m[38;5;28;01mimport[39;00m compliance, datasets, functional, models, pipelines, transforms, utils  [38;5;66;03m# noqa: F401[39;00m
[32m      9[39m [38;5;28;01mfrom[39;00m[38;5;250m [39m[34;01m.[39;00m[34;01m_torchcodec[39;00m[38;5;250m [39m[38;5;28;01mimport[39;00m load_with_torchcodec, save_with_torchcodec

[36mFile [39m[32m/workspace/.venvs/cpu/b5474a66a7540a14/lib/python3.12/site-packages/torchaudio/_extension/__init__.py:30[39m
[32m     25[39m     _init_dll_path()
[32m     27[39m [38;5;66;03m# When the extension module is built, we initialize it.[39;00m
[32m     28[39m [38;5;66;03m# In case of an error, we do not catch the failure as it suggests there is something[39;00m
[32m     29[39m [38;5;66;03m# wrong with the installation.[39;00m
[32m---> [39m[32m30[39m _IS_TORCHAUDIO_EXT_AVAILABLE = [30;43m_load_lib[39;49m[30;43m([39;49m[30;43m"[39;49m[30;43m_torchaudio[39;49m[30;43m"[39;49m[30;43m)[39;49m
[32m     31[39m _IS_ALIGN_AVAILABLE = [38;5;28;01mFalse[39;00m
[32m     32[39m [38;5;28;01mif[39;00m _IS_TORCHAUDIO_EXT_AVAILABLE:

[36mFile [39m[32m/workspace/.venvs/cpu/b5474a66a7540a14/lib/python3.12/site-packages/torchaudio/_extension/utils.py:56[39m, in [36m_load_lib[39m[34m(lib)[39m
[32m     54[39m [38;5;28;01mif[39;00m [38;5;28mlen[39m(paths) > [32m1[39m:
[32m     55[39m     warnings.warn([33mf[39m[33m"[39m[33mExpected a single file path to [39m[38;5;132;01m{[39;00mlib[38;5;132;01m}[39;00m[33m, got [39m[38;5;132;01m{[39;00mpaths[38;5;132;01m=}[39;00m[33m"[39m)
[32m---> [39m[32m56[39m [30;43mtorch[39;49m[30;43m.[39;49m[30;43mops[39;49m[30;43m.[39;49m[30;43mload_library[39;49m[30;43m([39;49m[30;43mpaths[39;49m[30;43m[[39;49m[30;43m0[39;49m[30;43m][39;49m[30;43m)[39;49m
[32m     57[39m [38;5;28;01mreturn[39;00m [38;5;28;01mTrue[39;00m

[36mFile [39m[32m/workspace/.venvs/cpu/b5474a66a7540a14/lib/python3.12/site-packages/torch/_ops.py:1478[39m, in [36m_Ops.load_library[39m[34m(self, path)[39m
[32m   1473[39m path = _utils_internal.resolve_library_path(path)
[32m   1474[39m [38;5;28;01mwith[39;00m dl_open_guard():
[32m   1475[39m     [38;5;66;03m# Import the shared library into the process, thus running its[39;00m
[32m   1476[39m     [38;5;66;03m# static (global) initialization code in order to register custom[39;00m
[32m   1477[39m     [38;5;66;03m# operators with the JIT.[39;00m
[32m-> [39m[32m1478[39m     [30;43mctypes[39;49m[30;43m.[39;49m[30;43mCDLL[39;49m[30;43m([39;49m[30;43mpath[39;49m[30;43m)[39;49m
[32m   1479[39m [38;5;28mself[39m.loaded_libraries.add(path)

[36mFile [39m[32m/usr/lib/python3.12/ctypes/__init__.py:379[39m, in [36mCDLL.__init__[39m[34m(self, name, mode, handle, use_errno, use_last_error, winmode)[39m
[32m    376[39m [38;5;28mself[39m._FuncPtr = _FuncPtr
[32m    378[39m [38;5;28;01mif[39;00m handle [38;5;129;01mis[39;00m [38;5;28;01mNone[39;00m:
[32m--> [39m[32m379[39m     [38;5;28mself[39m._handle = [30;43m_dlopen[39;49m[30;43m([39;49m[30;43mself[39;49m[30;43m.[39;49m[30;43m_name[39;49m[30;43m,[39;49m[30;43m [39;49m[30;43mmode[39;49m[30;43m)[39;49m
[32m    380[39m [38;5;28;01melse[39;00m:
[32m    381[39m     [38;5;28mself[39m._handle = handle

[31mOSError[39m: /workspace/.venvs/cpu/b5474a66a7540a14/lib/python3.12/site-packages/torchaudio/lib/_torchaudio.abi3.so: undefined symbol: torch_library_impl

