[cell 0 START +    0.7s] # Convert and Optimize YOLOv11 instance segmentation model with OpenVI
[cell 1 START +    0.7s] ## Get PyTorch model | [back to top ⬆️](#Table-of-contents:) |  | Generally,
[cell 2 START +    0.7s] #### Prerequisites | [back to top ⬆️](#Table-of-contents:) |  | Install nece
[cell 3 START +    0.7s] %pip install -q "openvino>=2025.1.0" "nncf>=2.16.0" | %pip install -q "t
[cell 3 DONE  +   16.7s]
[cell 4 START +   16.7s] Import required utility functions. | The lower cell will download the `n
[cell 5 START +   16.7s] from pathlib import Path | import requests |  | if not Path("notebook_utils.
[cell 5 DONE  +   16.8s]
[cell 6 START +   16.8s] # Download a test sample | IMAGE_PATH = Path("./data/coco_bike.jpg") |  | if
[cell 6 DONE  +   18.7s]
[cell 7 START +   18.7s] ## Instantiate model | [back to top ⬆️](#Table-of-contents:) |  | For loadin
[cell 8 START +   18.7s] import ipywidgets as widgets |  | model_id = [ |     "yolo11n-seg", |     "yol
[cell 8 DONE  +   18.7s]
[cell 9 START +   18.7s] Making prediction, the model accepts a path to input image and returns
[cell 10 START +   18.7s] from PIL import Image | from ultralytics import YOLO |  | SEG_MODEL_NAME = m
[cell 10 DONE  +   24.5s]
[cell 11 START +   24.5s] ### Convert model to OpenVINO IR | [back to top ⬆️](#Table-of-contents:)
[cell 12 START +   24.5s] # instance segmentation model | seg_model_path = Path(f"{SEG_MODEL_NAME}
[cell 12 DONE  +   26.4s]
[cell 13 START +   26.4s] ### Verify model inference | [back to top ⬆️](#Table-of-contents:) |  | We c
[cell 14 START +   26.4s] ### Select inference device | [back to top ⬆️](#Table-of-contents:) |  | Sel
[cell 15 START +   26.4s] device = device_widget() |  | device
[cell 15 DONE  +   26.6s]
[cell 16 START +   26.6s] ### Test on single image | [back to top ⬆️](#Table-of-contents:)
[cell 17 START +   26.6s] seg_model = YOLO(seg_model_path.parent, task="segment")
[cell 17 DONE  +   26.6s]
[cell 18 START +   26.6s] res = seg_model(IMAGE_PATH, device=f"intel:{device.value.lower()}") | Im
[cell 18 DONE  +   26.9s]
[cell 19 START +   26.9s] Great! The result is the same, as produced by original models.
[cell 20 START +   26.9s] ## Optimize model using NNCF Post-training Quantization API | [back to t
[cell 21 START +   26.9s] Please select below whether you would like to run quantization to impr
[cell 22 START +   26.9s] int8_model_seg_path = Path(f"{SEG_MODEL_NAME}_openvino_model_int8/{SEG
[cell 22 DONE  +   26.9s]
[cell 23 START +   26.9s] Let's load `skip magic` extension to skip quantization if `to_quantize
[cell 24 START +   26.9s] # Fetch skip_kernel_extension module | import requests |  | if not Path("ski
[cell 24 DONE  +   26.9s]
[cell 25 START +   26.9s] Reuse validation dataloader in accuracy testing for quantization.  | For
[cell 26 START +   26.9s] %%skip not $to_quantize.value |  |  | import nncf |  | from zipfile import ZipFi
NBEXEC_RESULT={"ok": false, "n_cells": 22, "n_skipped": 0, "n_substituted": 0, "stopped_after": null, "error_cell": null, "error_type": "CellTimeoutError", "error_head": "-------------------", "duration_s": 929.53, "patch_notes": []}
