[cell 0 START +    0.8s] # Visual-language assistant with Gemma 4 and OpenVINO | ![](https://ai.g
[cell 1 START +    0.8s] ## Prerequisites | [back to top ⬆️](#Table-of-contents:)
[cell 2 START +    0.8s] %pip install -q "git+https://github.com/huggingface/optimum-intel.git"
[cell 2 DONE  +  144.2s]
[cell 3 START +  144.2s] from pathlib import Path | import requests |  | if not Path("cmd_helper.py")
[cell 3 DONE  +  144.3s]
[cell 4 START +  144.3s] ## Select model | [back to top ⬆️](#Table-of-contents:) |  | Several Gemma 4
[cell 5 START +  144.3s] import ipywidgets as widgets |  | # Read more about telemetry collection a
[cell 5 DONE  +  144.4s]
[cell 6 START +  144.4s] print(f"Selected {model_id.value}") | pt_model_id = model_id.value | model
[cell 6 DONE  +  144.4s]
[cell 7 START +  144.4s] ## Convert and Optimize model | [back to top ⬆️](#Table-of-contents:) |  | S
[cell 8 START +  144.4s] from IPython.display import display |  | weight_format = widgets.Dropdown(
[cell 8 DONE  +  144.4s]
[cell 9 START +  144.4s] import huggingface_hub as hf_hub | from cmd_helper import optimum_cli |  | p
[cell 9 DONE  +  284.4s]
[cell 10 START +  284.4s] ### Select inference device | [back to top ⬆️](#Table-of-contents:) |  | We 
[cell 11 START +  284.4s] from notebook_utils import device_widget |  | device = device_widget(defau
[cell 11 DONE  +  284.7s]
[cell 12 START +  284.7s] ## Run model inference | [back to top ⬆️](#Table-of-contents:)
[cell 13 START +  284.7s] import openvino_genai as ov_genai | import openvino as ov | import numpy a
[cell 13 DONE  +  284.8s]
[cell 14 START +  284.8s] def load_image(path_or_url): |     import os |     from io import BytesIO | 
[cell 14 DONE  +  344.6s]
NBEXEC_RESULT={"ok": false, "n_cells": 16, "n_skipped": 1, "n_substituted": 0, "stopped_after": null, "error_cell": null, "error_type": "CellExecutionError", "error_head": "\u001b[31mProxyError\u001b[39m: HTTPSConnectionPool(host='github.com', port=443): Max retries exceeded with url: /openvinotoolkit/openvino_notebooks/assets/29454499/d5fbbd1a-d484-415c-88cb-9986625b7b11 (Caused by ProxyError('Unable to connect to proxy', OSError('Tunnel connection failed: 503 Service Unavailable')))", "duration_s": 344.93, "patch_notes": ["skipped cell 26: matched skip pattern"]}
