[cell 0 START +    0.7s] # Convert a Tensorflow Lite Model to OpenVINO™ |  | [TensorFlow Lite](http
[cell 1 START +    0.7s] ## Preparation | [back to top ⬆️](#Table-of-contents:) |  | ### Install requ
[cell 2 START +    0.7s] %pip install -q "openvino>=2023.1.0" | %pip install -q opencv-python req
[cell 2 DONE  +    3.3s]
[cell 3 START +    3.3s] ### Imports | [back to top ⬆️](#Table-of-contents:) | 
[cell 4 START +    3.3s] from pathlib import Path | import numpy as np | from PIL import Image | impo
[cell 4 DONE  +    3.5s]
[cell 5 START +    3.5s] ## Download TFLite model | [back to top ⬆️](#Table-of-contents:) | 
[cell 6 START +    3.5s] import kagglehub |  | model_dir = kagglehub.model_download("tensorflow/eff
[cell 6 DONE  +   11.6s]
[cell 7 START +   11.6s] ## Convert a Model to OpenVINO IR Format | [back to top ⬆️](#Table-of-co
[cell 8 START +   11.6s] ov_model = ov.convert_model(tflite_model_path) | ov.save_model(ov_model,
[cell 8 DONE  +   11.8s]
[cell 9 START +   11.8s] ## Load model using OpenVINO TensorFlow Lite Frontend | [back to top ⬆️]
[cell 10 START +   11.8s] core = ov.Core() |  | ov_model = core.read_model(tflite_model_path)
[cell 10 DONE  +   11.8s]
[cell 11 START +   11.8s] ## Run OpenVINO model inference | [back to top ⬆️](#Table-of-contents:) | 
[cell 12 START +   11.8s] image = load_image("coco_bricks.png", "https://storage.openvinotoolkit
[cell 12 DONE  +   14.0s]
[cell 13 START +   14.0s] ### Select inference device | [back to top ⬆️](#Table-of-contents:) |  | sel
[cell 14 START +   14.0s] device = device_widget() |  | device
[cell 14 DONE  +   14.2s]
[cell 15 START +   14.2s] compiled_model = core.compile_model(ov_model, device.value) | predicted_
[07:42:40.6498]D[plugin.cpp:289][AUTO] deviceNameWithID:CPU, defaultDeviceID:, uniqueName:CPU_
[07:42:40.6500]I[plugin.cpp:479][AUTO] device:CPU, config:LOG_LEVEL=LOG_NONE
[07:42:40.6500]I[plugin.cpp:479][AUTO] device:CPU, config:PERFORMANCE_HINT=LATENCY
[07:42:40.6500]I[plugin.cpp:479][AUTO] device:CPU, config:PERFORMANCE_HINT_NUM_REQUESTS=0
[07:42:40.6500]I[plugin.cpp:479][AUTO] device:CPU, config:PERF_COUNT=NO
[07:42:40.6500]I[plugin.cpp:484][AUTO] device:CPU, priority:0
[07:42:40.6500]I[plugin.cpp:510][AUTO] Original device list() size to load the model: 0
[07:42:40.6500]I[schedule.cpp:17][AUTO] scheduler starting
[07:42:40.6500]I[auto_schedule.cpp:163][AUTO] select device:CPU
[07:42:40.6509]I[auto_schedule.cpp:284][AUTO] Only one device or multiple devices of the same type will use passthrough compiled model
[07:42:40.7248]I[auto_schedule.cpp:341][AUTO] Device: [CPU]: Compile model took 73.916356 ms
[07:42:40.7250]I[auto_schedule.cpp:118][AUTO] device:CPU compiling model finished
[07:42:40.7250]D[auto_schedule.cpp:124][AUTO] device:CPU, GetConfig:SUPPORTED_PROPERTIES=SUPPORTED_PROPERTIES NETWORK_NAME OPTIMAL_NUMBER_OF_INFER_REQUESTS NUM_STREAMS INFERENCE_NUM_THREADS PERF_COUNT INFERENCE_PRECISION_HINT PERFORMANCE_HINT EXECUTION_MODE_HINT PERFORMANCE_HINT_NUM_REQUESTS ENABLE_
[07:42:40.7250]D[auto_schedule.cpp:124][AUTO] device:CPU, GetConfig:NETWORK_NAME=TensorFlow_Lite_Frontend_IR
[07:42:40.7250]D[auto_schedule.cpp:124][AUTO] device:CPU, GetConfig:OPTIMAL_NUMBER_OF_INFER_REQUESTS=1
[07:42:40.7250]D[auto_schedule.cpp:124][AUTO] device:CPU, GetConfig:NUM_STREAMS=1
[07:42:40.7250]D[auto_schedule.cpp:124][AUTO] device:CPU, GetConfig:INFERENCE_NUM_THREADS=16
[07:42:40.7250]D[auto_schedule.cpp:124][AUTO] device:CPU, GetConfig:PERF_COUNT=NO
[07:42:40.7250]D[auto_schedule.cpp:124][AUTO] device:CPU, GetConfig:INFERENCE_PRECISION_HINT=bf16
[07:42:40.7250]D[auto_schedule.cpp:124][AUTO] device:CPU, GetConfig:PERFORMANCE_HINT=LATENCY
[07:42:40.7250]D[auto_schedule.cpp:124][AUTO] device:CPU, GetConfig:EXECUTION_MODE_HINT=PERFORMANCE
[07:42:40.7251]D[auto_schedule.cpp:124][AUTO] device:CPU, GetConfig:PERFORMANCE_HINT_NUM_REQUESTS=0
[07:42:40.7251]D[auto_schedule.cpp:124][AUTO] device:CPU, GetConfig:ENABLE_CPU_PINNING=YES
[07:42:40.7251]D[auto_schedule.cpp:124][AUTO] device:CPU, GetConfig:ENABLE_CPU_RESERVATION=NO
[07:42:40.7251]D[auto_schedule.cpp:124][AUTO] device:CPU, GetConfig:SCHEDULING_CORE_TYPE=ANY_CORE
[07:42:40.7251]D[auto_schedule.cpp:124][AUTO] device:CPU, GetConfig:MODEL_DISTRIBUTION_POLICY=
[07:42:40.7251]D[auto_schedule.cpp:124][AUTO] device:CPU, GetConfig:ENABLE_HYPER_THREADING=NO
[07:42:40.7251]D[auto_schedule.cpp:124][AUTO] device:CPU, GetConfig:EXECUTION_DEVICES=CPU
[07:42:40.7251]D[auto_schedule.cpp:124][AUTO] device:CPU, GetConfig:CPU_DENORMALS_OPTIMIZATION=NO
[07:42:40.7251]D[auto_schedule.cpp:124][AUTO] device:CPU, GetConfig:LOG_LEVEL=LOG_NONE
[07:42:40.7251]D[auto_schedule.cpp:124][AUTO] device:CPU, GetConfig:CPU_SPARSE_WEIGHTS_DECOMPRESSION_RATE=1
[07:42:40.7251]D[auto_schedule.cpp:124][AUTO] device:CPU, GetConfig:ENABLE_TENSOR_PARALLEL=NO
[07:42:40.7251]D[auto_schedule.cpp:124][AUTO] device:CPU, GetConfig:TBB_PARTITIONER=STATIC
[07:42:40.7251]D[auto_schedule.cpp:124][AUTO] device:CPU, GetConfig:DYNAMIC_QUANTIZATION_GROUP_SIZE=32
[07:42:40.7251]D[auto_schedule.cpp:124][AUTO] device:CPU, GetConfig:KV_CACHE_PRECISION=u8
[07:42:40.7251]D[auto_schedule.cpp:124][AUTO] device:CPU, GetConfig:KEY_CACHE_PRECISION=u8
[07:42:40.7251]D[auto_schedule.cpp:124][AUTO] device:CPU, GetConfig:VALUE_CACHE_PRECISION=u8
[07:42:40.7251]D[auto_schedule.cpp:124][AUTO] device:CPU, GetConfig:KEY_CACHE_GROUP_SIZE=0
[07:42:40.7251]D[auto_schedule.cpp:124][AUTO] device:CPU, GetConfig:VALUE_CACHE_GROUP_SIZE=0
[07:42:40.7251]D[auto_schedule.cpp:124][AUTO] device:CPU, GetConfig:RUNTIME_REQUIREMENTS=meta=1.0;ov=2026.4.1;isa=Intel AVX-512 with Intel DL Boost and bfloat16 support
[07:42:40.7252]I[plugin.cpp:534][AUTO] underlying hardware does not support hardware context
[cell 15 DONE  +   14.3s]
[cell 16 START +   14.3s] imagenet_classes_file_path = download_file("https://storage.openvinoto
[cell 16 DONE  +   15.1s]
[cell 17 START +   15.1s] ## Estimate Model Performance | [back to top ⬆️](#Table-of-contents:) | [B
[cell 18 START +   15.1s] print(f"Benchmark model inference on {device.value}") | !benchmark_app -
[cell 18 DONE  +   30.7s]
NBEXEC_RESULT={"ok": true, "n_cells": 10, "n_skipped": 0, "n_substituted": 0, "stopped_after": null, "error_cell": null, "error_type": null, "error_head": null, "duration_s": 33.38, "patch_notes": []}
