[cell 0 START +    0.4s] # Optimize Preprocessing |  | When input data does not fit the model input
[cell 1 START +    0.4s]  | #### Table of contents: |  | - [Settings](#Settings) | - [Imports](#Imports
[cell 2 START +    0.4s] ## Settings | [back to top ⬆️](#Table-of-contents:) | 
[cell 3 START +    0.4s] # Install openvino package | %pip install -q "openvino>=2025.4.0" opencv
[cell 3 DONE  +    1.6s]
[cell 4 START +    1.6s] ## Imports | [back to top ⬆️](#Table-of-contents:) | 
[cell 5 START +    1.6s] import time | import os | from pathlib import Path |  | os.environ["TF_CPP_MIN
[cell 5 DONE  +    3.1s]
[cell 6 START +    3.1s] ### Setup image and device | [back to top ⬆️](#Table-of-contents:) | 
[cell 7 START +    3.1s] # Download the image from the openvino_notebooks storage | image_path = 
[cell 7 DONE  +    3.1s]
[cell 8 START +    3.1s] core = ov.Core() | device = device_widget(exclude=["NPU"]) |  | device
[cell 8 DONE  +    3.2s]
[cell 9 START +    3.2s] ### Downloading the model | [back to top ⬆️](#Table-of-contents:) |  | This 
[cell 10 START +    3.2s] model_name = "InceptionResNetV2" |  | model_dir = Path("model") | model_dir.
[cell 10 DONE  +   11.9s]
[cell 11 START +   11.9s] ### Create core | [back to top ⬆️](#Table-of-contents:) | 
[cell 12 START +   11.9s] core = ov.Core()
[cell 12 DONE  +   12.0s]
[cell 13 START +   12.0s] ### Check the original parameters of image | [back to top ⬆️](#Table-of-
[cell 14 START +   12.0s] image = cv2.imread(image_path) | plt.imshow(cv2.cvtColor(image, cv2.COLO
[cell 14 DONE  +   12.1s]
[cell 15 START +   12.1s] ## Setup preprocessing steps with Preprocessing API and perform infere
[cell 16 START +   12.1s] ### Convert model to OpenVINO IR with model conversion API | [back to to
[cell 17 START +   12.1s] ir_path = model_dir / "ir_model" / f"{model_name}.xml" |  | ppp_model = No
[cell 17 DONE  +   12.1s]
[cell 18 START +   12.1s] ### Create `PrePostProcessor` Object | [back to top ⬆️](#Table-of-conten
[cell 19 START +   12.1s] from openvino.preprocess import PrePostProcessor |  | ppp = PrePostProcess
[cell 19 DONE  +   12.1s]
[cell 20 START +   12.1s] ### Declare User’s Data Format | [back to top ⬆️](#Table-of-contents:) |  | 
[cell 21 START +   12.1s] # setup formant of data | ppp.input().tensor().set_element_type(ov.Type.
[cell 21 DONE  +   12.1s]
[cell 22 START +   12.1s] ### Declaring Model Layout | [back to top ⬆️](#Table-of-contents:) |  | Mode
[cell 23 START +   12.1s] input_layer_ir = next(iter(ppp_model.inputs)) | print(f"The input shape 
[cell 23 DONE  +   12.1s]
[cell 24 START +   12.1s] ### Preprocessing Steps | [back to top ⬆️](#Table-of-contents:) |  | Now, th
[cell 25 START +   12.1s] from openvino.preprocess import ResizeAlgorithm |  | ppp.input().preproces
[cell 25 DONE  +   12.1s]
[cell 26 START +   12.1s] ### Integrating Steps into a Model | [back to top ⬆️](#Table-of-contents
[cell 27 START +   12.1s] print(f"Dump preprocessor: {ppp}") | model_with_preprocess = ppp.build()
[cell 27 DONE  +   12.1s]
[cell 28 START +   12.1s] ## Load model and perform inference | [back to top ⬆️](#Table-of-content
[cell 29 START +   12.1s] def prepare_image_api_preprocess(image_path, model=None): |     image = 
[cell 29 DONE  +   12.3s]
[cell 30 START +   12.3s] ## Fit image manually and perform inference | [back to top ⬆️](#Table-of
[cell 31 START +   12.3s] ### Load the model | [back to top ⬆️](#Table-of-contents:) | 
[cell 32 START +   12.3s] model = core.read_model(model=ir_path) | compiled_model = core.compile_m
[cell 32 DONE  +   12.4s]
[cell 33 START +   12.4s] ### Load image and fit it to model input | [back to top ⬆️](#Table-of-co
[cell 34 START +   12.4s] def manual_image_preprocessing(path_to_image, compiled_model): |     inp
[cell 34 DONE  +   12.4s]
[cell 35 START +   12.4s] ### Perform inference | [back to top ⬆️](#Table-of-contents:) | 
[cell 36 START +   12.4s] output_layer = compiled_model.output(0) |  | result = compiled_model(input
[cell 36 DONE  +   12.4s]
[cell 37 START +   12.4s] ## Compare results | [back to top ⬆️](#Table-of-contents:) | 
[cell 38 START +   12.4s] ### Compare results on one image | [back to top ⬆️](#Table-of-contents:)
[cell 39 START +   12.4s] def check_results(input_tensor, compiled_model, imagenet_classes): |    
[cell 39 DONE  +   12.4s]
[cell 40 START +   12.4s] ### Compare performance | [back to top ⬆️](#Table-of-contents:) | 
[cell 41 START +   12.4s] def check_performance(compiled_model, preprocessing_function=None): |   
[cell 41 DONE  +   29.5s]
NBEXEC_RESULT={"ok": true, "n_cells": 19, "n_skipped": 0, "n_substituted": 0, "stopped_after": null, "error_cell": null, "error_type": null, "error_head": null, "duration_s": 31.53, "patch_notes": []}
