[cell 0 START +    0.4s] # Music generation using ACE Step and OpenVINO |  | [ACE-Step](https://ace
[cell 1 START +    0.4s] ## Prerequisites | [back to top ⬆️](#Table-of-contents:) |  | **Note:** FFmp
[cell 2 START +    0.4s] import requests | from pathlib import Path |  | if not Path("ov_ace_helper.p
Requirement already satisfied: gradio>=4.19 in /home/amd/Desktop/OpenVINO-Notebooks-on-AMD/.venv-cpu/lib/python3.12/site-packages (5.50.0)
Requirement already satisfied: aiofiles<25.0,>=22.0 in /home/amd/Desktop/OpenVINO-Notebooks-on-AMD/.venv-cpu/lib/python3.12/site-packages (from gradio>=4.19) (24.1.0)
Requirement already satisfied: anyio<5.0,>=3.0 in /home/amd/Desktop/OpenVINO-Notebooks-on-AMD/.venv-cpu/lib/python3.12/site-packages (from gradio>=4.19) (4.15.1)
Requirement already satisfied: brotli>=1.1.0 in /home/amd/Desktop/OpenVINO-Notebooks-on-AMD/.venv-cpu/lib/python3.12/site-packages (from gradio>=4.19) (1.2.0)
Requirement already satisfied: fastapi<1.0,>=0.115.2 in /home/amd/Desktop/OpenVINO-Notebooks-on-AMD/.venv-cpu/lib/python3.12/site-packages (from gradio>=4.19) (0.142.2)
Requirement already satisfied: ffmpy in /home/amd/Desktop/OpenVINO-Notebooks-on-AMD/.venv-cpu/lib/python3.12/site-packages (from gradio>=4.19) (1.0.0)
Requirement already satisfied: gradio-client==1.14.0 in /home/amd/Desktop/OpenVINO-Notebooks-on-AMD/.venv-cpu/lib/python3.12/site-packages (from gradio>=4.19) (1.14.0)
Requirement already satisfied: groovy~=0.1 in /home/amd/Desktop/OpenVINO-Notebooks-on-AMD/.venv-cpu/lib/python3.12/site-packages (from gradio>=4.19) (0.1.2)
Requirement already satisfied: httpx<1.0,>=0.24.1 in /home/amd/Desktop/OpenVINO-Notebooks-on-AMD/.venv-cpu/lib/python3.12/site-packages (from gradio>=4.19) (0.28.1)
Requirement already satisfied: huggingface-hub<2.0,>=0.33.5 in /home/amd/Desktop/OpenVINO-Notebooks-on-AMD/.venv-cpu/lib/python3.12/site-packages (from gradio>=4.19) (1.33.0)
Requirement already satisfied: jinja2<4.0 in /home/amd/Desktop/OpenVINO-Notebooks-on-AMD/.venv-cpu/lib/python3.12/site-packages (from gradio>=4.19) (3.1.6)
Requirement already satisfied: markupsafe<4.0,>=2.0 in /home/amd/Desktop/OpenVINO-Notebooks-on-AMD/.venv-cpu/lib/python3.12/site-packages (from gradio>=4.19) (3.0.3)
Requirement already satisfied: numpy<3.0,>=1.0 in /home/amd/Desktop/OpenVINO-Notebooks-on-AMD/.venv-cpu/lib/python3.12/site-packages (from gradio>=4.19) (2.2.6)
Requirement already satisfied: orjson~=3.0 in /home/amd/Desktop/OpenVINO-Notebooks-on-AMD/.venv-cpu/lib/python3.12/site-packages (from gradio>=4.19) (3.12.0)
Requirement already satisfied: packaging in /home/amd/Desktop/OpenVINO-Notebooks-on-AMD/.venv-cpu/lib/python3.12/site-packages (from gradio>=4.19) (26.3)
Requirement already satisfied: pandas<3.0,>=1.0 in /home/amd/Desktop/OpenVINO-Notebooks-on-AMD/.venv-cpu/lib/python3.12/site-packages (from gradio>=4.19) (2.3.3)
Requirement already satisfied: pillow<12.0,>=8.0 in /home/amd/Desktop/OpenVINO-Notebooks-on-AMD/.venv-cpu/lib/python3.12/site-packages (from gradio>=4.19) (11.3.0)
Collecting pydantic<=2.12.3,>=2.0 (from gradio>=4.19)
  Using cached pydantic-2.12.3-py3-none-any.whl.metadata (87 kB)
Requirement already satisfied: pydub in /home/amd/Desktop/OpenVINO-Notebooks-on-AMD/.venv-cpu/lib/python3.12/site-packages (from gradio>=4.19) (0.25.1)
Requirement already satisfied: python-multipart>=0.0.18 in /home/amd/Desktop/OpenVINO-Notebooks-on-AMD/.venv-cpu/lib/python3.12/site-packages (from gradio>=4.19) (0.0.32)
Requirement already satisfied: pyyaml<7.0,>=5.0 in /home/amd/Desktop/OpenVINO-Notebooks-on-AMD/.venv-cpu/lib/python3.12/site-packages (from gradio>=4.19) (6.0.3)
Requirement already satisfied: ruff>=0.9.3 in /home/amd/Desktop/OpenVINO-Notebooks-on-AMD/.venv-cpu/lib/python3.12/site-packages (from gradio>=4.19) (0.16.9)
Requirement already satisfied: safehttpx<0.2.0,>=0.1.6 in /home/amd/Desktop/OpenVINO-Notebooks-on-AMD/.venv-cpu/lib/python3.12/site-packages (from gradio>=4.19) (0.1.7)
Requirement already satisfied: semantic-version~=2.0 in /home/amd/Desktop/OpenVINO-Notebooks-on-AMD/.venv-cpu/lib/python3.12/site-packages (from gradio>=4.19) (2.10.0)
Requirement already satisfied: starlette<1.0,>=0.40.0 in /home/amd/Desktop/OpenVINO-Notebooks-on-AMD/.venv-cpu/lib/python3.12/site-packages (from gradio>=4.19) (0.52.1)
Requirement already satisfied: tomlkit<0.14.0,>=0.12.0 in /home/amd/Desktop/OpenVINO-Notebooks-on-AMD/.venv-cpu/lib/python3.12/site-packages (from gradio>=4.19) (0.13.3)
Requirement already satisfied: typer<1.0,>=0.12 in /home/amd/Desktop/OpenVINO-Notebooks-on-AMD/.venv-cpu/lib/python3.12/site-packages (from gradio>=4.19) (0.25.1)
Requirement already satisfied: typing-extensions~=4.0 in /home/amd/Desktop/OpenVINO-Notebooks-on-AMD/.venv-cpu/lib/python3.12/site-packages (from gradio>=4.19) (4.16.0)
Requirement already satisfied: uvicorn>=0.14.0 in /home/amd/Desktop/OpenVINO-Notebooks-on-AMD/.venv-cpu/lib/python3.12/site-packages (from gradio>=4.19) (0.54.0)
Requirement already satisfied: fsspec in /home/amd/Desktop/OpenVINO-Notebooks-on-AMD/.venv-cpu/lib/python3.12/site-packages (from gradio-client==1.14.0->gradio>=4.19) (2025.3.0)
Requirement already satisfied: websockets<16.0,>=13.0 in /home/amd/Desktop/OpenVINO-Notebooks-on-AMD/.venv-cpu/lib/python3.12/site-packages (from gradio-client==1.14.0->gradio>=4.19) (15.0.1)
Requirement already satisfied: idna>=2.8 in /home/amd/Desktop/OpenVINO-Notebooks-on-AMD/.venv-cpu/lib/python3.12/site-packages (from anyio<5.0,>=3.0->gradio>=4.19) (3.20)
Requirement already satisfied: typing-inspection>=0.4.2 in /home/amd/Desktop/OpenVINO-Notebooks-on-AMD/.venv-cpu/lib/python3.12/site-packages (from fastapi<1.0,>=0.115.2->gradio>=4.19) (0.4.4)
Requirement already satisfied: annotated-doc>=0.0.2 in /home/amd/Desktop/OpenVINO-Notebooks-on-AMD/.venv-cpu/lib/python3.12/site-packages (from fastapi<1.0,>=0.115.2->gradio>=4.19) (0.0.5)
Requirement already satisfied: opentelemetry-api>=1.44.0 in /home/amd/Desktop/OpenVINO-Notebooks-on-AMD/.venv-cpu/lib/python3.12/site-packages (from fastapi<1.0,>=0.115.2->gradio>=4.19) (1.45.0)
Requirement already satisfied: certifi in /home/amd/Desktop/OpenVINO-Notebooks-on-AMD/.venv-cpu/lib/python3.12/site-packages (from httpx<1.0,>=0.24.1->gradio>=4.19) (2026.7.22)
Requirement already satisfied: httpcore==1.* in /home/amd/Desktop/OpenVINO-Notebooks-on-AMD/.venv-cpu/lib/python3.12/site-packages (from httpx<1.0,>=0.24.1->gradio>=4.19) (1.0.9)
Requirement already satisfied: h11>=0.16 in /home/amd/Desktop/OpenVINO-Notebooks-on-AMD/.venv-cpu/lib/python3.12/site-packages (from httpcore==1.*->httpx<1.0,>=0.24.1->gradio>=4.19) (0.16.0)
Requirement already satisfied: click<9.0.0,>=8.4.2 in /home/amd/Desktop/OpenVINO-Notebooks-on-AMD/.venv-cpu/lib/python3.12/site-packages (from huggingface-hub<2.0,>=0.33.5->gradio>=4.19) (8.5.0)
Requirement already satisfied: filelock>=3.10.0 in /home/amd/Desktop/OpenVINO-Notebooks-on-AMD/.venv-cpu/lib/python3.12/site-packages (from huggingface-hub<2.0,>=0.33.5->gradio>=4.19) (4.0.8)
Requirement already satisfied: hf-xet<2.0.0,>=1.6.0 in /home/amd/Desktop/OpenVINO-Notebooks-on-AMD/.venv-cpu/lib/python3.12/site-packages (from huggingface-hub<2.0,>=0.33.5->gradio>=4.19) (1.6.0)
Requirement already satisfied: tqdm>=4.42.1 in /home/amd/Desktop/OpenVINO-Notebooks-on-AMD/.venv-cpu/lib/python3.12/site-packages (from huggingface-hub<2.0,>=0.33.5->gradio>=4.19) (4.70.1)
Requirement already satisfied: python-dateutil>=2.8.2 in /home/amd/Desktop/OpenVINO-Notebooks-on-AMD/.venv-cpu/lib/python3.12/site-packages (from pandas<3.0,>=1.0->gradio>=4.19) (2.9.0.post0)
Requirement already satisfied: pytz>=2020.1 in /home/amd/Desktop/OpenVINO-Notebooks-on-AMD/.venv-cpu/lib/python3.12/site-packages (from pandas<3.0,>=1.0->gradio>=4.19) (2026.4)
Requirement already satisfied: tzdata>=2022.7 in /home/amd/Desktop/OpenVINO-Notebooks-on-AMD/.venv-cpu/lib/python3.12/site-packages (from pandas<3.0,>=1.0->gradio>=4.19) (2026.4)
Requirement already satisfied: annotated-types>=0.6.0 in /home/amd/Desktop/OpenVINO-Notebooks-on-AMD/.venv-cpu/lib/python3.12/site-packages (from pydantic<=2.12.3,>=2.0->gradio>=4.19) (0.8.0)
Collecting pydantic-core==2.41.4 (from pydantic<=2.12.3,>=2.0->gradio>=4.19)
  Using cached pydantic_core-2.41.4-cp312-cp312-manylinux_2_17_x86_64.manylinux2014_x86_64.whl.metadata (7.3 kB)
Requirement already satisfied: shellingham>=1.3.0 in /home/amd/Desktop/OpenVINO-Notebooks-on-AMD/.venv-cpu/lib/python3.12/site-packages (from typer<1.0,>=0.12->gradio>=4.19) (1.5.4)
Requirement already satisfied: rich>=13.8.0 in /home/amd/Desktop/OpenVINO-Notebooks-on-AMD/.venv-cpu/lib/python3.12/site-packages (from typer<1.0,>=0.12->gradio>=4.19) (15.0.0)
Requirement already satisfied: six>=1.5 in /home/amd/Desktop/OpenVINO-Notebooks-on-AMD/.venv-cpu/lib/python3.12/site-packages (from python-dateutil>=2.8.2->pandas<3.0,>=1.0->gradio>=4.19) (1.17.0)
Requirement already satisfied: markdown-it-py>=2.2.0 in /home/amd/Desktop/OpenVINO-Notebooks-on-AMD/.venv-cpu/lib/python3.12/site-packages (from rich>=13.8.0->typer<1.0,>=0.12->gradio>=4.19) (4.2.0)
Requirement already satisfied: pygments<3.0.0,>=2.13.0 in /home/amd/Desktop/OpenVINO-Notebooks-on-AMD/.venv-cpu/lib/python3.12/site-packages (from rich>=13.8.0->typer<1.0,>=0.12->gradio>=4.19) (2.21.0)
Requirement already satisfied: mdurl~=0.1 in /home/amd/Desktop/OpenVINO-Notebooks-on-AMD/.venv-cpu/lib/python3.12/site-packages (from markdown-it-py>=2.2.0->rich>=13.8.0->typer<1.0,>=0.12->gradio>=4.19) (0.1.2)
Using cached pydantic-2.12.3-py3-none-any.whl (462 kB)
Using cached pydantic_core-2.41.4-cp312-cp312-manylinux_2_17_x86_64.manylinux2014_x86_64.whl (2.1 MB)
Installing collected packages: pydantic-core, pydantic
[?25l[2K  Attempting uninstall: pydantic-core
[2K    Found existing installation: pydantic_core 2.46.5
[2K    Uninstalling pydantic_core-2.46.5:
[2K      Successfully uninstalled pydantic_core-2.46.5
[2K  Attempting uninstall: pydantic
[2K    Found existing installation: pydantic 2.13.5
[2K    Uninstalling pydantic-2.13.5:
[2K      Successfully uninstalled pydantic-2.13.5
[2K   [38;2;249;38;114m━━━━━━━━━━━━━━━━━━━━[0m[38;5;237m╺[0m[38;5;237m━━━━━━━━━━━━━━━━━━━[0m [32m1/2[0m [pydantic][2K   [38;2;114;156;31m━━━━━━━━━━━━━━━━━━━━━━━━━━━━━━━━━━━━━━━━[0m [32m2/2[0m [pydantic]
[?25h[1A[2KSuccessfully installed pydantic-2.12.3 pydantic-core-2.41.4
[cell 2 DONE  +    2.3s]
NBEXEC_RESULT={"ok": false, "n_cells": 20, "n_skipped": 0, "n_substituted": 2, "stopped_after": null, "error_cell": null, "error_type": "CellExecutionError", "error_head": "\u001b[31mCalledProcessError\u001b[39m: Command '['/home/amd/Desktop/OpenVINO-Notebooks-on-AMD/.venv-cpu/bin/python', '-m', 'pip', 'install', '-q', 'git+//huggingface\\\\.co', ':https://hf-mirror.com://github.com/ace-step/ACE-Step.git@6ae0852b1388de6dc0cca26b31a86d711f723cb3', 'torch==2.10', 'torchaudio==2.10', 'peft==0.17.1', '--extra-index-url', '//huggingface\\\\.co', ':https://hf-mirror.com://download.pytorch.org/whl/cpu']' returned non-zero exit status 1.", "duration_s": 2.64, "patch_notes": ["substituted 7 occurrence(s) in cell 2", "substituted 1 occurrence(s) in cell 37"]}
