[cell 0 START +    0.4s] # Multimodal RAG for video analytics with LlamaIndex |  | Constructing a R
[cell 1 START +    0.4s] ## Prerequisites |  | [back to top ⬆️](#Table-of-contents:) |  | install requi
[cell 2 START +    0.4s] %pip uninstall -q -y "moviepy" "decorator" "optimum" "optimum-intel" "
[cell 2 DONE  +   26.4s]
[cell 3 START +   26.4s] %pip install -q "git+https://github.com/huggingface/optimum-intel.git"
[cell 3 DONE  +  146.9s]
[cell 4 START +  146.9s] import os | import requests | from pathlib import Path |  | os.environ["GIT_CL
[cell 4 DONE  +  146.9s]
[cell 5 START +  146.9s] ## Convert and Compress models |  | [back to top ⬆️](#Table-of-contents:) | 
[cell 6 START +  146.9s] import huggingface_hub as hf_hub |  | asr_model_id = "OpenVINO/distil-whis
[cell 6 DONE  +  146.9s]
[cell 7 START +  146.9s] ### CLIP model |  | [back to top ⬆️](#Table-of-contents:) |  | In this example
[cell 8 START +  146.9s] from cmd_helper import optimum_cli |  | clip_model_id = "laion/CLIP-ViT-B-
[cell 8 DONE  +  279.3s]
[cell 9 START +  279.3s] ### VLM model |  | [back to top ⬆️](#Table-of-contents:) |  | Vision Language 
[cell 10 START +  279.3s] vlm_model_id = "OpenVINO/Phi-3.5-vision-instruct-int4-ov" | vlm_model_pa
[cell 10 DONE  +  516.2s]
[cell 11 START +  516.2s] ## Download and process video |  | [back to top ⬆️](#Table-of-contents:) |  | 
[cell 12 START +  516.2s] video_url = "https://github.com/user-attachments/assets/2e38afa5-ce3e-
[cell 12 DONE  +  606.8s]
NBEXEC_RESULT={"ok": false, "n_cells": 24, "n_skipped": 1, "n_substituted": 0, "stopped_after": null, "error_cell": null, "error_type": "CellExecutionError", "error_head": "\u001b[31mConnectionError\u001b[39m: ('Connection aborted.', RemoteDisconnected('Remote end closed connection without response'))", "duration_s": 607.06, "patch_notes": ["skipped cell 39: matched skip pattern"]}
