[IPKernelApp] WARNING | Kernel is running over TCP without encryption. All communication (including code and outputs) is sent in plain text and is susceptible to eavesdropping. Use IPC transport or launch with kernel manager-provisioned CurveZMQ keys to enable transport encryption.
Traceback (most recent call last):
  File "/workspace/.venvs/cpu/a588a48c224d016a/lib/python3.12/site-packages/nbclient/client.py", line 657, in async_setup_kernel
    raise e
  File "/workspace/.venvs/cpu/a588a48c224d016a/lib/python3.12/site-packages/nbclient/client.py", line 654, in async_setup_kernel
    yield
  File "/workspace/.venvs/cpu/a588a48c224d016a/lib/python3.12/site-packages/nbclient/client.py", line 709, in async_execute
    await self.async_execute_cell(
  File "/workspace/.venvs/cpu/a588a48c224d016a/lib/python3.12/site-packages/nbclient/client.py", line 1009, in async_execute_cell
    raise DeadKernelError("Kernel died") from None
nbclient.exceptions.DeadKernelError: Kernel died

During handling of the above exception, another exception occurred:

Traceback (most recent call last):
  File "/workspace/ov_amd/_nbexec.py", line 144, in main
    client.execute()
  File "/workspace/.venvs/cpu/a588a48c224d016a/lib/python3.12/site-packages/jupyter_core/utils/__init__.py", line 165, in wrapped
    return loop.run_until_complete(inner)
           ^^^^^^^^^^^^^^^^^^^^^^^^^^^^^^
  File "/usr/lib/python3.12/asyncio/base_events.py", line 687, in run_until_complete
    return future.result()
           ^^^^^^^^^^^^^^^
  File "/workspace/.venvs/cpu/a588a48c224d016a/lib/python3.12/site-packages/nbclient/client.py", line 693, in async_execute
    async with self.async_setup_kernel(**kwargs):
  File "/usr/lib/python3.12/contextlib.py", line 231, in __aexit__
    await self.gen.athrow(value)
  File "/workspace/.venvs/cpu/a588a48c224d016a/lib/python3.12/site-packages/nbclient/client.py", line 660, in async_setup_kernel
    await self._async_cleanup_kernel()
  File "/workspace/.venvs/cpu/a588a48c224d016a/lib/python3.12/site-packages/nbclient/client.py", line 504, in _async_cleanup_kernel
    assert self.km is not None
           ^^^^^^^^^^^^^^^^^^^
AssertionError
