/home/amd/Desktop/OpenVINO-Notebooks-on-AMD/.venvs/cpu/13b4b0a0202d3794/lib/python3.12/site-packages/nbformat/validator.py:434: MissingIDFieldWarning: Cell is missing an id field, this will become a hard error in future nbformat versions. You may want to use `normalize()` on your notebooks before validations (available since nbformat 5.1.4). Previous versions of nbformat are fixing this issue transparently, and will stop doing so in the future.
  _validate(nbdict, ref, version, version_minor, relax_add_props)
[IPKernelApp] WARNING | Kernel is running over TCP without encryption. All communication (including code and outputs) is sent in plain text and is susceptible to eavesdropping. Use IPC transport or launch with kernel manager-provisioned CurveZMQ keys to enable transport encryption.
30;43mincrement[39;49m[30;43m([39;49m
[32m    848[39m [30;43m    [39;49m[30;43mmethod[39;49m[30;43m,[39;49m[30;43m [39;49m[30;43murl[39;49m[30;43m,[39;49m[30;43m [39;49m[30;43merror[39;49m[30;43m=[39;49m[30;43mnew_e[39;49m[30;43m,[39;49m[30;43m [39;49m[30;43m_pool[39;49m[30;43m=[39;49m[30;43mself[39;49m[30;43m,[39;49m[30;43m [39;49m[30;43m_stacktrace[39;49m[30;43m=[39;49m[30;43msys[39;49m[30;43m.[39;49m[30;43mexc_info[39;49m[30;43m([39;49m[30;43m)[39;49m[30;43m[[39;49m[30;43m2[39;49m[30;43m][39;49m
[32m    849[39m [30;43m[39;49m[30;43m)[39;49m
[32m    850[39m retries.sleep()

[36mFile [39m[32m~/Desktop/OpenVINO-Notebooks-on-AMD/.venvs/cpu/13b4b0a0202d3794/lib/python3.12/site-packages/urllib3/util/retry.py:555[39m, in [36mRetry.increment[39m[34m(self, method, url, response, error, _pool, _stacktrace)[39m
[32m    554[39m     reason = error [38;5;129;01mor[39;00m ResponseError(cause)
[32m--> [39m[32m555[39m     [38;5;28;01mraise[39;00m MaxRetryError(_pool, url, reason) [38;5;28;01mfrom[39;00m[38;5;250m [39m[34;01mreason[39;00m  [38;5;66;03m# type: ignore[arg-type][39;00m
[32m    557[39m log.debug([33m"[39m[33mIncremented Retry for (url=[39m[33m'[39m[38;5;132;01m%s[39;00m[33m'[39m[33m): [39m[38;5;132;01m%r[39;00m[33m"[39m, url, new_retry)

[31mMaxRetryError[39m: HTTPSConnectionPool(host='huggingface.co', port=443): Max retries exceeded with url: /spaces/distil-whisper/whisper-vs-distil-whisper/resolve/main/assets/example_1.wav (Caused by ConnectTimeoutError(<HTTPSConnection(host='huggingface.co', port=443) at 0x7f56d4b6e8d0>, 'Connection to huggingface.co timed out. (connect timeout=30)'))

During handling of the above exception, another exception occurred:

[31mConnectTimeout[39m                            Traceback (most recent call last)
[36mCell[39m[36m [39m[32mIn[19][39m[32m, line 2[39m
[32m      1[39m [38;5;28;01mimport[39;00m math
[32m----> [39m[32m2[39m [38;5;28;01mfrom[39;00m gradio_helper [38;5;28;01mimport[39;00m get_audio, prepare_srt
[32m      3[39m 
[32m      4[39m inputs, duration = get_audio(video_file)
[32m      5[39m 

[36mFile [39m[32m~/Desktop/OpenVINO-Notebooks-on-AMD/results/whisper-asr-genai/workdir-cpu/gradio_helper.py:19[39m
[32m     16[39m audio_ml_example_path = Path([33m"[39m[33mml_example.wav[39m[33m"[39m)
[32m     18[39m [38;5;28;01mif[39;00m [38;5;129;01mnot[39;00m audio_en_example_path.exists():
[32m---> [39m[32m19[39m     r = [30;43mrequests[39;49m[30;43m.[39;49m[30;43mget[39;49m[30;43m([39;49m[30;43m"[39;49m[30;43mhttps://huggingface.co/spaces/distil-whisper/whisper-vs-distil-whisper/resolve/main/assets/example_1.wav[39;49m[30;43m"[39;49m[30;43m,[39;49m[30;43m [39;49m[30;43mtimeout[39;49m[30;43m=[39;49m[30;43m30[39;49m[30;43m)[39;49m
[32m     20[39m     [38;5;28;01mwith[39;00m [38;5;28mopen[39m(audio_en_example_path, [33m"[39m[33mwb[39m[33m"[39m) [38;5;28;01mas[39;00m f:
[32m     21[39m         f.write(r.content)

[36mFile [39m[32m~/Desktop/OpenVINO-Notebooks-on-AMD/.venvs/cpu/13b4b0a0202d3794/lib/python3.12/site-packages/requests/api.py:87[39m, in [36mget[39m[34m(url, params, **kwargs)[39m
[32m     74[39m [38;5;28;01mdef[39;00m[38;5;250m [39m[34mget[39m(
[32m     75[39m     url: _t.UriType, params: _t.ParamsType = [38;5;28;01mNone[39;00m, **kwargs: Unpack[_t.GetKwargs]
[32m     76[39m ) -> Response:
[32m     77[39m [38;5;250m    [39m[33mr[39m[33;03m"""Sends a GET request.[39;00m
[32m     78[39m 
[32m     79[39m [33;03m    :param url: URL for the new :class:`Request` object.[39;00m
[32m   (...)[39m[32m     84[39m [33;03m    :rtype: requests.Response[39;00m
[32m     85[39m [33;03m    """[39;00m
[32m---> [39m[32m87[39m     [38;5;28;01mreturn[39;00m [30;43mrequest[39;49m[30;43m([39;49m[30;43m"[39;49m[30;43mget[39;49m[30;43m"[39;49m[30;43m,[39;49m[30;43m [39;49m[30;43murl[39;49m[30;43m,[39;49m[30;43m [39;49m[30;43mparams[39;49m[30;43m=[39;49m[30;43mparams[39;49m[30;43m,[39;49m[30;43m [39;49m[30;43m*[39;49m[30;43m*[39;49m[30;43mkwargs[39;49m[30;43m)[39;49m

[36mFile [39m[32m~/Desktop/OpenVINO-Notebooks-on-AMD/.venvs/cpu/13b4b0a0202d3794/lib/python3.12/site-packages/requests/api.py:71[39m, in [36mrequest[39m[34m(method, url, **kwargs)[39m
[32m     67[39m [38;5;66;03m# By using the 'with' statement we are sure the session is closed, thus we[39;00m
[32m     68[39m [38;5;66;03m# avoid leaving sockets open which can trigger a ResourceWarning in some[39;00m
[32m     69[39m [38;5;66;03m# cases, and look like a memory leak in others.[39;00m
[32m     70[39m [38;5;28;01mwith[39;00m sessions.Session() [38;5;28;01mas[39;00m session:
[32m---> [39m[32m71[39m     [38;5;28;01mreturn[39;00m [30;43msession[39;49m[30;43m.[39;49m[30;43mrequest[39;49m[30;43m([39;49m[30;43mmethod[39;49m[30;43m=[39;49m[30;43mmethod[39;49m[30;43m,[39;49m[30;43m [39;49m[30;43murl[39;49m[30;43m=[39;49m[30;43murl[39;49m[30;43m,[39;49m[30;43m [39;49m[30;43m*[39;49m[30;43m*[39;49m[30;43mkwargs[39;49m[30;43m)[39;49m

[36mFile [39m[32m~/Desktop/OpenVINO-Notebooks-on-AMD/.venvs/cpu/13b4b0a0202d3794/lib/python3.12/site-packages/requests/sessions.py:651[39m, in [36mSession.request[39m[34m(self, method, url, params, data, headers, cookies, files, auth, timeout, allow_redirects, proxies, hooks, stream, verify, cert, json)[39m
[32m    646[39m send_kwargs = {
[32m    647[39m     [33m"[39m[33mtimeout[39m[33m"[39m: timeout,
[32m    648[39m     [33m"[39m[33mallow_redirects[39m[33m"[39m: allow_redirects,
[32m    649[39m }
[32m    650[39m send_kwargs.update(settings)
[32m--> [39m[32m651[39m resp = [30;43mself[39;49m[30;43m.[39;49m[30;43msend[39;49m[30;43m([39;49m[30;43mprep[39;49m[30;43m,[39;49m[30;43m [39;49m[30;43m*[39;49m[30;43m*[39;49m[30;43msend_kwargs[39;49m[30;43m)[39;49m
[32m    653[39m [38;5;28;01mreturn[39;00m resp

[36mFile [39m[32m~/Desktop/OpenVINO-Notebooks-on-AMD/.venvs/cpu/13b4b0a0202d3794/lib/python3.12/site-packages/requests/sessions.py:784[39m, in [36mSession.send[39m[34m(self, request, **kwargs)[39m
[32m    781[39m start = preferred_clock()
[32m    783[39m [38;5;66;03m# Send the request[39;00m
[32m--> [39m[32m784[39m r = [30;43madapter[39;49m[30;43m.[39;49m[30;43msend[39;49m[30;43m([39;49m[30;43mrequest[39;49m[30;43m,[39;49m[30;43m [39;49m[30;43m*[39;49m[30;43m*[39;49m[30;43mkwargs[39;49m[30;43m)[39;49m
[32m    786[39m [38;5;66;03m# Total elapsed time of the request (approximately)[39;00m
[32m    787[39m elapsed = preferred_clock() - start

[36mFile [39m[32m~/Desktop/OpenVINO-Notebooks-on-AMD/.venvs/cpu/13b4b0a0202d3794/lib/python3.12/site-packages/requests/adapters.py:717[39m, in [36mHTTPAdapter.send[39m[34m(self, request, stream, timeout, verify, cert, proxies)[39m
[32m    714[39m [38;5;28;01mif[39;00m [38;5;28misinstance[39m(e.reason, ConnectTimeoutError):
[32m    715[39m     [38;5;66;03m# TODO: Remove this in 3.0.0: see #2811[39;00m
[32m    716[39m     [38;5;28;01mif[39;00m [38;5;129;01mnot[39;00m [38;5;28misinstance[39m(e.reason, NewConnectionError):
[32m--> [39m[32m717[39m         [38;5;28;01mraise[39;00m ConnectTimeout(e, request=request)
[32m    719[39m [38;5;28;01mif[39;00m [38;5;28misinstance[39m(e.reason, ResponseError):
[32m    720[39m     [38;5;28;01mraise[39;00m RetryError(e, request=request)

[31mConnectTimeout[39m: HTTPSConnectionPool(host='huggingface.co', port=443): Max retries exceeded with url: /spaces/distil-whisper/whisper-vs-distil-whisper/resolve/main/assets/example_1.wav (Caused by ConnectTimeoutError(<HTTPSConnection(host='huggingface.co', port=443) at 0x7f56d4b6e8d0>, 'Connection to huggingface.co timed out. (connect timeout=30)'))

