[cell 0 START +    0.7s] # YOLO26 Oriented Bounding Boxes Object Detection with OpenVINO™ |  | [YOL
[cell 1 START +    0.7s] ### Prerequisites | [back to top ⬆️](#Table-of-contents:)
[cell 2 START +    0.7s] %pip install -qU "openvino>=2026.0.0" "nncf>=3.0.0" | %pip install -q "t
[cell 2 DONE  +   18.7s]
[cell 3 START +   18.7s] Import required utility functions. The lower cell will download the `n
[cell 4 START +   18.7s] from pathlib import Path | import requests |  | if not Path("notebook_utils.
[cell 4 DONE  +   18.8s]
[cell 5 START +   18.8s] ### Get PyTorch model | [back to top ⬆️](#Table-of-contents:) |  | Generally
[cell 6 START +   18.8s] import ipywidgets as widgets |  | model_id = ["yolo26n-obb", "yolo26s-obb"
[cell 6 DONE  +   18.8s]
[cell 7 START +   18.8s] from ultralytics import YOLO |  | OBB_MODEL_NAME = model_name.value |  | model
[cell 7 DONE  +   98.3s]
[cell 8 START +   98.3s] ### Prepare dataset and dataloader | [back to top ⬆️](#Table-of-contents
[cell 9 START +   98.3s] from ultralytics.cfg import get_cfg | from ultralytics.data.utils import
[cell 9 DONE  +  353.2s]
[cell 10 START +  353.2s] ### Run PyTorch inference | [back to top ⬆️](#Table-of-contents:)
[cell 11 START +  353.2s] from PIL import Image |  | res = model(example_image_path, device="cpu") | I
[cell 11 DONE  +  353.5s]
[cell 12 START +  353.5s] ### Convert PyTorch model to OpenVINO IR | [back to top ⬆️](#Table-of-co
[cell 13 START +  353.5s] OV_MODEL_PATH = Path(f"{OBB_MODEL_NAME}_openvino_model/{OBB_MODEL_NAME
[cell 13 DONE  +  355.9s]
[cell 14 START +  355.9s] #### Select inference device | [back to top ⬆️](#Table-of-contents:) |  | Se
[cell 15 START +  355.9s] device = device_widget() |  | device
[cell 15 DONE  +  356.0s]
[cell 16 START +  356.0s] #### Run OpenVINO inference | [back to top ⬆️](#Table-of-contents:) |  | We 
[cell 17 START +  356.0s] ov_obb_model = YOLO(OV_MODEL_PATH.parent, task="obb") |  | res = ov_obb_mo
[cell 17 DONE  +  356.3s]
[cell 18 START +  356.3s] ### Quantization | [back to top ⬆️](#Table-of-contents:) |  | [NNCF](https:/
[cell 19 START +  356.3s] INT8_OV_PATH = Path(f"{OBB_MODEL_NAME}_openvino_model_int8/{OBB_MODEL_
[cell 19 DONE  +  356.3s]
[cell 20 START +  356.3s] Let's load `skip magic` extension to skip quantization if `to_quantize
[cell 21 START +  356.3s] # Fetch skip_kernel_extension module | if not Path("skip_kernel_extensio
[cell 21 DONE  +  356.3s]
[cell 22 START +  356.3s] %%skip not $to_quantize.value |  | import nncf | import torch |  |  | if validator
[cell 22 DONE  +  356.6s]
[cell 23 START +  356.6s] Create a quantized model from the pre-trained converted OpenVINO model
[cell 24 START +  356.6s] The `nncf.quantize` function provides an interface for model quantizat
[cell 25 START +  356.6s] %%skip not $to_quantize.value |  | import shutil | import openvino as ov |  | co
[cell 25 DONE  +  380.8s]
[cell 26 START +  380.8s] ### Validate Quantized Model | [back to top ⬆️](#Table-of-contents:) |  | Le
[cell 27 START +  380.8s] %%skip not $to_quantize.value |  | int8_obb_model = YOLO(INT8_OV_PATH.pare
[cell 27 DONE  +  381.4s]
[cell 28 START +  381.4s] ### Compare inference time and model sizes | [back to top ⬆️](#Table-of-
[cell 29 START +  381.4s] %%skip not $to_quantize.value |  | fp16_ir_model_size = OV_MODEL_PATH.with
[cell 29 DONE  +  381.4s]
[cell 30 START +  381.4s] # Inference FP16 model (OpenVINO IR) | !benchmark_app -m $OV_MODEL_PATH 
[cell 30 DONE  +  397.2s]
[cell 31 START +  397.2s] if INT8_OV_PATH.exists(): |     # Inference INT8 model (Quantized model)
[cell 31 DONE  +  413.2s]
NBEXEC_RESULT={"ok": true, "n_cells": 17, "n_skipped": 0, "n_substituted": 0, "stopped_after": null, "error_cell": null, "error_type": null, "error_head": null, "duration_s": 415.89, "patch_notes": []}
